1005, 83822378, 1, 0, 0
2006, 55586123, 1, 0, 0
3007, 55597295, 1, 0, 0
4008, 55595771, 1, 0, 0
5009, 55597507, 1, 0, 0
6033, 53919789, 1, 0, 0
7012, 46602057, 1, 0, 0
8036, 44487364, 1, 0, 0
9048, 53257292, 1, 0, 0
10004, 53126383, 1, 0, 0
11005, 55597629, 1, 0, 0
12039, 49247108, 1, 0, 0
13018, 44485531, 1, 0, 0
14041, 46506163, 1, 0, 0
15020, 44485075, 1, 0, 0
16043, 44487700, 1, 0, 0
17035, 45057317, 1, 0, 0
18014, 44484991, 1, 0, 0
19037, 51154817, 1, 0, 0
20015, 54364312, 1, 0, 0
21039, 53840104, 1, 0, 0
22006, 46073952, 1, 0, 0
23052, 45450979, 1, 0, 0
24019, 48374673, 1, 0, 0
25043, 44484177, 1, 0, 0
26022, 44487432, 1, 0, 0
27000, 44483678, 1, 0, 0
28025, 44548574, 1, 0, 0
29026, 47661824, 1, 0, 0
30027, 50041579, 1, 0, 0
31039, 56217113, 1, 0, 0
32018, 44483235, 1, 0, 0
33041, 48718888, 1, 0, 0
34020, 44484777, 1, 0, 0
35043, 44483901, 1, 0, 0
36022, 44485429, 1, 0, 0
37001, 44484802, 1, 0, 0
38024, 44486026, 1, 0, 0
39038, 50673512, 1, 0, 0
40016, 48926007, 1, 0, 0
41028, 50597823, 1, 0, 0
42007, 44487204, 1, 0, 0
43030, 53842681, 1, 0, 0
44009, 44488043, 1, 0, 0
45032, 51147251, 1, 0, 0
46011, 44485442, 1, 0, 0
47035, 44486857, 1, 0, 0
48024, 44990919, 1, 0, 0
49003, 51502571, 1, 0, 0
50017, 50671386, 1, 0, 0
51040, 51153657, 1, 0, 0
52030, 54980053, 1, 0, 0
53020, 49491509, 1, 0, 0
54043, 44483587, 1, 0, 0
55022, 51497597, 1, 0, 0
56000, 44484152, 1, 0, 0
57046, 49777029, 1, 0, 0
58035, 58208661, 1, 0, 0
59048, 50595962, 1, 0, 0
60037, 52085546, 1, 0, 0
61062, 64024948, 1, 0, 0
62051, 61840826, 1, 0, 0
63030, 48931102, 1, 0, 0
64042, 48188381, 1, 0, 0
65037, 49716589, 1, 0, 0
66022, 46914389, 1, 0, 0
67045, 56826783, 1, 0, 0
68046, 55600988, 1, 0, 0
69047, 55593488, 1, 0, 0
70059, 59521571, 1, 0, 0
71026, 60452279, 1, 0, 0
72027, 58867602, 1, 0, 0
73050, 60169590, 1, 0, 0
74041, 49561447, 1, 0, 0
75020, 44480693, 1, 0, 0
76043, 44486921, 1, 0, 0
77022, 44485119, 1, 0, 0
78045, 53843509, 1, 0, 0
79013, 50920393, 1, 0, 0
80047, 51703488, 1, 0, 0
81026, 44484430, 1, 0, 0
82005, 48932497, 1, 0, 0
83039, 54430163, 1, 0, 0
84029, 47130917, 1, 0, 0
85031, 47729030, 1, 0, 0
86021, 44991719, 1, 0, 0
87011, 44990351, 1, 0, 0
88012, 50043983, 1, 0, 0
89013, 55591558, 1, 0, 0
90003, 49486930, 1, 0, 0
91026, 44485399, 1, 0, 0
92027, 50042252, 1, 0, 0
93006, 54360112, 1, 0, 0
94040, 47016529, 1, 0, 0
95019, 44480976, 1, 0, 0
96044, 44549852, 1, 0, 0
97023, 44487547, 1, 0, 0
98001, 44485035, 1, 0, 0
99002, 58863002, 1, 0, 0
100003, 52673024, 1, 0, 0
101026, 44486028, 1, 0, 0
102050, 48718586, 1, 0, 0
103006, 53131973, 1, 0, 0
104007, 52668055, 1, 0, 0
105008, 45494656, 1, 0, 0
106031, 44485722, 1, 0, 0
107012, 44554238, 1, 0, 0
108035, 44488558, 1, 0, 0
109036, 55589985, 1, 0, 0
110048, 56214250, 1, 0, 0
111026, 46603576, 1, 0, 0
112005, 51499233, 1, 0, 0
113039, 49246540, 1, 0, 0
114018, 57561071, 1, 0, 0
115041, 44484312, 1, 0, 0
116020, 44486658, 1, 0, 0
117010, 44989679, 1, 0, 0
118013, 52752421, 1, 0, 0
119002, 61841859, 1, 0, 0
120047, 61479253, 1, 0, 0
121070, 53840445, 1, 0, 0
122038, 53746077, 1, 0, 0
123006, 50917273, 1, 0, 0
124040, 60823929, 1, 0, 0
125018, 57558074, 1, 0, 0
126008, 58209021, 1, 0, 0
127009, 55596925, 1, 0, 0
128010, 55593974, 1, 0, 0
129055, 65320169, 1, 0, 0
130000, 55598555, 1, 0, 0
131003, 47729457, 1, 0, 0
132003, 55596608, 1, 0, 0
133038, 44966852, 1, 0, 0
134017, 44487674, 1, 0, 0
135006, 52087110, 1, 0, 0
136019, 50598934, 1, 0, 0
137042, 44485972, 1, 0, 0
138021, 44486245, 1, 0, 0
139057, 57559220, 1, 0, 0
140023, 43886963, 1, 0, 0
141001, 44485116, 1, 0, 0
142037, 49316715, 1, 0, 0
143016, 44489815, 1, 0, 0
144039, 44487488, 1, 0, 0
145051, 56208903, 1, 0, 0
146041, 49486999, 1, 0, 0
147020, 44485500, 1, 0, 0
148032, 50599945, 1, 0, 0
149011, 57550753, 1, 0, 0
150034, 44486983, 1, 0, 0
151002, 46072411, 1, 0, 0
152014, 48191237, 1, 0, 0
153038, 44547761, 1, 0, 0
154017, 44484930, 1, 0, 0
155018, 55597139, 1, 0, 0
156030, 50598269, 1, 0, 0
157009, 44486116, 1, 0, 0
158010, 50036912, 1, 0, 0
159011, 55597451, 1, 0, 0
160012, 45496310, 1, 0, 0
161246, 72587970, 1, 0, 0
162024, 59868979, 1, 0, 0
163014, 82444203, 1, 0, 0
164037, 92970749, 1, 0, 0
165039, 77070157, 1, 0, 0
166017, 65229613, 1, 0, 0
167018, 71466461, 1, 0, 0
168007, 70671733, 1, 0, 0
169008, 45496103, 1, 0, 0
170020, 50596541, 1, 0, 0
171066, 55009146, 1, 0, 0
172011, 59072841, 1, 0, 0
173023, 50595037, 1, 0, 0
174024, 50040247, 1, 0, 0
175003, 44481831, 1, 0, 0
176026, 44486648, 1, 0, 0
177005, 44484588, 1, 0, 0
178052, 58146147, 1, 0, 0
179042, 54982959, 1, 0, 0
180020, 44485260, 1, 0, 0
181066, 55011340, 1, 0, 0
182022, 56248788, 1, 0, 0
183001, 48928689, 1, 0, 0
184002, 50042949, 1, 0, 0
185036, 44969037, 1, 0, 0
186026, 52081998, 1, 0, 0
187005, 54364137, 1, 0, 0
188039, 60821924, 1, 0, 0
189041, 55685279, 1, 0, 0
190042, 62536753, 1, 0, 0
191076, 64623383, 1, 0, 0
192043, 56905017, 1, 0, 0
193000, 59759777, 1, 0, 0
194001, 55596396, 1, 0, 0
195090, 72632962, 1, 0, 0
196013, 61526684, 1, 0, 0
197014, 58859771, 1, 0, 0
198015, 55603474, 1, 0, 0
199026, 84287486, 1, 0, 0
200016, 58210274, 1, 0, 0
201017, 55597652, 1, 0, 0
202029, 46000585, 1, 0, 0
203054, 48786959, 1, 0, 0
204021, 48370977, 1, 0, 0
205022, 47662429, 1, 0, 0
206023, 50038339, 1, 0, 0
207035, 48186771, 1, 0, 0
208003, 50919317, 1, 0, 0
209015, 50596889, 1, 0, 0
210038, 44485971, 1, 0, 0
211039, 55594974, 1, 0, 0
212007, 46073174, 1, 0, 0
213052, 45451111, 1, 0, 0
214021, 56987858, 1, 0, 0
215033, 46002119, 1, 0, 0
216045, 59519698, 1, 0, 0
217013, 46072958, 1, 0, 0
218036, 48719150, 1, 0, 0
219026, 49481328, 1, 0, 0
220005, 44486740, 1, 0, 0
221028, 51152108, 1, 0, 0
222018, 44991421, 1, 0, 0
223041, 44485884, 1, 0, 0
224031, 49490387, 1, 0, 0
225000, 50993201, 1, 0, 0
226035, 54429993, 1, 0, 0
227025, 44988937, 1, 0, 0
228014, 52083554, 1, 0, 0
229015, 50041895, 1, 0, 0
230039, 44489055, 1, 0, 0
231017, 48926964, 1, 0, 0
232041, 48722690, 1, 0, 0
233019, 44483207, 1, 0, 0
234043, 44485963, 1, 0, 0
235021, 57555075, 1, 0, 0
236046, 53916452, 1, 0, 0
237013, 46073556, 1, 0, 0
238014, 50041325, 1, 0, 0
239015, 50044130, 1, 0, 0
240039, 44486906, 1, 0, 0
241018, 44484817, 1, 0, 0
242018, 55593234, 1, 0, 0
243008, 44990751, 1, 0, 0
244009, 45496668, 1, 0, 0
245032, 51153215, 1, 0, 0
246056, 53839413, 1, 0, 0
247025, 46143845, 1, 0, 0
248015, 52091099, 1, 0, 0
249004, 52083956, 1, 0, 0
250039, 49248763, 1, 0, 0
251017, 51504435, 1, 0, 0
252007, 61843481, 1, 0, 0
253008, 55596611, 1, 0, 0
254075, 62784349, 1, 0, 0
255076, 62546030, 1, 0, 0
256066, 58204175, 1, 0, 0
257033, 60460825, 1, 0, 0
258034, 55591434, 1, 0, 0
259035, 55597893, 1, 0, 0
260004, 60553904, 1, 0, 0
261016, 56214414, 1, 0, 0
262039, 53839091, 1, 0, 0
263051, 56214668, 1, 0, 0
264063, 56211211, 1, 0, 0
265052, 58208332, 1, 0, 0
266031, 65225340, 1, 0, 0
267032, 50040173, 1, 0, 0
268055, 56829350, 1, 0, 0
269034, 51503956, 1, 0, 0
270024, 44990679, 1, 0, 0
271025, 50041745, 1, 0, 0
272025, 52675107, 1, 0, 0
273006, 44549514, 1, 0, 0
274029, 44483411, 1, 0, 0
275019, 52091179, 1, 0, 0
276042, 56825162, 1, 0, 0
277121, 56768536, 1, 0, 0
278033, 45600694, 1, 0, 0
279012, 44483753, 1, 0, 0
280035, 44485379, 1, 0, 0
281025, 49482386, 1, 0, 0
282037, 50596239, 1, 0, 0
283015, 44486401, 1, 0, 0
284040, 44551939, 1, 0, 0
285008, 46074104, 1, 0, 0
286053, 58062451, 1, 0, 0
287021, 50919200, 1, 0, 0
288033, 48190082, 1, 0, 0
289012, 44486950, 1, 0, 0
290035, 44486430, 1, 0, 0
291025, 49480087, 1, 0, 0
292015, 49486327, 1, 0, 0
293038, 44486588, 1, 0, 0
294030, 45060042, 1, 0, 0
295008, 44486913, 1, 0, 0
296031, 53837035, 1, 0, 0
297032, 55597545, 1, 0, 0
298011, 44486286, 1, 0, 0
299034, 44483497, 1, 0, 0
300024, 47131368, 1, 0, 0
