1000, 122880, 1, 0, 0
2000, 120952, 1, 0, 0
3000, 119927, 1, 0, 0
4001, 119808, 1, 0, 0
5000, 121977, 1, 0, 0
6000, 123003, 1, 0, 0
7000, 118784, 1, 0, 0
8000, 120952, 1, 0, 0
9000, 119927, 1, 0, 0
10000, 120832, 1, 0, 0
11000, 123003, 1, 0, 0
12000, 118902, 1, 0, 0
13000, 121856, 1, 0, 0
14000, 119927, 1, 0, 0
15000, 120952, 1, 0, 0
16000, 122880, 1, 0, 0
17000, 119927, 1, 0, 0
18000, 121977, 1, 0, 0
19001, 119808, 1, 0, 0
20000, 120952, 1, 0, 0
21000, 121977, 1, 0, 0
22000, 120832, 1, 0, 0
23000, 119927, 1, 0, 0
24000, 120952, 1, 0, 0
25000, 120832, 1, 0, 0
26000, 118902, 1, 0, 0
27000, 123904, 1, 0, 0
28000, 120952, 1, 0, 0
29000, 121856, 1, 0, 0
30000, 121977, 1, 0, 0
31000, 119808, 1, 0, 0
32000, 123003, 1, 0, 0
33000, 120832, 1, 0, 0
34000, 121977, 1, 0, 0
35000, 122880, 1, 0, 0
36000, 117877, 1, 0, 0
37000, 124928, 1, 0, 0
38000, 120952, 1, 0, 0
39000, 122880, 1, 0, 0
40000, 123003, 1, 0, 0
41000, 119808, 1, 0, 0
42000, 124028, 1, 0, 0
43000, 122880, 1, 0, 0
44000, 121977, 1, 0, 0
45000, 122880, 1, 0, 0
46000, 120952, 1, 0, 0
47000, 122880, 1, 0, 0
48000, 120952, 1, 0, 0
49000, 120832, 1, 0, 0
50000, 121977, 1, 0, 0
51000, 121856, 1, 0, 0
52000, 123003, 1, 0, 0
53000, 121977, 1, 0, 0
54000, 118784, 1, 0, 0
55000, 123003, 1, 0, 0
56000, 119808, 1, 0, 0
57000, 124028, 1, 0, 0
58000, 121856, 1, 0, 0
59000, 120952, 1, 0, 0
60000, 123904, 1, 0, 0
61000, 119927, 1, 0, 0
62000, 122880, 1, 0, 0
63000, 123003, 1, 0, 0
64000, 120832, 1, 0, 0
65000, 121977, 1, 0, 0
66001, 119808, 1, 0, 0
67000, 123003, 1, 0, 0
68001, 122880, 1, 0, 0
69000, 120952, 1, 0, 0
70000, 123003, 1, 0, 0
71000, 118784, 1, 0, 0
72000, 124028, 1, 0, 0
73000, 121856, 1, 0, 0
74000, 120952, 1, 0, 0
75000, 123904, 1, 0, 0
76000, 120952, 1, 0, 0
77000, 122880, 1, 0, 0
78000, 120952, 1, 0, 0
79000, 121856, 1, 0, 0
80000, 124028, 1, 0, 0
81000, 121856, 1, 0, 0
82000, 124028, 1, 0, 0
83000, 121856, 1, 0, 0
84000, 121977, 1, 0, 0
85000, 123904, 1, 0, 0
86000, 119927, 1, 0, 0
87000, 122880, 1, 0, 0
88000, 120952, 1, 0, 0
89001, 121856, 1, 0, 0
90000, 123003, 1, 0, 0
91000, 120832, 1, 0, 0
92000, 121977, 1, 0, 0
93000, 121856, 1, 0, 0
94000, 118902, 1, 0, 0
95000, 123904, 1, 0, 0
96000, 120952, 1, 0, 0
97000, 122880, 1, 0, 0
98000, 121977, 1, 0, 0
99000, 120952, 1, 0, 0
100000, 124928, 1, 0, 0
101000, 119927, 1, 0, 0
102000, 121856, 1, 0, 0
103000, 123003, 1, 0, 0
104000, 120832, 1, 0, 0
105000, 125053, 1, 0, 0
106000, 120832, 1, 0, 0
107000, 123003, 1, 0, 0
108000, 121977, 1, 0, 0
109000, 118784, 1, 0, 0
110000, 125053, 1, 0, 0
111000, 118784, 1, 0, 0
112000, 123003, 1, 0, 0
113000, 121856, 1, 0, 0
114000, 121977, 1, 0, 0
115000, 123904, 1, 0, 0
116000, 119927, 1, 0, 0
117000, 122880, 1, 0, 0
118000, 121977, 1, 0, 0
119000, 120832, 1, 0, 0
120000, 124028, 1, 0, 0
121000, 120832, 1, 0, 0
122000, 119927, 1, 0, 0
123000, 120832, 1, 0, 0
124000, 116852, 1, 0, 0
125000, 124928, 1, 0, 0
126000, 121977, 1, 0, 0
127000, 121856, 1, 0, 0
128000, 124028, 1, 0, 0
129000, 118784, 1, 0, 0
130000, 124028, 1, 0, 0
131000, 121856, 1, 0, 0
132000, 123003, 1, 0, 0
133000, 122880, 1, 0, 0
134000, 120952, 1, 0, 0
135000, 124928, 1, 0, 0
136000, 120952, 1, 0, 0
137001, 120832, 1, 0, 0
138000, 124028, 1, 0, 0
139000, 119927, 1, 0, 0
140000, 123904, 1, 0, 0
141000, 120952, 1, 0, 0
142000, 120952, 1, 0, 0
143000, 122880, 1, 0, 0
144000, 116852, 1, 0, 0
145000, 123904, 1, 0, 0
146000, 117877, 1, 0, 0
147000, 122880, 1, 0, 0
148000, 123003, 1, 0, 0
149000, 116736, 1, 0, 0
150000, 123003, 1, 0, 0
151000, 121856, 1, 0, 0
152000, 119927, 1, 0, 0
153001, 124928, 1, 0, 0
154000, 117877, 1, 0, 0
155000, 121856, 1, 0, 0
156000, 123003, 1, 0, 0
157000, 119808, 1, 0, 0
158000, 124028, 1, 0, 0
159000, 118784, 1, 0, 0
160000, 119927, 1, 0, 0
161000, 121856, 1, 0, 0
162000, 115827, 1, 0, 0
163000, 122880, 1, 0, 0
164000, 120952, 1, 0, 0
165000, 118784, 1, 0, 0
166000, 124028, 1, 0, 0
167000, 116736, 1, 0, 0
168000, 121977, 1, 0, 0
169000, 119808, 1, 0, 0
170000, 117877, 1, 0, 0
171000, 123904, 1, 0, 0
172000, 115827, 1, 0, 0
173000, 122880, 1, 0, 0
174000, 120952, 1, 0, 0
175000, 121856, 1, 0, 0
176000, 123003, 1, 0, 0
177000, 120952, 1, 0, 0
178000, 120832, 1, 0, 0
179001, 120832, 1, 0, 0
180000, 118902, 1, 0, 0
181000, 123904, 1, 0, 0
182000, 119927, 1, 0, 0
183001, 119808, 1, 0, 0
184000, 124028, 1, 0, 0
185000, 120832, 1, 0, 0
186000, 124028, 1, 0, 0
187000, 118784, 1, 0, 0
188000, 119927, 1, 0, 0
189001, 122880, 1, 0, 0
190000, 119927, 1, 0, 0
191000, 121856, 1, 0, 0
192000, 119927, 1, 0, 0
193000, 121977, 1, 0, 0
194000, 123904, 1, 0, 0
195000, 120832, 1, 0, 0
196000, 121977, 1, 0, 0
197000, 122880, 1, 0, 0
198000, 118902, 1, 0, 0
199001, 123904, 1, 0, 0
200000, 120952, 1, 0, 0
201001, 122880, 1, 0, 0
202000, 121977, 1, 0, 0
203000, 120832, 1, 0, 0
204000, 124028, 1, 0, 0
205000, 119808, 1, 0, 0
206000, 121977, 1, 0, 0
207001, 123904, 1, 0, 0
208000, 120952, 1, 0, 0
209001, 123904, 1, 0, 0
210000, 120952, 1, 0, 0
211000, 120952, 1, 0, 0
212000, 121856, 1, 0, 0
213000, 120952, 1, 0, 0
214000, 123904, 1, 0, 0
215000, 118902, 1, 0, 0
216000, 120832, 1, 0, 0
217000, 124028, 1, 0, 0
218001, 119808, 1, 0, 0
219000, 124028, 1, 0, 0
220000, 121977, 1, 0, 0
221000, 121856, 1, 0, 0
222000, 123003, 1, 0, 0
223000, 118784, 1, 0, 0
224000, 119927, 1, 0, 0
225000, 121856, 1, 0, 0
226000, 120952, 1, 0, 0
227000, 124028, 1, 0, 0
228000, 120832, 1, 0, 0
229000, 123003, 1, 0, 0
230000, 119808, 1, 0, 0
231000, 123003, 1, 0, 0
232000, 122880, 1, 0, 0
233000, 117877, 1, 0, 0
234000, 121856, 1, 0, 0
235000, 123003, 1, 0, 0
236000, 119808, 1, 0, 0
237000, 125053, 1, 0, 0
238000, 117760, 1, 0, 0
239000, 120952, 1, 0, 0
240000, 120832, 1, 0, 0
241000, 120952, 1, 0, 0
242000, 124928, 1, 0, 0
243000, 120952, 1, 0, 0
244000, 121856, 1, 0, 0
245000, 123003, 1, 0, 0
246000, 120832, 1, 0, 0
247000, 125053, 1, 0, 0
248000, 121856, 1, 0, 0
249000, 123003, 1, 0, 0
250000, 121856, 1, 0, 0
251000, 119927, 1, 0, 0
252000, 124928, 1, 0, 0
253000, 120952, 1, 0, 0
254000, 119927, 1, 0, 0
255000, 122880, 1, 0, 0
256001, 115712, 1, 0, 0
257000, 123003, 1, 0, 0
258000, 117760, 1, 0, 0
259000, 116852, 1, 0, 0
260000, 123904, 1, 0, 0
261000, 116852, 1, 0, 0
262000, 120832, 1, 0, 0
263000, 119927, 1, 0, 0
264000, 118784, 1, 0, 0
265000, 124028, 1, 0, 0
266000, 115712, 1, 0, 0
267000, 121977, 1, 0, 0
268000, 121856, 1, 0, 0
269000, 116736, 1, 0, 0
270000, 125053, 1, 0, 0
271000, 118784, 1, 0, 0
272000, 119927, 1, 0, 0
273000, 122880, 1, 0, 0
274000, 115827, 1, 0, 0
275000, 123904, 1, 0, 0
276000, 116852, 1, 0, 0
277000, 116736, 1, 0, 0
278000, 119927, 1, 0, 0
279000, 116736, 1, 0, 0
280000, 123003, 1, 0, 0
281000, 117760, 1, 0, 0
282000, 117877, 1, 0, 0
283000, 122880, 1, 0, 0
284001, 114688, 1, 0, 0
285000, 121977, 1, 0, 0
286000, 117760, 1, 0, 0
287000, 117877, 1, 0, 0
288000, 121856, 1, 0, 0
289000, 115827, 1, 0, 0
290000, 120832, 1, 0, 0
291000, 120952, 1, 0, 0
292000, 113664, 1, 0, 0
293000, 125053, 1, 0, 0
294000, 117760, 1, 0, 0
295001, 118784, 1, 0, 0
296000, 123003, 1, 0, 0
297000, 118902, 1, 0, 0
298000, 123904, 1, 0, 0
299000, 118902, 1, 0, 0
300000, 116736, 1, 0, 0
301000, 120952, 1, 0, 0
302000, 113664, 1, 0, 0
303000, 120952, 1, 0, 0
304000, 118784, 1, 0, 0
305001, 117760, 1, 0, 0
306000, 123003, 1, 0, 0
307000, 117877, 1, 0, 0
308000, 121856, 1, 0, 0
309000, 120952, 1, 0, 0
310000, 116736, 1, 0, 0
311000, 123003, 1, 0, 0
312000, 115712, 1, 0, 0
313000, 121977, 1, 0, 0
314000, 121856, 1, 0, 0
315000, 117877, 1, 0, 0
316000, 123904, 1, 0, 0
317000, 118902, 1, 0, 0
318000, 120832, 1, 0, 0
319000, 123003, 1, 0, 0
320000, 116736, 1, 0, 0
321000, 123904, 1, 0, 0
322000, 119927, 1, 0, 0
323000, 120832, 1, 0, 0
324000, 121977, 1, 0, 0
325000, 116736, 1, 0, 0
326000, 121977, 1, 0, 0
327000, 120832, 1, 0, 0
328000, 119927, 1, 0, 0
329000, 123904, 1, 0, 0
330000, 114802, 1, 0, 0
331000, 120832, 1, 0, 0
332000, 120952, 1, 0, 0
333000, 117760, 1, 0, 0
334000, 123003, 1, 0, 0
335000, 115712, 1, 0, 0
336000, 120952, 1, 0, 0
337000, 120952, 1, 0, 0
338000, 116736, 1, 0, 0
339000, 125053, 1, 0, 0
340000, 116736, 1, 0, 0
341000, 117877, 1, 0, 0
342000, 122880, 1, 0, 0
343000, 116736, 1, 0, 0
344000, 124028, 1, 0, 0
345000, 117877, 1, 0, 0
346000, 119808, 1, 0, 0
347000, 123003, 1, 0, 0
348000, 114688, 1, 0, 0
349000, 121977, 1, 0, 0
350000, 119808, 1, 0, 0
351000, 118902, 1, 0, 0
352000, 123904, 1, 0, 0
353000, 116852, 1, 0, 0
354000, 120832, 1, 0, 0
355000, 121977, 1, 0, 0
356000, 115712, 1, 0, 0
357000, 124028, 1, 0, 0
358000, 116736, 1, 0, 0
359000, 117877, 1, 0, 0
360000, 121856, 1, 0, 0
361000, 115827, 1, 0, 0
362000, 123904, 1, 0, 0
363000, 117877, 1, 0, 0
364000, 117760, 1, 0, 0
365000, 123003, 1, 0, 0
366000, 115712, 1, 0, 0
367000, 121977, 1, 0, 0
368000, 119808, 1, 0, 0
369000, 116852, 1, 0, 0
370000, 124928, 1, 0, 0
371000, 114802, 1, 0, 0
372000, 119808, 1, 0, 0
373000, 120952, 1, 0, 0
374001, 113664, 1, 0, 0
375000, 124028, 1, 0, 0
376000, 117877, 1, 0, 0
377000, 118784, 1, 0, 0
378000, 119927, 1, 0, 0
379000, 112640, 1, 0, 0
380000, 122880, 1, 0, 0
381000, 118902, 1, 0, 0
382000, 116736, 1, 0, 0
383000, 124028, 1, 0, 0
384000, 117760, 1, 0, 0
385000, 120952, 1, 0, 0
386001, 118784, 1, 0, 0
387000, 116852, 1, 0, 0
388000, 125053, 1, 0, 0
389000, 114688, 1, 0, 0
390000, 118902, 1, 0, 0
391000, 122880, 1, 0, 0
392000, 115827, 1, 0, 0
393000, 121856, 1, 0, 0
394000, 117877, 1, 0, 0
395000, 120832, 1, 0, 0
396000, 123003, 1, 0, 0
397001, 116736, 1, 0, 0
398000, 123003, 1, 0, 0
399000, 114802, 1, 0, 0
400000, 115712, 1, 0, 0
401000, 115827, 1, 0, 0
402000, 116736, 1, 0, 0
403000, 120952, 1, 0, 0
404000, 122880, 1, 0, 0
405000, 113777, 1, 0, 0
406000, 123904, 1, 0, 0
407000, 117877, 1, 0, 0
408000, 118902, 1, 0, 0
409000, 122880, 1, 0, 0
410000, 115827, 1, 0, 0
411000, 121856, 1, 0, 0
412000, 120952, 1, 0, 0
413000, 119808, 1, 0, 0
414000, 124028, 1, 0, 0
415000, 115712, 1, 0, 0
416000, 121977, 1, 0, 0
417001, 119808, 1, 0, 0
418000, 114802, 1, 0, 0
419000, 125053, 1, 0, 0
420000, 117760, 1, 0, 0
421000, 117877, 1, 0, 0
422000, 121856, 1, 0, 0
423000, 114802, 1, 0, 0
424000, 123904, 1, 0, 0
425001, 115712, 1, 0, 0
426000, 117877, 1, 0, 0
427000, 124028, 1, 0, 0
428000, 111616, 1, 0, 0
429000, 120952, 1, 0, 0
430000, 119808, 1, 0, 0
431000, 115827, 1, 0, 0
432000, 123904, 1, 0, 0
433000, 115827, 1, 0, 0
434000, 119927, 1, 0, 0
435000, 120832, 1, 0, 0
436000, 116852, 1, 0, 0
437001, 123904, 1, 0, 0
438000, 117877, 1, 0, 0
439000, 118902, 1, 0, 0
440000, 121856, 1, 0, 0
441000, 112752, 1, 0, 0
442000, 123904, 1, 0, 0
443000, 116852, 1, 0, 0
444000, 116736, 1, 0, 0
445000, 124028, 1, 0, 0
446000, 116736, 1, 0, 0
447000, 119927, 1, 0, 0
448000, 119808, 1, 0, 0
449000, 116852, 1, 0, 0
450000, 120832, 1, 0, 0
451000, 118902, 1, 0, 0
452000, 119808, 1, 0, 0
453000, 121977, 1, 0, 0
454000, 114688, 1, 0, 0
455000, 123003, 1, 0, 0
456000, 117760, 1, 0, 0
457000, 118902, 1, 0, 0
458001, 122880, 1, 0, 0
459000, 115827, 1, 0, 0
460001, 122880, 1, 0, 0
461000, 120952, 1, 0, 0
462000, 117877, 1, 0, 0
463000, 124928, 1, 0, 0
464000, 115827, 1, 0, 0
465000, 120832, 1, 0, 0
466000, 120952, 1, 0, 0
467000, 113664, 1, 0, 0
468000, 124028, 1, 0, 0
469000, 117760, 1, 0, 0
470000, 118902, 1, 0, 0
471000, 119808, 1, 0, 0
472001, 114688, 1, 0, 0
473000, 120952, 1, 0, 0
474001, 117760, 1, 0, 0
475000, 117877, 1, 0, 0
476000, 122880, 1, 0, 0
477000, 115827, 1, 0, 0
478000, 120832, 1, 0, 0
479000, 117877, 1, 0, 0
480000, 116852, 1, 0, 0
481000, 120832, 1, 0, 0
482000, 118902, 1, 0, 0
483000, 118784, 1, 0, 0
484000, 119927, 1, 0, 0
485000, 116736, 1, 0, 0
486000, 120832, 1, 0, 0
487000, 118902, 1, 0, 0
488000, 116736, 1, 0, 0
489000, 123003, 1, 0, 0
490000, 115712, 1, 0, 0
491000, 119927, 1, 0, 0
492000, 120832, 1, 0, 0
493000, 115827, 1, 0, 0
494000, 122880, 1, 0, 0
495000, 119927, 1, 0, 0
496000, 118784, 1, 0, 0
497000, 121977, 1, 0, 0
498000, 116736, 1, 0, 0
499000, 123003, 1, 0, 0
500000, 119808, 1, 0, 0
501000, 119927, 1, 0, 0
502000, 121856, 1, 0, 0
503000, 116852, 1, 0, 0
504000, 119808, 1, 0, 0
505000, 120952, 1, 0, 0
506000, 116736, 1, 0, 0
507000, 124028, 1, 0, 0
508000, 112640, 1, 0, 0
509000, 119927, 1, 0, 0
510000, 120832, 1, 0, 0
511000, 117877, 1, 0, 0
512000, 122880, 1, 0, 0
513000, 116852, 1, 0, 0
514000, 117760, 1, 0, 0
515000, 123003, 1, 0, 0
516000, 115712, 1, 0, 0
517000, 117877, 1, 0, 0
518000, 120832, 1, 0, 0
519000, 117877, 1, 0, 0
520000, 123904, 1, 0, 0
521000, 114802, 1, 0, 0
522000, 116736, 1, 0, 0
523000, 120952, 1, 0, 0
524000, 117760, 1, 0, 0
525000, 121977, 1, 0, 0
526000, 119808, 1, 0, 0
527000, 118902, 1, 0, 0
528000, 123003, 1, 0, 0
529000, 116736, 1, 0, 0
530000, 121856, 1, 0, 0
531000, 118902, 1, 0, 0
532000, 116736, 1, 0, 0
533000, 121977, 1, 0, 0
534000, 116736, 1, 0, 0
535000, 119927, 1, 0, 0
536000, 120832, 1, 0, 0
537000, 117877, 1, 0, 0
538000, 121856, 1, 0, 0
539000, 118902, 1, 0, 0
540000, 116736, 1, 0, 0
541000, 121977, 1, 0, 0
542000, 116736, 1, 0, 0
543000, 123003, 1, 0, 0
544000, 118784, 1, 0, 0
545000, 118902, 1, 0, 0
546000, 122880, 1, 0, 0
547000, 117877, 1, 0, 0
548000, 120832, 1, 0, 0
549000, 120952, 1, 0, 0
550000, 116852, 1, 0, 0
551000, 123904, 1, 0, 0
552000, 117877, 1, 0, 0
553000, 119808, 1, 0, 0
554000, 121977, 1, 0, 0
555000, 116736, 1, 0, 0
556000, 121977, 1, 0, 0
557000, 116736, 1, 0, 0
558000, 117877, 1, 0, 0
559000, 123904, 1, 0, 0
560000, 113777, 1, 0, 0
561000, 120832, 1, 0, 0
562000, 119927, 1, 0, 0
563000, 115712, 1, 0, 0
564000, 124028, 1, 0, 0
565000, 117760, 1, 0, 0
566000, 118902, 1, 0, 0
567000, 120832, 1, 0, 0
568000, 115827, 1, 0, 0
569000, 122880, 1, 0, 0
570000, 117877, 1, 0, 0
571001, 116736, 1, 0, 0
572000, 121977, 1, 0, 0
573000, 115827, 1, 0, 0
574000, 119808, 1, 0, 0
575001, 119808, 1, 0, 0
576000, 116852, 1, 0, 0
577001, 122880, 1, 0, 0
578000, 114802, 1, 0, 0
579001, 119808, 1, 0, 0
580000, 120952, 1, 0, 0
581000, 113664, 1, 0, 0
582000, 123003, 1, 0, 0
583000, 115712, 1, 0, 0
584000, 116852, 1, 0, 0
585000, 119808, 1, 0, 0
586000, 110702, 1, 0, 0
587000, 118784, 1, 0, 0
588000, 113777, 1, 0, 0
589000, 112640, 1, 0, 0
590000, 123003, 1, 0, 0
591000, 109568, 1, 0, 0
592000, 110702, 1, 0, 0
593000, 121856, 1, 0, 0
594000, 105577, 1, 0, 0
595000, 121856, 1, 0, 0
596000, 116852, 1, 0, 0
597000, 114688, 1, 0, 0
598000, 123904, 1, 0, 0
599000, 115827, 1, 0, 0
600000, 115712, 1, 0, 0
601000, 120952, 1, 0, 0
602000, 114688, 1, 0, 0
603000, 121977, 1, 0, 0
604000, 117760, 1, 0, 0
605000, 118902, 1, 0, 0
606000, 122880, 1, 0, 0
607000, 110702, 1, 0, 0
608000, 119808, 1, 0, 0
609000, 119927, 1, 0, 0
610000, 116736, 1, 0, 0
611000, 121977, 1, 0, 0
612000, 114688, 1, 0, 0
613000, 116736, 1, 0, 0
614000, 118902, 1, 0, 0
615000, 113664, 1, 0, 0
616000, 121977, 1, 0, 0
617000, 117760, 1, 0, 0
618000, 116852, 1, 0, 0
619000, 122880, 1, 0, 0
620000, 114802, 1, 0, 0
621000, 118784, 1, 0, 0
622000, 119927, 1, 0, 0
623000, 116736, 1, 0, 0
624000, 124028, 1, 0, 0
625000, 113664, 1, 0, 0
626000, 118902, 1, 0, 0
627000, 119808, 1, 0, 0
628000, 114802, 1, 0, 0
629000, 122880, 1, 0, 0
630000, 117877, 1, 0, 0
631000, 117760, 1, 0, 0
632000, 123003, 1, 0, 0
633000, 112640, 1, 0, 0
634000, 118902, 1, 0, 0
635000, 118784, 1, 0, 0
636000, 115827, 1, 0, 0
637000, 123904, 1, 0, 0
638000, 108652, 1, 0, 0
639000, 118784, 1, 0, 0
640000, 121977, 1, 0, 0
641000, 115712, 1, 0, 0
642000, 119927, 1, 0, 0
643000, 119808, 1, 0, 0
644000, 113777, 1, 0, 0
645000, 122880, 1, 0, 0
646000, 114802, 1, 0, 0
647000, 119808, 1, 0, 0
648000, 119927, 1, 0, 0
649000, 112640, 1, 0, 0
650000, 123003, 1, 0, 0
651000, 117760, 1, 0, 0
652000, 117877, 1, 0, 0
653000, 120832, 1, 0, 0
654000, 115827, 1, 0, 0
655000, 118784, 1, 0, 0
656000, 119927, 1, 0, 0
657000, 116736, 1, 0, 0
658000, 123003, 1, 0, 0
659000, 111616, 1, 0, 0
660000, 116852, 1, 0, 0
661000, 121856, 1, 0, 0
662001, 113664, 1, 0, 0
663000, 118902, 1, 0, 0
664000, 117760, 1, 0, 0
665000, 117877, 1, 0, 0
666000, 123904, 1, 0, 0
667000, 114802, 1, 0, 0
668000, 118784, 1, 0, 0
669000, 118902, 1, 0, 0
670000, 112640, 1, 0, 0
671000, 123003, 1, 0, 0
672000, 115712, 1, 0, 0
673000, 117760, 1, 0, 0
674000, 123003, 1, 0, 0
675000, 113664, 1, 0, 0
676000, 121977, 1, 0, 0
677000, 116736, 1, 0, 0
678000, 115827, 1, 0, 0
679000, 121856, 1, 0, 0
680000, 114802, 1, 0, 0
681000, 115712, 1, 0, 0
682000, 120952, 1, 0, 0
683000, 113664, 1, 0, 0
684000, 120952, 1, 0, 0
685000, 115712, 1, 0, 0
686000, 114802, 1, 0, 0
687000, 122880, 1, 0, 0
688000, 110702, 1, 0, 0
689000, 118784, 1, 0, 0
690000, 120952, 1, 0, 0
691000, 112640, 1, 0, 0
692000, 121977, 1, 0, 0
693000, 115712, 1, 0, 0
694000, 116852, 1, 0, 0
695000, 122880, 1, 0, 0
696000, 112752, 1, 0, 0
697000, 118784, 1, 0, 0
698000, 116852, 1, 0, 0
699000, 115712, 1, 0, 0
700000, 118902, 1, 0, 0
701000, 113664, 1, 0, 0
702000, 115827, 1, 0, 0
703000, 119808, 1, 0, 0
704000, 113777, 1, 0, 0
705000, 119808, 1, 0, 0
706000, 115827, 1, 0, 0
707000, 112640, 1, 0, 0
708000, 119927, 1, 0, 0
709000, 113664, 1, 0, 0
710000, 116852, 1, 0, 0
711000, 117760, 1, 0, 0
712000, 106602, 1, 0, 0
713000, 117760, 1, 0, 0
714000, 116852, 1, 0, 0
715000, 113664, 1, 0, 0
716000, 119927, 1, 0, 0
717000, 111727, 1, 0, 0
718000, 116736, 1, 0, 0
719000, 114802, 1, 0, 0
720000, 110592, 1, 0, 0
721000, 119927, 1, 0, 0
722000, 114688, 1, 0, 0
723000, 114802, 1, 0, 0
724000, 119808, 1, 0, 0
725000, 114802, 1, 0, 0
726000, 114688, 1, 0, 0
727001, 117760, 1, 0, 0
728000, 111727, 1, 0, 0
729000, 116736, 1, 0, 0
730000, 115827, 1, 0, 0
731000, 114688, 1, 0, 0
732000, 119927, 1, 0, 0
733000, 112640, 1, 0, 0
734000, 118902, 1, 0, 0
735000, 115712, 1, 0, 0
736000, 115827, 1, 0, 0
737000, 116736, 1, 0, 0
738000, 115827, 1, 0, 0
739000, 115712, 1, 0, 0
740000, 119927, 1, 0, 0
741000, 113664, 1, 0, 0
742000, 118902, 1, 0, 0
743000, 113664, 1, 0, 0
744000, 114802, 1, 0, 0
745000, 118784, 1, 0, 0
746000, 114802, 1, 0, 0
747000, 110592, 1, 0, 0
748000, 117877, 1, 0, 0
749000, 112640, 1, 0, 0
750000, 118902, 1, 0, 0
751000, 116736, 1, 0, 0
752000, 112640, 1, 0, 0
753000, 119927, 1, 0, 0
754000, 115712, 1, 0, 0
755000, 117877, 1, 0, 0
756000, 117760, 1, 0, 0
757000, 115827, 1, 0, 0
758001, 116736, 1, 0, 0
759000, 104552, 1, 0, 0
760000, 101477, 1, 0, 0
761000, 119808, 1, 0, 0
762000, 103527, 1, 0, 0
763000, 113664, 1, 0, 0
764000, 117877, 1, 0, 0
765000, 113664, 1, 0, 0
766000, 116852, 1, 0, 0
767000, 117760, 1, 0, 0
768000, 99427, 1, 0, 0
769000, 118784, 1, 0, 0
770000, 115827, 1, 0, 0
771000, 116736, 1, 0, 0
772000, 116852, 1, 0, 0
773000, 112640, 1, 0, 0
774000, 114802, 1, 0, 0
775000, 118902, 1, 0, 0
776000, 110592, 1, 0, 0
777000, 118902, 1, 0, 0
778000, 113664, 1, 0, 0
779000, 115827, 1, 0, 0
780000, 118784, 1, 0, 0
781000, 100452, 1, 0, 0
782001, 117760, 1, 0, 0
783000, 113777, 1, 0, 0
784000, 108652, 1, 0, 0
785000, 118784, 1, 0, 0
786001, 115712, 1, 0, 0
787000, 112752, 1, 0, 0
788001, 118784, 1, 0, 0
789000, 114802, 1, 0, 0
790000, 112752, 1, 0, 0
791001, 117760, 1, 0, 0
792000, 115827, 1, 0, 0
793000, 119927, 1, 0, 0
794000, 115712, 1, 0, 0
795000, 115827, 1, 0, 0
796000, 118902, 1, 0, 0
797000, 115712, 1, 0, 0
798000, 117877, 1, 0, 0
799000, 115712, 1, 0, 0
800000, 113777, 1, 0, 0
801000, 119808, 1, 0, 0
802001, 114688, 1, 0, 0
803000, 116852, 1, 0, 0
804000, 116852, 1, 0, 0
805000, 112640, 1, 0, 0
806000, 118902, 1, 0, 0
807000, 115712, 1, 0, 0
808000, 115827, 1, 0, 0
809000, 120832, 1, 0, 0
810000, 112752, 1, 0, 0
811000, 118784, 1, 0, 0
812000, 118902, 1, 0, 0
813000, 112640, 1, 0, 0
814000, 120952, 1, 0, 0
815000, 114688, 1, 0, 0
816000, 116852, 1, 0, 0
817000, 117760, 1, 0, 0
818000, 114802, 1, 0, 0
819000, 117760, 1, 0, 0
820000, 116852, 1, 0, 0
821000, 114688, 1, 0, 0
822000, 119927, 1, 0, 0
823000, 115712, 1, 0, 0
824000, 116852, 1, 0, 0
825000, 117760, 1, 0, 0
826000, 114802, 1, 0, 0
827000, 117760, 1, 0, 0
828000, 116852, 1, 0, 0
829000, 113664, 1, 0, 0
830000, 118902, 1, 0, 0
831000, 112640, 1, 0, 0
832000, 116852, 1, 0, 0
833000, 118902, 1, 0, 0
834000, 113664, 1, 0, 0
835000, 118902, 1, 0, 0
836000, 115712, 1, 0, 0
837000, 113777, 1, 0, 0
838001, 119808, 1, 0, 0
839000, 114802, 1, 0, 0
840000, 116852, 1, 0, 0
841000, 119808, 1, 0, 0
842000, 113777, 1, 0, 0
843000, 119808, 1, 0, 0
844000, 115827, 1, 0, 0
845000, 115712, 1, 0, 0
846000, 119927, 1, 0, 0
847000, 114688, 1, 0, 0
848000, 117877, 1, 0, 0
849000, 117760, 1, 0, 0
850000, 112752, 1, 0, 0
851000, 118784, 1, 0, 0
852000, 115827, 1, 0, 0
853000, 116736, 1, 0, 0
854000, 119927, 1, 0, 0
855000, 114688, 1, 0, 0
856000, 117877, 1, 0, 0
857000, 116852, 1, 0, 0
858000, 112752, 1, 0, 0
859000, 120832, 1, 0, 0
860000, 114802, 1, 0, 0
861000, 116736, 1, 0, 0
862000, 119927, 1, 0, 0
863000, 114688, 1, 0, 0
864000, 117877, 1, 0, 0
865000, 115712, 1, 0, 0
866000, 113777, 1, 0, 0
867000, 120832, 1, 0, 0
868000, 112752, 1, 0, 0
869000, 116736, 1, 0, 0
870000, 118902, 1, 0, 0
871000, 111616, 1, 0, 0
872000, 118902, 1, 0, 0
873000, 116736, 1, 0, 0
874000, 112752, 1, 0, 0
875000, 119808, 1, 0, 0
876000, 113777, 1, 0, 0
877000, 116736, 1, 0, 0
878000, 117877, 1, 0, 0
879000, 115712, 1, 0, 0
880000, 118902, 1, 0, 0
881000, 118784, 1, 0, 0
882000, 115827, 1, 0, 0
883000, 119808, 1, 0, 0
884000, 113777, 1, 0, 0
885000, 116736, 1, 0, 0
886000, 118902, 1, 0, 0
887000, 113664, 1, 0, 0
888000, 119927, 1, 0, 0
889000, 113664, 1, 0, 0
890000, 114802, 1, 0, 0
891001, 119808, 1, 0, 0
892000, 115827, 1, 0, 0
893000, 116852, 1, 0, 0
894000, 117760, 1, 0, 0
895000, 113777, 1, 0, 0
896000, 120832, 1, 0, 0
897000, 113777, 1, 0, 0
898000, 116736, 1, 0, 0
899000, 119927, 1, 0, 0
900000, 116736, 1, 0, 0
901000, 116852, 1, 0, 0
902000, 114688, 1, 0, 0
903000, 113664, 1, 0, 0
904000, 119927, 1, 0, 0
905000, 117760, 1, 0, 0
906000, 113777, 1, 0, 0
907000, 118784, 1, 0, 0
908000, 112752, 1, 0, 0
909000, 118784, 1, 0, 0
910000, 115827, 1, 0, 0
911000, 113664, 1, 0, 0
912000, 119927, 1, 0, 0
913000, 114688, 1, 0, 0
914000, 117877, 1, 0, 0
915000, 117760, 1, 0, 0
916000, 111727, 1, 0, 0
917000, 118784, 1, 0, 0
918000, 115712, 1, 0, 0
919000, 112752, 1, 0, 0
920000, 119808, 1, 0, 0
921000, 114802, 1, 0, 0
922000, 116736, 1, 0, 0
923000, 117877, 1, 0, 0
924000, 109568, 1, 0, 0
925000, 117877, 1, 0, 0
926000, 115712, 1, 0, 0
927001, 114688, 1, 0, 0
928000, 120952, 1, 0, 0
929001, 111616, 1, 0, 0
930000, 114802, 1, 0, 0
931000, 118784, 1, 0, 0
932000, 113777, 1, 0, 0
933000, 116736, 1, 0, 0
934000, 113777, 1, 0, 0
935000, 114688, 1, 0, 0
936000, 117877, 1, 0, 0
937000, 114688, 1, 0, 0
938000, 116852, 1, 0, 0
939000, 119808, 1, 0, 0
940000, 112752, 1, 0, 0
941000, 118784, 1, 0, 0
942000, 117877, 1, 0, 0
943000, 112640, 1, 0, 0
944000, 120952, 1, 0, 0
945001, 109568, 1, 0, 0
946000, 114802, 1, 0, 0
947000, 118902, 1, 0, 0
948000, 110592, 1, 0, 0
949000, 116852, 1, 0, 0
950000, 117760, 1, 0, 0
951000, 113777, 1, 0, 0
952000, 118784, 1, 0, 0
953000, 112752, 1, 0, 0
954000, 117760, 1, 0, 0
955000, 117877, 1, 0, 0
956000, 113664, 1, 0, 0
957000, 117877, 1, 0, 0
958000, 115712, 1, 0, 0
959000, 116852, 1, 0, 0
960000, 117760, 1, 0, 0
961000, 107627, 1, 0, 0
962001, 112640, 1, 0, 0
963000, 113777, 1, 0, 0
964000, 106602, 1, 0, 0
965000, 113664, 1, 0, 0
966000, 113777, 1, 0, 0
967000, 106496, 1, 0, 0
968000, 118902, 1, 0, 0
969000, 107520, 1, 0, 0
970000, 110702, 1, 0, 0
971000, 116736, 1, 0, 0
972000, 105577, 1, 0, 0
973000, 115712, 1, 0, 0
974000, 109677, 1, 0, 0
975000, 104448, 1, 0, 0
976000, 120952, 1, 0, 0
977000, 107520, 1, 0, 0
978000, 111727, 1, 0, 0
979000, 118784, 1, 0, 0
980000, 105577, 1, 0, 0
981000, 112640, 1, 0, 0
982000, 112752, 1, 0, 0
983000, 102400, 1, 0, 0
984000, 117877, 1, 0, 0
985000, 110592, 1, 0, 0
986000, 108652, 1, 0, 0
987000, 118784, 1, 0, 0
988000, 105577, 1, 0, 0
989000, 111616, 1, 0, 0
990000, 115827, 1, 0, 0
991000, 105472, 1, 0, 0
992000, 116852, 1, 0, 0
993000, 109568, 1, 0, 0
994000, 106602, 1, 0, 0
995000, 118784, 1, 0, 0
996000, 106602, 1, 0, 0
997000, 111616, 1, 0, 0
998000, 115827, 1, 0, 0
999000, 104448, 1, 0, 0
1000000, 116852, 1, 0, 0
1001000, 111616, 1, 0, 0
1002000, 107627, 1, 0, 0
1003000, 120832, 1, 0, 0
1004000, 106602, 1, 0, 0
1005000, 111616, 1, 0, 0
1006000, 117877, 1, 0, 0
1007000, 104448, 1, 0, 0
1008000, 115827, 1, 0, 0
1009000, 111616, 1, 0, 0
1010000, 106602, 1, 0, 0
1011000, 118784, 1, 0, 0
1012000, 110592, 1, 0, 0
1013000, 110702, 1, 0, 0
1014000, 118784, 1, 0, 0
1015000, 105577, 1, 0, 0
1016000, 115712, 1, 0, 0
1017000, 112752, 1, 0, 0
1018000, 106496, 1, 0, 0
1019000, 120952, 1, 0, 0
1020000, 108544, 1, 0, 0
1021000, 109568, 1, 0, 0
1022000, 118902, 1, 0, 0
1023000, 106496, 1, 0, 0
1024000, 115827, 1, 0, 0
1025000, 112640, 1, 0, 0
1026000, 105577, 1, 0, 0
1027000, 119808, 1, 0, 0
1028000, 110702, 1, 0, 0
1029000, 110592, 1, 0, 0
1030000, 118902, 1, 0, 0
1031000, 107520, 1, 0, 0
1032000, 114802, 1, 0, 0
1033000, 114688, 1, 0, 0
1034000, 105577, 1, 0, 0
1035000, 120832, 1, 0, 0
1036000, 107627, 1, 0, 0
1037000, 107520, 1, 0, 0
1038000, 118902, 1, 0, 0
1039000, 105472, 1, 0, 0
1040001, 112640, 1, 0, 0
1041000, 113777, 1, 0, 0
1042000, 105472, 1, 0, 0
1043000, 118902, 1, 0, 0
1044000, 112640, 1, 0, 0
1045000, 109677, 1, 0, 0
1046000, 120832, 1, 0, 0
1047000, 107627, 1, 0, 0
1048000, 113664, 1, 0, 0
1049000, 112752, 1, 0, 0
1050000, 107520, 1, 0, 0
1051000, 118902, 1, 0, 0
1052000, 111616, 1, 0, 0
1053000, 111727, 1, 0, 0
1054000, 118784, 1, 0, 0
1055000, 106602, 1, 0, 0
1056000, 113664, 1, 0, 0
1057001, 114688, 1, 0, 0
1058000, 106602, 1, 0, 0
1059000, 119927, 1, 0, 0
1060000, 110592, 1, 0, 0
1061000, 110702, 1, 0, 0
1062000, 119808, 1, 0, 0
1063000, 105577, 1, 0, 0
1064000, 113664, 1, 0, 0
1065000, 113777, 1, 0, 0
1066000, 106496, 1, 0, 0
1067000, 118902, 1, 0, 0
1068000, 110592, 1, 0, 0
1069000, 110702, 1, 0, 0
1070000, 117760, 1, 0, 0
1071000, 106602, 1, 0, 0
1072000, 110592, 1, 0, 0
1073000, 115827, 1, 0, 0
1074000, 107520, 1, 0, 0
1075000, 118902, 1, 0, 0
1076000, 110592, 1, 0, 0
1077000, 107627, 1, 0, 0
1078000, 120832, 1, 0, 0
1079000, 106602, 1, 0, 0
1080000, 112752, 1, 0, 0
1081000, 113664, 1, 0, 0
1082000, 105472, 1, 0, 0
1083000, 113777, 1, 0, 0
1084000, 108544, 1, 0, 0
1085000, 106602, 1, 0, 0
1086000, 115712, 1, 0, 0
1087000, 107627, 1, 0, 0
1088000, 110592, 1, 0, 0
1089000, 113777, 1, 0, 0
1090000, 106496, 1, 0, 0
1091000, 113777, 1, 0, 0
1092000, 105472, 1, 0, 0
1093000, 106602, 1, 0, 0
1094000, 115712, 1, 0, 0
1095000, 106602, 1, 0, 0
1096000, 110592, 1, 0, 0
1097000, 113777, 1, 0, 0
1098000, 105472, 1, 0, 0
1099000, 111727, 1, 0, 0
1100000, 110592, 1, 0, 0
1101000, 106602, 1, 0, 0
1102000, 115712, 1, 0, 0
1103000, 106602, 1, 0, 0
1104000, 109568, 1, 0, 0
1105000, 114688, 1, 0, 0
1106000, 102502, 1, 0, 0
1107000, 112640, 1, 0, 0
1108000, 111727, 1, 0, 0
1109000, 105472, 1, 0, 0
1110000, 114802, 1, 0, 0
1111000, 109568, 1, 0, 0
1112000, 109677, 1, 0, 0
1113000, 116736, 1, 0, 0
1114000, 106602, 1, 0, 0
1115000, 111616, 1, 0, 0
1116000, 113777, 1, 0, 0
1117000, 107520, 1, 0, 0
1118000, 113777, 1, 0, 0
1119000, 110592, 1, 0, 0
1120001, 109568, 1, 0, 0
1121000, 114802, 1, 0, 0
1122000, 106496, 1, 0, 0
1123000, 109677, 1, 0, 0
1124000, 114688, 1, 0, 0
1125000, 105577, 1, 0, 0
1126000, 114688, 1, 0, 0
1127000, 108652, 1, 0, 0
1128001, 108544, 1, 0, 0
1129000, 114802, 1, 0, 0
1130000, 108652, 1, 0, 0
1131000, 111616, 1, 0, 0
1132000, 114802, 1, 0, 0
1133000, 106496, 1, 0, 0
1134000, 112752, 1, 0, 0
1135000, 109568, 1, 0, 0
1136000, 105577, 1, 0, 0
1137000, 115712, 1, 0, 0
1138000, 106602, 1, 0, 0
1139000, 111616, 1, 0, 0
1140000, 114802, 1, 0, 0
1141000, 106496, 1, 0, 0
1142000, 111727, 1, 0, 0
1143000, 110592, 1, 0, 0
1144000, 104552, 1, 0, 0
1145000, 115712, 1, 0, 0
1146000, 110702, 1, 0, 0
1147000, 108544, 1, 0, 0
1148000, 113777, 1, 0, 0
1149000, 105472, 1, 0, 0
1150000, 109677, 1, 0, 0
1151000, 113664, 1, 0, 0
1152000, 105577, 1, 0, 0
1153000, 114688, 1, 0, 0
1154000, 110702, 1, 0, 0
1155000, 108652, 1, 0, 0
1156000, 114688, 1, 0, 0
1157000, 104552, 1, 0, 0
1158000, 109568, 1, 0, 0
1159000, 111727, 1, 0, 0
1160000, 104448, 1, 0, 0
1161000, 112752, 1, 0, 0
1162000, 112752, 1, 0, 0
1163000, 105472, 1, 0, 0
1164000, 113777, 1, 0, 0
1165000, 108544, 1, 0, 0
1166000, 107627, 1, 0, 0
1167000, 113664, 1, 0, 0
1168000, 107627, 1, 0, 0
1169000, 111727, 1, 0, 0
1170000, 111616, 1, 0, 0
1171000, 106602, 1, 0, 0
1172000, 114688, 1, 0, 0
1173000, 109677, 1, 0, 0
1174000, 107520, 1, 0, 0
1175000, 113777, 1, 0, 0
1176000, 107520, 1, 0, 0
1177001, 112640, 1, 0, 0
1178000, 111727, 1, 0, 0
1179000, 106602, 1, 0, 0
1180000, 113664, 1, 0, 0
1181000, 110702, 1, 0, 0
1182000, 105472, 1, 0, 0
1183000, 113777, 1, 0, 0
1184000, 104448, 1, 0, 0
1185000, 110592, 1, 0, 0
1186000, 113777, 1, 0, 0
1187000, 105472, 1, 0, 0
1188000, 114802, 1, 0, 0
1189000, 108544, 1, 0, 0
1190000, 104552, 1, 0, 0
1191001, 113664, 1, 0, 0
1192000, 107627, 1, 0, 0
1193000, 108652, 1, 0, 0
1194000, 115712, 1, 0, 0
1195000, 103527, 1, 0, 0
1196000, 110592, 1, 0, 0
1197000, 111727, 1, 0, 0
1198000, 107520, 1, 0, 0
1199000, 115827, 1, 0, 0
1200000, 108544, 1, 0, 0
1201000, 108652, 1, 0, 0
1202000, 116736, 1, 0, 0
1203000, 105577, 1, 0, 0
1204000, 112640, 1, 0, 0
1205000, 113777, 1, 0, 0
1206000, 105472, 1, 0, 0
1207000, 115827, 1, 0, 0
1208000, 109568, 1, 0, 0
1209000, 109677, 1, 0, 0
1210000, 115827, 1, 0, 0
1211000, 105472, 1, 0, 0
1212001, 107520, 1, 0, 0
1213000, 113777, 1, 0, 0
1214000, 104552, 1, 0, 0
1215000, 109568, 1, 0, 0
1216000, 110702, 1, 0, 0
1217000, 107520, 1, 0, 0
1218000, 112752, 1, 0, 0
1219001, 106496, 1, 0, 0
1220000, 111727, 1, 0, 0
1221000, 112752, 1, 0, 0
1222000, 106496, 1, 0, 0
1223000, 112752, 1, 0, 0
1224000, 109568, 1, 0, 0
1225000, 105577, 1, 0, 0
1226000, 110592, 1, 0, 0
1227000, 110702, 1, 0, 0
1228000, 107520, 1, 0, 0
1229000, 115827, 1, 0, 0
1230000, 104448, 1, 0, 0
1231000, 109677, 1, 0, 0
1232000, 112640, 1, 0, 0
1233000, 104552, 1, 0, 0
1234000, 114688, 1, 0, 0
1235000, 108652, 1, 0, 0
1236000, 107520, 1, 0, 0
1237000, 116852, 1, 0, 0
1238000, 105472, 1, 0, 0
1239000, 107627, 1, 0, 0
1240000, 114802, 1, 0, 0
1241000, 103424, 1, 0, 0
1242000, 109568, 1, 0, 0
1243000, 112752, 1, 0, 0
1244000, 104448, 1, 0, 0
1245000, 111727, 1, 0, 0
1246000, 106496, 1, 0, 0
1247000, 106602, 1, 0, 0
1248000, 115712, 1, 0, 0
1249000, 106602, 1, 0, 0
1250000, 105472, 1, 0, 0
1251000, 113777, 1, 0, 0
1252000, 106496, 1, 0, 0
1253000, 111727, 1, 0, 0
1254000, 111616, 1, 0, 0
1255000, 102502, 1, 0, 0
1256000, 114688, 1, 0, 0
1257000, 110702, 1, 0, 0
1258000, 107520, 1, 0, 0
1259000, 115712, 1, 0, 0
1260000, 106602, 1, 0, 0
1261000, 108544, 1, 0, 0
1262001, 111616, 1, 0, 0
1263000, 104552, 1, 0, 0
1264000, 111727, 1, 0, 0
1265000, 107520, 1, 0, 0
1266000, 106602, 1, 0, 0
1267000, 115712, 1, 0, 0
1268001, 108544, 1, 0, 0
1269000, 106602, 1, 0, 0
1270000, 114688, 1, 0, 0
1271000, 106602, 1, 0, 0
1272000, 111616, 1, 0, 0
1273000, 112752, 1, 0, 0
1274000, 107520, 1, 0, 0
1275000, 114802, 1, 0, 0
1276000, 106496, 1, 0, 0
1277000, 105577, 1, 0, 0
1278000, 113664, 1, 0, 0
1279000, 104552, 1, 0, 0
1280000, 111616, 1, 0, 0
1281000, 112752, 1, 0, 0
1282000, 104448, 1, 0, 0
1283000, 112752, 1, 0, 0
1284000, 108544, 1, 0, 0
1285000, 106496, 1, 0, 0
1286000, 116852, 1, 0, 0
1287000, 105472, 1, 0, 0
1288000, 108652, 1, 0, 0
1289001, 115712, 1, 0, 0
1290000, 102502, 1, 0, 0
1291000, 110702, 1, 0, 0
1292000, 112640, 1, 0, 0
1293000, 105577, 1, 0, 0
1294000, 113664, 1, 0, 0
1295000, 108652, 1, 0, 0
1296000, 108544, 1, 0, 0
1297000, 113777, 1, 0, 0
1298000, 106496, 1, 0, 0
1299000, 110702, 1, 0, 0
1300000, 113664, 1, 0, 0
1301000, 104552, 1, 0, 0
1302000, 110592, 1, 0, 0
1303000, 109677, 1, 0, 0
1304000, 106496, 1, 0, 0
1305000, 116852, 1, 0, 0
1306000, 105472, 1, 0, 0
1307000, 109677, 1, 0, 0
1308001, 114688, 1, 0, 0
1309000, 106602, 1, 0, 0
1310000, 111727, 1, 0, 0
1311000, 113664, 1, 0, 0
1312000, 106602, 1, 0, 0
1313000, 114688, 1, 0, 0
1314000, 108652, 1, 0, 0
1315000, 108544, 1, 0, 0
1316000, 112752, 1, 0, 0
1317000, 106496, 1, 0, 0
1318000, 110702, 1, 0, 0
1319000, 112640, 1, 0, 0
1320000, 107627, 1, 0, 0
1321000, 113664, 1, 0, 0
1322000, 111727, 1, 0, 0
1323000, 107520, 1, 0, 0
1324000, 115827, 1, 0, 0
1325000, 106496, 1, 0, 0
1326000, 108652, 1, 0, 0
1327000, 113664, 1, 0, 0
1328000, 103527, 1, 0, 0
1329000, 113664, 1, 0, 0
1330000, 110702, 1, 0, 0
1331000, 106496, 1, 0, 0
1332000, 114802, 1, 0, 0
1333001, 110592, 1, 0, 0
1334000, 109677, 1, 0, 0
1335000, 113664, 1, 0, 0
1336000, 104552, 1, 0, 0
1337000, 111616, 1, 0, 0
1338000, 113777, 1, 0, 0
1339000, 104448, 1, 0, 0
1340000, 112752, 1, 0, 0
1341001, 107520, 1, 0, 0
1342000, 105577, 1, 0, 0
1343001, 113664, 1, 0, 0
1344000, 108652, 1, 0, 0
1345000, 107627, 1, 0, 0
1346000, 114688, 1, 0, 0
1347000, 105577, 1, 0, 0
1348000, 112640, 1, 0, 0
1349000, 109677, 1, 0, 0
1350000, 104448, 1, 0, 0
1351000, 114802, 1, 0, 0
1352000, 108544, 1, 0, 0
1353000, 109677, 1, 0, 0
1354000, 115712, 1, 0, 0
1355000, 105577, 1, 0, 0
1356000, 112640, 1, 0, 0
1357000, 113777, 1, 0, 0
1358000, 107520, 1, 0, 0
1359000, 115827, 1, 0, 0
1360000, 107520, 1, 0, 0
1361000, 106602, 1, 0, 0
1362000, 113664, 1, 0, 0
1363000, 108652, 1, 0, 0
1364000, 109568, 1, 0, 0
1365000, 113777, 1, 0, 0
1366001, 105472, 1, 0, 0
1367000, 110702, 1, 0, 0
1368000, 110702, 1, 0, 0
1369000, 105472, 1, 0, 0
1370000, 115827, 1, 0, 0
1371000, 110592, 1, 0, 0
1372000, 106602, 1, 0, 0
1373000, 115712, 1, 0, 0
1374000, 107627, 1, 0, 0
1375000, 112640, 1, 0, 0
1376000, 111727, 1, 0, 0
1377000, 106496, 1, 0, 0
1378000, 113777, 1, 0, 0
1379000, 111727, 1, 0, 0
1380000, 107520, 1, 0, 0
1381001, 115712, 1, 0, 0
1382000, 106602, 1, 0, 0
1383000, 109568, 1, 0, 0
1384000, 112752, 1, 0, 0
1385000, 104552, 1, 0, 0
1386000, 112640, 1, 0, 0
1387000, 111727, 1, 0, 0
1388000, 106496, 1, 0, 0
1389000, 114802, 1, 0, 0
1390000, 109568, 1, 0, 0
1391000, 105577, 1, 0, 0
1392000, 114688, 1, 0, 0
1393000, 106602, 1, 0, 0
1394000, 110592, 1, 0, 0
1395000, 114802, 1, 0, 0
1396000, 104448, 1, 0, 0
1397000, 113777, 1, 0, 0
1398000, 111616, 1, 0, 0
1399000, 106602, 1, 0, 0
1400000, 114688, 1, 0, 0
1401000, 109677, 1, 0, 0
1402000, 107520, 1, 0, 0
1403000, 113777, 1, 0, 0
1404000, 106496, 1, 0, 0
1405000, 109677, 1, 0, 0
1406000, 113664, 1, 0, 0
1407000, 105577, 1, 0, 0
1408000, 113664, 1, 0, 0
1409000, 109677, 1, 0, 0
1410000, 108544, 1, 0, 0
1411000, 114802, 1, 0, 0
1412000, 106496, 1, 0, 0
1413000, 110702, 1, 0, 0
1414000, 114688, 1, 0, 0
1415000, 103527, 1, 0, 0
1416000, 113664, 1, 0, 0
1417000, 110702, 1, 0, 0
1418000, 106496, 1, 0, 0
1419000, 114802, 1, 0, 0
1420000, 108544, 1, 0, 0
1421000, 106602, 1, 0, 0
1422000, 114688, 1, 0, 0
1423000, 105577, 1, 0, 0
1424000, 109568, 1, 0, 0
1425000, 113777, 1, 0, 0
1426000, 105472, 1, 0, 0
1427000, 112752, 1, 0, 0
1428000, 111616, 1, 0, 0
1429000, 104552, 1, 0, 0
1430000, 114688, 1, 0, 0
1431000, 108652, 1, 0, 0
1432000, 109568, 1, 0, 0
1433000, 114802, 1, 0, 0
1434000, 106496, 1, 0, 0
1435000, 109677, 1, 0, 0
1436000, 112640, 1, 0, 0
1437000, 105577, 1, 0, 0
1438000, 112640, 1, 0, 0
1439000, 109677, 1, 0, 0
1440000, 107520, 1, 0, 0
1441000, 113777, 1, 0, 0
1442000, 107520, 1, 0, 0
1443000, 110702, 1, 0, 0
1444000, 113664, 1, 0, 0
1445000, 105577, 1, 0, 0
1446000, 110592, 1, 0, 0
1447000, 111727, 1, 0, 0
1448000, 106496, 1, 0, 0
1449000, 112752, 1, 0, 0
1450000, 110592, 1, 0, 0
1451000, 107627, 1, 0, 0
1452000, 114688, 1, 0, 0
1453000, 104552, 1, 0, 0
1454000, 110592, 1, 0, 0
1455000, 112752, 1, 0, 0
1456000, 105472, 1, 0, 0
1457000, 110702, 1, 0, 0
1458000, 110592, 1, 0, 0
1459000, 104552, 1, 0, 0
1460000, 114688, 1, 0, 0
1461000, 110702, 1, 0, 0
1462000, 109568, 1, 0, 0
1463001, 113664, 1, 0, 0
1464000, 106602, 1, 0, 0
1465000, 109568, 1, 0, 0
1466000, 112752, 1, 0, 0
1467000, 104448, 1, 0, 0
1468000, 112752, 1, 0, 0
1469000, 110702, 1, 0, 0
1470000, 104448, 1, 0, 0
1471000, 115827, 1, 0, 0
1472000, 106496, 1, 0, 0
1473000, 109677, 1, 0, 0
1474000, 116736, 1, 0, 0
1475000, 106496, 1, 0, 0
1476000, 110702, 1, 0, 0
1477000, 112640, 1, 0, 0
1478000, 105577, 1, 0, 0
1479000, 112640, 1, 0, 0
1480000, 109677, 1, 0, 0
1481000, 106602, 1, 0, 0
1482000, 112640, 1, 0, 0
1483000, 109677, 1, 0, 0
1484000, 107520, 1, 0, 0
1485000, 113777, 1, 0, 0
1486000, 105472, 1, 0, 0
1487000, 108652, 1, 0, 0
1488000, 110592, 1, 0, 0
1489000, 104552, 1, 0, 0
1490000, 111727, 1, 0, 0
1491000, 110592, 1, 0, 0
1492000, 105577, 1, 0, 0
1493000, 114688, 1, 0, 0
1494000, 107627, 1, 0, 0
1495000, 103424, 1, 0, 0
1496000, 115827, 1, 0, 0
1497000, 104552, 1, 0, 0
1498000, 106496, 1, 0, 0
1499000, 112752, 1, 0, 0
1500000, 105472, 1, 0, 0
1501000, 111727, 1, 0, 0
1502001, 112640, 1, 0, 0
1503000, 104552, 1, 0, 0
1504000, 115827, 1, 0, 0
1505000, 105472, 1, 0, 0
1506000, 106602, 1, 0, 0
1507000, 115712, 1, 0, 0
1508000, 102502, 1, 0, 0
1509000, 108652, 1, 0, 0
1510000, 113664, 1, 0, 0
1511000, 104552, 1, 0, 0
1512000, 113664, 1, 0, 0
1513000, 109677, 1, 0, 0
1514000, 103527, 1, 0, 0
1515000, 109568, 1, 0, 0
1516000, 109677, 1, 0, 0
1517000, 107520, 1, 0, 0
1518000, 109677, 1, 0, 0
1519000, 107520, 1, 0, 0
1520000, 106602, 1, 0, 0
1521000, 112752, 1, 0, 0
1522000, 105472, 1, 0, 0
1523000, 109677, 1, 0, 0
1524000, 108544, 1, 0, 0
1525000, 106602, 1, 0, 0
1526000, 109568, 1, 0, 0
1527000, 109677, 1, 0, 0
1528000, 106602, 1, 0, 0
1529000, 113664, 1, 0, 0
1530000, 107627, 1, 0, 0
1531000, 106496, 1, 0, 0
1532000, 111727, 1, 0, 0
1533000, 102400, 1, 0, 0
1534000, 108652, 1, 0, 0
1535000, 110702, 1, 0, 0
1536001, 104448, 1, 0, 0
1537000, 111727, 1, 0, 0
1538000, 108652, 1, 0, 0
1539000, 105472, 1, 0, 0
1540000, 113777, 1, 0, 0
1541000, 107520, 1, 0, 0
1542000, 107627, 1, 0, 0
1543000, 112640, 1, 0, 0
1544000, 105577, 1, 0, 0
1545000, 109568, 1, 0, 0
1546000, 109677, 1, 0, 0
1547000, 105577, 1, 0, 0
1548000, 109568, 1, 0, 0
1549000, 110702, 1, 0, 0
1550000, 104448, 1, 0, 0
1551000, 112752, 1, 0, 0
1552000, 107520, 1, 0, 0
1553000, 106602, 1, 0, 0
1554000, 112640, 1, 0, 0
1555000, 103527, 1, 0, 0
1556000, 108544, 1, 0, 0
1557000, 108652, 1, 0, 0
1558000, 107520, 1, 0, 0
1559000, 110702, 1, 0, 0
1560000, 109677, 1, 0, 0
1561000, 103424, 1, 0, 0
1562000, 112752, 1, 0, 0
1563000, 108544, 1, 0, 0
1564000, 107627, 1, 0, 0
1565000, 112752, 1, 0, 0
1566000, 106496, 1, 0, 0
1567000, 108652, 1, 0, 0
1568000, 110702, 1, 0, 0
1569000, 108544, 1, 0, 0
1570000, 111727, 1, 0, 0
1571000, 109568, 1, 0, 0
1572000, 106602, 1, 0, 0
1573000, 112752, 1, 0, 0
1574000, 106496, 1, 0, 0
1575000, 107627, 1, 0, 0
1576000, 112640, 1, 0, 0
1577000, 106602, 1, 0, 0
1578001, 109568, 1, 0, 0
1579000, 111727, 1, 0, 0
1580000, 104552, 1, 0, 0
1581000, 111616, 1, 0, 0
1582000, 110702, 1, 0, 0
1583000, 105472, 1, 0, 0
1584000, 112752, 1, 0, 0
1585001, 109568, 1, 0, 0
1586000, 107627, 1, 0, 0
1587000, 113777, 1, 0, 0
1588000, 107520, 1, 0, 0
1589000, 108652, 1, 0, 0
1590000, 111616, 1, 0, 0
1591000, 105577, 1, 0, 0
1592000, 110702, 1, 0, 0
1593000, 108544, 1, 0, 0
1594000, 105577, 1, 0, 0
1595000, 114688, 1, 0, 0
1596000, 108652, 1, 0, 0
1597000, 107520, 1, 0, 0
1598000, 112752, 1, 0, 0
1599000, 105577, 1, 0, 0
1600000, 109568, 1, 0, 0
1601000, 110702, 1, 0, 0
1602000, 104448, 1, 0, 0
1603000, 111727, 1, 0, 0
1604000, 110592, 1, 0, 0
1605000, 104552, 1, 0, 0
1606000, 114688, 1, 0, 0
1607000, 108652, 1, 0, 0
1608000, 107520, 1, 0, 0
1609000, 112752, 1, 0, 0
1610000, 105577, 1, 0, 0
1611000, 110592, 1, 0, 0
1612000, 109677, 1, 0, 0
1613000, 106496, 1, 0, 0
1614000, 110702, 1, 0, 0
1615000, 108544, 1, 0, 0
1616000, 104552, 1, 0, 0
1617000, 113664, 1, 0, 0
1618000, 105577, 1, 0, 0
1619000, 108544, 1, 0, 0
1620000, 112752, 1, 0, 0
1621000, 106496, 1, 0, 0
1622000, 109677, 1, 0, 0
1623000, 111616, 1, 0, 0
1624000, 105577, 1, 0, 0
1625000, 109568, 1, 0, 0
1626000, 109677, 1, 0, 0
1627000, 107520, 1, 0, 0
1628000, 110702, 1, 0, 0
1629000, 108544, 1, 0, 0
1630000, 108652, 1, 0, 0
1631000, 111616, 1, 0, 0
1632000, 104552, 1, 0, 0
1633000, 110592, 1, 0, 0
1634000, 109677, 1, 0, 0
1635000, 105472, 1, 0, 0
1636000, 112752, 1, 0, 0
1637000, 110592, 1, 0, 0
1638000, 104552, 1, 0, 0
1639000, 111616, 1, 0, 0
1640000, 106602, 1, 0, 0
1641000, 108544, 1, 0, 0
1642000, 110702, 1, 0, 0
1643000, 107520, 1, 0, 0
1644000, 105577, 1, 0, 0
1645000, 113664, 1, 0, 0
1646000, 106602, 1, 0, 0
1647000, 109568, 1, 0, 0
1648000, 109677, 1, 0, 0
1649000, 104448, 1, 0, 0
1650000, 113777, 1, 0, 0
1651000, 107520, 1, 0, 0
1652001, 105472, 1, 0, 0
1653000, 113777, 1, 0, 0
1654000, 107520, 1, 0, 0
1655000, 108652, 1, 0, 0
1656000, 111616, 1, 0, 0
1657000, 103527, 1, 0, 0
1658000, 108544, 1, 0, 0
1659000, 111727, 1, 0, 0
1660000, 104448, 1, 0, 0
1661000, 111727, 1, 0, 0
1662000, 108544, 1, 0, 0
1663000, 105472, 1, 0, 0
1664000, 114802, 1, 0, 0
1665001, 107520, 1, 0, 0
1666000, 107627, 1, 0, 0
1667001, 112640, 1, 0, 0
1668000, 105577, 1, 0, 0
1669000, 109677, 1, 0, 0
1670000, 110592, 1, 0, 0
1671000, 106602, 1, 0, 0
1672000, 109568, 1, 0, 0
1673000, 109677, 1, 0, 0
1674000, 104448, 1, 0, 0
1675000, 113777, 1, 0, 0
1676000, 107520, 1, 0, 0
1677000, 105577, 1, 0, 0
1678000, 114688, 1, 0, 0
1679000, 106602, 1, 0, 0
1680000, 105472, 1, 0, 0
1681000, 113777, 1, 0, 0
1682000, 106602, 1, 0, 0
1683000, 111616, 1, 0, 0
1684000, 110702, 1, 0, 0
1685000, 105472, 1, 0, 0
1686000, 107627, 1, 0, 0
1687000, 106496, 1, 0, 0
1688000, 104552, 1, 0, 0
1689000, 106496, 1, 0, 0
1690000, 105577, 1, 0, 0
1691000, 105472, 1, 0, 0
1692000, 107627, 1, 0, 0
1693000, 104448, 1, 0, 0
1694000, 105577, 1, 0, 0
1695000, 104448, 1, 0, 0
1696000, 105577, 1, 0, 0
1697000, 107520, 1, 0, 0
1698000, 105577, 1, 0, 0
1699000, 105472, 1, 0, 0
1700000, 107520, 1, 0, 0
1701000, 105577, 1, 0, 0
1702000, 103424, 1, 0, 0
1703000, 107627, 1, 0, 0
1704000, 103424, 1, 0, 0
1705000, 106602, 1, 0, 0
1706000, 106496, 1, 0, 0
1707000, 105577, 1, 0, 0
1708000, 106496, 1, 0, 0
1709000, 106602, 1, 0, 0
1710001, 105472, 1, 0, 0
1711000, 106602, 1, 0, 0
1712000, 103527, 1, 0, 0
1713000, 107520, 1, 0, 0
1714000, 106496, 1, 0, 0
1715000, 103527, 1, 0, 0
1716000, 105472, 1, 0, 0
1717000, 106602, 1, 0, 0
1718000, 103424, 1, 0, 0
1719000, 104552, 1, 0, 0
1720000, 105472, 1, 0, 0
1721000, 105577, 1, 0, 0
1722000, 106496, 1, 0, 0
1723000, 104552, 1, 0, 0
1724000, 105472, 1, 0, 0
1725000, 106602, 1, 0, 0
1726000, 105472, 1, 0, 0
1727000, 106602, 1, 0, 0
1728000, 107520, 1, 0, 0
1729000, 106602, 1, 0, 0
1730000, 105472, 1, 0, 0
1731000, 105577, 1, 0, 0
1732000, 105472, 1, 0, 0
1733000, 105577, 1, 0, 0
1734000, 105472, 1, 0, 0
1735000, 105577, 1, 0, 0
1736000, 107520, 1, 0, 0
1737000, 104552, 1, 0, 0
1738000, 106496, 1, 0, 0
1739000, 104552, 1, 0, 0
1740000, 106496, 1, 0, 0
1741000, 106602, 1, 0, 0
1742000, 106496, 1, 0, 0
1743000, 104552, 1, 0, 0
1744000, 107520, 1, 0, 0
1745000, 103527, 1, 0, 0
1746000, 106496, 1, 0, 0
1747001, 106496, 1, 0, 0
1748000, 103527, 1, 0, 0
1749000, 104552, 1, 0, 0
1750000, 106496, 1, 0, 0
1751000, 103424, 1, 0, 0
1752000, 104552, 1, 0, 0
1753000, 106496, 1, 0, 0
1754000, 103527, 1, 0, 0
1755000, 104552, 1, 0, 0
1756000, 106496, 1, 0, 0
1757000, 102502, 1, 0, 0
1758000, 105472, 1, 0, 0
1759000, 104552, 1, 0, 0
1760000, 106496, 1, 0, 0
1761000, 106602, 1, 0, 0
1762000, 103424, 1, 0, 0
1763000, 105577, 1, 0, 0
1764000, 107520, 1, 0, 0
1765000, 105577, 1, 0, 0
1766000, 105472, 1, 0, 0
1767000, 106496, 1, 0, 0
1768000, 99427, 1, 0, 0
1769001, 104448, 1, 0, 0
1770000, 103527, 1, 0, 0
1771000, 101376, 1, 0, 0
1772000, 107627, 1, 0, 0
1773000, 101376, 1, 0, 0
1774000, 98402, 1, 0, 0
1775000, 104448, 1, 0, 0
1776000, 100452, 1, 0, 0
1777000, 102400, 1, 0, 0
1778000, 106602, 1, 0, 0
1779000, 101376, 1, 0, 0
1780000, 102502, 1, 0, 0
1781000, 105472, 1, 0, 0
1782000, 99427, 1, 0, 0
1783000, 105472, 1, 0, 0
1784000, 104552, 1, 0, 0
1785000, 101376, 1, 0, 0
1786000, 106602, 1, 0, 0
1787000, 101376, 1, 0, 0
1788001, 102400, 1, 0, 0
1789000, 105577, 1, 0, 0
1790000, 98304, 1, 0, 0
1791000, 102502, 1, 0, 0
1792000, 105472, 1, 0, 0
1793000, 101477, 1, 0, 0
1794000, 104448, 1, 0, 0
1795000, 104552, 1, 0, 0
1796000, 101376, 1, 0, 0
1797000, 105577, 1, 0, 0
1798000, 104448, 1, 0, 0
1799001, 99328, 1, 0, 0
1800000, 107627, 1, 0, 0
1801000, 103424, 1, 0, 0
1802000, 103527, 1, 0, 0
1803000, 104448, 1, 0, 0
1804000, 101477, 1, 0, 0
1805000, 103424, 1, 0, 0
1806000, 104448, 1, 0, 0
1807000, 100452, 1, 0, 0
1808000, 103424, 1, 0, 0
1809000, 105577, 1, 0, 0
1810000, 101376, 1, 0, 0
1811000, 106602, 1, 0, 0
1812000, 103424, 1, 0, 0
1813000, 102502, 1, 0, 0
1814000, 106496, 1, 0, 0
1815000, 102400, 1, 0, 0
1816000, 102502, 1, 0, 0
1817000, 105472, 1, 0, 0
1818000, 99427, 1, 0, 0
1819000, 103424, 1, 0, 0
1820000, 106602, 1, 0, 0
1821000, 102400, 1, 0, 0
1822000, 105577, 1, 0, 0
1823000, 103424, 1, 0, 0
1824000, 98402, 1, 0, 0
1825000, 104448, 1, 0, 0
1826000, 102502, 1, 0, 0
1827000, 102400, 1, 0, 0
1828001, 104448, 1, 0, 0
1829000, 103527, 1, 0, 0
1830000, 101376, 1, 0, 0
1831000, 107627, 1, 0, 0
1832000, 100352, 1, 0, 0
1833000, 104552, 1, 0, 0
1834000, 104448, 1, 0, 0
1835000, 101477, 1, 0, 0
1836000, 104448, 1, 0, 0
1837000, 105577, 1, 0, 0
1838000, 101376, 1, 0, 0
1839000, 105577, 1, 0, 0
1840000, 104448, 1, 0, 0
1841000, 102400, 1, 0, 0
1842000, 107627, 1, 0, 0
1843000, 102400, 1, 0, 0
1844000, 104552, 1, 0, 0
1845000, 107520, 1, 0, 0
1846000, 101477, 1, 0, 0
1847000, 105472, 1, 0, 0
1848000, 106602, 1, 0, 0
1849000, 103424, 1, 0, 0
1850000, 103527, 1, 0, 0
1851000, 104448, 1, 0, 0
1852001, 102400, 1, 0, 0
1853000, 106602, 1, 0, 0
1854000, 101477, 1, 0, 0
1855000, 102400, 1, 0, 0
1856000, 107627, 1, 0, 0
1857000, 103424, 1, 0, 0
1858001, 102400, 1, 0, 0
1859000, 105577, 1, 0, 0
1860000, 101376, 1, 0, 0
1861000, 103527, 1, 0, 0
1862000, 104448, 1, 0, 0
1863000, 102502, 1, 0, 0
1864000, 106496, 1, 0, 0
1865000, 104552, 1, 0, 0
1866000, 102400, 1, 0, 0
1867000, 108652, 1, 0, 0
1868000, 101376, 1, 0, 0
1869000, 102502, 1, 0, 0
1870000, 105472, 1, 0, 0
1871000, 101477, 1, 0, 0
1872000, 103424, 1, 0, 0
1873000, 107627, 1, 0, 0
1874000, 103424, 1, 0, 0
1875000, 105577, 1, 0, 0
1876000, 104448, 1, 0, 0
1877000, 100452, 1, 0, 0
1878000, 106496, 1, 0, 0
1879000, 103527, 1, 0, 0
1880000, 102400, 1, 0, 0
1881000, 105577, 1, 0, 0
1882000, 101376, 1, 0, 0
1883000, 102502, 1, 0, 0
1884000, 107520, 1, 0, 0
1885000, 101477, 1, 0, 0
1886000, 104448, 1, 0, 0
1887000, 103527, 1, 0, 0
1888000, 102400, 1, 0, 0
1889000, 106602, 1, 0, 0
1890000, 104448, 1, 0, 0
1891000, 101477, 1, 0, 0
1892000, 106496, 1, 0, 0
1893000, 101477, 1, 0, 0
1894000, 102400, 1, 0, 0
1895000, 108652, 1, 0, 0
1896000, 102400, 1, 0, 0
1897000, 102502, 1, 0, 0
1898000, 105472, 1, 0, 0
1899000, 102502, 1, 0, 0
1900000, 106496, 1, 0, 0
1901000, 105577, 1, 0, 0
1902000, 102400, 1, 0, 0
1903000, 107627, 1, 0, 0
1904000, 104448, 1, 0, 0
1905001, 101376, 1, 0, 0
1906000, 105577, 1, 0, 0
1907000, 100352, 1, 0, 0
1908000, 104552, 1, 0, 0
1909001, 107520, 1, 0, 0
1910000, 103527, 1, 0, 0
1911000, 104552, 1, 0, 0
1912000, 106496, 1, 0, 0
1913001, 102400, 1, 0, 0
1914000, 104552, 1, 0, 0
1915000, 104448, 1, 0, 0
1916001, 101376, 1, 0, 0
1917000, 107627, 1, 0, 0
1918000, 101376, 1, 0, 0
1919000, 103527, 1, 0, 0
1920000, 107520, 1, 0, 0
1921000, 102502, 1, 0, 0
1922000, 103424, 1, 0, 0
1923000, 106602, 1, 0, 0
1924000, 101477, 1, 0, 0
1925000, 105472, 1, 0, 0
1926000, 104552, 1, 0, 0
1927000, 101376, 1, 0, 0
1928000, 106496, 1, 0, 0
1929000, 104552, 1, 0, 0
1930000, 102400, 1, 0, 0
1931000, 106602, 1, 0, 0
1932000, 101376, 1, 0, 0
1933000, 101477, 1, 0, 0
1934000, 107520, 1, 0, 0
1935000, 101477, 1, 0, 0
1936000, 103424, 1, 0, 0
1937000, 107520, 1, 0, 0
1938000, 100452, 1, 0, 0
1939000, 105472, 1, 0, 0
1940000, 104552, 1, 0, 0
1941000, 101376, 1, 0, 0
1942000, 105577, 1, 0, 0
1943000, 105472, 1, 0, 0
1944000, 100452, 1, 0, 0
1945000, 104448, 1, 0, 0
1946000, 103527, 1, 0, 0
1947000, 100352, 1, 0, 0
1948000, 107627, 1, 0, 0
1949000, 102400, 1, 0, 0
1950000, 102502, 1, 0, 0
1951000, 105472, 1, 0, 0
1952001, 101376, 1, 0, 0
1953000, 103527, 1, 0, 0
1954001, 106496, 1, 0, 0
1955000, 99427, 1, 0, 0
1956000, 106496, 1, 0, 0
1957000, 102502, 1, 0, 0
1958000, 102400, 1, 0, 0
1959000, 107627, 1, 0, 0
1960000, 102400, 1, 0, 0
1961000, 103527, 1, 0, 0
1962000, 102400, 1, 0, 0
1963000, 100452, 1, 0, 0
1964000, 102400, 1, 0, 0
1965000, 107627, 1, 0, 0
1966000, 100352, 1, 0, 0
1967000, 102502, 1, 0, 0
1968000, 105472, 1, 0, 0
1969000, 102502, 1, 0, 0
1970000, 106496, 1, 0, 0
1971000, 103527, 1, 0, 0
1972000, 100352, 1, 0, 0
1973000, 108652, 1, 0, 0
1974000, 102400, 1, 0, 0
1975000, 103527, 1, 0, 0
1976000, 107520, 1, 0, 0
1977000, 101477, 1, 0, 0
1978000, 103424, 1, 0, 0
1979000, 105577, 1, 0, 0
1980000, 102400, 1, 0, 0
1981000, 105577, 1, 0, 0
1982000, 103424, 1, 0, 0
1983000, 99427, 1, 0, 0
1984000, 106496, 1, 0, 0
1985000, 103527, 1, 0, 0
1986000, 100352, 1, 0, 0
1987000, 105577, 1, 0, 0
1988000, 102400, 1, 0, 0
1989000, 104552, 1, 0, 0
1990000, 105472, 1, 0, 0
1991000, 100452, 1, 0, 0
1992000, 102400, 1, 0, 0
1993000, 106496, 1, 0, 0
1994000, 101477, 1, 0, 0
1995000, 105472, 1, 0, 0
1996000, 104552, 1, 0, 0
1997000, 101376, 1, 0, 0
1998000, 105577, 1, 0, 0
1999000, 105472, 1, 0, 0
2000000, 102502, 1, 0, 0
2001000, 106496, 1, 0, 0
2002000, 103527, 1, 0, 0
2003000, 101376, 1, 0, 0
2004000, 107627, 1, 0, 0
2005000, 100352, 1, 0, 0
2006000, 102502, 1, 0, 0
2007000, 106496, 1, 0, 0
2008000, 101477, 1, 0, 0
2009000, 105472, 1, 0, 0
2010000, 103527, 1, 0, 0
2011000, 101376, 1, 0, 0
2012000, 106602, 1, 0, 0
2013000, 101376, 1, 0, 0
2014000, 101376, 1, 0, 0
2015000, 106602, 1, 0, 0
2016000, 101376, 1, 0, 0
2017000, 100452, 1, 0, 0
2018000, 105472, 1, 0, 0
2019000, 100452, 1, 0, 0
2020000, 103424, 1, 0, 0
2021000, 105577, 1, 0, 0
2022000, 100352, 1, 0, 0
2023000, 106602, 1, 0, 0
2024000, 101376, 1, 0, 0
2025000, 102400, 1, 0, 0
2026000, 105577, 1, 0, 0
2027000, 103424, 1, 0, 0
2028000, 99427, 1, 0, 0
2029000, 103424, 1, 0, 0
2030000, 102502, 1, 0, 0
2031000, 99328, 1, 0, 0
2032000, 107627, 1, 0, 0
2033000, 99328, 1, 0, 0
2034000, 101477, 1, 0, 0
2035000, 107520, 1, 0, 0
2036000, 99427, 1, 0, 0
2037000, 102400, 1, 0, 0
2038000, 102502, 1, 0, 0
2039000, 98304, 1, 0, 0
2040000, 103527, 1, 0, 0
2041000, 105472, 1, 0, 0
2042000, 100452, 1, 0, 0
2043000, 106496, 1, 0, 0
2044000, 100452, 1, 0, 0
2045000, 102400, 1, 0, 0
2046001, 106496, 1, 0, 0
2047000, 99427, 1, 0, 0
2048000, 100352, 1, 0, 0
2049000, 103527, 1, 0, 0
2050000, 100352, 1, 0, 0
2051000, 103527, 1, 0, 0
2052000, 107520, 1, 0, 0
2053000, 101477, 1, 0, 0
2054000, 102400, 1, 0, 0
2055000, 105577, 1, 0, 0
2056000, 100352, 1, 0, 0
2057000, 106496, 1, 0, 0
2058000, 104552, 1, 0, 0
2059000, 100352, 1, 0, 0
2060000, 107627, 1, 0, 0
2061000, 103424, 1, 0, 0
2062000, 101477, 1, 0, 0
2063000, 105472, 1, 0, 0
2064000, 103527, 1, 0, 0
2065000, 102400, 1, 0, 0
2066000, 106602, 1, 0, 0
2067000, 101376, 1, 0, 0
2068000, 104552, 1, 0, 0
2069000, 105472, 1, 0, 0
2070000, 100452, 1, 0, 0
2071000, 105472, 1, 0, 0
2072000, 103527, 1, 0, 0
2073000, 99328, 1, 0, 0
2074000, 104552, 1, 0, 0
2075000, 104448, 1, 0, 0
2076000, 101477, 1, 0, 0
2077000, 106496, 1, 0, 0
2078000, 103527, 1, 0, 0
2079000, 104448, 1, 0, 0
2080000, 106602, 1, 0, 0
2081000, 101376, 1, 0, 0
2082001, 103424, 1, 0, 0
2083000, 106602, 1, 0, 0
2084000, 100352, 1, 0, 0
2085000, 104552, 1, 0, 0
2086000, 102400, 1, 0, 0
2087000, 101477, 1, 0, 0
2088000, 105472, 1, 0, 0
2089000, 103527, 1, 0, 0
2090000, 101376, 1, 0, 0
2091000, 106602, 1, 0, 0
2092000, 103424, 1, 0, 0
2093000, 103527, 1, 0, 0
2094000, 105472, 1, 0, 0
2095000, 101376, 1, 0, 0
2096000, 103527, 1, 0, 0
2097000, 106496, 1, 0, 0
2098000, 101477, 1, 0, 0
2099000, 105472, 1, 0, 0
2100000, 101477, 1, 0, 0
2101000, 102400, 1, 0, 0
2102000, 107627, 1, 0, 0
2103000, 103424, 1, 0, 0
2104000, 101477, 1, 0, 0
2105000, 108544, 1, 0, 0
2106000, 100452, 1, 0, 0
2107000, 101376, 1, 0, 0
2108000, 107520, 1, 0, 0
2109000, 101477, 1, 0, 0
2110000, 103424, 1, 0, 0
2111000, 105577, 1, 0, 0
2112000, 102400, 1, 0, 0
2113000, 105577, 1, 0, 0
2114000, 103424, 1, 0, 0
2115000, 102502, 1, 0, 0
2116000, 107520, 1, 0, 0
2117000, 104552, 1, 0, 0
2118000, 101376, 1, 0, 0
2119000, 106602, 1, 0, 0
2120000, 99328, 1, 0, 0
2121000, 104448, 1, 0, 0
2122000, 107627, 1, 0, 0
2123000, 98304, 1, 0, 0
2124000, 102502, 1, 0, 0
2125000, 103424, 1, 0, 0
2126000, 98402, 1, 0, 0
2127000, 105472, 1, 0, 0
2128000, 105577, 1, 0, 0
2129000, 99328, 1, 0, 0
2130000, 103527, 1, 0, 0
2131000, 103424, 1, 0, 0
2132000, 101477, 1, 0, 0
2133000, 104448, 1, 0, 0
2134000, 101477, 1, 0, 0
2135000, 100352, 1, 0, 0
2136000, 106496, 1, 0, 0
2137000, 99427, 1, 0, 0
2138000, 103424, 1, 0, 0
2139000, 105577, 1, 0, 0
2140000, 99328, 1, 0, 0
2141000, 104552, 1, 0, 0
2142000, 103424, 1, 0, 0
2143000, 100452, 1, 0, 0
2144000, 105472, 1, 0, 0
2145000, 104552, 1, 0, 0
2146000, 98304, 1, 0, 0
2147000, 106602, 1, 0, 0
2148000, 102400, 1, 0, 0
2149000, 101477, 1, 0, 0
2150000, 107520, 1, 0, 0
2151000, 96352, 1, 0, 0
2152000, 101477, 1, 0, 0
2153000, 106496, 1, 0, 0
2154000, 98402, 1, 0, 0
2155000, 101376, 1, 0, 0
2156000, 104552, 1, 0, 0
2157000, 99328, 1, 0, 0
2158001, 102400, 1, 0, 0
2159000, 104552, 1, 0, 0
2160000, 98402, 1, 0, 0
2161000, 105472, 1, 0, 0
2162000, 102502, 1, 0, 0
2163000, 100352, 1, 0, 0
2164000, 105577, 1, 0, 0
2165000, 102400, 1, 0, 0
2166000, 101376, 1, 0, 0
2167000, 107627, 1, 0, 0
2168000, 98304, 1, 0, 0
2169000, 100452, 1, 0, 0
2170000, 107520, 1, 0, 0
2171000, 97377, 1, 0, 0
2172000, 103424, 1, 0, 0
2173000, 102502, 1, 0, 0
2174000, 96256, 1, 0, 0
2175000, 106602, 1, 0, 0
2176000, 105472, 1, 0, 0
2177000, 100352, 1, 0, 0
2178000, 105577, 1, 0, 0
2179001, 102400, 1, 0, 0
2180000, 100452, 1, 0, 0
2181000, 107520, 1, 0, 0
2182000, 102502, 1, 0, 0
2183000, 99328, 1, 0, 0
2184000, 107627, 1, 0, 0
2185000, 97280, 1, 0, 0
2186000, 101477, 1, 0, 0
2187000, 104448, 1, 0, 0
2188000, 98402, 1, 0, 0
2189000, 104448, 1, 0, 0
2190000, 103527, 1, 0, 0
2191000, 98304, 1, 0, 0
2192000, 105577, 1, 0, 0
2193000, 103424, 1, 0, 0
2194000, 100452, 1, 0, 0
2195000, 107520, 1, 0, 0
2196000, 102400, 1, 0, 0
2197000, 100452, 1, 0, 0
2198000, 107520, 1, 0, 0
2199000, 100452, 1, 0, 0
2200000, 103424, 1, 0, 0
2201000, 107627, 1, 0, 0
2202000, 99328, 1, 0, 0
2203000, 105577, 1, 0, 0
2204000, 103424, 1, 0, 0
2205000, 100352, 1, 0, 0
2206000, 104552, 1, 0, 0
2207001, 101376, 1, 0, 0
2208000, 99427, 1, 0, 0
2209000, 106602, 1, 0, 0
2210000, 102400, 1, 0, 0
2211000, 100452, 1, 0, 0
2212000, 105472, 1, 0, 0
2213000, 99427, 1, 0, 0
2214000, 102400, 1, 0, 0
2215000, 106602, 1, 0, 0
2216000, 99328, 1, 0, 0
2217000, 103424, 1, 0, 0
2218000, 105577, 1, 0, 0
2219000, 97280, 1, 0, 0
2220000, 104552, 1, 0, 0
2221000, 101376, 1, 0, 0
2222000, 97377, 1, 0, 0
2223000, 105472, 1, 0, 0
2224000, 101477, 1, 0, 0
2225000, 100352, 1, 0, 0
2226000, 105472, 1, 0, 0
2227000, 102502, 1, 0, 0
2228000, 100352, 1, 0, 0
2229000, 107627, 1, 0, 0
2230000, 99328, 1, 0, 0
2231000, 102502, 1, 0, 0
2232000, 105472, 1, 0, 0
2233000, 98402, 1, 0, 0
2234000, 104448, 1, 0, 0
2235000, 105577, 1, 0, 0
2236000, 98304, 1, 0, 0
2237000, 104448, 1, 0, 0
2238000, 103527, 1, 0, 0
2239000, 99328, 1, 0, 0
2240000, 106602, 1, 0, 0
2241000, 102400, 1, 0, 0
2242000, 102502, 1, 0, 0
2243000, 106496, 1, 0, 0
2244001, 100352, 1, 0, 0
2245000, 102502, 1, 0, 0
2246000, 107520, 1, 0, 0
2247000, 98402, 1, 0, 0
2248000, 103424, 1, 0, 0
2249000, 102502, 1, 0, 0
2250000, 99328, 1, 0, 0
2251000, 102502, 1, 0, 0
2252000, 102400, 1, 0, 0
2253000, 99427, 1, 0, 0
2254000, 105472, 1, 0, 0
2255000, 103424, 1, 0, 0
2256000, 99427, 1, 0, 0
2257000, 105472, 1, 0, 0
2258000, 100452, 1, 0, 0
2259000, 98304, 1, 0, 0
2260000, 106602, 1, 0, 0
2261000, 102400, 1, 0, 0
2262000, 101477, 1, 0, 0
2263000, 107520, 1, 0, 0
2264000, 100352, 1, 0, 0
2265000, 104552, 1, 0, 0
2266000, 104448, 1, 0, 0
2267000, 98402, 1, 0, 0
2268000, 106496, 1, 0, 0
2269000, 104552, 1, 0, 0
2270000, 101376, 1, 0, 0
2271000, 107627, 1, 0, 0
2272000, 103424, 1, 0, 0
2273000, 100452, 1, 0, 0
2274000, 105472, 1, 0, 0
2275000, 101376, 1, 0, 0
2276000, 102502, 1, 0, 0
2277000, 104448, 1, 0, 0
2278000, 95327, 1, 0, 0
2279000, 102400, 1, 0, 0
2280000, 105577, 1, 0, 0
2281000, 98304, 1, 0, 0
2282000, 104448, 1, 0, 0
2283000, 101477, 1, 0, 0
2284000, 97280, 1, 0, 0
2285000, 106602, 1, 0, 0
2286000, 101376, 1, 0, 0
2287000, 96352, 1, 0, 0
2288000, 104448, 1, 0, 0
2289001, 100352, 1, 0, 0
2290000, 96352, 1, 0, 0
2291000, 106496, 1, 0, 0
2292000, 99427, 1, 0, 0
2293000, 95232, 1, 0, 0
2294000, 106602, 1, 0, 0
2295000, 96256, 1, 0, 0
2296000, 102502, 1, 0, 0
2297000, 103424, 1, 0, 0
2298000, 97377, 1, 0, 0
2299000, 101376, 1, 0, 0
2300000, 98402, 1, 0, 0
2301000, 97280, 1, 0, 0
2302000, 99427, 1, 0, 0
2303000, 98304, 1, 0, 0
2304000, 94302, 1, 0, 0
2305000, 103424, 1, 0, 0
2306000, 100452, 1, 0, 0
2307000, 96256, 1, 0, 0
2308000, 103424, 1, 0, 0
2309000, 95327, 1, 0, 0
2310000, 100352, 1, 0, 0
2311000, 102502, 1, 0, 0
2312000, 97280, 1, 0, 0
2313000, 99427, 1, 0, 0
2314000, 101376, 1, 0, 0
2315000, 98402, 1, 0, 0
2316000, 100352, 1, 0, 0
2317000, 101477, 1, 0, 0
2318000, 96256, 1, 0, 0
2319000, 99427, 1, 0, 0
2320000, 101376, 1, 0, 0
2321000, 97377, 1, 0, 0
2322000, 100352, 1, 0, 0
2323000, 100352, 1, 0, 0
2324000, 96352, 1, 0, 0
2325000, 104448, 1, 0, 0
2326000, 95327, 1, 0, 0
2327000, 98304, 1, 0, 0
2328000, 101477, 1, 0, 0
2329000, 96256, 1, 0, 0
2330000, 98402, 1, 0, 0
2331000, 102400, 1, 0, 0
2332000, 95327, 1, 0, 0
2333000, 98304, 1, 0, 0
2334000, 101477, 1, 0, 0
2335000, 98304, 1, 0, 0
2336000, 100452, 1, 0, 0
2337000, 100352, 1, 0, 0
2338000, 97377, 1, 0, 0
2339000, 102400, 1, 0, 0
2340000, 99427, 1, 0, 0
2341000, 98304, 1, 0, 0
2342000, 102502, 1, 0, 0
2343000, 95232, 1, 0, 0
2344000, 97377, 1, 0, 0
2345000, 102400, 1, 0, 0
2346000, 96352, 1, 0, 0
2347000, 99328, 1, 0, 0
2348000, 102502, 1, 0, 0
2349000, 96256, 1, 0, 0
2350001, 102400, 1, 0, 0
2351000, 100452, 1, 0, 0
2352000, 98304, 1, 0, 0
2353000, 100452, 1, 0, 0
2354000, 98304, 1, 0, 0
2355000, 96352, 1, 0, 0
2356000, 100352, 1, 0, 0
2357000, 99427, 1, 0, 0
2358000, 99328, 1, 0, 0
2359000, 102400, 1, 0, 0
2360000, 99427, 1, 0, 0
2361000, 98304, 1, 0, 0
2362000, 100452, 1, 0, 0
2363000, 99328, 1, 0, 0
2364000, 100352, 1, 0, 0
2365000, 103527, 1, 0, 0
2366000, 98304, 1, 0, 0
2367000, 100452, 1, 0, 0
2368000, 102400, 1, 0, 0
2369000, 96352, 1, 0, 0
2370000, 101376, 1, 0, 0
2371000, 101477, 1, 0, 0
2372000, 96256, 1, 0, 0
2373001, 102400, 1, 0, 0
2374000, 99427, 1, 0, 0
2375000, 98304, 1, 0, 0
2376000, 102502, 1, 0, 0
2377000, 99328, 1, 0, 0
2378000, 99427, 1, 0, 0
2379000, 101376, 1, 0, 0
2380000, 95327, 1, 0, 0
2381000, 102400, 1, 0, 0
2382000, 101477, 1, 0, 0
2383000, 96256, 1, 0, 0
2384000, 100452, 1, 0, 0
2385000, 100352, 1, 0, 0
2386000, 96352, 1, 0, 0
2387000, 102400, 1, 0, 0
2388000, 98304, 1, 0, 0
2389000, 97377, 1, 0, 0
2390000, 102400, 1, 0, 0
2391000, 95327, 1, 0, 0
2392000, 99328, 1, 0, 0
2393000, 103527, 1, 0, 0
2394000, 99328, 1, 0, 0
2395000, 99427, 1, 0, 0
2396000, 103424, 1, 0, 0
2397000, 98402, 1, 0, 0
2398000, 100352, 1, 0, 0
2399000, 99328, 1, 0, 0
2400000, 96352, 1, 0, 0
2401000, 98304, 1, 0, 0
2402000, 100452, 1, 0, 0
2403000, 96256, 1, 0, 0
2404000, 102502, 1, 0, 0
2405000, 100352, 1, 0, 0
2406000, 95232, 1, 0, 0
2407000, 101477, 1, 0, 0
2408000, 100352, 1, 0, 0
2409000, 95327, 1, 0, 0
2410000, 103424, 1, 0, 0
2411000, 95327, 1, 0, 0
2412000, 99328, 1, 0, 0
2413000, 103527, 1, 0, 0
2414000, 97280, 1, 0, 0
2415000, 101376, 1, 0, 0
2416000, 101477, 1, 0, 0
2417000, 96256, 1, 0, 0
2418000, 101477, 1, 0, 0
2419000, 98304, 1, 0, 0
2420000, 95327, 1, 0, 0
2421000, 100352, 1, 0, 0
2422000, 102400, 1, 0, 0
2423000, 96352, 1, 0, 0
2424000, 102400, 1, 0, 0
2425000, 99427, 1, 0, 0
2426000, 95232, 1, 0, 0
2427000, 101376, 1, 0, 0
2428000, 96352, 1, 0, 0
2429000, 98304, 1, 0, 0
2430000, 102502, 1, 0, 0
2431000, 99328, 1, 0, 0
2432000, 100352, 1, 0, 0
2433000, 99427, 1, 0, 0
2434000, 95232, 1, 0, 0
2435000, 99427, 1, 0, 0
2436000, 103424, 1, 0, 0
2437000, 97377, 1, 0, 0
2438000, 101376, 1, 0, 0
2439000, 97377, 1, 0, 0
2440000, 97280, 1, 0, 0
2441000, 102502, 1, 0, 0
2442000, 100352, 1, 0, 0
2443000, 96352, 1, 0, 0
2444000, 102400, 1, 0, 0
2445000, 99328, 1, 0, 0
2446000, 98402, 1, 0, 0
2447000, 103424, 1, 0, 0
2448000, 99427, 1, 0, 0
2449000, 96256, 1, 0, 0
2450000, 101477, 1, 0, 0
2451000, 97280, 1, 0, 0
2452000, 98402, 1, 0, 0
2453000, 99328, 1, 0, 0
2454000, 94302, 1, 0, 0
2455000, 99328, 1, 0, 0
2456000, 98304, 1, 0, 0
2457000, 98402, 1, 0, 0
2458000, 101376, 1, 0, 0
2459000, 99427, 1, 0, 0
2460000, 96256, 1, 0, 0
2461000, 101477, 1, 0, 0
2462000, 99328, 1, 0, 0
2463001, 98304, 1, 0, 0
2464000, 100452, 1, 0, 0
2465000, 95232, 1, 0, 0
2466000, 97377, 1, 0, 0
2467000, 101376, 1, 0, 0
2468000, 99427, 1, 0, 0
2469000, 97280, 1, 0, 0
2470000, 101477, 1, 0, 0
2471000, 99328, 1, 0, 0
2472000, 97280, 1, 0, 0
2473000, 103527, 1, 0, 0
2474000, 97280, 1, 0, 0
2475000, 99427, 1, 0, 0
2476000, 100352, 1, 0, 0
2477000, 97377, 1, 0, 0
2478000, 100352, 1, 0, 0
2479000, 100352, 1, 0, 0
2480000, 97377, 1, 0, 0
2481000, 102400, 1, 0, 0
2482000, 100452, 1, 0, 0
2483000, 98304, 1, 0, 0
2484000, 103527, 1, 0, 0
2485000, 97280, 1, 0, 0
2486000, 98304, 1, 0, 0
2487000, 102502, 1, 0, 0
2488000, 97280, 1, 0, 0
2489000, 97377, 1, 0, 0
2490000, 103424, 1, 0, 0
2491000, 96352, 1, 0, 0
2492000, 99328, 1, 0, 0
2493001, 100352, 1, 0, 0
2494000, 96352, 1, 0, 0
2495000, 102400, 1, 0, 0
2496000, 99427, 1, 0, 0
2497000, 97280, 1, 0, 0
2498000, 102502, 1, 0, 0
2499000, 100352, 1, 0, 0
2500000, 97280, 1, 0, 0
2501000, 103527, 1, 0, 0
2502000, 97280, 1, 0, 0
2503000, 97377, 1, 0, 0
2504000, 101376, 1, 0, 0
2505000, 98402, 1, 0, 0
2506000, 101376, 1, 0, 0
2507000, 103424, 1, 0, 0
2508000, 97377, 1, 0, 0
2509000, 99328, 1, 0, 0
2510000, 98402, 1, 0, 0
2511000, 96256, 1, 0, 0
2512000, 101477, 1, 0, 0
2513000, 97280, 1, 0, 0
2514000, 96256, 1, 0, 0
2515000, 102502, 1, 0, 0
2516000, 100352, 1, 0, 0
2517000, 96352, 1, 0, 0
2518000, 102400, 1, 0, 0
2519001, 98304, 1, 0, 0
2520000, 99427, 1, 0, 0
2521000, 102400, 1, 0, 0
2522000, 99427, 1, 0, 0
2523000, 99328, 1, 0, 0
2524000, 101477, 1, 0, 0
2525000, 96256, 1, 0, 0
2526000, 101376, 1, 0, 0
2527000, 100452, 1, 0, 0
2528000, 98304, 1, 0, 0
2529000, 100452, 1, 0, 0
2530000, 101376, 1, 0, 0
2531000, 97377, 1, 0, 0
2532000, 99328, 1, 0, 0
2533000, 99427, 1, 0, 0
2534000, 96256, 1, 0, 0
2535000, 101477, 1, 0, 0
2536000, 101376, 1, 0, 0
2537000, 96256, 1, 0, 0
2538000, 101477, 1, 0, 0
2539000, 96256, 1, 0, 0
2540000, 98402, 1, 0, 0
2541000, 102400, 1, 0, 0
2542000, 97377, 1, 0, 0
2543000, 97280, 1, 0, 0
2544000, 100452, 1, 0, 0
2545000, 95232, 1, 0, 0
2546000, 101376, 1, 0, 0
2547000, 99427, 1, 0, 0
2548000, 97280, 1, 0, 0
2549000, 101477, 1, 0, 0
2550000, 96256, 1, 0, 0
2551000, 96352, 1, 0, 0
2552000, 101376, 1, 0, 0
2553000, 98402, 1, 0, 0
2554000, 99328, 1, 0, 0
2555000, 100452, 1, 0, 0
2556000, 94208, 1, 0, 0
2557000, 99328, 1, 0, 0
2558000, 100452, 1, 0, 0
2559000, 94208, 1, 0, 0
2560000, 98402, 1, 0, 0
2561000, 99328, 1, 0, 0
2562000, 98304, 1, 0, 0
2563000, 96352, 1, 0, 0
2564000, 98304, 1, 0, 0
2565000, 97377, 1, 0, 0
2566000, 101376, 1, 0, 0
2567000, 100452, 1, 0, 0
2568000, 95232, 1, 0, 0
2569000, 102502, 1, 0, 0
2570000, 97280, 1, 0, 0
2571000, 97280, 1, 0, 0
2572000, 100452, 1, 0, 0
2573000, 99328, 1, 0, 0
2574000, 98402, 1, 0, 0
2575000, 102400, 1, 0, 0
2576001, 98304, 1, 0, 0
2577000, 95327, 1, 0, 0
2578000, 96256, 1, 0, 0
2579000, 91227, 1, 0, 0
2580000, 99328, 1, 0, 0
2581000, 94302, 1, 0, 0
2582000, 93184, 1, 0, 0
2583000, 101477, 1, 0, 0
2584000, 90112, 1, 0, 0
2585000, 95232, 1, 0, 0
2586000, 102502, 1, 0, 0
2587000, 92160, 1, 0, 0
2588000, 96352, 1, 0, 0
2589000, 99328, 1, 0, 0
2590000, 91227, 1, 0, 0
2591000, 98304, 1, 0, 0
2592001, 100352, 1, 0, 0
2593000, 90202, 1, 0, 0
2594001, 99328, 1, 0, 0
2595000, 97377, 1, 0, 0
2596000, 93184, 1, 0, 0
2597000, 100452, 1, 0, 0
2598000, 98304, 1, 0, 0
2599000, 92252, 1, 0, 0
2600000, 102400, 1, 0, 0
2601000, 93184, 1, 0, 0
2602000, 93277, 1, 0, 0
2603000, 99328, 1, 0, 0
2604000, 91227, 1, 0, 0
2605000, 94208, 1, 0, 0
2606000, 96352, 1, 0, 0
2607000, 93184, 1, 0, 0
2608000, 93184, 1, 0, 0
2609000, 98402, 1, 0, 0
2610000, 90112, 1, 0, 0
2611000, 97377, 1, 0, 0
2612000, 96256, 1, 0, 0
2613000, 92160, 1, 0, 0
2614000, 98402, 1, 0, 0
2615000, 95232, 1, 0, 0
2616000, 94302, 1, 0, 0
2617000, 98304, 1, 0, 0
2618000, 93277, 1, 0, 0
2619000, 94208, 1, 0, 0
2620000, 97377, 1, 0, 0
2621000, 91136, 1, 0, 0
2622000, 94208, 1, 0, 0
2623000, 97377, 1, 0, 0
2624000, 92160, 1, 0, 0
2625000, 94302, 1, 0, 0
2626000, 97280, 1, 0, 0
2627000, 89177, 1, 0, 0
2628000, 97280, 1, 0, 0
2629000, 97377, 1, 0, 0
2630000, 93184, 1, 0, 0
2631000, 96352, 1, 0, 0
2632000, 94208, 1, 0, 0
2633000, 90112, 1, 0, 0
2634000, 98402, 1, 0, 0
2635000, 93184, 1, 0, 0
2636000, 92252, 1, 0, 0
2637000, 99328, 1, 0, 0
2638000, 92252, 1, 0, 0
2639000, 93184, 1, 0, 0
2640000, 98402, 1, 0, 0
2641000, 91136, 1, 0, 0
2642000, 93277, 1, 0, 0
2643000, 98304, 1, 0, 0
2644001, 92160, 1, 0, 0
2645000, 96352, 1, 0, 0
2646000, 96256, 1, 0, 0
2647000, 92252, 1, 0, 0
2648000, 95232, 1, 0, 0
2649000, 96352, 1, 0, 0
2650000, 91136, 1, 0, 0
2651000, 96352, 1, 0, 0
2652000, 95232, 1, 0, 0
2653000, 92252, 1, 0, 0
2654000, 97280, 1, 0, 0
2655000, 95327, 1, 0, 0
2656000, 92160, 1, 0, 0
2657000, 96256, 1, 0, 0
2658000, 93277, 1, 0, 0
2659000, 94208, 1, 0, 0
2660000, 98402, 1, 0, 0
2661000, 94208, 1, 0, 0
2662000, 96256, 1, 0, 0
2663000, 97377, 1, 0, 0
2664000, 91136, 1, 0, 0
2665000, 96352, 1, 0, 0
2666000, 96256, 1, 0, 0
2667000, 93277, 1, 0, 0
2668000, 97280, 1, 0, 0
2669000, 95327, 1, 0, 0
2670000, 90112, 1, 0, 0
2671000, 96352, 1, 0, 0
2672000, 96256, 1, 0, 0
2673000, 92252, 1, 0, 0
2674000, 97280, 1, 0, 0
2675001, 94208, 1, 0, 0
2676000, 93277, 1, 0, 0
2677000, 97280, 1, 0, 0
2678000, 92252, 1, 0, 0
2679000, 94208, 1, 0, 0
2680000, 99427, 1, 0, 0
2681000, 92252, 1, 0, 0
2682000, 95232, 1, 0, 0
2683000, 96352, 1, 0, 0
2684000, 88064, 1, 0, 0
2685000, 97280, 1, 0, 0
2686000, 97377, 1, 0, 0
2687000, 90112, 1, 0, 0
2688000, 97377, 1, 0, 0
2689000, 94208, 1, 0, 0
2690000, 93277, 1, 0, 0
2691000, 99328, 1, 0, 0
2692000, 93277, 1, 0, 0
2693000, 92160, 1, 0, 0
2694000, 96352, 1, 0, 0
2695000, 91136, 1, 0, 0
2696000, 90202, 1, 0, 0
2697000, 98304, 1, 0, 0
2698000, 92252, 1, 0, 0
2699000, 93184, 1, 0, 0
2700001, 97280, 1, 0, 0
2701000, 92252, 1, 0, 0
2702000, 96256, 1, 0, 0
2703000, 95327, 1, 0, 0
2704000, 92160, 1, 0, 0
2705000, 93277, 1, 0, 0
2706000, 95232, 1, 0, 0
2707000, 92252, 1, 0, 0
2708000, 95232, 1, 0, 0
2709000, 96256, 1, 0, 0
2710000, 90202, 1, 0, 0
2711000, 97280, 1, 0, 0
2712000, 95327, 1, 0, 0
2713000, 92160, 1, 0, 0
2714000, 99328, 1, 0, 0
2715000, 93277, 1, 0, 0
2716000, 92160, 1, 0, 0
2717000, 97377, 1, 0, 0
2718000, 93184, 1, 0, 0
2719000, 93277, 1, 0, 0
2720000, 95232, 1, 0, 0
2721000, 94208, 1, 0, 0
2722000, 95327, 1, 0, 0
2723000, 96256, 1, 0, 0
2724000, 93277, 1, 0, 0
2725000, 95232, 1, 0, 0
2726000, 94302, 1, 0, 0
2727000, 94208, 1, 0, 0
2728000, 97377, 1, 0, 0
2729000, 94208, 1, 0, 0
2730000, 94302, 1, 0, 0
2731000, 97280, 1, 0, 0
2732000, 94302, 1, 0, 0
2733000, 92160, 1, 0, 0
2734000, 99328, 1, 0, 0
2735000, 91227, 1, 0, 0
2736000, 94208, 1, 0, 0
2737000, 98402, 1, 0, 0
2738000, 92160, 1, 0, 0
2739000, 94302, 1, 0, 0
2740000, 97280, 1, 0, 0
2741000, 93277, 1, 0, 0
2742000, 96256, 1, 0, 0
2743000, 96352, 1, 0, 0
2744000, 91136, 1, 0, 0
2745000, 95327, 1, 0, 0
2746000, 96256, 1, 0, 0
2747000, 90112, 1, 0, 0
2748000, 96352, 1, 0, 0
2749001, 95232, 1, 0, 0
2750000, 92252, 1, 0, 0
2751000, 100352, 1, 0, 0
2752000, 92252, 1, 0, 0
2753000, 91136, 1, 0, 0
2754000, 98402, 1, 0, 0
2755000, 91136, 1, 0, 0
2756000, 92252, 1, 0, 0
2757000, 97280, 1, 0, 0
2758000, 92252, 1, 0, 0
2759000, 94208, 1, 0, 0
2760001, 98304, 1, 0, 0
2761000, 92252, 1, 0, 0
2762000, 93184, 1, 0, 0
2763000, 97377, 1, 0, 0
2764000, 91136, 1, 0, 0
2765000, 96352, 1, 0, 0
2766000, 95232, 1, 0, 0
2767000, 89177, 1, 0, 0
2768000, 97280, 1, 0, 0
2769000, 94302, 1, 0, 0
2770000, 90112, 1, 0, 0
2771000, 98402, 1, 0, 0
2772000, 94302, 1, 0, 0
2773000, 92160, 1, 0, 0
2774000, 98402, 1, 0, 0
2775000, 94208, 1, 0, 0
2776000, 93184, 1, 0, 0
2777000, 96352, 1, 0, 0
2778000, 90112, 1, 0, 0
2779000, 93277, 1, 0, 0
2780000, 99328, 1, 0, 0
2781000, 92252, 1, 0, 0
2782000, 93184, 1, 0, 0
2783000, 97377, 1, 0, 0
2784000, 91136, 1, 0, 0
2785000, 95327, 1, 0, 0
2786000, 96256, 1, 0, 0
2787000, 89177, 1, 0, 0
2788000, 97280, 1, 0, 0
2789000, 96352, 1, 0, 0
2790000, 92160, 1, 0, 0
2791000, 98402, 1, 0, 0
2792000, 94208, 1, 0, 0
2793000, 90202, 1, 0, 0
2794000, 98304, 1, 0, 0
2795000, 94302, 1, 0, 0
2796000, 94208, 1, 0, 0
2797000, 97377, 1, 0, 0
2798000, 92160, 1, 0, 0
2799000, 94302, 1, 0, 0
2800000, 97280, 1, 0, 0
2801000, 93277, 1, 0, 0
2802000, 92160, 1, 0, 0
2803000, 97377, 1, 0, 0
2804000, 90112, 1, 0, 0
2805000, 95327, 1, 0, 0
2806000, 96256, 1, 0, 0
2807001, 89088, 1, 0, 0
2808000, 96352, 1, 0, 0
2809000, 95232, 1, 0, 0
2810000, 89177, 1, 0, 0
2811000, 96256, 1, 0, 0
2812000, 92252, 1, 0, 0
2813000, 91136, 1, 0, 0
2814000, 96352, 1, 0, 0
2815000, 93184, 1, 0, 0
2816000, 90202, 1, 0, 0
2817000, 96256, 1, 0, 0
2818000, 94208, 1, 0, 0
2819000, 90202, 1, 0, 0
2820000, 98304, 1, 0, 0
2821000, 92252, 1, 0, 0
2822000, 93184, 1, 0, 0
2823000, 98402, 1, 0, 0
2824000, 91136, 1, 0, 0
2825000, 92252, 1, 0, 0
2826000, 96256, 1, 0, 0
2827000, 90202, 1, 0, 0
2828000, 93184, 1, 0, 0
2829001, 95232, 1, 0, 0
2830000, 91227, 1, 0, 0
2831000, 96352, 1, 0, 0
2832000, 96256, 1, 0, 0
2833000, 91227, 1, 0, 0
2834000, 97280, 1, 0, 0
2835000, 93277, 1, 0, 0
2836000, 91136, 1, 0, 0
2837000, 97377, 1, 0, 0
2838000, 94208, 1, 0, 0
2839000, 90202, 1, 0, 0
2840000, 97280, 1, 0, 0
2841000, 92252, 1, 0, 0
2842000, 93184, 1, 0, 0
2843000, 97377, 1, 0, 0
2844000, 92160, 1, 0, 0
2845000, 95327, 1, 0, 0
2846000, 98304, 1, 0, 0
2847001, 90112, 1, 0, 0
2848000, 94302, 1, 0, 0
2849000, 96256, 1, 0, 0
2850000, 92252, 1, 0, 0
2851000, 94208, 1, 0, 0
2852000, 96352, 1, 0, 0
2853000, 89088, 1, 0, 0
2854000, 95327, 1, 0, 0
2855000, 95232, 1, 0, 0
2856000, 92252, 1, 0, 0
2857000, 95232, 1, 0, 0
2858000, 94302, 1, 0, 0
2859000, 91136, 1, 0, 0
2860000, 99328, 1, 0, 0
2861000, 94302, 1, 0, 0
2862000, 91227, 1, 0, 0
2863000, 98304, 1, 0, 0
2864000, 91227, 1, 0, 0
2865000, 95232, 1, 0, 0
2866000, 98304, 1, 0, 0
2867000, 93277, 1, 0, 0
2868000, 95232, 1, 0, 0
2869000, 98402, 1, 0, 0
2870000, 91227, 1, 0, 0
2871000, 94208, 1, 0, 0
2872000, 96352, 1, 0, 0
2873000, 92160, 1, 0, 0
2874000, 95327, 1, 0, 0
2875000, 96256, 1, 0, 0
2876000, 91227, 1, 0, 0
2877000, 97280, 1, 0, 0
2878000, 96352, 1, 0, 0
2879000, 92160, 1, 0, 0
2880000, 99427, 1, 0, 0
2881000, 93184, 1, 0, 0
2882000, 92160, 1, 0, 0
2883000, 97377, 1, 0, 0
2884000, 93184, 1, 0, 0
2885000, 92252, 1, 0, 0
2886001, 98304, 1, 0, 0
2887000, 93277, 1, 0, 0
2888000, 91136, 1, 0, 0
2889000, 100452, 1, 0, 0
2890000, 92160, 1, 0, 0
