1000, 154624, 1, 0, 0
2000, 127103, 1, 0, 0
3000, 104552, 1, 0, 0
4001, 99328, 1, 0, 0
5000, 159903, 1, 0, 0
6000, 121977, 1, 0, 0
7000, 93277, 1, 0, 0
8000, 98304, 1, 0, 0
9000, 160928, 1, 0, 0
10001, 138240, 1, 0, 0
11000, 98402, 1, 0, 0
12000, 97377, 1, 0, 0
13000, 180404, 1, 0, 0
14000, 128000, 1, 0, 0
15000, 107627, 1, 0, 0
16000, 148628, 1, 0, 0
17000, 171008, 1, 0, 0
18000, 116852, 1, 0, 0
19000, 123003, 1, 0, 0
20000, 188416, 1, 0, 0
21000, 139403, 1, 0, 0
22000, 122880, 1, 0, 0
23000, 185529, 1, 0, 0
24000, 154624, 1, 0, 0
25000, 149653, 1, 0, 0
26000, 196608, 1, 0, 0
27000, 151703, 1, 0, 0
28000, 142336, 1, 0, 0
29000, 187392, 1, 0, 0
30000, 174254, 1, 0, 0
31000, 119808, 1, 0, 0
32000, 201929, 1, 0, 0
33000, 121856, 1, 0, 0
34000, 131203, 1, 0, 0
35000, 196608, 1, 0, 0
36000, 165029, 1, 0, 0
37000, 166912, 1, 0, 0
38000, 201929, 1, 0, 0
39000, 173056, 1, 0, 0
40000, 181429, 1, 0, 0
41000, 186368, 1, 0, 0
42000, 173229, 1, 0, 0
43000, 179200, 1, 0, 0
44000, 183479, 1, 0, 0
45000, 166912, 1, 0, 0
46000, 201929, 1, 0, 0
47000, 166912, 1, 0, 0
48000, 178354, 1, 0, 0
49000, 196608, 1, 0, 0
50000, 160928, 1, 0, 0
51001, 195584, 1, 0, 0
52000, 181429, 1, 0, 0
53000, 187579, 1, 0, 0
54000, 189440, 1, 0, 0
55000, 159903, 1, 0, 0
56000, 177152, 1, 0, 0
57000, 168104, 1, 0, 0
58000, 152576, 1, 0, 0
59000, 173229, 1, 0, 0
60000, 183296, 1, 0, 0
61000, 146578, 1, 0, 0
62000, 181248, 1, 0, 0
63000, 179379, 1, 0, 0
64000, 172032, 1, 0, 0
65000, 193536, 1, 0, 0
66000, 162978, 1, 0, 0
67000, 164004, 1, 0, 0
68000, 184320, 1, 0, 0
69000, 160928, 1, 0, 0
70000, 151552, 1, 0, 0
71000, 147603, 1, 0, 0
72000, 121856, 1, 0, 0
73000, 129153, 1, 0, 0
74000, 111616, 1, 0, 0
75000, 132228, 1, 0, 0
76000, 123904, 1, 0, 0
77000, 112752, 1, 0, 0
78000, 104448, 1, 0, 0
79000, 114802, 1, 0, 0
80000, 103424, 1, 0, 0
81000, 90202, 1, 0, 0
82000, 103424, 1, 0, 0
83000, 108652, 1, 0, 0
84000, 117760, 1, 0, 0
85000, 101477, 1, 0, 0
86000, 86016, 1, 0, 0
87000, 107627, 1, 0, 0
88000, 120952, 1, 0, 0
89000, 108544, 1, 0, 0
90000, 102502, 1, 0, 0
91000, 93184, 1, 0, 0
92000, 107627, 1, 0, 0
93000, 116736, 1, 0, 0
94000, 99427, 1, 0, 0
95000, 111616, 1, 0, 0
96000, 106602, 1, 0, 0
97000, 101376, 1, 0, 0
98000, 97377, 1, 0, 0
99000, 90112, 1, 0, 0
100000, 72776, 1, 0, 0
101000, 102400, 1, 0, 0
102000, 93277, 1, 0, 0
103000, 92160, 1, 0, 0
104000, 70726, 1, 0, 0
105000, 82002, 1, 0, 0
106000, 81920, 1, 0, 0
107000, 89177, 1, 0, 0
108000, 92160, 1, 0, 0
109000, 84052, 1, 0, 0
110000, 71680, 1, 0, 0
111000, 84052, 1, 0, 0
112000, 82002, 1, 0, 0
113000, 89088, 1, 0, 0
114000, 95327, 1, 0, 0
115000, 81920, 1, 0, 0
116000, 77901, 1, 0, 0
117000, 79872, 1, 0, 0
118000, 94302, 1, 0, 0
119000, 99328, 1, 0, 0
120000, 109677, 1, 0, 0
121000, 84992, 1, 0, 0
122000, 71751, 1, 0, 0
123000, 81920, 1, 0, 0
124000, 104552, 1, 0, 0
125000, 104552, 1, 0, 0
126000, 86016, 1, 0, 0
127000, 73801, 1, 0, 0
128000, 74752, 1, 0, 0
129000, 97377, 1, 0, 0
130000, 98304, 1, 0, 0
131000, 92252, 1, 0, 0
132000, 82002, 1, 0, 0
133000, 69632, 1, 0, 0
134000, 75851, 1, 0, 0
135000, 96256, 1, 0, 0
136000, 99427, 1, 0, 0
137000, 86016, 1, 0, 0
138000, 83027, 1, 0, 0
139001, 72704, 1, 0, 0
140000, 82002, 1, 0, 0
141000, 96352, 1, 0, 0
142000, 103424, 1, 0, 0
143000, 76876, 1, 0, 0
144000, 75776, 1, 0, 0
145000, 92252, 1, 0, 0
146000, 114802, 1, 0, 0
147000, 113664, 1, 0, 0
148000, 78926, 1, 0, 0
149000, 82944, 1, 0, 0
150000, 73801, 1, 0, 0
151000, 112640, 1, 0, 0
152000, 88152, 1, 0, 0
153000, 87127, 1, 0, 0
154000, 69632, 1, 0, 0
155000, 66626, 1, 0, 0
156000, 78848, 1, 0, 0
157000, 107627, 1, 0, 0
158000, 109568, 1, 0, 0
159000, 76876, 1, 0, 0
160000, 78848, 1, 0, 0
161000, 72776, 1, 0, 0
162000, 100352, 1, 0, 0
163000, 107627, 1, 0, 0
164000, 91136, 1, 0, 0
165000, 73801, 1, 0, 0
166000, 70656, 1, 0, 0
167000, 107627, 1, 0, 0
168000, 117760, 1, 0, 0
169000, 104552, 1, 0, 0
170000, 83968, 1, 0, 0
171000, 78926, 1, 0, 0
172000, 106496, 1, 0, 0
173000, 141453, 1, 0, 0
174000, 94302, 1, 0, 0
175000, 75776, 1, 0, 0
176000, 73801, 1, 0, 0
177000, 110592, 1, 0, 0
178000, 129153, 1, 0, 0
179000, 81920, 1, 0, 0
180000, 63551, 1, 0, 0
181000, 66560, 1, 0, 0
182000, 82002, 1, 0, 0
183000, 99328, 1, 0, 0
184000, 107627, 1, 0, 0
185000, 74752, 1, 0, 0
186000, 69701, 1, 0, 0
187000, 64576, 1, 0, 0
188000, 77824, 1, 0, 0
189000, 112752, 1, 0, 0
190000, 110592, 1, 0, 0
191000, 69701, 1, 0, 0
192000, 73728, 1, 0, 0
193000, 64576, 1, 0, 0
194000, 108652, 1, 0, 0
195000, 138240, 1, 0, 0
196000, 83027, 1, 0, 0
197000, 78848, 1, 0, 0
198000, 75851, 1, 0, 0
199000, 129024, 1, 0, 0
200000, 126078, 1, 0, 0
201000, 64576, 1, 0, 0
202000, 78848, 1, 0, 0
203000, 73728, 1, 0, 0
204000, 107627, 1, 0, 0
205000, 128000, 1, 0, 0
206000, 86102, 1, 0, 0
207000, 70656, 1, 0, 0
208000, 71751, 1, 0, 0
209001, 99328, 1, 0, 0
210000, 117877, 1, 0, 0
211000, 97377, 1, 0, 0
212000, 76800, 1, 0, 0
213000, 66626, 1, 0, 0
214000, 93184, 1, 0, 0
215000, 123003, 1, 0, 0
216000, 110592, 1, 0, 0
217000, 71751, 1, 0, 0
218000, 74752, 1, 0, 0
219000, 88152, 1, 0, 0
220000, 134144, 1, 0, 0
221000, 113777, 1, 0, 0
222000, 65536, 1, 0, 0
223000, 82002, 1, 0, 0
224000, 79872, 1, 0, 0
225000, 131203, 1, 0, 0
226000, 120832, 1, 0, 0
227000, 74826, 1, 0, 0
228000, 85077, 1, 0, 0
229000, 63488, 1, 0, 0
230000, 111727, 1, 0, 0
231000, 136192, 1, 0, 0
232000, 79951, 1, 0, 0
233000, 80896, 1, 0, 0
234000, 87127, 1, 0, 0
235000, 133120, 1, 0, 0
236000, 117877, 1, 0, 0
237000, 77824, 1, 0, 0
238000, 79951, 1, 0, 0
239000, 58368, 1, 0, 0
240000, 113777, 1, 0, 0
241000, 122880, 1, 0, 0
242000, 68676, 1, 0, 0
243000, 81920, 1, 0, 0
244000, 80976, 1, 0, 0
245000, 130048, 1, 0, 0
246000, 136328, 1, 0, 0
247000, 89088, 1, 0, 0
248000, 85077, 1, 0, 0
249000, 118784, 1, 0, 0
250000, 132228, 1, 0, 0
251000, 97280, 1, 0, 0
252000, 92252, 1, 0, 0
253000, 98304, 1, 0, 0
254000, 168104, 1, 0, 0
255000, 119927, 1, 0, 0
256000, 89088, 1, 0, 0
257000, 101477, 1, 0, 0
258000, 163840, 1, 0, 0
259000, 131203, 1, 0, 0
260000, 102400, 1, 0, 0
261000, 118902, 1, 0, 0
262000, 173056, 1, 0, 0
263000, 105577, 1, 0, 0
264000, 103527, 1, 0, 0
265000, 132096, 1, 0, 0
266000, 154778, 1, 0, 0
267000, 101376, 1, 0, 0
268000, 95327, 1, 0, 0
269000, 135168, 1, 0, 0
270000, 60476, 1, 0, 0
271000, 131072, 1, 0, 0
272000, 95327, 1, 0, 0
273001, 95232, 1, 0, 0
274000, 168104, 1, 0, 0
275000, 142336, 1, 0, 0
276000, 121977, 1, 0, 0
277001, 152576, 1, 0, 0
278000, 169129, 1, 0, 0
279000, 118784, 1, 0, 0
280000, 146578, 1, 0, 0
281000, 195584, 1, 0, 0
282000, 139403, 1, 0, 0
283000, 161792, 1, 0, 0
284000, 190654, 1, 0, 0
285000, 145408, 1, 0, 0
286000, 153753, 1, 0, 0
287000, 184504, 1, 0, 0
288000, 157696, 1, 0, 0
289000, 153753, 1, 0, 0
290000, 177152, 1, 0, 0
291000, 126078, 1, 0, 0
292000, 120832, 1, 0, 0
293000, 197829, 1, 0, 0
294000, 132096, 1, 0, 0
295000, 141453, 1, 0, 0
296000, 187392, 1, 0, 0
297000, 144528, 1, 0, 0
298000, 123904, 1, 0, 0
299000, 192704, 1, 0, 0
300000, 147456, 1, 0, 0
301000, 149653, 1, 0, 0
302000, 199680, 1, 0, 0
303000, 176304, 1, 0, 0
304000, 176304, 1, 0, 0
305000, 196608, 1, 0, 0
306001, 177152, 1, 0, 0
307000, 195779, 1, 0, 0
308001, 183296, 1, 0, 0
309000, 175279, 1, 0, 0
310001, 199680, 1, 0, 0
311000, 180404, 1, 0, 0
312000, 198854, 1, 0, 0
313000, 192512, 1, 0, 0
314000, 196608, 1, 0, 0
315000, 194754, 1, 0, 0
316000, 179379, 1, 0, 0
317000, 197632, 1, 0, 0
318000, 175279, 1, 0, 0
319000, 181248, 1, 0, 0
320000, 198854, 1, 0, 0
321000, 161792, 1, 0, 0
322000, 169984, 1, 0, 0
323000, 189629, 1, 0, 0
324000, 187579, 1, 0, 0
325000, 177152, 1, 0, 0
326000, 178354, 1, 0, 0
327000, 152576, 1, 0, 0
328000, 181429, 1, 0, 0
329000, 168960, 1, 0, 0
330000, 142478, 1, 0, 0
331000, 165029, 1, 0, 0
332000, 150528, 1, 0, 0
333000, 125053, 1, 0, 0
334000, 163840, 1, 0, 0
335000, 147603, 1, 0, 0
336000, 134144, 1, 0, 0
337000, 119927, 1, 0, 0
338000, 132096, 1, 0, 0
339000, 114802, 1, 0, 0
340000, 108652, 1, 0, 0
341000, 117760, 1, 0, 0
342000, 124028, 1, 0, 0
343000, 108544, 1, 0, 0
344000, 111727, 1, 0, 0
345000, 97280, 1, 0, 0
346000, 119927, 1, 0, 0
347000, 123904, 1, 0, 0
348000, 106602, 1, 0, 0
349000, 101376, 1, 0, 0
350000, 110702, 1, 0, 0
351000, 118784, 1, 0, 0
352000, 105577, 1, 0, 0
353000, 103424, 1, 0, 0
354000, 106602, 1, 0, 0
355000, 105577, 1, 0, 0
356000, 111616, 1, 0, 0
357000, 107627, 1, 0, 0
358000, 89088, 1, 0, 0
359000, 106602, 1, 0, 0
360000, 102400, 1, 0, 0
361000, 87127, 1, 0, 0
362000, 78848, 1, 0, 0
363000, 93277, 1, 0, 0
364000, 86016, 1, 0, 0
365000, 94302, 1, 0, 0
366000, 97280, 1, 0, 0
367000, 82002, 1, 0, 0
368000, 76800, 1, 0, 0
369000, 85077, 1, 0, 0
370000, 88064, 1, 0, 0
371000, 91227, 1, 0, 0
372000, 85077, 1, 0, 0
373000, 91227, 1, 0, 0
374000, 72704, 1, 0, 0
375000, 86102, 1, 0, 0
376000, 94208, 1, 0, 0
377000, 110702, 1, 0, 0
378000, 83968, 1, 0, 0
379000, 83027, 1, 0, 0
380000, 100352, 1, 0, 0
381000, 110702, 1, 0, 0
382000, 101376, 1, 0, 0
383000, 86102, 1, 0, 0
384000, 81920, 1, 0, 0
385000, 74826, 1, 0, 0
386001, 110592, 1, 0, 0
387000, 105577, 1, 0, 0
388000, 83027, 1, 0, 0
389000, 74752, 1, 0, 0
390000, 83027, 1, 0, 0
391000, 90112, 1, 0, 0
392000, 102502, 1, 0, 0
393000, 91136, 1, 0, 0
394000, 74752, 1, 0, 0
395000, 83027, 1, 0, 0
396000, 77824, 1, 0, 0
397000, 102502, 1, 0, 0
398000, 101376, 1, 0, 0
399000, 77901, 1, 0, 0
400000, 78848, 1, 0, 0
401000, 73801, 1, 0, 0
402000, 98304, 1, 0, 0
403000, 103527, 1, 0, 0
404000, 101376, 1, 0, 0
405000, 86102, 1, 0, 0
406000, 83968, 1, 0, 0
407000, 96352, 1, 0, 0
408000, 122880, 1, 0, 0
409000, 96352, 1, 0, 0
410001, 77824, 1, 0, 0
411000, 79951, 1, 0, 0
412000, 98402, 1, 0, 0
413000, 115712, 1, 0, 0
414000, 100452, 1, 0, 0
415000, 78848, 1, 0, 0
416000, 77901, 1, 0, 0
417000, 84992, 1, 0, 0
418000, 115827, 1, 0, 0
419000, 105472, 1, 0, 0
420000, 80976, 1, 0, 0
421000, 74752, 1, 0, 0
422000, 74826, 1, 0, 0
423000, 120832, 1, 0, 0
424000, 113777, 1, 0, 0
425000, 70656, 1, 0, 0
426000, 69701, 1, 0, 0
427000, 78848, 1, 0, 0
428000, 114802, 1, 0, 0
429000, 130048, 1, 0, 0
430000, 82002, 1, 0, 0
431000, 82944, 1, 0, 0
432000, 85077, 1, 0, 0
433000, 133120, 1, 0, 0
434000, 130178, 1, 0, 0
435001, 75776, 1, 0, 0
436000, 65601, 1, 0, 0
437000, 65536, 1, 0, 0
438000, 80976, 1, 0, 0
439000, 128000, 1, 0, 0
440000, 88152, 1, 0, 0
441000, 74826, 1, 0, 0
442000, 70656, 1, 0, 0
443000, 83027, 1, 0, 0
444000, 123904, 1, 0, 0
445000, 103527, 1, 0, 0
446000, 68608, 1, 0, 0
447000, 69701, 1, 0, 0
448000, 73728, 1, 0, 0
449000, 109677, 1, 0, 0
450000, 119808, 1, 0, 0
451000, 83027, 1, 0, 0
452000, 75851, 1, 0, 0
453000, 76800, 1, 0, 0
454000, 86102, 1, 0, 0
455000, 103424, 1, 0, 0
456000, 101477, 1, 0, 0
457000, 71680, 1, 0, 0
458000, 67651, 1, 0, 0
459000, 70656, 1, 0, 0
460000, 136328, 1, 0, 0
461000, 126976, 1, 0, 0
462000, 70726, 1, 0, 0
463000, 71751, 1, 0, 0
464000, 73728, 1, 0, 0
465000, 136328, 1, 0, 0
466000, 124928, 1, 0, 0
467000, 74826, 1, 0, 0
468001, 75776, 1, 0, 0
469000, 91227, 1, 0, 0
470000, 132228, 1, 0, 0
471000, 108544, 1, 0, 0
472000, 67651, 1, 0, 0
473000, 73728, 1, 0, 0
474000, 78926, 1, 0, 0
475000, 138240, 1, 0, 0
476000, 119927, 1, 0, 0
477000, 64512, 1, 0, 0
478000, 68676, 1, 0, 0
479000, 77824, 1, 0, 0
480000, 140428, 1, 0, 0
481000, 134144, 1, 0, 0
482000, 72776, 1, 0, 0
483000, 77824, 1, 0, 0
484000, 69701, 1, 0, 0
485000, 153600, 1, 0, 0
486000, 120952, 1, 0, 0
487000, 80896, 1, 0, 0
488000, 82002, 1, 0, 0
489000, 96256, 1, 0, 0
490000, 154778, 1, 0, 0
491000, 94208, 1, 0, 0
492000, 63551, 1, 0, 0
493000, 92160, 1, 0, 0
494000, 150678, 1, 0, 0
495000, 136192, 1, 0, 0
496000, 91136, 1, 0, 0
497000, 88152, 1, 0, 0
498000, 107520, 1, 0, 0
499000, 137353, 1, 0, 0
500000, 91136, 1, 0, 0
501000, 75851, 1, 0, 0
502001, 69632, 1, 0, 0
503000, 118902, 1, 0, 0
504000, 151552, 1, 0, 0
505000, 88152, 1, 0, 0
506000, 79872, 1, 0, 0
507000, 95327, 1, 0, 0
508001, 154624, 1, 0, 0
509000, 105577, 1, 0, 0
510000, 93184, 1, 0, 0
511000, 86102, 1, 0, 0
512000, 149504, 1, 0, 0
513000, 150678, 1, 0, 0
514000, 103424, 1, 0, 0
515000, 93277, 1, 0, 0
516000, 167936, 1, 0, 0
517000, 128128, 1, 0, 0
518000, 90112, 1, 0, 0
519000, 112752, 1, 0, 0
520001, 174080, 1, 0, 0
521000, 111727, 1, 0, 0
522000, 97377, 1, 0, 0
523000, 77824, 1, 0, 0
524000, 157853, 1, 0, 0
525000, 123904, 1, 0, 0
526000, 93277, 1, 0, 0
527000, 86016, 1, 0, 0
528000, 156828, 1, 0, 0
529000, 137216, 1, 0, 0
530000, 96352, 1, 0, 0
531000, 86102, 1, 0, 0
532000, 153600, 1, 0, 0
533000, 147603, 1, 0, 0
534000, 82944, 1, 0, 0
535000, 92252, 1, 0, 0
536000, 148480, 1, 0, 0
537000, 146578, 1, 0, 0
538000, 115712, 1, 0, 0
539000, 111727, 1, 0, 0
540000, 198656, 1, 0, 0
541000, 126078, 1, 0, 0
542000, 125952, 1, 0, 0
543000, 189629, 1, 0, 0
544000, 126976, 1, 0, 0
545000, 148628, 1, 0, 0
546000, 185344, 1, 0, 0
547000, 155803, 1, 0, 0
548000, 142336, 1, 0, 0
549000, 188604, 1, 0, 0
550000, 160928, 1, 0, 0
551000, 141312, 1, 0, 0
552000, 184504, 1, 0, 0
553000, 150528, 1, 0, 0
554000, 135303, 1, 0, 0
555001, 186368, 1, 0, 0
556000, 162978, 1, 0, 0
557000, 131072, 1, 0, 0
558000, 190654, 1, 0, 0
559000, 142336, 1, 0, 0
560000, 135303, 1, 0, 0
561000, 179200, 1, 0, 0
562000, 172204, 1, 0, 0
563000, 160768, 1, 0, 0
564000, 199879, 1, 0, 0
565000, 149504, 1, 0, 0
566000, 170154, 1, 0, 0
567000, 200704, 1, 0, 0
568000, 166054, 1, 0, 0
569000, 177152, 1, 0, 0
570000, 185529, 1, 0, 0
571001, 183296, 1, 0, 0
572000, 194754, 1, 0, 0
573000, 155648, 1, 0, 0
574000, 166054, 1, 0, 0
575000, 194560, 1, 0, 0
576000, 166054, 1, 0, 0
577000, 185344, 1, 0, 0
578000, 188604, 1, 0, 0
579000, 162816, 1, 0, 0
580000, 182454, 1, 0, 0
581000, 161792, 1, 0, 0
582000, 154778, 1, 0, 0
583001, 190464, 1, 0, 0
584000, 181429, 1, 0, 0
585000, 146578, 1, 0, 0
586000, 186368, 1, 0, 0
587000, 173229, 1, 0, 0
588000, 175104, 1, 0, 0
589000, 184504, 1, 0, 0
590000, 168960, 1, 0, 0
591000, 186554, 1, 0, 0
592000, 164864, 1, 0, 0
593000, 162978, 1, 0, 0
594000, 157696, 1, 0, 0
595000, 148628, 1, 0, 0
596000, 133253, 1, 0, 0
597000, 142336, 1, 0, 0
598000, 140428, 1, 0, 0
599000, 113664, 1, 0, 0
600000, 119927, 1, 0, 0
601000, 130048, 1, 0, 0
602000, 132228, 1, 0, 0
603000, 110592, 1, 0, 0
604000, 116852, 1, 0, 0
605000, 140428, 1, 0, 0
606001, 128000, 1, 0, 0
607000, 114802, 1, 0, 0
608000, 135168, 1, 0, 0
609000, 129153, 1, 0, 0
610001, 114688, 1, 0, 0
611000, 107627, 1, 0, 0
612000, 115827, 1, 0, 0
613000, 121856, 1, 0, 0
614000, 121977, 1, 0, 0
615000, 113664, 1, 0, 0
616000, 127103, 1, 0, 0
617000, 114688, 1, 0, 0
618000, 94302, 1, 0, 0
619000, 99328, 1, 0, 0
620000, 93277, 1, 0, 0
621000, 107520, 1, 0, 0
622000, 100452, 1, 0, 0
623000, 78848, 1, 0, 0
624000, 82002, 1, 0, 0
625000, 81920, 1, 0, 0
626000, 92252, 1, 0, 0
627001, 92160, 1, 0, 0
628000, 92252, 1, 0, 0
629000, 76876, 1, 0, 0
630000, 82944, 1, 0, 0
631000, 80976, 1, 0, 0
632000, 91136, 1, 0, 0
633000, 95327, 1, 0, 0
634000, 84052, 1, 0, 0
635000, 90112, 1, 0, 0
636000, 83027, 1, 0, 0
637000, 108544, 1, 0, 0
638000, 109677, 1, 0, 0
639000, 86016, 1, 0, 0
640000, 88152, 1, 0, 0
641000, 91136, 1, 0, 0
642000, 105577, 1, 0, 0
643000, 112752, 1, 0, 0
644000, 88064, 1, 0, 0
645000, 91227, 1, 0, 0
646000, 89088, 1, 0, 0
647000, 104552, 1, 0, 0
648000, 108544, 1, 0, 0
649000, 95327, 1, 0, 0
650000, 79872, 1, 0, 0
651000, 80976, 1, 0, 0
652000, 104448, 1, 0, 0
653000, 105577, 1, 0, 0
654001, 84992, 1, 0, 0
655000, 76876, 1, 0, 0
656000, 79951, 1, 0, 0
657000, 96256, 1, 0, 0
658000, 110702, 1, 0, 0
659000, 92160, 1, 0, 0
660000, 82002, 1, 0, 0
661000, 77901, 1, 0, 0
662000, 102400, 1, 0, 0
663000, 104552, 1, 0, 0
664000, 102400, 1, 0, 0
665000, 77901, 1, 0, 0
666000, 88064, 1, 0, 0
667000, 94302, 1, 0, 0
668000, 120832, 1, 0, 0
669000, 94302, 1, 0, 0
670000, 74752, 1, 0, 0
671000, 83027, 1, 0, 0
672000, 86016, 1, 0, 0
673000, 121977, 1, 0, 0
674000, 109568, 1, 0, 0
675000, 83027, 1, 0, 0
676000, 80976, 1, 0, 0
677000, 86016, 1, 0, 0
678000, 113777, 1, 0, 0
679000, 98402, 1, 0, 0
680000, 80896, 1, 0, 0
681000, 78926, 1, 0, 0
682000, 77824, 1, 0, 0
683000, 129153, 1, 0, 0
684001, 108544, 1, 0, 0
685000, 78926, 1, 0, 0
686000, 88152, 1, 0, 0
687000, 105472, 1, 0, 0
688000, 120952, 1, 0, 0
689000, 106496, 1, 0, 0
690000, 80976, 1, 0, 0
691000, 72776, 1, 0, 0
692000, 111616, 1, 0, 0
693000, 141453, 1, 0, 0
694000, 92160, 1, 0, 0
695000, 83027, 1, 0, 0
696000, 86016, 1, 0, 0
697000, 146578, 1, 0, 0
698000, 122880, 1, 0, 0
699000, 72776, 1, 0, 0
700000, 73801, 1, 0, 0
701000, 93184, 1, 0, 0
702000, 128000, 1, 0, 0
703000, 110702, 1, 0, 0
704000, 76800, 1, 0, 0
705000, 78926, 1, 0, 0
706000, 108544, 1, 0, 0
707000, 133253, 1, 0, 0
708000, 100452, 1, 0, 0
709000, 78848, 1, 0, 0
710000, 77901, 1, 0, 0
711000, 130048, 1, 0, 0
712000, 137353, 1, 0, 0
713000, 76800, 1, 0, 0
714000, 70726, 1, 0, 0
715001, 72704, 1, 0, 0
716000, 157853, 1, 0, 0
717000, 121856, 1, 0, 0
718000, 76876, 1, 0, 0
719000, 75776, 1, 0, 0
720000, 118902, 1, 0, 0
721000, 160768, 1, 0, 0
722000, 88152, 1, 0, 0
723000, 83968, 1, 0, 0
724000, 73801, 1, 0, 0
725000, 166912, 1, 0, 0
726000, 125053, 1, 0, 0
727000, 86016, 1, 0, 0
728000, 78926, 1, 0, 0
729000, 118784, 1, 0, 0
730000, 142478, 1, 0, 0
731000, 78926, 1, 0, 0
732000, 87040, 1, 0, 0
733000, 84052, 1, 0, 0
734000, 156672, 1, 0, 0
735000, 103527, 1, 0, 0
736000, 67584, 1, 0, 0
737000, 84052, 1, 0, 0
738000, 105472, 1, 0, 0
739000, 146578, 1, 0, 0
740000, 87040, 1, 0, 0
741000, 79951, 1, 0, 0
742000, 82944, 1, 0, 0
743000, 121977, 1, 0, 0
744000, 144384, 1, 0, 0
745000, 85077, 1, 0, 0
746000, 89088, 1, 0, 0
747000, 129153, 1, 0, 0
748000, 161792, 1, 0, 0
749000, 92252, 1, 0, 0
750000, 85077, 1, 0, 0
751000, 113664, 1, 0, 0
752000, 174254, 1, 0, 0
753000, 91136, 1, 0, 0
754000, 79951, 1, 0, 0
755000, 84992, 1, 0, 0
756000, 169129, 1, 0, 0
757000, 113777, 1, 0, 0
758000, 81920, 1, 0, 0
759000, 74752, 1, 0, 0
760000, 132228, 1, 0, 0
761000, 150528, 1, 0, 0
762000, 74826, 1, 0, 0
763000, 78848, 1, 0, 0
764000, 96352, 1, 0, 0
765000, 160928, 1, 0, 0
766000, 103424, 1, 0, 0
767000, 84052, 1, 0, 0
768000, 82944, 1, 0, 0
769000, 158878, 1, 0, 0
770000, 121856, 1, 0, 0
771000, 80976, 1, 0, 0
772000, 92160, 1, 0, 0
773000, 153753, 1, 0, 0
774000, 152576, 1, 0, 0
775000, 91227, 1, 0, 0
776000, 113664, 1, 0, 0
777000, 182454, 1, 0, 0
778000, 120832, 1, 0, 0
779000, 91227, 1, 0, 0
780000, 126976, 1, 0, 0
781000, 172204, 1, 0, 0
782000, 101376, 1, 0, 0
783000, 94302, 1, 0, 0
784000, 144384, 1, 0, 0
785000, 165029, 1, 0, 0
786000, 91227, 1, 0, 0
787000, 100352, 1, 0, 0
788000, 135303, 1, 0, 0
789000, 145408, 1, 0, 0
790000, 90202, 1, 0, 0
791000, 84052, 1, 0, 0
792000, 69701, 1, 0, 0
793000, 158720, 1, 0, 0
794000, 118902, 1, 0, 0
795000, 96256, 1, 0, 0
796000, 104552, 1, 0, 0
797000, 174080, 1, 0, 0
798000, 118902, 1, 0, 0
799000, 130048, 1, 0, 0
800000, 150678, 1, 0, 0
801000, 164864, 1, 0, 0
802000, 121977, 1, 0, 0
803000, 143503, 1, 0, 0
804000, 180224, 1, 0, 0
805000, 157853, 1, 0, 0
806000, 180224, 1, 0, 0
807000, 159903, 1, 0, 0
808000, 148480, 1, 0, 0
809000, 188604, 1, 0, 0
810000, 158720, 1, 0, 0
811000, 142478, 1, 0, 0
812000, 177152, 1, 0, 0
813000, 149653, 1, 0, 0
814000, 118784, 1, 0, 0
815000, 155803, 1, 0, 0
816000, 171008, 1, 0, 0
817000, 132228, 1, 0, 0
818000, 162978, 1, 0, 0
819000, 191488, 1, 0, 0
820000, 139403, 1, 0, 0
821000, 169984, 1, 0, 0
822001, 182272, 1, 0, 0
823000, 148628, 1, 0, 0
824000, 195779, 1, 0, 0
825000, 177152, 1, 0, 0
826000, 175279, 1, 0, 0
827000, 195779, 1, 0, 0
828000, 177152, 1, 0, 0
829000, 191488, 1, 0, 0
830000, 181429, 1, 0, 0
831000, 185344, 1, 0, 0
832000, 198854, 1, 0, 0
833000, 142336, 1, 0, 0
834000, 181429, 1, 0, 0
835000, 184504, 1, 0, 0
836000, 157696, 1, 0, 0
837000, 179379, 1, 0, 0
838000, 186368, 1, 0, 0
839000, 157853, 1, 0, 0
840000, 186554, 1, 0, 0
841000, 163840, 1, 0, 0
842000, 166054, 1, 0, 0
843000, 188416, 1, 0, 0
844000, 160928, 1, 0, 0
845000, 168104, 1, 0, 0
846000, 187392, 1, 0, 0
847000, 172204, 1, 0, 0
848000, 189440, 1, 0, 0
849000, 180404, 1, 0, 0
850000, 177152, 1, 0, 0
851000, 196804, 1, 0, 0
852000, 154624, 1, 0, 0
853000, 175279, 1, 0, 0
854000, 174080, 1, 0, 0
855000, 164004, 1, 0, 0
856000, 177152, 1, 0, 0
857000, 169129, 1, 0, 0
858000, 143360, 1, 0, 0
859000, 167079, 1, 0, 0
860000, 152576, 1, 0, 0
861000, 144528, 1, 0, 0
862000, 139264, 1, 0, 0
863000, 147603, 1, 0, 0
864000, 134278, 1, 0, 0
865000, 126976, 1, 0, 0
866000, 158878, 1, 0, 0
867000, 141312, 1, 0, 0
868000, 132228, 1, 0, 0
869000, 155803, 1, 0, 0
870000, 141312, 1, 0, 0
871000, 125053, 1, 0, 0
872000, 148480, 1, 0, 0
873000, 152728, 1, 0, 0
874000, 104448, 1, 0, 0
875000, 114802, 1, 0, 0
876000, 145408, 1, 0, 0
877000, 126078, 1, 0, 0
878000, 98304, 1, 0, 0
879000, 126078, 1, 0, 0
880000, 122880, 1, 0, 0
881000, 114802, 1, 0, 0
882000, 98402, 1, 0, 0
883000, 95232, 1, 0, 0
884000, 99427, 1, 0, 0
885000, 117760, 1, 0, 0
886000, 94302, 1, 0, 0
887000, 97280, 1, 0, 0
888000, 96352, 1, 0, 0
889000, 102400, 1, 0, 0
890000, 99427, 1, 0, 0
891000, 93184, 1, 0, 0
892000, 78926, 1, 0, 0
893000, 104448, 1, 0, 0
894000, 107627, 1, 0, 0
895000, 109677, 1, 0, 0
896000, 103424, 1, 0, 0
897000, 87127, 1, 0, 0
898000, 105472, 1, 0, 0
899000, 119927, 1, 0, 0
900000, 104448, 1, 0, 0
901000, 92252, 1, 0, 0
902000, 93184, 1, 0, 0
903000, 102502, 1, 0, 0
904000, 118784, 1, 0, 0
905000, 103527, 1, 0, 0
906000, 93184, 1, 0, 0
907000, 83027, 1, 0, 0
908000, 109677, 1, 0, 0
909000, 104448, 1, 0, 0
910000, 96256, 1, 0, 0
911000, 77901, 1, 0, 0
912000, 85077, 1, 0, 0
913000, 103424, 1, 0, 0
914000, 111727, 1, 0, 0
915000, 81920, 1, 0, 0
916000, 84052, 1, 0, 0
917000, 84992, 1, 0, 0
918000, 98402, 1, 0, 0
919000, 103424, 1, 0, 0
920000, 94302, 1, 0, 0
921000, 74826, 1, 0, 0
922000, 84992, 1, 0, 0
923000, 107627, 1, 0, 0
924000, 116736, 1, 0, 0
925000, 97377, 1, 0, 0
926000, 82944, 1, 0, 0
927000, 78926, 1, 0, 0
928000, 113777, 1, 0, 0
929000, 115712, 1, 0, 0
930000, 96352, 1, 0, 0
931000, 79872, 1, 0, 0
932000, 80976, 1, 0, 0
933000, 121856, 1, 0, 0
934000, 129153, 1, 0, 0
935000, 84992, 1, 0, 0
936000, 90202, 1, 0, 0
937000, 100352, 1, 0, 0
938000, 126078, 1, 0, 0
939000, 109568, 1, 0, 0
940000, 87127, 1, 0, 0
941000, 68676, 1, 0, 0
942000, 101376, 1, 0, 0
943000, 116852, 1, 0, 0
944000, 98304, 1, 0, 0
945000, 68676, 1, 0, 0
946000, 69701, 1, 0, 0
947000, 107520, 1, 0, 0
948000, 128128, 1, 0, 0
949000, 100352, 1, 0, 0
950000, 96352, 1, 0, 0
951000, 86016, 1, 0, 0
952000, 129153, 1, 0, 0
953000, 132096, 1, 0, 0
954000, 83027, 1, 0, 0
955000, 86016, 1, 0, 0
956000, 104552, 1, 0, 0
957000, 155648, 1, 0, 0
958000, 87127, 1, 0, 0
959000, 77901, 1, 0, 0
960000, 79872, 1, 0, 0
961000, 126078, 1, 0, 0
962000, 145408, 1, 0, 0
963000, 72776, 1, 0, 0
964000, 78926, 1, 0, 0
965000, 87040, 1, 0, 0
966000, 147603, 1, 0, 0
967000, 119808, 1, 0, 0
968000, 72704, 1, 0, 0
969000, 80976, 1, 0, 0
970000, 106602, 1, 0, 0
971000, 151552, 1, 0, 0
972000, 89177, 1, 0, 0
973000, 84992, 1, 0, 0
974000, 92252, 1, 0, 0
975000, 153600, 1, 0, 0
976000, 127103, 1, 0, 0
977000, 77824, 1, 0, 0
978000, 82002, 1, 0, 0
979000, 123904, 1, 0, 0
980000, 164004, 1, 0, 0
981000, 90112, 1, 0, 0
982000, 88152, 1, 0, 0
983000, 116736, 1, 0, 0
984000, 166054, 1, 0, 0
985000, 97377, 1, 0, 0
986000, 87040, 1, 0, 0
987000, 107627, 1, 0, 0
988000, 171008, 1, 0, 0
989000, 83027, 1, 0, 0
990000, 82944, 1, 0, 0
991000, 91227, 1, 0, 0
992000, 169984, 1, 0, 0
993004, 110261, 1, 0, 0
994004, 90112, 1, 0, 0
995005, 86016, 1, 0, 0
996005, 150528, 1, 0, 0
997006, 122880, 1, 0, 0
998006, 78848, 1, 0, 0
999007, 90112, 1, 0, 0
1000007, 119808, 1, 0, 0
1001008, 157696, 1, 0, 0
1002009, 77824, 1, 0, 0
1003009, 76800, 1, 0, 0
1004010, 100352, 1, 0, 0
1005010, 181248, 1, 0, 0
1006011, 110592, 1, 0, 0
1007011, 103424, 1, 0, 0
1008012, 97280, 1, 0, 0
1009012, 176128, 1, 0, 0
1010013, 93184, 1, 0, 0
1011013, 94208, 1, 0, 0
1012014, 104448, 1, 0, 0
1013015, 175104, 1, 0, 0
1014015, 104448, 1, 0, 0
1015016, 91136, 1, 0, 0
1016016, 111616, 1, 0, 0
1017017, 176128, 1, 0, 0
1018017, 83968, 1, 0, 0
1019018, 84992, 1, 0, 0
1020018, 94208, 1, 0, 0
1021019, 159744, 1, 0, 0
1022020, 117760, 1, 0, 0
1023020, 82944, 1, 0, 0
1024021, 86016, 1, 0, 0
1025021, 137216, 1, 0, 0
1026022, 144384, 1, 0, 0
1027023, 77824, 1, 0, 0
1028024, 91136, 1, 0, 0
1029024, 144384, 1, 0, 0
1030025, 155648, 1, 0, 0
1031025, 86016, 1, 0, 0
1032026, 88064, 1, 0, 0
1033026, 145408, 1, 0, 0
1034027, 156672, 1, 0, 0
1035027, 105472, 1, 0, 0
1036028, 113664, 1, 0, 0
1037028, 187392, 1, 0, 0
1038029, 129024, 1, 0, 0
1039030, 109568, 1, 0, 0
1040030, 150528, 1, 0, 0
1041031, 155648, 1, 0, 0
1042031, 106496, 1, 0, 0
1043032, 129024, 1, 0, 0
1044032, 182272, 1, 0, 0
1045033, 107520, 1, 0, 0
1046034, 96256, 1, 0, 0
1047034, 138240, 1, 0, 0
1048035, 172032, 1, 0, 0
1049035, 103424, 1, 0, 0
1050036, 99328, 1, 0, 0
1051036, 152576, 1, 0, 0
1052037, 142336, 1, 0, 0
1053037, 107520, 1, 0, 0
1054038, 107520, 1, 0, 0
1055038, 187392, 1, 0, 0
1056039, 115712, 1, 0, 0
1057039, 116736, 1, 0, 0
1058040, 159744, 1, 0, 0
1059040, 152576, 1, 0, 0
1060041, 121856, 1, 0, 0
1061041, 152576, 1, 0, 0
1062042, 179200, 1, 0, 0
1063042, 119808, 1, 0, 0
1064043, 145408, 1, 0, 0
1065043, 191488, 1, 0, 0
1066044, 115712, 1, 0, 0
1067044, 144384, 1, 0, 0
1068045, 186368, 1, 0, 0
1069045, 147456, 1, 0, 0
1070046, 159744, 1, 0, 0
1071046, 190464, 1, 0, 0
1072047, 144384, 1, 0, 0
1073047, 129024, 1, 0, 0
1074048, 184320, 1, 0, 0
1075048, 130048, 1, 0, 0
1076049, 109568, 1, 0, 0
1077049, 184320, 1, 0, 0
1078050, 141312, 1, 0, 0
1079050, 144384, 1, 0, 0
1080051, 182272, 1, 0, 0
1081051, 165888, 1, 0, 0
1082052, 119808, 1, 0, 0
1083052, 184320, 1, 0, 0
1084053, 162816, 1, 0, 0
1085053, 176128, 1, 0, 0
1086054, 199680, 1, 0, 0
1087054, 139264, 1, 0, 0
1088055, 163840, 1, 0, 0
1089055, 182272, 1, 0, 0
1090056, 161792, 1, 0, 0
1091056, 191488, 1, 0, 0
1092057, 167936, 1, 0, 0
1093057, 144384, 1, 0, 0
1094058, 177152, 1, 0, 0
1095058, 164864, 1, 0, 0
1096059, 168960, 1, 0, 0
1097059, 180224, 1, 0, 0
1098060, 151552, 1, 0, 0
1099060, 171008, 1, 0, 0
1100061, 175104, 1, 0, 0
1101062, 137216, 1, 0, 0
1102062, 142336, 1, 0, 0
1103063, 176128, 1, 0, 0
1104063, 144384, 1, 0, 0
1105064, 144384, 1, 0, 0
1106064, 181248, 1, 0, 0
1107065, 152576, 1, 0, 0
1108065, 157696, 1, 0, 0
1109066, 175104, 1, 0, 0
1110066, 161792, 1, 0, 0
1111066, 175104, 1, 0, 0
1112067, 168960, 1, 0, 0
1113068, 151552, 1, 0, 0
1114068, 175104, 1, 0, 0
1115068, 166912, 1, 0, 0
1116069, 155648, 1, 0, 0
1117069, 181248, 1, 0, 0
1118070, 164864, 1, 0, 0
1119071, 147456, 1, 0, 0
1120071, 188416, 1, 0, 0
1121072, 126976, 1, 0, 0
1122072, 155648, 1, 0, 0
1123073, 159744, 1, 0, 0
1124073, 152576, 1, 0, 0
1125074, 155648, 1, 0, 0
1126074, 156672, 1, 0, 0
1127075, 146432, 1, 0, 0
1128075, 154624, 1, 0, 0
1129076, 158720, 1, 0, 0
1130076, 134144, 1, 0, 0
1131076, 151552, 1, 0, 0
1132077, 154624, 1, 0, 0
1133078, 134144, 1, 0, 0
1134078, 142336, 1, 0, 0
1135079, 156672, 1, 0, 0
1136079, 132096, 1, 0, 0
1137080, 135168, 1, 0, 0
1138081, 133120, 1, 0, 0
1139081, 142336, 1, 0, 0
1140082, 124928, 1, 0, 0
1141083, 114688, 1, 0, 0
1142083, 124928, 1, 0, 0
1143084, 119808, 1, 0, 0
1144084, 97280, 1, 0, 0
1145085, 98304, 1, 0, 0
1146085, 106496, 1, 0, 0
1147086, 108544, 1, 0, 0
1148086, 110592, 1, 0, 0
1149087, 86016, 1, 0, 0
1150087, 96256, 1, 0, 0
1151088, 105472, 1, 0, 0
1152089, 106496, 1, 0, 0
1153089, 90112, 1, 0, 0
1154089, 104448, 1, 0, 0
1155090, 107520, 1, 0, 0
1156090, 116736, 1, 0, 0
1157091, 103424, 1, 0, 0
1158092, 114688, 1, 0, 0
1159092, 107520, 1, 0, 0
1160093, 122880, 1, 0, 0
1161093, 108544, 1, 0, 0
1162094, 94208, 1, 0, 0
1163094, 95232, 1, 0, 0
1164095, 112640, 1, 0, 0
1165095, 114688, 1, 0, 0
1166096, 93090, 1, 0, 0
1167097, 93184, 1, 0, 0
1168097, 102400, 1, 0, 0
1169098, 104448, 1, 0, 0
1170098, 102400, 1, 0, 0
1171099, 101376, 1, 0, 0
1172099, 84992, 1, 0, 0
1173100, 98304, 1, 0, 0
1174100, 101376, 1, 0, 0
1175101, 92160, 1, 0, 0
1176101, 87040, 1, 0, 0
1177102, 93184, 1, 0, 0
1178102, 103424, 1, 0, 0
1179103, 103424, 1, 0, 0
1180103, 100352, 1, 0, 0
1181104, 93184, 1, 0, 0
1182104, 98304, 1, 0, 0
1183105, 109568, 1, 0, 0
1184106, 120832, 1, 0, 0
1185106, 90112, 1, 0, 0
1186107, 83968, 1, 0, 0
1187107, 100352, 1, 0, 0
1188108, 117760, 1, 0, 0
1189108, 105472, 1, 0, 0
1190109, 84992, 1, 0, 0
1191110, 92160, 1, 0, 0
1192110, 120832, 1, 0, 0
1193111, 124928, 1, 0, 0
1194111, 93184, 1, 0, 0
1195112, 94208, 1, 0, 0
1196112, 93184, 1, 0, 0
1197113, 113664, 1, 0, 0
1198113, 98304, 1, 0, 0
1199114, 81920, 1, 0, 0
1200114, 83968, 1, 0, 0
1201115, 108544, 1, 0, 0
1202115, 123904, 1, 0, 0
1203116, 98304, 1, 0, 0
1204116, 84992, 1, 0, 0
1205117, 76800, 1, 0, 0
1206117, 115712, 1, 0, 0
1207118, 120832, 1, 0, 0
1208118, 79872, 1, 0, 0
1209119, 91136, 1, 0, 0
1210120, 91044, 1, 0, 0
1211120, 135168, 1, 0, 0
1212121, 107520, 1, 0, 0
1213122, 90112, 1, 0, 0
1214122, 89088, 1, 0, 0
1215123, 128000, 1, 0, 0
1216123, 126976, 1, 0, 0
1217124, 90112, 1, 0, 0
1218124, 86016, 1, 0, 0
1219125, 105472, 1, 0, 0
1220125, 146432, 1, 0, 0
1221126, 99328, 1, 0, 0
1222126, 84992, 1, 0, 0
1223127, 97280, 1, 0, 0
1224127, 140288, 1, 0, 0
1225128, 115712, 1, 0, 0
1226128, 76800, 1, 0, 0
1227129, 83968, 1, 0, 0
1228129, 123904, 1, 0, 0
1229130, 130048, 1, 0, 0
1230130, 84992, 1, 0, 0
1231132, 82861, 1, 0, 0
1232132, 77824, 1, 0, 0
1233132, 133120, 1, 0, 0
1234132, 129153, 1, 0, 0
1235132, 84992, 1, 0, 0
1236132, 91227, 1, 0, 0
1237132, 143360, 1, 0, 0
1238133, 141312, 1, 0, 0
1239132, 88152, 1, 0, 0
1240133, 86016, 1, 0, 0
1241132, 136328, 1, 0, 0
1242133, 148480, 1, 0, 0
1243132, 72776, 1, 0, 0
1244133, 86016, 1, 0, 0
1245132, 118902, 1, 0, 0
1246132, 164864, 1, 0, 0
1247132, 85077, 1, 0, 0
1248132, 91227, 1, 0, 0
1249132, 71680, 1, 0, 0
1250132, 144528, 1, 0, 0
1251132, 110592, 1, 0, 0
1252132, 77901, 1, 0, 0
1253132, 75851, 1, 0, 0
1254133, 97280, 1, 0, 0
1255132, 141453, 1, 0, 0
1256133, 101376, 1, 0, 0
1257132, 84052, 1, 0, 0
1258133, 77824, 1, 0, 0
1259132, 150678, 1, 0, 0
1260133, 118784, 1, 0, 0
1261132, 76876, 1, 0, 0
1262133, 91136, 1, 0, 0
1263132, 128128, 1, 0, 0
1264133, 149504, 1, 0, 0
1265132, 99427, 1, 0, 0
1266133, 93184, 1, 0, 0
1267132, 146578, 1, 0, 0
1268132, 136328, 1, 0, 0
1269132, 103424, 1, 0, 0
1270132, 77901, 1, 0, 0
1271132, 140288, 1, 0, 0
1272132, 140428, 1, 0, 0
1273132, 104448, 1, 0, 0
1274132, 101376, 1, 0, 0
1275132, 168104, 1, 0, 0
1276132, 121856, 1, 0, 0
1277132, 90202, 1, 0, 0
1278132, 92160, 1, 0, 0
1279133, 147456, 1, 0, 0
1280132, 127103, 1, 0, 0
1281133, 82944, 1, 0, 0
1282132, 91227, 1, 0, 0
1283133, 142336, 1, 0, 0
1284132, 135303, 1, 0, 0
1285133, 79872, 1, 0, 0
1286132, 93277, 1, 0, 0
1287132, 145553, 1, 0, 0
1288132, 131072, 1, 0, 0
1289132, 85077, 1, 0, 0
1290132, 94208, 1, 0, 0
1291132, 128128, 1, 0, 0
1292133, 149504, 1, 0, 0
1293132, 98402, 1, 0, 0
1294133, 91136, 1, 0, 0
1295132, 156828, 1, 0, 0
1296133, 153600, 1, 0, 0
1297132, 111727, 1, 0, 0
1298133, 115712, 1, 0, 0
1299132, 188604, 1, 0, 0
1300133, 108544, 1, 0, 0
1301132, 105577, 1, 0, 0
1302132, 128000, 1, 0, 0
1303132, 162978, 1, 0, 0
1304132, 101376, 1, 0, 0
1305132, 103527, 1, 0, 0
1306132, 173056, 1, 0, 0
1307132, 123003, 1, 0, 0
1308132, 96256, 1, 0, 0
1309133, 144384, 1, 0, 0
1310133, 157853, 1, 0, 0
1311132, 101477, 1, 0, 0
1312133, 87040, 1, 0, 0
1313132, 135303, 1, 0, 0
1314133, 162816, 1, 0, 0
1315132, 114802, 1, 0, 0
1316133, 114688, 1, 0, 0
1317132, 180404, 1, 0, 0
1318133, 135168, 1, 0, 0
1319133, 112752, 1, 0, 0
1320132, 188604, 1, 0, 0
1321132, 137216, 1, 0, 0
1322132, 128128, 1, 0, 0
1323132, 171008, 1, 0, 0
1324132, 154778, 1, 0, 0
1325132, 134144, 1, 0, 0
1326132, 169129, 1, 0, 0
1327132, 167936, 1, 0, 0
1328133, 125952, 1, 0, 0
1329132, 176304, 1, 0, 0
1330133, 154624, 1, 0, 0
1331132, 127103, 1, 0, 0
1332133, 179200, 1, 0, 0
1333132, 168104, 1, 0, 0
1334132, 126078, 1, 0, 0
1335132, 161792, 1, 0, 0
1336132, 149653, 1, 0, 0
1337132, 134144, 1, 0, 0
1338132, 169129, 1, 0, 0
1339132, 161792, 1, 0, 0
1340132, 129153, 1, 0, 0
1341132, 161792, 1, 0, 0
1342132, 172204, 1, 0, 0
1343132, 155648, 1, 0, 0
1344133, 180224, 1, 0, 0
1345132, 159903, 1, 0, 0
1346132, 153753, 1, 0, 0
1347132, 188416, 1, 0, 0
1348132, 159903, 1, 0, 0
1349132, 157696, 1, 0, 0
1350133, 188416, 1, 0, 0
1351132, 161953, 1, 0, 0
1352133, 177152, 1, 0, 0
1353132, 174254, 1, 0, 0
1354133, 162816, 1, 0, 0
1355132, 181429, 1, 0, 0
1356133, 164864, 1, 0, 0
1357132, 148628, 1, 0, 0
1358132, 184504, 1, 0, 0
1359132, 182272, 1, 0, 0
1360133, 175104, 1, 0, 0
1361132, 175279, 1, 0, 0
1362133, 163840, 1, 0, 0
1363132, 168104, 1, 0, 0
1364133, 162816, 1, 0, 0
1365132, 170154, 1, 0, 0
1366133, 184320, 1, 0, 0
1367132, 152728, 1, 0, 0
1368133, 166912, 1, 0, 0
1369132, 189629, 1, 0, 0
1370133, 155648, 1, 0, 0
1371132, 176304, 1, 0, 0
1372132, 182272, 1, 0, 0
1373132, 167079, 1, 0, 0
1374132, 188416, 1, 0, 0
1375132, 179379, 1, 0, 0
1376133, 165888, 1, 0, 0
1377132, 184504, 1, 0, 0
1378133, 136192, 1, 0, 0
1379132, 175279, 1, 0, 0
1380132, 172032, 1, 0, 0
1381132, 161953, 1, 0, 0
1382132, 161792, 1, 0, 0
1383133, 176128, 1, 0, 0
1384132, 172204, 1, 0, 0
1385133, 178176, 1, 0, 0
1386132, 161953, 1, 0, 0
1387133, 155648, 1, 0, 0
1388132, 185529, 1, 0, 0
1389133, 180224, 1, 0, 0
1390132, 175279, 1, 0, 0
1391132, 176128, 1, 0, 0
1392132, 167079, 1, 0, 0
1393133, 179200, 1, 0, 0
1394132, 168104, 1, 0, 0
1395133, 176128, 1, 0, 0
1396132, 174254, 1, 0, 0
1397133, 150528, 1, 0, 0
1398132, 139403, 1, 0, 0
1399133, 158720, 1, 0, 0
1400132, 135303, 1, 0, 0
1401132, 121856, 1, 0, 0
1402133, 129024, 1, 0, 0
1403133, 126078, 1, 0, 0
1404132, 104552, 1, 0, 0
1405132, 124028, 1, 0, 0
1406132, 124928, 1, 0, 0
1407133, 111616, 1, 0, 0
1408133, 104552, 1, 0, 0
1409132, 120952, 1, 0, 0
1410133, 116736, 1, 0, 0
1411133, 116736, 1, 0, 0
1412132, 113777, 1, 0, 0
1413133, 111616, 1, 0, 0
1414132, 107627, 1, 0, 0
1415133, 116736, 1, 0, 0
1416132, 113777, 1, 0, 0
1417133, 111616, 1, 0, 0
1418132, 117877, 1, 0, 0
1419132, 122880, 1, 0, 0
1420133, 116736, 1, 0, 0
1421133, 108652, 1, 0, 0
1422132, 124028, 1, 0, 0
1423133, 115712, 1, 0, 0
1424132, 115827, 1, 0, 0
1425133, 103424, 1, 0, 0
1426132, 102502, 1, 0, 0
1427133, 122880, 1, 0, 0
1428132, 112752, 1, 0, 0
1429133, 105472, 1, 0, 0
1430132, 110702, 1, 0, 0
1431133, 99328, 1, 0, 0
1432132, 102502, 1, 0, 0
1433133, 94208, 1, 0, 0
1434132, 89177, 1, 0, 0
1435132, 104448, 1, 0, 0
1436133, 109568, 1, 0, 0
1437132, 98402, 1, 0, 0
1438132, 91227, 1, 0, 0
1439133, 83968, 1, 0, 0
1440132, 104552, 1, 0, 0
1441133, 114688, 1, 0, 0
1442132, 94302, 1, 0, 0
1443133, 102400, 1, 0, 0
1444132, 110702, 1, 0, 0
1445133, 121856, 1, 0, 0
1446132, 107627, 1, 0, 0
1447133, 108544, 1, 0, 0
1448132, 106602, 1, 0, 0
1449133, 125952, 1, 0, 0
1450132, 113777, 1, 0, 0
1451133, 101376, 1, 0, 0
1452132, 92252, 1, 0, 0
1453133, 123904, 1, 0, 0
1454132, 111727, 1, 0, 0
1455133, 93184, 1, 0, 0
1456132, 94302, 1, 0, 0
1457133, 117760, 1, 0, 0
1458132, 121977, 1, 0, 0
1459133, 98304, 1, 0, 0
1460132, 97377, 1, 0, 0
1461133, 101376, 1, 0, 0
1462132, 114802, 1, 0, 0
1463133, 102400, 1, 0, 0
1464132, 89177, 1, 0, 0
1465133, 83968, 1, 0, 0
1466132, 100452, 1, 0, 0
1467133, 120832, 1, 0, 0
1468132, 102502, 1, 0, 0
1469132, 84992, 1, 0, 0
1470133, 76800, 1, 0, 0
1471132, 135303, 1, 0, 0
1472133, 123904, 1, 0, 0
1473132, 91227, 1, 0, 0
1474133, 97280, 1, 0, 0
1475132, 116852, 1, 0, 0
1476133, 141312, 1, 0, 0
1477132, 91227, 1, 0, 0
1478133, 97280, 1, 0, 0
1479132, 121977, 1, 0, 0
1480133, 149504, 1, 0, 0
1481132, 85077, 1, 0, 0
1482133, 92160, 1, 0, 0
1483132, 99427, 1, 0, 0
1484133, 158720, 1, 0, 0
1485132, 110702, 1, 0, 0
1486133, 86016, 1, 0, 0
1487133, 78926, 1, 0, 0
1488133, 142336, 1, 0, 0
1489132, 110702, 1, 0, 0
1490133, 87040, 1, 0, 0
1491132, 74826, 1, 0, 0
1492133, 105472, 1, 0, 0
1493132, 148628, 1, 0, 0
1494133, 84992, 1, 0, 0
1495132, 86102, 1, 0, 0
1496133, 84992, 1, 0, 0
1497132, 150678, 1, 0, 0
1498133, 119808, 1, 0, 0
1499132, 90202, 1, 0, 0
1500133, 91136, 1, 0, 0
1501132, 143503, 1, 0, 0
1502133, 134144, 1, 0, 0
1503132, 95327, 1, 0, 0
1504133, 80896, 1, 0, 0
1505132, 127103, 1, 0, 0
1506132, 156828, 1, 0, 0
1507133, 93184, 1, 0, 0
1508132, 99427, 1, 0, 0
1509133, 157696, 1, 0, 0
1510132, 131203, 1, 0, 0
1511133, 91136, 1, 0, 0
1512133, 80896, 1, 0, 0
1513133, 155803, 1, 0, 0
1514133, 124928, 1, 0, 0
1515132, 91227, 1, 0, 0
1516133, 91136, 1, 0, 0
1517132, 165029, 1, 0, 0
1518133, 128000, 1, 0, 0
1519132, 87127, 1, 0, 0
1520133, 82944, 1, 0, 0
1521132, 158878, 1, 0, 0
1522133, 131072, 1, 0, 0
1523133, 84052, 1, 0, 0
1524133, 75776, 1, 0, 0
1525132, 149653, 1, 0, 0
1526133, 150528, 1, 0, 0
1527132, 80976, 1, 0, 0
1528133, 75776, 1, 0, 0
1529132, 137353, 1, 0, 0
1530133, 143360, 1, 0, 0
1531132, 87127, 1, 0, 0
1532133, 87040, 1, 0, 0
1533132, 112752, 1, 0, 0
1534133, 163840, 1, 0, 0
1535133, 87040, 1, 0, 0
1536132, 89177, 1, 0, 0
1537133, 108544, 1, 0, 0
1538132, 168104, 1, 0, 0
1539133, 83968, 1, 0, 0
1540132, 75851, 1, 0, 0
1541133, 80896, 1, 0, 0
1542132, 165029, 1, 0, 0
1543133, 110592, 1, 0, 0
1544132, 88152, 1, 0, 0
1545133, 90112, 1, 0, 0
1546132, 159903, 1, 0, 0
1547133, 106496, 1, 0, 0
1548132, 85077, 1, 0, 0
1549133, 81920, 1, 0, 0
1550132, 138378, 1, 0, 0
1551133, 139264, 1, 0, 0
1552132, 89177, 1, 0, 0
1553133, 83968, 1, 0, 0
1554132, 144528, 1, 0, 0
1555133, 138240, 1, 0, 0
1556132, 84052, 1, 0, 0
1557133, 98304, 1, 0, 0
1558132, 149653, 1, 0, 0
1559133, 134144, 1, 0, 0
1560132, 84052, 1, 0, 0
1561133, 95232, 1, 0, 0
1562132, 156828, 1, 0, 0
1563133, 139264, 1, 0, 0
1564132, 92252, 1, 0, 0
1565133, 118784, 1, 0, 0
1566133, 175104, 1, 0, 0
1567132, 107627, 1, 0, 0
1568133, 104448, 1, 0, 0
1569132, 158878, 1, 0, 0
1570133, 158720, 1, 0, 0
1571132, 96352, 1, 0, 0
1572133, 131072, 1, 0, 0
1573132, 189629, 1, 0, 0
1574133, 102400, 1, 0, 0
1575133, 105472, 1, 0, 0
1576133, 127103, 1, 0, 0
1577133, 162816, 1, 0, 0
1578132, 111727, 1, 0, 0
1579133, 131072, 1, 0, 0
1580132, 178354, 1, 0, 0
1581133, 125952, 1, 0, 0
1582132, 118902, 1, 0, 0
1583133, 191488, 1, 0, 0
1584132, 110702, 1, 0, 0
1585133, 110592, 1, 0, 0
1586132, 175279, 1, 0, 0
1587133, 143360, 1, 0, 0
1588132, 108652, 1, 0, 0
1589133, 153600, 1, 0, 0
1590132, 175279, 1, 0, 0
1591133, 117760, 1, 0, 0
1592133, 131072, 1, 0, 0
1593133, 181429, 1, 0, 0
1594133, 119808, 1, 0, 0
1595133, 142478, 1, 0, 0
1596133, 191488, 1, 0, 0
1597132, 121977, 1, 0, 0
1598133, 161792, 1, 0, 0
1599132, 189629, 1, 0, 0
1600133, 141312, 1, 0, 0
1601132, 168104, 1, 0, 0
1602133, 178176, 1, 0, 0
1603132, 128128, 1, 0, 0
1604133, 165888, 1, 0, 0
1605133, 172204, 1, 0, 0
1606133, 141312, 1, 0, 0
1607133, 178354, 1, 0, 0
1608133, 176128, 1, 0, 0
1609132, 136328, 1, 0, 0
1610133, 193536, 1, 0, 0
1611132, 156828, 1, 0, 0
1612133, 147456, 1, 0, 0
1613133, 194560, 1, 0, 0
1614132, 127103, 1, 0, 0
1615133, 164864, 1, 0, 0
1616132, 189629, 1, 0, 0
1617133, 145408, 1, 0, 0
1618132, 169129, 1, 0, 0
1619133, 177152, 1, 0, 0
1620133, 137216, 1, 0, 0
1621132, 167079, 1, 0, 0
1622133, 180224, 1, 0, 0
1623132, 158878, 1, 0, 0
1624133, 182272, 1, 0, 0
1625132, 167079, 1, 0, 0
1626133, 161792, 1, 0, 0
1627132, 189629, 1, 0, 0
1628133, 161792, 1, 0, 0
1629133, 179200, 1, 0, 0
1630133, 186554, 1, 0, 0
1631133, 161792, 1, 0, 0
1632133, 192704, 1, 0, 0
1633133, 172032, 1, 0, 0
1634132, 181429, 1, 0, 0
1635133, 171008, 1, 0, 0
1636132, 183479, 1, 0, 0
1637133, 183296, 1, 0, 0
1638133, 163840, 1, 0, 0
1639133, 165029, 1, 0, 0
1640133, 190464, 1, 0, 0
1641133, 167079, 1, 0, 0
1642133, 172032, 1, 0, 0
1643132, 185529, 1, 0, 0
1644133, 178176, 1, 0, 0
1645132, 182454, 1, 0, 0
1646133, 165888, 1, 0, 0
1647133, 181248, 1, 0, 0
1648133, 169129, 1, 0, 0
1649133, 172032, 1, 0, 0
1650132, 179379, 1, 0, 0
1651133, 168960, 1, 0, 0
1652132, 162978, 1, 0, 0
1653133, 183296, 1, 0, 0
1654133, 164864, 1, 0, 0
1655133, 164004, 1, 0, 0
1656133, 163840, 1, 0, 0
1657132, 154778, 1, 0, 0
1658133, 155648, 1, 0, 0
1659132, 156828, 1, 0, 0
1660133, 154624, 1, 0, 0
1661132, 162978, 1, 0, 0
1662133, 148480, 1, 0, 0
1663132, 137353, 1, 0, 0
1664133, 143360, 1, 0, 0
1665133, 130048, 1, 0, 0
1666133, 135303, 1, 0, 0
1667133, 140288, 1, 0, 0
1668132, 143503, 1, 0, 0
1669133, 125952, 1, 0, 0
1670132, 133253, 1, 0, 0
1671133, 133120, 1, 0, 0
1672133, 134144, 1, 0, 0
1673133, 134278, 1, 0, 0
1674133, 141312, 1, 0, 0
1675132, 133253, 1, 0, 0
1676133, 126976, 1, 0, 0
1677132, 116852, 1, 0, 0
1678133, 123904, 1, 0, 0
1679133, 128000, 1, 0, 0
1680133, 113777, 1, 0, 0
1681133, 116736, 1, 0, 0
1682133, 129153, 1, 0, 0
1683133, 122880, 1, 0, 0
1684133, 135303, 1, 0, 0
1685133, 129024, 1, 0, 0
1686132, 131203, 1, 0, 0
1687133, 141312, 1, 0, 0
1688132, 123003, 1, 0, 0
1689133, 139264, 1, 0, 0
1690132, 114802, 1, 0, 0
1691133, 113664, 1, 0, 0
1692133, 115712, 1, 0, 0
1693133, 119927, 1, 0, 0
1694133, 119808, 1, 0, 0
1695133, 118902, 1, 0, 0
1696133, 108544, 1, 0, 0
1697133, 125053, 1, 0, 0
1698133, 120832, 1, 0, 0
1699133, 96352, 1, 0, 0
1700133, 119808, 1, 0, 0
1701132, 113777, 1, 0, 0
1702133, 112640, 1, 0, 0
1703133, 101376, 1, 0, 0
1704133, 101477, 1, 0, 0
1705133, 113664, 1, 0, 0
1706132, 116852, 1, 0, 0
1707133, 103424, 1, 0, 0
1708133, 99427, 1, 0, 0
1709133, 108544, 1, 0, 0
1710133, 119927, 1, 0, 0
1711133, 91136, 1, 0, 0
1712132, 82002, 1, 0, 0
1713133, 107520, 1, 0, 0
1714132, 114802, 1, 0, 0
1715133, 108544, 1, 0, 0
1716133, 99328, 1, 0, 0
1717133, 99427, 1, 0, 0
1718133, 108544, 1, 0, 0
1719133, 108652, 1, 0, 0
1720133, 91136, 1, 0, 0
1721132, 83027, 1, 0, 0
1722133, 105472, 1, 0, 0
1723132, 117877, 1, 0, 0
1724133, 100352, 1, 0, 0
1725133, 82944, 1, 0, 0
1726133, 85077, 1, 0, 0
1727133, 114688, 1, 0, 0
1728133, 118902, 1, 0, 0
1729133, 84992, 1, 0, 0
1730132, 86102, 1, 0, 0
1731133, 94208, 1, 0, 0
1732133, 120832, 1, 0, 0
1733133, 101477, 1, 0, 0
1734133, 83968, 1, 0, 0
1735133, 85077, 1, 0, 0
1736133, 112640, 1, 0, 0
1737133, 133253, 1, 0, 0
1738133, 86016, 1, 0, 0
1739133, 87127, 1, 0, 0
1740133, 96256, 1, 0, 0
1741133, 134278, 1, 0, 0
1742133, 106496, 1, 0, 0
1743132, 93277, 1, 0, 0
1744133, 86016, 1, 0, 0
1745133, 140288, 1, 0, 0
1746133, 121977, 1, 0, 0
1747133, 88064, 1, 0, 0
1748133, 83027, 1, 0, 0
1749133, 129024, 1, 0, 0
1750133, 143503, 1, 0, 0
1751133, 92160, 1, 0, 0
1752133, 85077, 1, 0, 0
1753133, 129024, 1, 0, 0
1754133, 141453, 1, 0, 0
1755133, 87040, 1, 0, 0
1756133, 91227, 1, 0, 0
1757132, 123003, 1, 0, 0
1758133, 152576, 1, 0, 0
1759132, 85077, 1, 0, 0
1760133, 84992, 1, 0, 0
1761132, 107627, 1, 0, 0
1762133, 168960, 1, 0, 0
1763132, 91227, 1, 0, 0
1764133, 88064, 1, 0, 0
1765133, 118784, 1, 0, 0
1766133, 169129, 1, 0, 0
1767134, 85930, 1, 0, 0
1768133, 89177, 1, 0, 0
1769133, 133253, 1, 0, 0
1770133, 154624, 1, 0, 0
1771133, 88152, 1, 0, 0
1772133, 81920, 1, 0, 0
1773133, 123003, 1, 0, 0
1774133, 152576, 1, 0, 0
1775133, 82002, 1, 0, 0
1776133, 88064, 1, 0, 0
1777132, 119927, 1, 0, 0
1778133, 160768, 1, 0, 0
1779132, 86102, 1, 0, 0
1780133, 88064, 1, 0, 0
1781133, 116736, 1, 0, 0
1782133, 165029, 1, 0, 0
1783133, 95232, 1, 0, 0
1784133, 76876, 1, 0, 0
1785133, 111616, 1, 0, 0
1786133, 162978, 1, 0, 0
1787133, 79872, 1, 0, 0
1788133, 84052, 1, 0, 0
1789133, 93184, 1, 0, 0
1790133, 154778, 1, 0, 0
1791133, 108544, 1, 0, 0
1792133, 73801, 1, 0, 0
1793132, 77901, 1, 0, 0
1794133, 140288, 1, 0, 0
1795133, 133120, 1, 0, 0
1796133, 84052, 1, 0, 0
1797133, 81920, 1, 0, 0
1798133, 137353, 1, 0, 0
1799133, 143360, 1, 0, 0
1800133, 79951, 1, 0, 0
1801133, 80896, 1, 0, 0
1802133, 120832, 1, 0, 0
1803133, 153753, 1, 0, 0
1804133, 78848, 1, 0, 0
1805133, 71751, 1, 0, 0
1806133, 91136, 1, 0, 0
1807132, 167079, 1, 0, 0
1808133, 89088, 1, 0, 0
1809133, 83968, 1, 0, 0
1810133, 89177, 1, 0, 0
1811133, 155648, 1, 0, 0
1812133, 120832, 1, 0, 0
1813133, 76876, 1, 0, 0
1814133, 80896, 1, 0, 0
1815133, 135303, 1, 0, 0
1816133, 150528, 1, 0, 0
1817133, 84052, 1, 0, 0
1818133, 82944, 1, 0, 0
1819133, 125053, 1, 0, 0
1820133, 151552, 1, 0, 0
1821133, 84052, 1, 0, 0
1822133, 92160, 1, 0, 0
1823133, 125053, 1, 0, 0
1824133, 150528, 1, 0, 0
1825132, 90202, 1, 0, 0
1826133, 92160, 1, 0, 0
1827133, 148480, 1, 0, 0
1828133, 143503, 1, 0, 0
1829133, 98402, 1, 0, 0
1830133, 87040, 1, 0, 0
1831133, 146578, 1, 0, 0
1832133, 131072, 1, 0, 0
1833133, 82002, 1, 0, 0
1834133, 97280, 1, 0, 0
1835133, 169129, 1, 0, 0
1836133, 128000, 1, 0, 0
1837133, 93277, 1, 0, 0
1838133, 108544, 1, 0, 0
1839133, 182454, 1, 0, 0
1840133, 119808, 1, 0, 0
1841133, 104552, 1, 0, 0
1842133, 153600, 1, 0, 0
1843133, 135303, 1, 0, 0
1844133, 118784, 1, 0, 0
1845133, 129153, 1, 0, 0
1846133, 174080, 1, 0, 0
1847133, 108652, 1, 0, 0
1848133, 137216, 1, 0, 0
1849133, 187579, 1, 0, 0
1850133, 118784, 1, 0, 0
1851133, 110702, 1, 0, 0
1852133, 180224, 1, 0, 0
1853133, 134278, 1, 0, 0
1854133, 107520, 1, 0, 0
1855133, 162978, 1, 0, 0
1856133, 151552, 1, 0, 0
1857133, 108544, 1, 0, 0
1858133, 145553, 1, 0, 0
1859133, 175104, 1, 0, 0
1860133, 110702, 1, 0, 0
1861133, 131072, 1, 0, 0
1862133, 185529, 1, 0, 0
1863133, 121856, 1, 0, 0
1864133, 136192, 1, 0, 0
1865133, 187579, 1, 0, 0
1866133, 128000, 1, 0, 0
1867133, 125053, 1, 0, 0
1868133, 186368, 1, 0, 0
1869133, 136328, 1, 0, 0
1870133, 117760, 1, 0, 0
1871133, 180404, 1, 0, 0
1872133, 147456, 1, 0, 0
1873133, 135303, 1, 0, 0
1874133, 187392, 1, 0, 0
1875133, 144528, 1, 0, 0
1876133, 138240, 1, 0, 0
1877133, 189629, 1, 0, 0
1878133, 138240, 1, 0, 0
1879133, 144528, 1, 0, 0
1880133, 187392, 1, 0, 0
1881133, 134278, 1, 0, 0
1882133, 156672, 1, 0, 0
1883133, 181429, 1, 0, 0
1884134, 133120, 1, 0, 0
1885133, 150678, 1, 0, 0
1886133, 183479, 1, 0, 0
1887133, 131072, 1, 0, 0
1888132, 152728, 1, 0, 0
1889133, 177152, 1, 0, 0
1890132, 153753, 1, 0, 0
1891133, 175104, 1, 0, 0
1892132, 168104, 1, 0, 0
1893133, 148480, 1, 0, 0
1894133, 177152, 1, 0, 0
1895133, 162978, 1, 0, 0
1896133, 154624, 1, 0, 0
1897133, 189629, 1, 0, 0
1898133, 161792, 1, 0, 0
1899133, 172204, 1, 0, 0
1900133, 172032, 1, 0, 0
1901133, 178354, 1, 0, 0
1902133, 178176, 1, 0, 0
1903133, 161953, 1, 0, 0
1904133, 168960, 1, 0, 0
1905133, 187579, 1, 0, 0
1906133, 166912, 1, 0, 0
1907133, 152728, 1, 0, 0
1908133, 181248, 1, 0, 0
1909133, 160928, 1, 0, 0
1910133, 186368, 1, 0, 0
1911133, 167079, 1, 0, 0
1912133, 177152, 1, 0, 0
1913133, 179379, 1, 0, 0
1914133, 153600, 1, 0, 0
1915133, 177329, 1, 0, 0
1916133, 178176, 1, 0, 0
1917133, 165029, 1, 0, 0
1918133, 181248, 1, 0, 0
1919133, 159903, 1, 0, 0
1920132, 167079, 1, 0, 0
1921133, 168960, 1, 0, 0
1922133, 164864, 1, 0, 0
1923133, 158878, 1, 0, 0
1924133, 165888, 1, 0, 0
1925133, 153753, 1, 0, 0
1926133, 165888, 1, 0, 0
1927133, 152728, 1, 0, 0
1928133, 136192, 1, 0, 0
1929133, 162978, 1, 0, 0
1930133, 156672, 1, 0, 0
1931133, 147603, 1, 0, 0
1932133, 152576, 1, 0, 0
1933132, 146578, 1, 0, 0
1934133, 140288, 1, 0, 0
1935133, 145408, 1, 0, 0
1936133, 145553, 1, 0, 0
1937133, 132096, 1, 0, 0
1938133, 136328, 1, 0, 0
1939133, 140288, 1, 0, 0
1940133, 120952, 1, 0, 0
1941133, 125952, 1, 0, 0
1942133, 148628, 1, 0, 0
1943133, 132096, 1, 0, 0
1944132, 147603, 1, 0, 0
1945133, 129024, 1, 0, 0
1946133, 130048, 1, 0, 0
1947133, 138378, 1, 0, 0
1948132, 115827, 1, 0, 0
1949133, 132096, 1, 0, 0
1950133, 132228, 1, 0, 0
1951133, 129024, 1, 0, 0
1952132, 123003, 1, 0, 0
1953133, 132096, 1, 0, 0
1954133, 114688, 1, 0, 0
1955133, 123003, 1, 0, 0
1956132, 131203, 1, 0, 0
1957133, 126976, 1, 0, 0
1958133, 123904, 1, 0, 0
1959133, 114802, 1, 0, 0
1960133, 123904, 1, 0, 0
1961133, 110702, 1, 0, 0
1962133, 111616, 1, 0, 0
1963133, 114802, 1, 0, 0
1964133, 136192, 1, 0, 0
1965133, 110702, 1, 0, 0
1966133, 116852, 1, 0, 0
1967133, 115712, 1, 0, 0
1968132, 115827, 1, 0, 0
1969133, 104448, 1, 0, 0
1970133, 107520, 1, 0, 0
1971133, 103527, 1, 0, 0
1972133, 124928, 1, 0, 0
1973133, 115827, 1, 0, 0
1974133, 93184, 1, 0, 0
1975133, 97377, 1, 0, 0
1976133, 121856, 1, 0, 0
1977133, 110702, 1, 0, 0
1978133, 105472, 1, 0, 0
1979133, 106602, 1, 0, 0
1980133, 119808, 1, 0, 0
1981133, 120952, 1, 0, 0
1982133, 87040, 1, 0, 0
1983133, 97377, 1, 0, 0
1984133, 106496, 1, 0, 0
1985133, 117877, 1, 0, 0
1986133, 103424, 1, 0, 0
1987133, 75851, 1, 0, 0
1988133, 90202, 1, 0, 0
1989133, 128000, 1, 0, 0
1990133, 115827, 1, 0, 0
1991133, 81920, 1, 0, 0
1992133, 86016, 1, 0, 0
1993133, 115827, 1, 0, 0
1994133, 125952, 1, 0, 0
1995133, 95327, 1, 0, 0
1996133, 81920, 1, 0, 0
1997133, 86102, 1, 0, 0
1998133, 132096, 1, 0, 0
1999133, 110702, 1, 0, 0
2000133, 87040, 1, 0, 0
2001133, 76876, 1, 0, 0
2002133, 112640, 1, 0, 0
2003133, 133253, 1, 0, 0
2004133, 88064, 1, 0, 0
2005133, 86102, 1, 0, 0
2006133, 83027, 1, 0, 0
2007133, 144384, 1, 0, 0
2008133, 110702, 1, 0, 0
2009133, 84992, 1, 0, 0
2010133, 89177, 1, 0, 0
2011133, 131072, 1, 0, 0
2012133, 129153, 1, 0, 0
2013133, 88064, 1, 0, 0
2014133, 80976, 1, 0, 0
2015133, 125952, 1, 0, 0
2016133, 144528, 1, 0, 0
2017133, 78848, 1, 0, 0
2018133, 83027, 1, 0, 0
2019133, 105472, 1, 0, 0
2020133, 173229, 1, 0, 0
2021133, 83968, 1, 0, 0
2022133, 87127, 1, 0, 0
2023133, 117760, 1, 0, 0
2024133, 158878, 1, 0, 0
2025133, 88064, 1, 0, 0
2026133, 90202, 1, 0, 0
2027133, 121856, 1, 0, 0
2028133, 161792, 1, 0, 0
2029133, 91227, 1, 0, 0
2030133, 77824, 1, 0, 0
2031133, 107627, 1, 0, 0
2032133, 173056, 1, 0, 0
2033133, 83027, 1, 0, 0
2034133, 90112, 1, 0, 0
2035133, 128128, 1, 0, 0
2036133, 164864, 1, 0, 0
2037133, 84052, 1, 0, 0
2038132, 87127, 1, 0, 0
2039133, 128000, 1, 0, 0
2040133, 159744, 1, 0, 0
2041133, 95327, 1, 0, 0
2042133, 89088, 1, 0, 0
2043133, 153753, 1, 0, 0
2044133, 120952, 1, 0, 0
2045133, 90112, 1, 0, 0
2046133, 90202, 1, 0, 0
2047133, 148480, 1, 0, 0
2048133, 129153, 1, 0, 0
2049133, 88064, 1, 0, 0
2050133, 93277, 1, 0, 0
2051133, 162816, 1, 0, 0
2052133, 118902, 1, 0, 0
2053133, 88064, 1, 0, 0
2054133, 83968, 1, 0, 0
2055133, 147603, 1, 0, 0
2056133, 126976, 1, 0, 0
2057133, 89177, 1, 0, 0
2058133, 73728, 1, 0, 0
2059133, 132228, 1, 0, 0
2060133, 133120, 1, 0, 0
2061132, 75851, 1, 0, 0
2062133, 74752, 1, 0, 0
2063133, 94302, 1, 0, 0
2064133, 158720, 1, 0, 0
2065133, 94208, 1, 0, 0
2066133, 78926, 1, 0, 0
2067133, 73728, 1, 0, 0
2068133, 149653, 1, 0, 0
2069133, 119808, 1, 0, 0
2070133, 80976, 1, 0, 0
2071133, 78848, 1, 0, 0
2072133, 124028, 1, 0, 0
2073133, 145408, 1, 0, 0
2074133, 76876, 1, 0, 0
2075133, 78926, 1, 0, 0
2076133, 97280, 1, 0, 0
2077133, 162978, 1, 0, 0
2078133, 83968, 1, 0, 0
2079133, 79951, 1, 0, 0
2080133, 83968, 1, 0, 0
2081133, 149653, 1, 0, 0
2082133, 115712, 1, 0, 0
2083133, 76876, 1, 0, 0
2084133, 75851, 1, 0, 0
2085133, 123904, 1, 0, 0
2086133, 157853, 1, 0, 0
2087133, 88064, 1, 0, 0
2088133, 90202, 1, 0, 0
2089133, 124928, 1, 0, 0
2090133, 151703, 1, 0, 0
2091133, 99328, 1, 0, 0
2092133, 89177, 1, 0, 0
2093133, 165029, 1, 0, 0
2094133, 126976, 1, 0, 0
2095133, 84052, 1, 0, 0
2096133, 91136, 1, 0, 0
2097133, 171179, 1, 0, 0
2098133, 117760, 1, 0, 0
2099133, 103527, 1, 0, 0
2100133, 113664, 1, 0, 0
2101133, 175279, 1, 0, 0
2102133, 93184, 1, 0, 0
2103133, 114802, 1, 0, 0
2104134, 174080, 1, 0, 0
2105133, 137353, 1, 0, 0
2106133, 101477, 1, 0, 0
2107133, 131072, 1, 0, 0
2108133, 165888, 1, 0, 0
2109133, 114802, 1, 0, 0
2110133, 123904, 1, 0, 0
2111133, 186554, 1, 0, 0
2112133, 107520, 1, 0, 0
2113133, 106602, 1, 0, 0
2114133, 161792, 1, 0, 0
2115133, 147603, 1, 0, 0
2116133, 105472, 1, 0, 0
2117133, 139403, 1, 0, 0
2118133, 161792, 1, 0, 0
2119133, 125053, 1, 0, 0
2120133, 138240, 1, 0, 0
2121133, 184504, 1, 0, 0
2122133, 123904, 1, 0, 0
2123133, 144528, 1, 0, 0
2124133, 178176, 1, 0, 0
2125133, 114802, 1, 0, 0
2126133, 129024, 1, 0, 0
2127133, 190654, 1, 0, 0
2128133, 122880, 1, 0, 0
2129133, 130178, 1, 0, 0
2130133, 185344, 1, 0, 0
2131133, 128128, 1, 0, 0
2132133, 116736, 1, 0, 0
2133133, 152576, 1, 0, 0
2134133, 154778, 1, 0, 0
2135133, 138240, 1, 0, 0
2136133, 184504, 1, 0, 0
2137133, 138240, 1, 0, 0
2138133, 132228, 1, 0, 0
2139134, 181248, 1, 0, 0
2140133, 157853, 1, 0, 0
2141134, 144384, 1, 0, 0
2142133, 184504, 1, 0, 0
2143133, 137353, 1, 0, 0
2144133, 153600, 1, 0, 0
2145133, 184320, 1, 0, 0
2146133, 142336, 1, 0, 0
2147133, 161953, 1, 0, 0
2148134, 166912, 1, 0, 0
2149133, 118902, 1, 0, 0
2150133, 163840, 1, 0, 0
2151133, 168104, 1, 0, 0
2152134, 147456, 1, 0, 0
2153133, 176304, 1, 0, 0
2154133, 159903, 1, 0, 0
2155133, 155648, 1, 0, 0
2156133, 176304, 1, 0, 0
2157133, 158720, 1, 0, 0
2158133, 156828, 1, 0, 0
2159133, 181248, 1, 0, 0
2160133, 149653, 1, 0, 0
2161133, 173056, 1, 0, 0
2162133, 166054, 1, 0, 0
2163133, 145408, 1, 0, 0
2164133, 181429, 1, 0, 0
2165133, 166912, 1, 0, 0
2166133, 144528, 1, 0, 0
2167133, 186368, 1, 0, 0
2168134, 180224, 1, 0, 0
2169133, 174254, 1, 0, 0
2170133, 174254, 1, 0, 0
2171133, 163840, 1, 0, 0
2172133, 174254, 1, 0, 0
2173133, 167936, 1, 0, 0
2174133, 172204, 1, 0, 0
2175133, 178176, 1, 0, 0
2176133, 161953, 1, 0, 0
2177133, 178176, 1, 0, 0
2178133, 168104, 1, 0, 0
2179133, 168960, 1, 0, 0
2180133, 179379, 1, 0, 0
2181133, 169984, 1, 0, 0
2182133, 170154, 1, 0, 0
2183133, 172032, 1, 0, 0
2184133, 171008, 1, 0, 0
2185133, 176304, 1, 0, 0
2186133, 162816, 1, 0, 0
2187133, 160928, 1, 0, 0
2188133, 174080, 1, 0, 0
2189133, 165029, 1, 0, 0
2190134, 163840, 1, 0, 0
2191133, 161953, 1, 0, 0
2192133, 159903, 1, 0, 0
2193133, 171008, 1, 0, 0
2194133, 143503, 1, 0, 0
2195133, 165888, 1, 0, 0
2196133, 159903, 1, 0, 0
2197133, 158720, 1, 0, 0
2198134, 138240, 1, 0, 0
2199133, 139403, 1, 0, 0
2200133, 150528, 1, 0, 0
2201133, 156828, 1, 0, 0
2202133, 167936, 1, 0, 0
2203133, 170154, 1, 0, 0
2204133, 132096, 1, 0, 0
2205133, 142478, 1, 0, 0
2206133, 135168, 1, 0, 0
2207133, 156828, 1, 0, 0
2208133, 156672, 1, 0, 0
2209133, 137353, 1, 0, 0
2210133, 141312, 1, 0, 0
2211133, 153753, 1, 0, 0
2212133, 137216, 1, 0, 0
2213133, 138378, 1, 0, 0
2214133, 144384, 1, 0, 0
2215133, 132228, 1, 0, 0
2216133, 136192, 1, 0, 0
2217133, 137353, 1, 0, 0
2218133, 134144, 1, 0, 0
2219133, 132228, 1, 0, 0
2220133, 123904, 1, 0, 0
2221133, 131203, 1, 0, 0
2222133, 126976, 1, 0, 0
2223133, 127103, 1, 0, 0
2224133, 137216, 1, 0, 0
2225133, 134278, 1, 0, 0
2226133, 111616, 1, 0, 0
2227133, 126976, 1, 0, 0
2228133, 130178, 1, 0, 0
2229133, 124928, 1, 0, 0
2230133, 125053, 1, 0, 0
2231133, 111616, 1, 0, 0
2232133, 119927, 1, 0, 0
2233133, 102400, 1, 0, 0
2234133, 110702, 1, 0, 0
2235133, 128000, 1, 0, 0
2236134, 120832, 1, 0, 0
2237133, 112752, 1, 0, 0
2238133, 104448, 1, 0, 0
2239133, 131203, 1, 0, 0
2240133, 116852, 1, 0, 0
2241133, 102400, 1, 0, 0
2242133, 92160, 1, 0, 0
2243133, 105577, 1, 0, 0
2244133, 131072, 1, 0, 0
2245133, 105577, 1, 0, 0
2246133, 108544, 1, 0, 0
2247133, 112752, 1, 0, 0
2248133, 119808, 1, 0, 0
2249133, 95327, 1, 0, 0
2250133, 99328, 1, 0, 0
2251133, 116852, 1, 0, 0
2252133, 115712, 1, 0, 0
2253134, 107520, 1, 0, 0
2254133, 91227, 1, 0, 0
2255133, 113664, 1, 0, 0
2256133, 126078, 1, 0, 0
2257133, 97280, 1, 0, 0
2258133, 90202, 1, 0, 0
2259133, 97280, 1, 0, 0
2260134, 125952, 1, 0, 0
2261133, 113777, 1, 0, 0
2262133, 93184, 1, 0, 0
2263133, 90202, 1, 0, 0
2264133, 138240, 1, 0, 0
2265133, 116852, 1, 0, 0
2266133, 95232, 1, 0, 0
2267133, 83027, 1, 0, 0
2268133, 111616, 1, 0, 0
2269133, 130178, 1, 0, 0
2270133, 88064, 1, 0, 0
2271134, 84992, 1, 0, 0
2272133, 116852, 1, 0, 0
2273133, 148480, 1, 0, 0
2274133, 100452, 1, 0, 0
2275133, 90112, 1, 0, 0
2276133, 121977, 1, 0, 0
2277133, 150528, 1, 0, 0
2278133, 92252, 1, 0, 0
2279133, 88064, 1, 0, 0
2280133, 134278, 1, 0, 0
2281133, 149504, 1, 0, 0
2282133, 78926, 1, 0, 0
2283133, 89088, 1, 0, 0
2284133, 125053, 1, 0, 0
2285133, 153600, 1, 0, 0
2286133, 83027, 1, 0, 0
2287133, 98304, 1, 0, 0
2288133, 132228, 1, 0, 0
2289133, 132096, 1, 0, 0
2290133, 89177, 1, 0, 0
2291133, 93184, 1, 0, 0
2292133, 151703, 1, 0, 0
2293134, 128000, 1, 0, 0
2294133, 100452, 1, 0, 0
2295133, 103424, 1, 0, 0
2296133, 177329, 1, 0, 0
2297133, 110592, 1, 0, 0
2298133, 88152, 1, 0, 0
2299133, 122880, 1, 0, 0
2300133, 170154, 1, 0, 0
2301133, 84992, 1, 0, 0
2302133, 95327, 1, 0, 0
2303133, 152576, 1, 0, 0
2304133, 132096, 1, 0, 0
2305133, 101477, 1, 0, 0
2306133, 88152, 1, 0, 0
2307133, 156672, 1, 0, 0
2308133, 124028, 1, 0, 0
2309133, 90112, 1, 0, 0
2310133, 107627, 1, 0, 0
2311133, 160768, 1, 0, 0
2312133, 109677, 1, 0, 0
2313133, 84992, 1, 0, 0
2314133, 118902, 1, 0, 0
2315133, 171008, 1, 0, 0
2316133, 83968, 1, 0, 0
2317133, 84052, 1, 0, 0
2318133, 114688, 1, 0, 0
2319134, 160768, 1, 0, 0
2320133, 80976, 1, 0, 0
2321134, 88064, 1, 0, 0
2322133, 126078, 1, 0, 0
2323134, 148480, 1, 0, 0
2324133, 88152, 1, 0, 0
2325134, 75776, 1, 0, 0
2326133, 87127, 1, 0, 0
2327133, 160768, 1, 0, 0
2328133, 97377, 1, 0, 0
2329133, 86016, 1, 0, 0
2330133, 93277, 1, 0, 0
2331133, 158720, 1, 0, 0
2332133, 106602, 1, 0, 0
2333134, 79872, 1, 0, 0
2334133, 79951, 1, 0, 0
2335133, 162816, 1, 0, 0
2336133, 118902, 1, 0, 0
2337133, 76800, 1, 0, 0
2338134, 81920, 1, 0, 0
2339133, 143503, 1, 0, 0
2340134, 136192, 1, 0, 0
2341133, 83027, 1, 0, 0
2342133, 79872, 1, 0, 0
2343133, 149653, 1, 0, 0
2344133, 137216, 1, 0, 0
2345133, 85077, 1, 0, 0
2346134, 82944, 1, 0, 0
2347133, 156828, 1, 0, 0
2348134, 124928, 1, 0, 0
2349133, 96352, 1, 0, 0
2350134, 100352, 1, 0, 0
2351133, 164004, 1, 0, 0
2352133, 111616, 1, 0, 0
2353133, 90202, 1, 0, 0
2354133, 103424, 1, 0, 0
2355133, 178354, 1, 0, 0
2356133, 106496, 1, 0, 0
2357133, 95327, 1, 0, 0
2358133, 140288, 1, 0, 0
2359133, 140428, 1, 0, 0
2360133, 105472, 1, 0, 0
2361133, 118902, 1, 0, 0
2362133, 173056, 1, 0, 0
2363133, 113777, 1, 0, 0
2364133, 107520, 1, 0, 0
2365133, 138378, 1, 0, 0
2366133, 142336, 1, 0, 0
2367134, 108544, 1, 0, 0
2368133, 132228, 1, 0, 0
2369133, 176128, 1, 0, 0
2370133, 107627, 1, 0, 0
2371133, 116736, 1, 0, 0
2372133, 174254, 1, 0, 0
2373133, 112640, 1, 0, 0
2374133, 120952, 1, 0, 0
2375133, 153600, 1, 0, 0
2376133, 151703, 1, 0, 0
2377133, 121856, 1, 0, 0
2378133, 152728, 1, 0, 0
2379133, 161792, 1, 0, 0
2380133, 129153, 1, 0, 0
2381133, 168960, 1, 0, 0
2382133, 150678, 1, 0, 0
2383133, 117760, 1, 0, 0
2384134, 147456, 1, 0, 0
2385133, 177329, 1, 0, 0
2386134, 121856, 1, 0, 0
2387133, 140428, 1, 0, 0
2388133, 164864, 1, 0, 0
2389133, 115827, 1, 0, 0
2390133, 129024, 1, 0, 0
2391133, 181429, 1, 0, 0
2392133, 114688, 1, 0, 0
2393133, 119927, 1, 0, 0
2394133, 181248, 1, 0, 0
2395133, 133253, 1, 0, 0
2396133, 106496, 1, 0, 0
2397133, 175279, 1, 0, 0
2398133, 129024, 1, 0, 0
2399134, 116736, 1, 0, 0
2400133, 164004, 1, 0, 0
2401133, 147603, 1, 0, 0
2402133, 136192, 1, 0, 0
2403133, 165029, 1, 0, 0
2404133, 161792, 1, 0, 0
2405133, 132228, 1, 0, 0
2406134, 174080, 1, 0, 0
2407133, 156828, 1, 0, 0
2408134, 150528, 1, 0, 0
2409133, 183479, 1, 0, 0
2410133, 143360, 1, 0, 0
2411133, 153753, 1, 0, 0
2412134, 172032, 1, 0, 0
2413133, 135303, 1, 0, 0
2414133, 169984, 1, 0, 0
2415133, 148628, 1, 0, 0
2416133, 140288, 1, 0, 0
2417134, 169984, 1, 0, 0
2418133, 151703, 1, 0, 0
2419133, 149504, 1, 0, 0
2420133, 184504, 1, 0, 0
2421133, 152576, 1, 0, 0
2422133, 150678, 1, 0, 0
2423133, 173056, 1, 0, 0
2424133, 154778, 1, 0, 0
2425133, 151703, 1, 0, 0
2426133, 162816, 1, 0, 0
2427133, 161953, 1, 0, 0
2428133, 160768, 1, 0, 0
2429134, 155648, 1, 0, 0
2430133, 154778, 1, 0, 0
2431133, 179200, 1, 0, 0
2432133, 151703, 1, 0, 0
2433133, 153600, 1, 0, 0
2434133, 175279, 1, 0, 0
2435133, 164864, 1, 0, 0
2436133, 171179, 1, 0, 0
2437133, 172032, 1, 0, 0
2438133, 161953, 1, 0, 0
2439133, 179200, 1, 0, 0
2440134, 156672, 1, 0, 0
2441133, 160928, 1, 0, 0
2442134, 175104, 1, 0, 0
2443133, 160928, 1, 0, 0
2444134, 169984, 1, 0, 0
2445133, 159903, 1, 0, 0
2446134, 163840, 1, 0, 0
2447133, 177329, 1, 0, 0
2448134, 167936, 1, 0, 0
2449133, 172204, 1, 0, 0
2450134, 174080, 1, 0, 0
2451133, 175279, 1, 0, 0
2452133, 160928, 1, 0, 0
2453133, 162816, 1, 0, 0
2454133, 159903, 1, 0, 0
2455134, 161792, 1, 0, 0
2456133, 155803, 1, 0, 0
2457133, 165888, 1, 0, 0
2458133, 149653, 1, 0, 0
2459133, 165888, 1, 0, 0
2460133, 154778, 1, 0, 0
2461133, 157696, 1, 0, 0
2462133, 159903, 1, 0, 0
2463133, 157696, 1, 0, 0
2464133, 162978, 1, 0, 0
2465134, 156672, 1, 0, 0
2466133, 150678, 1, 0, 0
2467134, 151552, 1, 0, 0
2468135, 152576, 1, 0, 0
2469134, 150678, 1, 0, 0
2470135, 162816, 1, 0, 0
2471134, 146578, 1, 0, 0
2472135, 139264, 1, 0, 0
2473134, 141453, 1, 0, 0
2474134, 134144, 1, 0, 0
2475134, 138378, 1, 0, 0
2476134, 132096, 1, 0, 0
2477134, 144528, 1, 0, 0
2478134, 131072, 1, 0, 0
2479134, 137353, 1, 0, 0
2480134, 134144, 1, 0, 0
2481135, 138240, 1, 0, 0
2482134, 139403, 1, 0, 0
2483134, 134278, 1, 0, 0
2484134, 137216, 1, 0, 0
2485135, 126976, 1, 0, 0
2486134, 127103, 1, 0, 0
2487135, 111616, 1, 0, 0
2488134, 117877, 1, 0, 0
2489134, 127103, 1, 0, 0
2490134, 103424, 1, 0, 0
2491134, 110702, 1, 0, 0
2492134, 120832, 1, 0, 0
2493134, 126078, 1, 0, 0
2494134, 111616, 1, 0, 0
2495135, 129024, 1, 0, 0
2496134, 123003, 1, 0, 0
2497134, 116852, 1, 0, 0
2498134, 116736, 1, 0, 0
2499135, 122880, 1, 0, 0
2500134, 129153, 1, 0, 0
2501134, 116852, 1, 0, 0
2502134, 117760, 1, 0, 0
2503134, 129153, 1, 0, 0
2504134, 118784, 1, 0, 0
2505134, 99427, 1, 0, 0
2506134, 98304, 1, 0, 0
2507134, 122880, 1, 0, 0
2508134, 116852, 1, 0, 0
2509134, 99328, 1, 0, 0
2510134, 103527, 1, 0, 0
2511134, 112640, 1, 0, 0
2512134, 113777, 1, 0, 0
2513135, 95232, 1, 0, 0
2514134, 103527, 1, 0, 0
2515135, 124928, 1, 0, 0
2516134, 119927, 1, 0, 0
