1000, 112640, 1, 0, 0
2000, 112752, 1, 0, 0
3000, 105472, 1, 0, 0
4000, 91227, 1, 0, 0
5000, 97377, 1, 0, 0
6000, 108652, 1, 0, 0
7000, 115712, 1, 0, 0
8000, 90202, 1, 0, 0
9000, 88152, 1, 0, 0
10000, 84052, 1, 0, 0
11000, 100352, 1, 0, 0
12000, 101477, 1, 0, 0
13000, 88152, 1, 0, 0
14000, 87040, 1, 0, 0
15000, 86102, 1, 0, 0
16000, 96352, 1, 0, 0
17000, 94208, 1, 0, 0
18000, 79951, 1, 0, 0
19000, 69701, 1, 0, 0
20000, 83027, 1, 0, 0
21000, 73728, 1, 0, 0
22000, 82002, 1, 0, 0
23000, 89088, 1, 0, 0
24000, 77901, 1, 0, 0
25000, 68608, 1, 0, 0
26000, 76876, 1, 0, 0
27000, 72704, 1, 0, 0
28000, 82002, 1, 0, 0
29000, 81920, 1, 0, 0
30000, 74826, 1, 0, 0
31000, 72776, 1, 0, 0
32000, 75776, 1, 0, 0
33000, 70726, 1, 0, 0
34000, 77824, 1, 0, 0
35000, 86102, 1, 0, 0
36000, 84992, 1, 0, 0
37000, 69701, 1, 0, 0
38000, 63488, 1, 0, 0
39000, 65601, 1, 0, 0
40000, 74752, 1, 0, 0
41000, 90202, 1, 0, 0
42000, 80896, 1, 0, 0
43000, 78926, 1, 0, 0
44000, 69632, 1, 0, 0
45001, 68608, 1, 0, 0
46000, 62526, 1, 0, 0
47000, 88152, 1, 0, 0
48000, 81920, 1, 0, 0
49000, 77901, 1, 0, 0
50000, 66560, 1, 0, 0
51000, 62526, 1, 0, 0
52000, 67584, 1, 0, 0
53000, 71751, 1, 0, 0
54000, 77824, 1, 0, 0
55000, 82002, 1, 0, 0
56000, 77824, 1, 0, 0
57000, 68676, 1, 0, 0
58000, 73728, 1, 0, 0
59000, 67651, 1, 0, 0
60000, 99328, 1, 0, 0
61000, 91227, 1, 0, 0
62000, 77824, 1, 0, 0
63000, 62526, 1, 0, 0
64000, 67584, 1, 0, 0
65000, 74826, 1, 0, 0
66000, 96352, 1, 0, 0
67000, 98304, 1, 0, 0
68000, 78926, 1, 0, 0
69000, 77824, 1, 0, 0
70000, 71751, 1, 0, 0
71000, 82944, 1, 0, 0
72000, 96352, 1, 0, 0
73000, 94302, 1, 0, 0
74000, 72704, 1, 0, 0
75000, 64576, 1, 0, 0
76000, 72704, 1, 0, 0
77000, 70726, 1, 0, 0
78000, 96256, 1, 0, 0
79000, 100452, 1, 0, 0
80000, 76800, 1, 0, 0
81000, 67651, 1, 0, 0
82000, 72704, 1, 0, 0
83000, 90202, 1, 0, 0
84001, 89088, 1, 0, 0
85000, 94302, 1, 0, 0
86000, 74826, 1, 0, 0
87000, 65536, 1, 0, 0
88000, 72776, 1, 0, 0
89000, 70656, 1, 0, 0
90000, 98402, 1, 0, 0
91000, 100352, 1, 0, 0
92000, 69632, 1, 0, 0
93000, 69701, 1, 0, 0
94000, 72704, 1, 0, 0
95000, 70726, 1, 0, 0
96000, 96256, 1, 0, 0
97000, 95327, 1, 0, 0
98000, 69632, 1, 0, 0
99000, 70726, 1, 0, 0
100000, 65536, 1, 0, 0
101000, 77901, 1, 0, 0
102000, 95232, 1, 0, 0
103000, 91227, 1, 0, 0
104000, 76800, 1, 0, 0
105000, 63551, 1, 0, 0
106000, 72704, 1, 0, 0
107001, 62464, 1, 0, 0
108000, 72776, 1, 0, 0
109000, 90202, 1, 0, 0
110000, 87040, 1, 0, 0
111000, 65601, 1, 0, 0
112000, 63488, 1, 0, 0
113000, 65601, 1, 0, 0
114000, 73728, 1, 0, 0
115000, 99427, 1, 0, 0
116000, 83968, 1, 0, 0
117000, 69701, 1, 0, 0
118000, 66560, 1, 0, 0
119000, 68676, 1, 0, 0
120001, 64512, 1, 0, 0
121000, 96352, 1, 0, 0
122000, 91227, 1, 0, 0
123000, 68608, 1, 0, 0
124000, 66626, 1, 0, 0
125000, 65536, 1, 0, 0
126000, 66626, 1, 0, 0
127001, 66560, 1, 0, 0
128000, 94302, 1, 0, 0
129000, 89177, 1, 0, 0
130000, 64512, 1, 0, 0
131000, 73801, 1, 0, 0
132000, 71680, 1, 0, 0
133000, 85077, 1, 0, 0
134000, 96256, 1, 0, 0
135000, 97377, 1, 0, 0
136000, 72704, 1, 0, 0
137000, 72776, 1, 0, 0
138000, 76800, 1, 0, 0
139000, 84052, 1, 0, 0
140000, 108544, 1, 0, 0
141000, 94302, 1, 0, 0
142000, 76800, 1, 0, 0
143000, 78926, 1, 0, 0
144000, 90112, 1, 0, 0
145000, 120952, 1, 0, 0
146000, 114802, 1, 0, 0
147000, 71680, 1, 0, 0
148000, 79951, 1, 0, 0
149000, 84992, 1, 0, 0
150000, 127103, 1, 0, 0
151000, 107520, 1, 0, 0
152000, 88152, 1, 0, 0
153000, 86016, 1, 0, 0
154000, 101477, 1, 0, 0
155000, 126976, 1, 0, 0
156000, 111616, 1, 0, 0
157000, 91227, 1, 0, 0
158000, 82944, 1, 0, 0
159000, 133253, 1, 0, 0
160000, 122880, 1, 0, 0
161000, 90202, 1, 0, 0
162000, 88064, 1, 0, 0
163000, 105577, 1, 0, 0
164000, 139264, 1, 0, 0
165000, 116852, 1, 0, 0
166000, 88064, 1, 0, 0
167000, 89177, 1, 0, 0
168000, 128000, 1, 0, 0
169000, 128128, 1, 0, 0
170000, 82944, 1, 0, 0
171000, 84052, 1, 0, 0
172000, 112640, 1, 0, 0
173000, 142478, 1, 0, 0
174000, 115827, 1, 0, 0
175000, 80896, 1, 0, 0
176000, 94302, 1, 0, 0
177000, 147456, 1, 0, 0
178000, 114802, 1, 0, 0
179000, 98304, 1, 0, 0
180000, 76876, 1, 0, 0
181000, 125952, 1, 0, 0
182000, 139403, 1, 0, 0
183000, 101376, 1, 0, 0
184000, 91227, 1, 0, 0
185000, 108544, 1, 0, 0
186000, 157853, 1, 0, 0
187000, 115712, 1, 0, 0
188000, 116852, 1, 0, 0
189000, 119808, 1, 0, 0
190000, 151703, 1, 0, 0
191000, 121856, 1, 0, 0
192000, 95327, 1, 0, 0
193000, 150528, 1, 0, 0
194000, 150678, 1, 0, 0
195000, 102400, 1, 0, 0
196000, 99427, 1, 0, 0
197000, 176128, 1, 0, 0
198000, 142478, 1, 0, 0
199000, 109568, 1, 0, 0
200000, 143503, 1, 0, 0
201000, 168960, 1, 0, 0
202000, 143503, 1, 0, 0
203000, 109568, 1, 0, 0
204000, 186368, 1, 0, 0
205000, 151703, 1, 0, 0
206000, 135303, 1, 0, 0
207000, 186368, 1, 0, 0
208000, 161953, 1, 0, 0
209000, 154624, 1, 0, 0
210000, 199879, 1, 0, 0
211000, 161792, 1, 0, 0
212000, 187579, 1, 0, 0
213000, 189440, 1, 0, 0
214000, 172204, 1, 0, 0
215000, 197632, 1, 0, 0
216000, 188604, 1, 0, 0
217000, 189440, 1, 0, 0
218000, 192704, 1, 0, 0
219000, 176128, 1, 0, 0
220000, 191679, 1, 0, 0
221000, 182272, 1, 0, 0
222000, 173229, 1, 0, 0
223000, 198656, 1, 0, 0
224000, 179379, 1, 0, 0
225000, 164864, 1, 0, 0
226000, 192704, 1, 0, 0
227000, 167936, 1, 0, 0
228000, 194754, 1, 0, 0
229000, 165888, 1, 0, 0
230000, 177329, 1, 0, 0
231000, 185344, 1, 0, 0
232000, 158878, 1, 0, 0
233000, 166912, 1, 0, 0
234000, 164004, 1, 0, 0
235000, 140288, 1, 0, 0
236000, 169129, 1, 0, 0
237000, 179200, 1, 0, 0
238000, 115827, 1, 0, 0
239000, 128000, 1, 0, 0
240000, 145553, 1, 0, 0
241000, 147456, 1, 0, 0
242000, 132228, 1, 0, 0
243000, 123904, 1, 0, 0
244000, 142478, 1, 0, 0
245000, 135168, 1, 0, 0
246000, 101477, 1, 0, 0
247000, 125952, 1, 0, 0
248000, 136328, 1, 0, 0
249000, 112640, 1, 0, 0
250000, 116852, 1, 0, 0
251000, 131203, 1, 0, 0
252000, 139264, 1, 0, 0
253000, 114802, 1, 0, 0
254000, 110592, 1, 0, 0
255000, 112752, 1, 0, 0
256000, 133120, 1, 0, 0
257000, 106602, 1, 0, 0
258000, 89088, 1, 0, 0
259000, 104552, 1, 0, 0
260000, 121856, 1, 0, 0
261000, 112752, 1, 0, 0
262000, 104448, 1, 0, 0
263000, 101477, 1, 0, 0
264000, 112640, 1, 0, 0
265000, 116852, 1, 0, 0
266000, 105472, 1, 0, 0
267000, 96352, 1, 0, 0
268000, 103424, 1, 0, 0
269000, 107627, 1, 0, 0
270000, 101376, 1, 0, 0
271000, 94302, 1, 0, 0
272000, 78848, 1, 0, 0
273000, 92252, 1, 0, 0
274000, 101376, 1, 0, 0
275000, 92252, 1, 0, 0
276000, 81920, 1, 0, 0
277000, 76876, 1, 0, 0
278000, 75776, 1, 0, 0
279000, 89177, 1, 0, 0
280000, 86016, 1, 0, 0
281000, 82002, 1, 0, 0
282000, 75776, 1, 0, 0
283000, 76876, 1, 0, 0
284000, 86016, 1, 0, 0
285000, 90202, 1, 0, 0
286000, 90112, 1, 0, 0
287000, 76876, 1, 0, 0
288000, 69632, 1, 0, 0
289000, 75851, 1, 0, 0
290000, 72704, 1, 0, 0
291000, 85077, 1, 0, 0
292000, 82944, 1, 0, 0
293000, 75851, 1, 0, 0
294000, 71680, 1, 0, 0
295000, 72776, 1, 0, 0
296000, 69632, 1, 0, 0
297000, 80976, 1, 0, 0
298000, 83027, 1, 0, 0
299000, 83968, 1, 0, 0
300000, 72776, 1, 0, 0
301000, 56376, 1, 0, 0
302000, 67584, 1, 0, 0
303000, 67651, 1, 0, 0
304000, 80896, 1, 0, 0
305000, 86102, 1, 0, 0
306000, 72704, 1, 0, 0
307000, 68676, 1, 0, 0
308000, 68608, 1, 0, 0
309000, 56376, 1, 0, 0
310000, 75776, 1, 0, 0
311000, 82002, 1, 0, 0
312000, 81920, 1, 0, 0
313000, 69701, 1, 0, 0
314000, 69701, 1, 0, 0
315000, 70656, 1, 0, 0
316000, 78848, 1, 0, 0
317000, 86102, 1, 0, 0
318000, 95232, 1, 0, 0
319000, 80976, 1, 0, 0
320000, 60416, 1, 0, 0
321000, 72776, 1, 0, 0
322000, 69632, 1, 0, 0
323000, 97377, 1, 0, 0
324000, 90112, 1, 0, 0
325000, 86102, 1, 0, 0
326000, 67584, 1, 0, 0
327000, 64576, 1, 0, 0
328000, 75776, 1, 0, 0
329000, 89177, 1, 0, 0
330000, 94302, 1, 0, 0
331000, 82944, 1, 0, 0
332000, 72776, 1, 0, 0
333000, 75776, 1, 0, 0
334000, 79951, 1, 0, 0
335000, 83968, 1, 0, 0
336000, 94302, 1, 0, 0
337000, 77824, 1, 0, 0
338000, 68676, 1, 0, 0
339000, 71680, 1, 0, 0
340000, 72776, 1, 0, 0
341000, 100352, 1, 0, 0
342000, 102502, 1, 0, 0
343000, 78848, 1, 0, 0
344000, 64576, 1, 0, 0
345001, 77824, 1, 0, 0
346000, 84052, 1, 0, 0
347000, 97377, 1, 0, 0
348000, 99328, 1, 0, 0
349000, 79951, 1, 0, 0
350000, 75776, 1, 0, 0
351000, 66626, 1, 0, 0
352000, 87040, 1, 0, 0
353000, 106602, 1, 0, 0
354000, 91136, 1, 0, 0
355000, 68676, 1, 0, 0
356000, 73728, 1, 0, 0
357000, 66626, 1, 0, 0
358000, 93184, 1, 0, 0
359000, 90202, 1, 0, 0
360000, 87040, 1, 0, 0
361000, 70726, 1, 0, 0
362000, 68608, 1, 0, 0
363000, 73801, 1, 0, 0
364000, 91227, 1, 0, 0
365000, 99328, 1, 0, 0
366000, 83027, 1, 0, 0
367000, 65601, 1, 0, 0
368000, 67584, 1, 0, 0
369000, 63551, 1, 0, 0
370000, 83968, 1, 0, 0
371000, 94302, 1, 0, 0
372000, 90112, 1, 0, 0
373000, 76876, 1, 0, 0
374000, 75776, 1, 0, 0
375000, 71751, 1, 0, 0
376000, 87040, 1, 0, 0
377000, 86102, 1, 0, 0
378000, 82944, 1, 0, 0
379000, 66626, 1, 0, 0
380000, 65601, 1, 0, 0
381000, 66560, 1, 0, 0
382000, 74826, 1, 0, 0
383000, 92160, 1, 0, 0
384000, 96352, 1, 0, 0
385000, 71680, 1, 0, 0
386000, 65601, 1, 0, 0
387000, 68608, 1, 0, 0
388000, 80976, 1, 0, 0
389000, 102400, 1, 0, 0
390000, 100452, 1, 0, 0
391000, 67651, 1, 0, 0
392000, 75776, 1, 0, 0
393000, 68676, 1, 0, 0
394000, 87040, 1, 0, 0
395000, 102502, 1, 0, 0
396000, 94208, 1, 0, 0
397000, 72776, 1, 0, 0
398001, 72704, 1, 0, 0
399000, 71751, 1, 0, 0
400000, 103527, 1, 0, 0
401000, 103424, 1, 0, 0
402000, 85077, 1, 0, 0
403000, 71680, 1, 0, 0
404000, 77901, 1, 0, 0
405000, 92160, 1, 0, 0
406001, 106496, 1, 0, 0
407000, 111727, 1, 0, 0
408000, 78926, 1, 0, 0
409000, 75776, 1, 0, 0
410000, 89177, 1, 0, 0
411000, 128000, 1, 0, 0
412000, 109677, 1, 0, 0
413000, 77824, 1, 0, 0
414000, 80896, 1, 0, 0
415000, 100452, 1, 0, 0
416000, 131072, 1, 0, 0
417000, 115827, 1, 0, 0
418000, 90112, 1, 0, 0
419000, 83027, 1, 0, 0
420000, 121977, 1, 0, 0
421000, 136192, 1, 0, 0
422000, 85077, 1, 0, 0
423000, 83968, 1, 0, 0
424000, 109677, 1, 0, 0
425000, 143360, 1, 0, 0
426000, 116852, 1, 0, 0
427000, 93184, 1, 0, 0
428000, 104552, 1, 0, 0
429000, 135168, 1, 0, 0
430000, 124028, 1, 0, 0
431000, 101477, 1, 0, 0
432000, 84992, 1, 0, 0
433000, 138240, 1, 0, 0
434000, 138378, 1, 0, 0
435000, 106496, 1, 0, 0
436000, 97377, 1, 0, 0
437000, 133120, 1, 0, 0
438000, 137353, 1, 0, 0
439000, 96256, 1, 0, 0
440000, 97377, 1, 0, 0
441000, 128000, 1, 0, 0
442000, 148628, 1, 0, 0
443000, 94208, 1, 0, 0
444000, 96352, 1, 0, 0
445000, 113664, 1, 0, 0
446000, 156828, 1, 0, 0
447000, 97280, 1, 0, 0
448000, 103527, 1, 0, 0
449000, 123904, 1, 0, 0
450000, 159903, 1, 0, 0
451000, 108544, 1, 0, 0
452000, 105577, 1, 0, 0
453000, 143360, 1, 0, 0
454000, 153753, 1, 0, 0
455000, 110592, 1, 0, 0
456000, 140428, 1, 0, 0
457000, 180224, 1, 0, 0
458000, 134278, 1, 0, 0
459000, 116736, 1, 0, 0
460000, 178354, 1, 0, 0
461000, 144384, 1, 0, 0
462000, 135303, 1, 0, 0
463000, 183296, 1, 0, 0
464000, 151703, 1, 0, 0
465000, 131072, 1, 0, 0
466000, 157853, 1, 0, 0
467000, 178176, 1, 0, 0
468000, 106602, 1, 0, 0
469000, 164864, 1, 0, 0
470000, 181429, 1, 0, 0
471000, 150528, 1, 0, 0
472000, 175279, 1, 0, 0
473000, 183296, 1, 0, 0
474000, 166054, 1, 0, 0
475000, 189440, 1, 0, 0
476000, 187579, 1, 0, 0
477000, 190464, 1, 0, 0
478000, 192704, 1, 0, 0
479001, 165888, 1, 0, 0
480000, 171179, 1, 0, 0
481001, 190464, 1, 0, 0
482000, 189629, 1, 0, 0
483000, 195779, 1, 0, 0
484000, 168960, 1, 0, 0
485000, 192704, 1, 0, 0
486000, 198656, 1, 0, 0
487000, 185529, 1, 0, 0
488000, 191488, 1, 0, 0
489000, 177152, 1, 0, 0
490000, 189629, 1, 0, 0
491000, 186368, 1, 0, 0
492000, 160928, 1, 0, 0
493000, 185344, 1, 0, 0
494000, 187579, 1, 0, 0
495000, 162816, 1, 0, 0
496000, 181429, 1, 0, 0
497000, 158720, 1, 0, 0
498000, 159903, 1, 0, 0
499000, 175104, 1, 0, 0
500000, 151703, 1, 0, 0
501000, 153600, 1, 0, 0
502000, 166054, 1, 0, 0
503000, 140288, 1, 0, 0
504000, 142478, 1, 0, 0
505000, 155648, 1, 0, 0
506000, 143503, 1, 0, 0
507000, 120832, 1, 0, 0
508000, 115827, 1, 0, 0
509001, 148480, 1, 0, 0
510000, 128128, 1, 0, 0
511000, 118902, 1, 0, 0
512000, 126976, 1, 0, 0
513000, 136328, 1, 0, 0
514000, 129024, 1, 0, 0
515000, 108652, 1, 0, 0
516000, 125952, 1, 0, 0
517000, 126078, 1, 0, 0
518000, 90112, 1, 0, 0
519000, 107627, 1, 0, 0
520000, 128128, 1, 0, 0
521000, 120832, 1, 0, 0
522000, 117877, 1, 0, 0
523000, 105472, 1, 0, 0
524000, 115827, 1, 0, 0
525000, 122880, 1, 0, 0
526000, 114802, 1, 0, 0
527000, 92160, 1, 0, 0
528000, 105577, 1, 0, 0
529000, 109568, 1, 0, 0
530000, 119927, 1, 0, 0
531000, 90112, 1, 0, 0
532000, 82002, 1, 0, 0
533000, 96256, 1, 0, 0
534000, 106602, 1, 0, 0
535000, 101376, 1, 0, 0
536000, 94302, 1, 0, 0
537000, 74752, 1, 0, 0
538000, 80976, 1, 0, 0
539000, 99328, 1, 0, 0
540000, 94302, 1, 0, 0
541000, 95232, 1, 0, 0
542000, 87127, 1, 0, 0
543000, 77824, 1, 0, 0
544000, 84052, 1, 0, 0
545000, 93184, 1, 0, 0
546000, 88152, 1, 0, 0
547000, 77824, 1, 0, 0
548000, 76876, 1, 0, 0
549000, 77824, 1, 0, 0
550000, 85077, 1, 0, 0
551000, 86102, 1, 0, 0
552000, 80896, 1, 0, 0
553000, 77901, 1, 0, 0
554000, 74752, 1, 0, 0
555000, 71751, 1, 0, 0
556000, 90112, 1, 0, 0
557000, 76876, 1, 0, 0
558000, 83968, 1, 0, 0
559000, 77824, 1, 0, 0
560000, 70726, 1, 0, 0
561000, 72704, 1, 0, 0
562000, 83027, 1, 0, 0
563001, 77824, 1, 0, 0
564000, 82002, 1, 0, 0
565000, 67651, 1, 0, 0
566000, 66560, 1, 0, 0
567000, 68676, 1, 0, 0
568000, 65536, 1, 0, 0
569000, 87127, 1, 0, 0
570000, 81920, 1, 0, 0
571000, 78926, 1, 0, 0
572000, 72704, 1, 0, 0
573000, 74826, 1, 0, 0
574000, 64512, 1, 0, 0
575000, 84052, 1, 0, 0
576000, 92160, 1, 0, 0
577001, 78848, 1, 0, 0
578000, 71751, 1, 0, 0
579001, 65536, 1, 0, 0
580000, 68676, 1, 0, 0
581000, 75776, 1, 0, 0
582000, 83027, 1, 0, 0
583000, 87127, 1, 0, 0
584000, 74752, 1, 0, 0
585000, 74826, 1, 0, 0
586000, 71680, 1, 0, 0
587000, 79951, 1, 0, 0
588000, 94208, 1, 0, 0
589000, 88152, 1, 0, 0
590000, 80896, 1, 0, 0
591000, 76876, 1, 0, 0
592001, 74752, 1, 0, 0
593000, 86102, 1, 0, 0
594001, 97280, 1, 0, 0
595000, 91227, 1, 0, 0
596000, 72704, 1, 0, 0
597000, 79951, 1, 0, 0
598001, 70656, 1, 0, 0
599000, 98402, 1, 0, 0
600000, 95327, 1, 0, 0
601000, 75776, 1, 0, 0
602000, 72776, 1, 0, 0
603000, 70656, 1, 0, 0
604000, 69701, 1, 0, 0
605000, 100352, 1, 0, 0
606000, 97377, 1, 0, 0
607000, 89088, 1, 0, 0
608000, 79951, 1, 0, 0
609000, 78848, 1, 0, 0
610000, 101477, 1, 0, 0
611000, 105472, 1, 0, 0
612000, 98402, 1, 0, 0
613000, 75851, 1, 0, 0
614000, 71680, 1, 0, 0
615000, 74826, 1, 0, 0
616000, 105472, 1, 0, 0
617000, 103527, 1, 0, 0
618000, 81920, 1, 0, 0
619000, 76800, 1, 0, 0
620000, 76876, 1, 0, 0
621000, 82002, 1, 0, 0
622000, 107520, 1, 0, 0
623000, 93277, 1, 0, 0
624000, 72704, 1, 0, 0
625000, 71751, 1, 0, 0
626000, 68608, 1, 0, 0
627000, 92252, 1, 0, 0
628001, 99328, 1, 0, 0
629000, 93277, 1, 0, 0
630000, 74826, 1, 0, 0
631000, 75776, 1, 0, 0
632000, 80976, 1, 0, 0
633000, 92160, 1, 0, 0
634000, 101477, 1, 0, 0
635000, 74752, 1, 0, 0
636000, 70726, 1, 0, 0
637000, 71680, 1, 0, 0
638000, 90202, 1, 0, 0
639000, 103424, 1, 0, 0
640000, 93277, 1, 0, 0
641000, 70656, 1, 0, 0
642000, 63551, 1, 0, 0
643000, 73801, 1, 0, 0
644000, 92160, 1, 0, 0
645000, 101477, 1, 0, 0
646000, 89088, 1, 0, 0
647000, 75851, 1, 0, 0
648000, 70656, 1, 0, 0
649000, 71751, 1, 0, 0
650000, 91136, 1, 0, 0
651000, 104552, 1, 0, 0
652000, 84992, 1, 0, 0
653000, 72776, 1, 0, 0
654000, 70656, 1, 0, 0
655000, 71751, 1, 0, 0
656000, 103527, 1, 0, 0
657000, 99328, 1, 0, 0
658000, 85077, 1, 0, 0
659000, 70656, 1, 0, 0
660000, 70726, 1, 0, 0
661000, 87040, 1, 0, 0
662000, 108652, 1, 0, 0
663000, 96352, 1, 0, 0
664001, 71680, 1, 0, 0
665000, 73801, 1, 0, 0
666000, 79951, 1, 0, 0
667000, 107520, 1, 0, 0
668000, 106602, 1, 0, 0
669000, 88064, 1, 0, 0
670000, 71751, 1, 0, 0
671000, 81920, 1, 0, 0
672000, 102502, 1, 0, 0
673000, 105472, 1, 0, 0
674000, 100452, 1, 0, 0
675000, 74752, 1, 0, 0
676000, 75851, 1, 0, 0
677000, 107520, 1, 0, 0
678000, 119927, 1, 0, 0
679000, 103527, 1, 0, 0
680000, 83968, 1, 0, 0
681000, 83027, 1, 0, 0
682000, 121856, 1, 0, 0
683000, 143503, 1, 0, 0
684000, 84992, 1, 0, 0
685000, 96352, 1, 0, 0
686000, 106496, 1, 0, 0
687000, 127103, 1, 0, 0
688000, 115712, 1, 0, 0
689000, 92252, 1, 0, 0
690000, 97280, 1, 0, 0
691000, 145553, 1, 0, 0
692001, 124803, 1, 0, 0
693000, 114802, 1, 0, 0
694000, 111727, 1, 0, 0
695000, 147456, 1, 0, 0
696000, 125053, 1, 0, 0
697000, 101376, 1, 0, 0
698000, 109677, 1, 0, 0
699000, 158878, 1, 0, 0
700000, 117760, 1, 0, 0
701000, 87127, 1, 0, 0
702000, 101376, 1, 0, 0
703000, 146578, 1, 0, 0
704000, 120832, 1, 0, 0
705000, 94302, 1, 0, 0
706000, 96256, 1, 0, 0
707000, 142478, 1, 0, 0
708000, 124928, 1, 0, 0
709001, 106496, 1, 0, 0
710000, 95327, 1, 0, 0
711000, 154778, 1, 0, 0
712000, 134144, 1, 0, 0
713000, 101477, 1, 0, 0
714000, 108544, 1, 0, 0
715000, 160928, 1, 0, 0
716000, 126976, 1, 0, 0
717000, 112752, 1, 0, 0
718000, 122880, 1, 0, 0
719000, 171179, 1, 0, 0
720000, 123904, 1, 0, 0
721000, 100452, 1, 0, 0
722000, 161792, 1, 0, 0
723000, 145553, 1, 0, 0
724000, 110592, 1, 0, 0
725000, 137353, 1, 0, 0
726000, 167936, 1, 0, 0
727000, 112752, 1, 0, 0
728000, 134144, 1, 0, 0
729000, 181429, 1, 0, 0
730000, 146432, 1, 0, 0
731000, 124928, 1, 0, 0
732000, 183479, 1, 0, 0
733000, 158720, 1, 0, 0
734000, 134278, 1, 0, 0
735000, 177152, 1, 0, 0
736000, 164004, 1, 0, 0
737000, 169984, 1, 0, 0
738000, 195779, 1, 0, 0
739000, 167936, 1, 0, 0
740000, 178354, 1, 0, 0
741000, 191488, 1, 0, 0
742001, 175104, 1, 0, 0
743000, 192704, 1, 0, 0
744000, 186368, 1, 0, 0
745000, 183479, 1, 0, 0
746000, 188416, 1, 0, 0
747000, 184504, 1, 0, 0
748000, 198656, 1, 0, 0
749000, 190654, 1, 0, 0
750000, 193536, 1, 0, 0
751000, 189629, 1, 0, 0
752000, 173056, 1, 0, 0
753000, 178354, 1, 0, 0
754000, 181248, 1, 0, 0
755000, 170154, 1, 0, 0
756000, 193536, 1, 0, 0
757001, 155648, 1, 0, 0
758000, 179379, 1, 0, 0
759000, 180224, 1, 0, 0
760000, 142478, 1, 0, 0
761000, 185344, 1, 0, 0
762000, 180404, 1, 0, 0
763000, 150528, 1, 0, 0
764000, 162978, 1, 0, 0
765000, 163840, 1, 0, 0
766000, 134278, 1, 0, 0
767000, 172032, 1, 0, 0
768000, 151703, 1, 0, 0
769000, 119808, 1, 0, 0
770000, 114802, 1, 0, 0
771000, 151552, 1, 0, 0
772000, 119808, 1, 0, 0
773000, 124028, 1, 0, 0
774000, 141453, 1, 0, 0
775000, 146432, 1, 0, 0
776000, 111727, 1, 0, 0
777000, 119808, 1, 0, 0
778000, 137353, 1, 0, 0
779000, 134144, 1, 0, 0
780000, 126078, 1, 0, 0
781000, 107520, 1, 0, 0
782001, 132096, 1, 0, 0
783000, 120952, 1, 0, 0
784000, 117760, 1, 0, 0
785000, 110702, 1, 0, 0
786000, 125952, 1, 0, 0
787000, 120952, 1, 0, 0
788000, 101376, 1, 0, 0
789000, 91227, 1, 0, 0
790000, 123904, 1, 0, 0
791000, 120952, 1, 0, 0
792000, 91227, 1, 0, 0
793000, 112640, 1, 0, 0
794000, 106496, 1, 0, 0
795000, 105577, 1, 0, 0
796001, 94208, 1, 0, 0
797000, 96352, 1, 0, 0
798000, 83027, 1, 0, 0
799000, 105472, 1, 0, 0
800000, 103424, 1, 0, 0
801000, 93277, 1, 0, 0
802001, 87040, 1, 0, 0
803000, 87127, 1, 0, 0
804000, 100452, 1, 0, 0
805000, 93184, 1, 0, 0
806001, 84992, 1, 0, 0
807000, 84052, 1, 0, 0
808000, 71680, 1, 0, 0
809000, 82002, 1, 0, 0
810000, 90112, 1, 0, 0
811000, 99427, 1, 0, 0
812000, 84992, 1, 0, 0
813000, 82002, 1, 0, 0
814000, 77824, 1, 0, 0
815000, 84052, 1, 0, 0
816000, 95232, 1, 0, 0
817000, 88152, 1, 0, 0
818000, 67651, 1, 0, 0
819000, 70656, 1, 0, 0
820000, 77901, 1, 0, 0
821000, 87040, 1, 0, 0
822000, 85077, 1, 0, 0
823000, 76800, 1, 0, 0
824000, 75851, 1, 0, 0
825000, 71680, 1, 0, 0
826000, 70726, 1, 0, 0
827000, 79872, 1, 0, 0
828000, 85077, 1, 0, 0
829000, 76800, 1, 0, 0
830000, 59451, 1, 0, 0
831000, 68608, 1, 0, 0
832000, 72776, 1, 0, 0
833000, 77824, 1, 0, 0
834000, 84052, 1, 0, 0
835000, 84992, 1, 0, 0
836000, 70726, 1, 0, 0
837000, 66626, 1, 0, 0
838000, 70656, 1, 0, 0
839000, 68608, 1, 0, 0
840000, 80976, 1, 0, 0
841000, 82944, 1, 0, 0
842000, 84052, 1, 0, 0
843000, 70656, 1, 0, 0
844000, 65601, 1, 0, 0
845000, 69632, 1, 0, 0
846000, 88152, 1, 0, 0
847000, 84992, 1, 0, 0
848000, 82002, 1, 0, 0
849000, 64512, 1, 0, 0
850000, 74826, 1, 0, 0
851000, 65536, 1, 0, 0
852000, 83027, 1, 0, 0
853000, 89177, 1, 0, 0
854000, 96256, 1, 0, 0
855000, 66560, 1, 0, 0
856000, 74826, 1, 0, 0
857000, 66560, 1, 0, 0
858000, 87127, 1, 0, 0
859000, 96256, 1, 0, 0
860000, 93277, 1, 0, 0
861000, 68608, 1, 0, 0
862000, 68676, 1, 0, 0
863000, 69632, 1, 0, 0
864000, 92252, 1, 0, 0
865000, 95232, 1, 0, 0
866000, 93277, 1, 0, 0
867000, 66560, 1, 0, 0
868000, 83027, 1, 0, 0
869000, 76800, 1, 0, 0
870000, 97377, 1, 0, 0
871000, 105472, 1, 0, 0
872000, 76876, 1, 0, 0
873000, 70656, 1, 0, 0
874000, 75851, 1, 0, 0
875000, 91136, 1, 0, 0
876000, 104552, 1, 0, 0
877000, 97377, 1, 0, 0
878000, 72704, 1, 0, 0
879000, 79951, 1, 0, 0
880000, 80896, 1, 0, 0
881000, 104552, 1, 0, 0
882000, 110592, 1, 0, 0
883000, 72776, 1, 0, 0
884000, 68676, 1, 0, 0
885000, 76800, 1, 0, 0
886000, 100452, 1, 0, 0
887000, 104448, 1, 0, 0
888000, 84052, 1, 0, 0
889000, 76800, 1, 0, 0
890000, 83027, 1, 0, 0
891000, 81920, 1, 0, 0
892000, 107627, 1, 0, 0
893000, 103424, 1, 0, 0
894000, 62526, 1, 0, 0
895000, 68608, 1, 0, 0
896000, 67651, 1, 0, 0
897000, 97280, 1, 0, 0
898000, 104552, 1, 0, 0
899000, 94208, 1, 0, 0
900000, 77824, 1, 0, 0
901000, 71751, 1, 0, 0
902000, 79872, 1, 0, 0
903000, 101477, 1, 0, 0
904000, 109568, 1, 0, 0
905000, 68676, 1, 0, 0
906000, 71680, 1, 0, 0
907000, 69701, 1, 0, 0
908000, 82944, 1, 0, 0
909000, 102502, 1, 0, 0
910000, 99328, 1, 0, 0
911000, 65601, 1, 0, 0
912000, 63488, 1, 0, 0
913000, 65601, 1, 0, 0
914001, 90112, 1, 0, 0
915000, 104552, 1, 0, 0
916001, 90112, 1, 0, 0
917000, 65601, 1, 0, 0
918001, 70656, 1, 0, 0
919000, 66626, 1, 0, 0
920000, 100452, 1, 0, 0
921000, 105472, 1, 0, 0
922000, 87127, 1, 0, 0
923000, 69632, 1, 0, 0
924000, 69701, 1, 0, 0
925000, 78926, 1, 0, 0
926000, 109568, 1, 0, 0
927000, 112752, 1, 0, 0
928000, 73728, 1, 0, 0
929000, 76876, 1, 0, 0
930000, 73728, 1, 0, 0
931000, 111727, 1, 0, 0
932000, 108544, 1, 0, 0
933000, 90202, 1, 0, 0
934000, 81920, 1, 0, 0
935000, 84052, 1, 0, 0
936000, 123904, 1, 0, 0
937000, 119927, 1, 0, 0
938000, 76800, 1, 0, 0
939000, 86102, 1, 0, 0
940000, 73728, 1, 0, 0
941000, 86102, 1, 0, 0
942000, 125952, 1, 0, 0
943000, 92252, 1, 0, 0
944000, 94208, 1, 0, 0
945000, 89177, 1, 0, 0
946000, 141312, 1, 0, 0
947000, 115827, 1, 0, 0
948000, 90112, 1, 0, 0
949000, 76800, 1, 0, 0
950000, 129153, 1, 0, 0
951000, 141312, 1, 0, 0
952000, 94302, 1, 0, 0
953000, 88152, 1, 0, 0
954000, 117760, 1, 0, 0
955000, 153753, 1, 0, 0
956000, 96256, 1, 0, 0
957000, 100452, 1, 0, 0
958000, 103424, 1, 0, 0
959000, 141453, 1, 0, 0
960000, 104448, 1, 0, 0
961000, 93277, 1, 0, 0
962000, 94208, 1, 0, 0
963000, 157853, 1, 0, 0
964000, 129024, 1, 0, 0
965000, 96352, 1, 0, 0
966000, 92160, 1, 0, 0
967000, 167079, 1, 0, 0
968000, 128128, 1, 0, 0
969000, 89088, 1, 0, 0
970000, 89177, 1, 0, 0
971000, 159744, 1, 0, 0
972000, 132228, 1, 0, 0
973000, 104448, 1, 0, 0
974000, 111727, 1, 0, 0
975000, 165888, 1, 0, 0
976000, 107627, 1, 0, 0
977000, 102400, 1, 0, 0
978000, 126078, 1, 0, 0
979000, 161953, 1, 0, 0
980000, 108544, 1, 0, 0
981000, 94302, 1, 0, 0
982000, 137216, 1, 0, 0
983000, 162978, 1, 0, 0
984000, 115712, 1, 0, 0
985000, 94302, 1, 0, 0
986000, 163840, 1, 0, 0
987000, 149653, 1, 0, 0
988000, 102502, 1, 0, 0
989000, 132096, 1, 0, 0
990000, 179379, 1, 0, 0
991000, 132228, 1, 0, 0
992000, 118784, 1, 0, 0
993000, 189629, 1, 0, 0
994000, 129024, 1, 0, 0
995000, 134278, 1, 0, 0
996000, 191488, 1, 0, 0
997000, 166054, 1, 0, 0
998000, 126976, 1, 0, 0
999000, 195779, 1, 0, 0
1000000, 159744, 1, 0, 0
1001000, 146578, 1, 0, 0
1002000, 195584, 1, 0, 0
1003000, 150678, 1, 0, 0
1004000, 182272, 1, 0, 0
1005000, 177329, 1, 0, 0
1006000, 150528, 1, 0, 0
1007001, 185344, 1, 0, 0
1008000, 179379, 1, 0, 0
1009000, 158878, 1, 0, 0
1010000, 190464, 1, 0, 0
1011000, 178354, 1, 0, 0
1012000, 180224, 1, 0, 0
1013000, 194754, 1, 0, 0
1014000, 175104, 1, 0, 0
1015000, 198854, 1, 0, 0
1016000, 182272, 1, 0, 0
1017000, 165029, 1, 0, 0
1018000, 199680, 1, 0, 0
1019000, 161792, 1, 0, 0
1020000, 180404, 1, 0, 0
1021000, 190464, 1, 0, 0
1022000, 162978, 1, 0, 0
1023000, 184320, 1, 0, 0
1024000, 173229, 1, 0, 0
1025000, 149504, 1, 0, 0
1026000, 198854, 1, 0, 0
1027000, 178176, 1, 0, 0
1028000, 167079, 1, 0, 0
1029000, 175279, 1, 0, 0
1030000, 133120, 1, 0, 0
1031000, 151703, 1, 0, 0
1032000, 162816, 1, 0, 0
1033000, 124028, 1, 0, 0
1034001, 135168, 1, 0, 0
1035000, 171179, 1, 0, 0
1036000, 141453, 1, 0, 0
1037000, 130048, 1, 0, 0
1038000, 146578, 1, 0, 0
1039000, 138240, 1, 0, 0
1040000, 136328, 1, 0, 0
1041001, 117760, 1, 0, 0
1042000, 136328, 1, 0, 0
1043000, 121977, 1, 0, 0
1044000, 115712, 1, 0, 0
1045000, 106602, 1, 0, 0
1046000, 119808, 1, 0, 0
1047000, 128128, 1, 0, 0
1048000, 100352, 1, 0, 0
1049000, 110702, 1, 0, 0
1050000, 112752, 1, 0, 0
1051000, 120832, 1, 0, 0
1052000, 96352, 1, 0, 0
1053000, 103424, 1, 0, 0
1054000, 117877, 1, 0, 0
1055000, 113664, 1, 0, 0
1056000, 103527, 1, 0, 0
1057000, 104448, 1, 0, 0
1058000, 111727, 1, 0, 0
1059000, 109568, 1, 0, 0
1060000, 95327, 1, 0, 0
1061001, 95232, 1, 0, 0
1062000, 86102, 1, 0, 0
1063000, 104552, 1, 0, 0
1064000, 106496, 1, 0, 0
1065000, 94302, 1, 0, 0
1066000, 81920, 1, 0, 0
1067000, 97377, 1, 0, 0
1068000, 101376, 1, 0, 0
1069000, 99427, 1, 0, 0
1070000, 88064, 1, 0, 0
1071000, 73801, 1, 0, 0
1072001, 81920, 1, 0, 0
1073000, 92252, 1, 0, 0
1074000, 94302, 1, 0, 0
1075000, 88064, 1, 0, 0
1076000, 82002, 1, 0, 0
1077000, 77824, 1, 0, 0
1078000, 76876, 1, 0, 0
1079000, 87040, 1, 0, 0
1080000, 90202, 1, 0, 0
1081000, 86102, 1, 0, 0
1082000, 71680, 1, 0, 0
1083000, 76876, 1, 0, 0
1084000, 75776, 1, 0, 0
1085000, 91227, 1, 0, 0
1086000, 81920, 1, 0, 0
1087000, 73801, 1, 0, 0
1088000, 67584, 1, 0, 0
1089000, 73801, 1, 0, 0
1090000, 67651, 1, 0, 0
1091000, 77824, 1, 0, 0
1092000, 83027, 1, 0, 0
1093000, 80896, 1, 0, 0
1094000, 68676, 1, 0, 0
1095000, 61440, 1, 0, 0
1096000, 65601, 1, 0, 0
1097000, 78848, 1, 0, 0
1098000, 89177, 1, 0, 0
1099000, 78848, 1, 0, 0
1100000, 78926, 1, 0, 0
1101001, 69632, 1, 0, 0
1102000, 63551, 1, 0, 0
1103000, 75851, 1, 0, 0
1104000, 80896, 1, 0, 0
1105000, 84052, 1, 0, 0
1106000, 78848, 1, 0, 0
1107000, 75851, 1, 0, 0
1108000, 71680, 1, 0, 0
1109000, 70726, 1, 0, 0
1110000, 88064, 1, 0, 0
1111000, 83027, 1, 0, 0
1112000, 82944, 1, 0, 0
1113000, 72776, 1, 0, 0
1114000, 67584, 1, 0, 0
1115000, 73801, 1, 0, 0
1116000, 88064, 1, 0, 0
1117000, 86102, 1, 0, 0
1118000, 79951, 1, 0, 0
1119000, 74752, 1, 0, 0
1120000, 67651, 1, 0, 0
1121000, 80896, 1, 0, 0
1122000, 88152, 1, 0, 0
1123000, 95232, 1, 0, 0
1124000, 87127, 1, 0, 0
1125000, 66560, 1, 0, 0
1126001, 73728, 1, 0, 0
1127000, 67651, 1, 0, 0
1128000, 95232, 1, 0, 0
1129000, 97377, 1, 0, 0
1130000, 83968, 1, 0, 0
1131001, 70656, 1, 0, 0
1132000, 70726, 1, 0, 0
1133000, 87040, 1, 0, 0
1134000, 109677, 1, 0, 0
1135000, 93184, 1, 0, 0
1136000, 83968, 1, 0, 0
1137000, 72776, 1, 0, 0
1138000, 89088, 1, 0, 0
1139000, 107627, 1, 0, 0
1140000, 105472, 1, 0, 0
1141000, 72776, 1, 0, 0
1142000, 84992, 1, 0, 0
1143000, 70656, 1, 0, 0
1144000, 92252, 1, 0, 0
1145000, 107520, 1, 0, 0
1146000, 94302, 1, 0, 0
1147000, 81920, 1, 0, 0
1148000, 69632, 1, 0, 0
1149000, 95327, 1, 0, 0
1150000, 104448, 1, 0, 0
1151001, 98304, 1, 0, 0
1152000, 64576, 1, 0, 0
1153000, 73728, 1, 0, 0
1154000, 77901, 1, 0, 0
1155000, 103424, 1, 0, 0
1156000, 111727, 1, 0, 0
1157000, 86016, 1, 0, 0
1158001, 66560, 1, 0, 0
1159000, 68676, 1, 0, 0
1160000, 94208, 1, 0, 0
1161000, 106602, 1, 0, 0
1162000, 100352, 1, 0, 0
1163000, 69701, 1, 0, 0
1164000, 72704, 1, 0, 0
1165000, 72704, 1, 0, 0
1166000, 111727, 1, 0, 0
1167000, 108544, 1, 0, 0
1168000, 74826, 1, 0, 0
1169000, 75776, 1, 0, 0
1170000, 72776, 1, 0, 0
1171000, 90112, 1, 0, 0
1172000, 108544, 1, 0, 0
1173000, 93277, 1, 0, 0
1174000, 73728, 1, 0, 0
1175000, 73801, 1, 0, 0
1176000, 76800, 1, 0, 0
1177000, 112640, 1, 0, 0
1178000, 104552, 1, 0, 0
1179000, 77824, 1, 0, 0
1180000, 64576, 1, 0, 0
1181000, 61440, 1, 0, 0
1182000, 83968, 1, 0, 0
1183000, 107627, 1, 0, 0
1184000, 105472, 1, 0, 0
1185000, 66626, 1, 0, 0
1186000, 77824, 1, 0, 0
1187000, 72704, 1, 0, 0
1188000, 107627, 1, 0, 0
1189000, 101376, 1, 0, 0
1190000, 82944, 1, 0, 0
1191000, 68676, 1, 0, 0
1192000, 70656, 1, 0, 0
1193000, 94302, 1, 0, 0
1194000, 111616, 1, 0, 0
1195000, 98304, 1, 0, 0
1196000, 72776, 1, 0, 0
1197000, 72704, 1, 0, 0
1198000, 86016, 1, 0, 0
1199000, 119927, 1, 0, 0
1200000, 110592, 1, 0, 0
1201000, 79951, 1, 0, 0
1202000, 83968, 1, 0, 0
1203000, 90112, 1, 0, 0
1204000, 115827, 1, 0, 0
1205000, 116736, 1, 0, 0
1206001, 70656, 1, 0, 0
1207000, 88152, 1, 0, 0
1208000, 65536, 1, 0, 0
1209000, 127103, 1, 0, 0
1210000, 124928, 1, 0, 0
1211000, 82002, 1, 0, 0
1212000, 78848, 1, 0, 0
1213000, 98304, 1, 0, 0
1214000, 148628, 1, 0, 0
1215000, 102400, 1, 0, 0
1216000, 86102, 1, 0, 0
1217000, 100352, 1, 0, 0
1218000, 136328, 1, 0, 0
1219000, 121856, 1, 0, 0
1220000, 93277, 1, 0, 0
1221000, 83968, 1, 0, 0
1222000, 106602, 1, 0, 0
1223000, 145408, 1, 0, 0
1224000, 98402, 1, 0, 0
1225000, 91136, 1, 0, 0
1226000, 102502, 1, 0, 0
1227000, 165888, 1, 0, 0
1228000, 101477, 1, 0, 0
1229001, 103424, 1, 0, 0
1230000, 119927, 1, 0, 0
1231000, 158878, 1, 0, 0
1232000, 97280, 1, 0, 0
1233000, 98402, 1, 0, 0
1234000, 135168, 1, 0, 0
1235000, 157853, 1, 0, 0
1236000, 98304, 1, 0, 0
1237000, 103527, 1, 0, 0
1238000, 160768, 1, 0, 0
1239000, 144528, 1, 0, 0
1240000, 93277, 1, 0, 0
1241000, 94208, 1, 0, 0
1242000, 156828, 1, 0, 0
1243000, 135168, 1, 0, 0
1244000, 111727, 1, 0, 0
1245000, 138240, 1, 0, 0
1246000, 160768, 1, 0, 0
1247000, 110702, 1, 0, 0
1248000, 102400, 1, 0, 0
1249000, 146578, 1, 0, 0
1250000, 149504, 1, 0, 0
1251000, 108652, 1, 0, 0
1252000, 120832, 1, 0, 0
1253000, 186554, 1, 0, 0
1254000, 114688, 1, 0, 0
1255000, 102502, 1, 0, 0
1256000, 158878, 1, 0, 0
1257000, 156672, 1, 0, 0
1258000, 124928, 1, 0, 0
1259000, 143503, 1, 0, 0
1260000, 177329, 1, 0, 0
1261000, 122880, 1, 0, 0
1262000, 166912, 1, 0, 0
1263000, 183479, 1, 0, 0
1264001, 125952, 1, 0, 0
1265000, 170154, 1, 0, 0
1266000, 177152, 1, 0, 0
1267000, 141453, 1, 0, 0
1268000, 188416, 1, 0, 0
1269000, 166054, 1, 0, 0
1270000, 148480, 1, 0, 0
1271000, 192704, 1, 0, 0
1272000, 177152, 1, 0, 0
1273000, 159903, 1, 0, 0
1274000, 189440, 1, 0, 0
1275000, 175279, 1, 0, 0
1276000, 190464, 1, 0, 0
1277000, 183479, 1, 0, 0
1278000, 176128, 1, 0, 0
1279000, 190654, 1, 0, 0
1280000, 171008, 1, 0, 0
1281000, 190654, 1, 0, 0
1282000, 188416, 1, 0, 0
1283000, 192704, 1, 0, 0
1284000, 189440, 1, 0, 0
1285000, 156828, 1, 0, 0
1286000, 181248, 1, 0, 0
1287000, 188604, 1, 0, 0
1288000, 187392, 1, 0, 0
1289000, 192704, 1, 0, 0
1290000, 161792, 1, 0, 0
1291000, 131203, 1, 0, 0
1292000, 178176, 1, 0, 0
1293000, 168104, 1, 0, 0
1294000, 165888, 1, 0, 0
1295000, 164004, 1, 0, 0
1296000, 139264, 1, 0, 0
1297000, 143503, 1, 0, 0
1298000, 169984, 1, 0, 0
1299000, 161953, 1, 0, 0
1300000, 161792, 1, 0, 0
1301001, 171008, 1, 0, 0
1302000, 121977, 1, 0, 0
1303000, 152576, 1, 0, 0
1304000, 156828, 1, 0, 0
1305000, 101376, 1, 0, 0
1306000, 125053, 1, 0, 0
1307000, 146432, 1, 0, 0
1308000, 127103, 1, 0, 0
1309000, 123904, 1, 0, 0
1310000, 120952, 1, 0, 0
1311000, 128000, 1, 0, 0
1312000, 130178, 1, 0, 0
1313000, 108544, 1, 0, 0
1314000, 106602, 1, 0, 0
1315000, 121856, 1, 0, 0
1316000, 111727, 1, 0, 0
1317000, 106496, 1, 0, 0
1318001, 101376, 1, 0, 0
1319000, 117877, 1, 0, 0
1320000, 105577, 1, 0, 0
1321000, 104448, 1, 0, 0
1322000, 104552, 1, 0, 0
1323000, 121856, 1, 0, 0
1324000, 106602, 1, 0, 0
1325000, 95327, 1, 0, 0
1326000, 97280, 1, 0, 0
1327000, 91227, 1, 0, 0
1328000, 104448, 1, 0, 0
1329000, 104448, 1, 0, 0
1330000, 86102, 1, 0, 0
1331000, 88064, 1, 0, 0
1332000, 103527, 1, 0, 0
1333000, 103424, 1, 0, 0
1334000, 98402, 1, 0, 0
1335000, 91136, 1, 0, 0
1336000, 65601, 1, 0, 0
1337000, 81920, 1, 0, 0
1338000, 99427, 1, 0, 0
1339000, 98304, 1, 0, 0
1340000, 87127, 1, 0, 0
1341000, 71680, 1, 0, 0
1342000, 83027, 1, 0, 0
1343000, 89088, 1, 0, 0
1344000, 92252, 1, 0, 0
1345000, 76800, 1, 0, 0
1346000, 85077, 1, 0, 0
1347000, 78848, 1, 0, 0
1348000, 83027, 1, 0, 0
1349000, 84992, 1, 0, 0
1350000, 82002, 1, 0, 0
1351000, 78848, 1, 0, 0
1352000, 71751, 1, 0, 0
1353000, 74752, 1, 0, 0
1354000, 76876, 1, 0, 0
1355000, 75776, 1, 0, 0
1356000, 79951, 1, 0, 0
1357000, 67584, 1, 0, 0
1358000, 73801, 1, 0, 0
1359000, 68608, 1, 0, 0
1360000, 78926, 1, 0, 0
1361000, 77901, 1, 0, 0
1362000, 77824, 1, 0, 0
1363000, 69701, 1, 0, 0
1364000, 67584, 1, 0, 0
1365000, 63551, 1, 0, 0
1366000, 70656, 1, 0, 0
1367000, 71751, 1, 0, 0
1368000, 82944, 1, 0, 0
1369000, 78926, 1, 0, 0
1370000, 70656, 1, 0, 0
1371000, 77901, 1, 0, 0
1372000, 62464, 1, 0, 0
1373000, 72776, 1, 0, 0
1374000, 76876, 1, 0, 0
1375000, 79872, 1, 0, 0
1376000, 68676, 1, 0, 0
1377000, 65536, 1, 0, 0
1378000, 67584, 1, 0, 0
1379000, 76876, 1, 0, 0
1380000, 82944, 1, 0, 0
1381000, 87127, 1, 0, 0
1382000, 74752, 1, 0, 0
1383000, 78926, 1, 0, 0
1384000, 74752, 1, 0, 0
1385000, 72776, 1, 0, 0
1386000, 84992, 1, 0, 0
1387000, 90202, 1, 0, 0
1388000, 73728, 1, 0, 0
1389000, 71751, 1, 0, 0
1390000, 68608, 1, 0, 0
1391000, 69701, 1, 0, 0
1392000, 100352, 1, 0, 0
1393000, 93277, 1, 0, 0
1394000, 78848, 1, 0, 0
1395000, 72776, 1, 0, 0
1396000, 70656, 1, 0, 0
1397000, 88152, 1, 0, 0
1398000, 96256, 1, 0, 0
1399000, 88152, 1, 0, 0
1400000, 73728, 1, 0, 0
1401001, 69632, 1, 0, 0
1402000, 74826, 1, 0, 0
1403000, 102502, 1, 0, 0
1404000, 95232, 1, 0, 0
1405000, 85077, 1, 0, 0
1406000, 73728, 1, 0, 0
1407000, 73728, 1, 0, 0
1408000, 88152, 1, 0, 0
1409000, 108652, 1, 0, 0
1410001, 99328, 1, 0, 0
1411000, 79951, 1, 0, 0
1412000, 72776, 1, 0, 0
1413000, 79872, 1, 0, 0
1414000, 103527, 1, 0, 0
1415000, 107520, 1, 0, 0
1416000, 70726, 1, 0, 0
1417000, 69632, 1, 0, 0
1418000, 68676, 1, 0, 0
1419000, 100352, 1, 0, 0
1420000, 112752, 1, 0, 0
1421000, 90112, 1, 0, 0
1422000, 71751, 1, 0, 0
1423000, 83027, 1, 0, 0
1424000, 103424, 1, 0, 0
1425000, 105577, 1, 0, 0
1426000, 86016, 1, 0, 0
1427000, 72776, 1, 0, 0
1428000, 70726, 1, 0, 0
1429000, 79872, 1, 0, 0
1430000, 111616, 1, 0, 0
1431000, 108652, 1, 0, 0
1432000, 75776, 1, 0, 0
1433000, 64576, 1, 0, 0
1434000, 69701, 1, 0, 0
1435000, 104448, 1, 0, 0
1436000, 103527, 1, 0, 0
1437000, 71680, 1, 0, 0
1438000, 78926, 1, 0, 0
1439000, 71680, 1, 0, 0
1440000, 93277, 1, 0, 0
1441000, 111616, 1, 0, 0
1442000, 93277, 1, 0, 0
1443000, 70656, 1, 0, 0
1444000, 66626, 1, 0, 0
1445000, 67584, 1, 0, 0
1446000, 106602, 1, 0, 0
1447000, 101376, 1, 0, 0
1448000, 72776, 1, 0, 0
1449000, 65536, 1, 0, 0
1450000, 66626, 1, 0, 0
1451000, 63488, 1, 0, 0
1452000, 100452, 1, 0, 0
1453000, 108544, 1, 0, 0
1454000, 69701, 1, 0, 0
1455000, 77824, 1, 0, 0
1456000, 68676, 1, 0, 0
1457000, 95327, 1, 0, 0
1458000, 111616, 1, 0, 0
1459000, 95327, 1, 0, 0
1460000, 72704, 1, 0, 0
1461000, 75851, 1, 0, 0
1462000, 91227, 1, 0, 0
1463000, 108544, 1, 0, 0
1464000, 103527, 1, 0, 0
1465000, 76876, 1, 0, 0
1466000, 82944, 1, 0, 0
1467000, 90202, 1, 0, 0
1468000, 128000, 1, 0, 0
1469000, 96352, 1, 0, 0
1470000, 76800, 1, 0, 0
1471000, 86102, 1, 0, 0
1472000, 115712, 1, 0, 0
1473000, 133253, 1, 0, 0
1474000, 86016, 1, 0, 0
1475000, 87127, 1, 0, 0
1476000, 84992, 1, 0, 0
1477000, 149653, 1, 0, 0
1478000, 112640, 1, 0, 0
1479000, 85077, 1, 0, 0
1480000, 85077, 1, 0, 0
1481000, 139264, 1, 0, 0
1482000, 136328, 1, 0, 0
1483000, 95232, 1, 0, 0
1484000, 86102, 1, 0, 0
1485000, 132096, 1, 0, 0
1486000, 145553, 1, 0, 0
1487000, 91136, 1, 0, 0
1488000, 93277, 1, 0, 0
1489000, 130048, 1, 0, 0
1490000, 155803, 1, 0, 0
1491000, 90112, 1, 0, 0
1492000, 102502, 1, 0, 0
1493000, 142336, 1, 0, 0
1494000, 142478, 1, 0, 0
1495000, 106496, 1, 0, 0
1496000, 115827, 1, 0, 0
1497000, 172032, 1, 0, 0
1498000, 116852, 1, 0, 0
1499000, 97280, 1, 0, 0
1500000, 118902, 1, 0, 0
1501001, 172032, 1, 0, 0
1502000, 96352, 1, 0, 0
1503000, 100452, 1, 0, 0
1504000, 125952, 1, 0, 0
1505001, 148480, 1, 0, 0
1506000, 106602, 1, 0, 0
1507000, 108544, 1, 0, 0
1508000, 161953, 1, 0, 0
1509000, 135168, 1, 0, 0
1510000, 104552, 1, 0, 0
1511000, 116736, 1, 0, 0
1512000, 172204, 1, 0, 0
1513000, 110592, 1, 0, 0
1514000, 91227, 1, 0, 0
1515000, 116736, 1, 0, 0
1516000, 172204, 1, 0, 0
1517000, 99328, 1, 0, 0
1518000, 113777, 1, 0, 0
1519000, 169129, 1, 0, 0
1520000, 154624, 1, 0, 0
1521000, 103527, 1, 0, 0
1522000, 148480, 1, 0, 0
1523000, 174254, 1, 0, 0
1524000, 135168, 1, 0, 0
1525000, 140428, 1, 0, 0
1526000, 172032, 1, 0, 0
1527000, 125053, 1, 0, 0
1528000, 124928, 1, 0, 0
1529000, 185529, 1, 0, 0
1530000, 138240, 1, 0, 0
1531000, 151703, 1, 0, 0
1532000, 193536, 1, 0, 0
1533000, 148628, 1, 0, 0
1534000, 180224, 1, 0, 0
1535000, 186554, 1, 0, 0
1536000, 161792, 1, 0, 0
1537000, 187579, 1, 0, 0
1538000, 168960, 1, 0, 0
1539000, 188416, 1, 0, 0
1540000, 190654, 1, 0, 0
1541001, 169984, 1, 0, 0
1542000, 193729, 1, 0, 0
1543001, 185344, 1, 0, 0
1544000, 172204, 1, 0, 0
1545001, 188416, 1, 0, 0
1546000, 159903, 1, 0, 0
1547000, 192704, 1, 0, 0
1548000, 182272, 1, 0, 0
1549000, 190654, 1, 0, 0
1550000, 186368, 1, 0, 0
1551000, 181429, 1, 0, 0
1552000, 184320, 1, 0, 0
1553000, 190654, 1, 0, 0
1554000, 184320, 1, 0, 0
1555000, 187579, 1, 0, 0
1556000, 176128, 1, 0, 0
1557000, 183479, 1, 0, 0
1558000, 166912, 1, 0, 0
1559000, 153753, 1, 0, 0
1560000, 178176, 1, 0, 0
1561000, 158878, 1, 0, 0
1562001, 146432, 1, 0, 0
1563000, 168104, 1, 0, 0
1564000, 157853, 1, 0, 0
1565000, 149504, 1, 0, 0
1566000, 162978, 1, 0, 0
1567000, 135168, 1, 0, 0
1568000, 121856, 1, 0, 0
1569000, 123003, 1, 0, 0
1570000, 139264, 1, 0, 0
1571000, 128128, 1, 0, 0
1572000, 126976, 1, 0, 0
1573000, 142478, 1, 0, 0
1574000, 121856, 1, 0, 0
1575000, 132228, 1, 0, 0
1576000, 121856, 1, 0, 0
1577000, 138378, 1, 0, 0
1578000, 107520, 1, 0, 0
1579000, 96352, 1, 0, 0
1580000, 129024, 1, 0, 0
1581000, 118902, 1, 0, 0
1582000, 108544, 1, 0, 0
1583000, 101477, 1, 0, 0
1584000, 118784, 1, 0, 0
1585000, 119927, 1, 0, 0
1586000, 103424, 1, 0, 0
1587000, 104448, 1, 0, 0
1588000, 109677, 1, 0, 0
1589000, 123904, 1, 0, 0
1590000, 107627, 1, 0, 0
1591001, 110592, 1, 0, 0
1592000, 97377, 1, 0, 0
1593000, 107520, 1, 0, 0
1594000, 108652, 1, 0, 0
1595000, 89088, 1, 0, 0
1596000, 94302, 1, 0, 0
1597000, 99328, 1, 0, 0
1598000, 102502, 1, 0, 0
1599000, 102400, 1, 0, 0
1600000, 82002, 1, 0, 0
1601000, 94208, 1, 0, 0
1602000, 95327, 1, 0, 0
1603000, 103424, 1, 0, 0
1604000, 97377, 1, 0, 0
1605000, 75776, 1, 0, 0
1606000, 82002, 1, 0, 0
1607000, 82002, 1, 0, 0
1608000, 83968, 1, 0, 0
1609000, 90202, 1, 0, 0
1610000, 80896, 1, 0, 0
1611000, 75851, 1, 0, 0
1612000, 87040, 1, 0, 0
1613000, 79951, 1, 0, 0
1614000, 92160, 1, 0, 0
1615000, 86102, 1, 0, 0
1616000, 69632, 1, 0, 0
1617000, 70726, 1, 0, 0
1618000, 76876, 1, 0, 0
1619000, 78848, 1, 0, 0
1620000, 79951, 1, 0, 0
1621000, 81920, 1, 0, 0
1622000, 69701, 1, 0, 0
1623000, 73728, 1, 0, 0
1624000, 69701, 1, 0, 0
1625000, 81920, 1, 0, 0
1626000, 84052, 1, 0, 0
1627000, 80896, 1, 0, 0
1628000, 67651, 1, 0, 0
1629000, 71680, 1, 0, 0
1630000, 66626, 1, 0, 0
1631000, 75851, 1, 0, 0
1632000, 79872, 1, 0, 0
1633000, 83027, 1, 0, 0
1634000, 74826, 1, 0, 0
1635000, 65536, 1, 0, 0
1636000, 75851, 1, 0, 0
1637000, 80896, 1, 0, 0
1638000, 82002, 1, 0, 0
1639000, 84052, 1, 0, 0
1640001, 71608, 1, 0, 0
1641000, 68676, 1, 0, 0
1642000, 68676, 1, 0, 0
1643000, 77824, 1, 0, 0
1644000, 84052, 1, 0, 0
1645000, 84992, 1, 0, 0
1646000, 78926, 1, 0, 0
1647000, 70726, 1, 0, 0
1648000, 66560, 1, 0, 0
1649000, 77901, 1, 0, 0
1650000, 82944, 1, 0, 0
1651000, 93277, 1, 0, 0
1652000, 83968, 1, 0, 0
1653000, 74826, 1, 0, 0
1654000, 78848, 1, 0, 0
1655000, 85077, 1, 0, 0
1656000, 90112, 1, 0, 0
1657000, 96352, 1, 0, 0
1658000, 77824, 1, 0, 0
1659000, 73801, 1, 0, 0
1660000, 76800, 1, 0, 0
1661000, 98402, 1, 0, 0
1662000, 101376, 1, 0, 0
1663000, 88152, 1, 0, 0
1664000, 69632, 1, 0, 0
1665000, 74826, 1, 0, 0
1666000, 97280, 1, 0, 0
1667000, 98402, 1, 0, 0
1668000, 91136, 1, 0, 0
1669000, 71751, 1, 0, 0
1670000, 76800, 1, 0, 0
1671000, 87127, 1, 0, 0
1672000, 113777, 1, 0, 0
1673000, 102400, 1, 0, 0
1674000, 76876, 1, 0, 0
1675000, 78848, 1, 0, 0
1676000, 66626, 1, 0, 0
1677000, 115827, 1, 0, 0
1678000, 116736, 1, 0, 0
1679000, 76876, 1, 0, 0
1680000, 77824, 1, 0, 0
1681000, 72776, 1, 0, 0
1682000, 107520, 1, 0, 0
1683000, 100452, 1, 0, 0
1684000, 91136, 1, 0, 0
1685000, 76876, 1, 0, 0
1686000, 78848, 1, 0, 0
1687000, 104552, 1, 0, 0
1688000, 113664, 1, 0, 0
1689000, 88152, 1, 0, 0
1690000, 70726, 1, 0, 0
1691000, 76800, 1, 0, 0
1692000, 96352, 1, 0, 0
1693000, 117760, 1, 0, 0
1694000, 92252, 1, 0, 0
1695000, 65536, 1, 0, 0
1696000, 79951, 1, 0, 0
1697000, 87040, 1, 0, 0
1698000, 109677, 1, 0, 0
1699000, 91136, 1, 0, 0
1700000, 73801, 1, 0, 0
1701000, 66560, 1, 0, 0
1702000, 79951, 1, 0, 0
1703000, 99328, 1, 0, 0
1704000, 109677, 1, 0, 0
1705000, 72704, 1, 0, 0
1706000, 77901, 1, 0, 0
1707001, 74752, 1, 0, 0
1708000, 95327, 1, 0, 0
1709001, 107520, 1, 0, 0
1710000, 86102, 1, 0, 0
1711000, 71751, 1, 0, 0
1712000, 68608, 1, 0, 0
1713000, 61501, 1, 0, 0
1714000, 106496, 1, 0, 0
1715000, 109677, 1, 0, 0
1716000, 72704, 1, 0, 0
1717001, 68608, 1, 0, 0
1718000, 66626, 1, 0, 0
1719000, 95232, 1, 0, 0
1720000, 108652, 1, 0, 0
1721000, 105472, 1, 0, 0
1722000, 71751, 1, 0, 0
1723000, 72776, 1, 0, 0
1724000, 84052, 1, 0, 0
1725000, 120832, 1, 0, 0
1726000, 106602, 1, 0, 0
1727000, 74752, 1, 0, 0
1728000, 82002, 1, 0, 0
1729000, 80896, 1, 0, 0
1730000, 112752, 1, 0, 0
1731000, 108544, 1, 0, 0
1732000, 76876, 1, 0, 0
1733000, 83968, 1, 0, 0
1734000, 98402, 1, 0, 0
1735000, 115712, 1, 0, 0
1736000, 104552, 1, 0, 0
1737000, 73728, 1, 0, 0
1738000, 74826, 1, 0, 0
1739000, 79872, 1, 0, 0
1740000, 123003, 1, 0, 0
1741000, 113664, 1, 0, 0
1742000, 76876, 1, 0, 0
1743000, 88064, 1, 0, 0
1744000, 121977, 1, 0, 0
1745000, 130048, 1, 0, 0
1746000, 82002, 1, 0, 0
1747000, 86016, 1, 0, 0
1748000, 113777, 1, 0, 0
1749000, 152576, 1, 0, 0
1750000, 100452, 1, 0, 0
1751000, 91136, 1, 0, 0
1752000, 104552, 1, 0, 0
1753000, 157696, 1, 0, 0
1754000, 110702, 1, 0, 0
1755000, 92160, 1, 0, 0
1756000, 116852, 1, 0, 0
1757000, 151552, 1, 0, 0
1758000, 76876, 1, 0, 0
1759000, 89088, 1, 0, 0
1760000, 92252, 1, 0, 0
1761000, 160768, 1, 0, 0
1762000, 116852, 1, 0, 0
1763000, 93184, 1, 0, 0
1764000, 106602, 1, 0, 0
1765000, 157853, 1, 0, 0
1766000, 118784, 1, 0, 0
1767000, 93277, 1, 0, 0
1768000, 106496, 1, 0, 0
1769000, 169984, 1, 0, 0
1770000, 106602, 1, 0, 0
1771000, 105472, 1, 0, 0
1772000, 130178, 1, 0, 0
1773000, 160768, 1, 0, 0
1774000, 107627, 1, 0, 0
1775000, 101376, 1, 0, 0
1776000, 162978, 1, 0, 0
1777001, 135168, 1, 0, 0
1778000, 105577, 1, 0, 0
1779000, 137353, 1, 0, 0
1780000, 159744, 1, 0, 0
1781000, 108652, 1, 0, 0
1782000, 104448, 1, 0, 0
1783000, 167079, 1, 0, 0
1784000, 136192, 1, 0, 0
1785000, 111727, 1, 0, 0
1786000, 141312, 1, 0, 0
1787000, 164004, 1, 0, 0
1788000, 125952, 1, 0, 0
1789000, 148628, 1, 0, 0
1790000, 182272, 1, 0, 0
1791000, 135303, 1, 0, 0
1792000, 164864, 1, 0, 0
1793000, 181429, 1, 0, 0
1794000, 136192, 1, 0, 0
1795000, 189629, 1, 0, 0
1796000, 168960, 1, 0, 0
1797000, 153753, 1, 0, 0
1798000, 192512, 1, 0, 0
1799000, 166054, 1, 0, 0
1800000, 160768, 1, 0, 0
1801000, 179379, 1, 0, 0
1802000, 166912, 1, 0, 0
1803000, 179379, 1, 0, 0
1804000, 182272, 1, 0, 0
1805000, 176304, 1, 0, 0
1806000, 194560, 1, 0, 0
1807000, 181429, 1, 0, 0
1808000, 188416, 1, 0, 0
1809000, 186554, 1, 0, 0
1810000, 187392, 1, 0, 0
1811000, 190654, 1, 0, 0
1812000, 185344, 1, 0, 0
1813000, 187579, 1, 0, 0
1814000, 188416, 1, 0, 0
1815000, 186554, 1, 0, 0
1816000, 192512, 1, 0, 0
1817000, 184504, 1, 0, 0
1818000, 193536, 1, 0, 0
1819000, 175279, 1, 0, 0
1820000, 179200, 1, 0, 0
1821000, 190654, 1, 0, 0
1822000, 169984, 1, 0, 0
1823000, 188604, 1, 0, 0
1824000, 168960, 1, 0, 0
1825000, 158878, 1, 0, 0
1826000, 172032, 1, 0, 0
1827000, 145553, 1, 0, 0
1828000, 165888, 1, 0, 0
1829000, 176304, 1, 0, 0
1830000, 134144, 1, 0, 0
1831000, 160928, 1, 0, 0
1832000, 169984, 1, 0, 0
1833000, 137353, 1, 0, 0
1834000, 141312, 1, 0, 0
1835000, 158878, 1, 0, 0
1836000, 132096, 1, 0, 0
1837000, 137353, 1, 0, 0
1838000, 151703, 1, 0, 0
1839000, 120832, 1, 0, 0
1840000, 132228, 1, 0, 0
1841000, 146432, 1, 0, 0
1842000, 145553, 1, 0, 0
1843000, 130048, 1, 0, 0
1844000, 120952, 1, 0, 0
1845000, 141453, 1, 0, 0
1846000, 120832, 1, 0, 0
1847000, 113777, 1, 0, 0
1848000, 124928, 1, 0, 0
1849000, 126078, 1, 0, 0
1850000, 114688, 1, 0, 0
1851000, 116852, 1, 0, 0
1852000, 117760, 1, 0, 0
1853000, 127103, 1, 0, 0
1854000, 98402, 1, 0, 0
1855000, 99328, 1, 0, 0
1856000, 117877, 1, 0, 0
1857000, 117760, 1, 0, 0
1858000, 110702, 1, 0, 0
1859000, 107520, 1, 0, 0
1860000, 108652, 1, 0, 0
1861000, 109677, 1, 0, 0
1862000, 108544, 1, 0, 0
1863000, 99427, 1, 0, 0
1864000, 96256, 1, 0, 0
1865000, 104552, 1, 0, 0
1866000, 110592, 1, 0, 0
1867000, 89177, 1, 0, 0
1868000, 90112, 1, 0, 0
1869000, 85077, 1, 0, 0
1870000, 94302, 1, 0, 0
1871000, 97280, 1, 0, 0
1872000, 78926, 1, 0, 0
1873000, 83968, 1, 0, 0
1874000, 80976, 1, 0, 0
1875000, 91136, 1, 0, 0
1876000, 101477, 1, 0, 0
1877000, 74752, 1, 0, 0
1878000, 78926, 1, 0, 0
1879000, 80976, 1, 0, 0
1880000, 83968, 1, 0, 0
1881000, 90202, 1, 0, 0
1882000, 89088, 1, 0, 0
1883000, 77901, 1, 0, 0
1884000, 73728, 1, 0, 0
1885000, 76876, 1, 0, 0
1886000, 83968, 1, 0, 0
1887000, 73801, 1, 0, 0
1888000, 77901, 1, 0, 0
1889000, 74752, 1, 0, 0
1890000, 72776, 1, 0, 0
1891000, 72704, 1, 0, 0
1892000, 87127, 1, 0, 0
1893000, 86016, 1, 0, 0
1894000, 77901, 1, 0, 0
1895000, 68608, 1, 0, 0
1896000, 72776, 1, 0, 0
1897000, 77901, 1, 0, 0
1898000, 80896, 1, 0, 0
1899000, 79951, 1, 0, 0
1900000, 72704, 1, 0, 0
1901000, 74826, 1, 0, 0
1902000, 76876, 1, 0, 0
1903000, 76800, 1, 0, 0
1904000, 83027, 1, 0, 0
1905000, 84992, 1, 0, 0
1906000, 76876, 1, 0, 0
1907000, 74752, 1, 0, 0
1908000, 75851, 1, 0, 0
1909000, 63551, 1, 0, 0
1910000, 79872, 1, 0, 0
1911000, 84052, 1, 0, 0
1912000, 72704, 1, 0, 0
1913000, 71751, 1, 0, 0
1914000, 73728, 1, 0, 0
1915000, 88152, 1, 0, 0
1916000, 92252, 1, 0, 0
1917000, 94208, 1, 0, 0
1918000, 76876, 1, 0, 0
1919000, 78848, 1, 0, 0
1920000, 66626, 1, 0, 0
1921000, 98304, 1, 0, 0
1922000, 101477, 1, 0, 0
1923000, 83968, 1, 0, 0
1924000, 80976, 1, 0, 0
1925000, 80976, 1, 0, 0
1926000, 101376, 1, 0, 0
1927001, 107520, 1, 0, 0
1928000, 82002, 1, 0, 0
1929001, 70656, 1, 0, 0
1930000, 76876, 1, 0, 0
1931000, 99427, 1, 0, 0
1932000, 106496, 1, 0, 0
1933000, 92252, 1, 0, 0
1934000, 82944, 1, 0, 0
1935000, 82002, 1, 0, 0
1936000, 103424, 1, 0, 0
1937000, 115827, 1, 0, 0
1938000, 90112, 1, 0, 0
1939000, 76876, 1, 0, 0
1940000, 84992, 1, 0, 0
1941000, 110702, 1, 0, 0
1942000, 114688, 1, 0, 0
1943000, 71751, 1, 0, 0
1944001, 84992, 1, 0, 0
1945000, 78926, 1, 0, 0
1946000, 120952, 1, 0, 0
1947000, 112640, 1, 0, 0
1948000, 74826, 1, 0, 0
1949000, 87040, 1, 0, 0
1950000, 77901, 1, 0, 0
1951001, 110592, 1, 0, 0
1952000, 107627, 1, 0, 0
1953000, 78926, 1, 0, 0
1954000, 71680, 1, 0, 0
1955000, 71751, 1, 0, 0
1956000, 114688, 1, 0, 0
1957000, 111727, 1, 0, 0
1958000, 74752, 1, 0, 0
1959000, 66626, 1, 0, 0
1960000, 77824, 1, 0, 0
1961000, 106602, 1, 0, 0
1962000, 113664, 1, 0, 0
1963000, 77901, 1, 0, 0
1964000, 68608, 1, 0, 0
1965000, 68676, 1, 0, 0
1966000, 98304, 1, 0, 0
1967000, 113777, 1, 0, 0
1968000, 91136, 1, 0, 0
1969000, 84052, 1, 0, 0
1970000, 73728, 1, 0, 0
1971000, 90202, 1, 0, 0
1972000, 104448, 1, 0, 0
1973000, 92252, 1, 0, 0
1974000, 72704, 1, 0, 0
1975000, 69701, 1, 0, 0
1976000, 74752, 1, 0, 0
1977000, 108652, 1, 0, 0
1978000, 105577, 1, 0, 0
1979000, 71680, 1, 0, 0
1980000, 75851, 1, 0, 0
1981000, 71680, 1, 0, 0
1982000, 110702, 1, 0, 0
1983000, 109568, 1, 0, 0
1984000, 71751, 1, 0, 0
1985000, 66626, 1, 0, 0
1986000, 69632, 1, 0, 0
1987000, 88152, 1, 0, 0
1988000, 108544, 1, 0, 0
1989000, 93277, 1, 0, 0
1990000, 73728, 1, 0, 0
1991000, 75851, 1, 0, 0
1992000, 87127, 1, 0, 0
1993000, 114688, 1, 0, 0
1994000, 103527, 1, 0, 0
1995000, 79872, 1, 0, 0
1996000, 76876, 1, 0, 0
1997000, 95327, 1, 0, 0
1998000, 113664, 1, 0, 0
1999000, 95327, 1, 0, 0
2000001, 76800, 1, 0, 0
2001000, 78926, 1, 0, 0
2002000, 110702, 1, 0, 0
2003000, 121856, 1, 0, 0
2004000, 92252, 1, 0, 0
2005000, 79872, 1, 0, 0
2006000, 87127, 1, 0, 0
2007000, 131203, 1, 0, 0
2008000, 138240, 1, 0, 0
2009000, 80976, 1, 0, 0
2010001, 90112, 1, 0, 0
2011000, 137353, 1, 0, 0
2012000, 128128, 1, 0, 0
2013000, 99328, 1, 0, 0
2014000, 86102, 1, 0, 0
2015000, 136192, 1, 0, 0
2016000, 129153, 1, 0, 0
2017000, 96256, 1, 0, 0
2018000, 88152, 1, 0, 0
2019000, 144384, 1, 0, 0
2020000, 141453, 1, 0, 0
2021001, 92160, 1, 0, 0
2022000, 99427, 1, 0, 0
2023000, 162978, 1, 0, 0
2024000, 129024, 1, 0, 0
2025000, 104552, 1, 0, 0
2026000, 118784, 1, 0, 0
2027000, 150678, 1, 0, 0
2028000, 110592, 1, 0, 0
2029000, 106602, 1, 0, 0
2030000, 145553, 1, 0, 0
2031000, 138240, 1, 0, 0
2032000, 95327, 1, 0, 0
2033000, 105472, 1, 0, 0
2034000, 155803, 1, 0, 0
2035000, 126976, 1, 0, 0
2036000, 95327, 1, 0, 0
2037001, 126976, 1, 0, 0
2038000, 166054, 1, 0, 0
2039000, 107627, 1, 0, 0
2040000, 108652, 1, 0, 0
2041000, 146432, 1, 0, 0
2042000, 143503, 1, 0, 0
2043001, 108544, 1, 0, 0
2044000, 118902, 1, 0, 0
2045000, 162978, 1, 0, 0
2046000, 116736, 1, 0, 0
2047000, 118902, 1, 0, 0
2048000, 180224, 1, 0, 0
2049001, 142336, 1, 0, 0
2050000, 123003, 1, 0, 0
2051000, 167079, 1, 0, 0
2052000, 148480, 1, 0, 0
2053000, 132228, 1, 0, 0
2054000, 172032, 1, 0, 0
2055000, 157853, 1, 0, 0
2056000, 115712, 1, 0, 0
2057000, 170154, 1, 0, 0
2058000, 165888, 1, 0, 0
2059000, 139403, 1, 0, 0
2060000, 186368, 1, 0, 0
2061000, 159903, 1, 0, 0
2062000, 173056, 1, 0, 0
2063000, 189629, 1, 0, 0
2064000, 149504, 1, 0, 0
2065001, 171008, 1, 0, 0
2066000, 178354, 1, 0, 0
2067000, 177152, 1, 0, 0
2068000, 189629, 1, 0, 0
2069000, 179200, 1, 0, 0
2070000, 181429, 1, 0, 0
2071000, 187392, 1, 0, 0
2072000, 188604, 1, 0, 0
2073000, 190464, 1, 0, 0
2074000, 190654, 1, 0, 0
2075000, 190464, 1, 0, 0
2076000, 190464, 1, 0, 0
2077000, 187579, 1, 0, 0
2078000, 189440, 1, 0, 0
2079000, 179379, 1, 0, 0
2080000, 187392, 1, 0, 0
2081000, 182454, 1, 0, 0
2082000, 186368, 1, 0, 0
2083000, 188604, 1, 0, 0
2084000, 164864, 1, 0, 0
2085001, 184320, 1, 0, 0
2086000, 180404, 1, 0, 0
2087001, 169984, 1, 0, 0
2088000, 184504, 1, 0, 0
2089000, 178176, 1, 0, 0
2090000, 179379, 1, 0, 0
2091000, 173056, 1, 0, 0
2092000, 166054, 1, 0, 0
2093000, 176128, 1, 0, 0
2094000, 170154, 1, 0, 0
2095000, 173056, 1, 0, 0
2096000, 166912, 1, 0, 0
2097000, 149653, 1, 0, 0
2098000, 155648, 1, 0, 0
2099000, 153753, 1, 0, 0
2100000, 129024, 1, 0, 0
2101000, 148628, 1, 0, 0
2102000, 162816, 1, 0, 0
2103000, 126976, 1, 0, 0
2104000, 127103, 1, 0, 0
2105000, 143360, 1, 0, 0
2106000, 113777, 1, 0, 0
2107000, 108544, 1, 0, 0
2108000, 127103, 1, 0, 0
2109000, 134144, 1, 0, 0
2110000, 131203, 1, 0, 0
2111000, 113664, 1, 0, 0
2112000, 132228, 1, 0, 0
2113000, 122880, 1, 0, 0
2114000, 103527, 1, 0, 0
2115000, 103424, 1, 0, 0
2116000, 110702, 1, 0, 0
2117000, 121856, 1, 0, 0
2118000, 117877, 1, 0, 0
2119000, 97280, 1, 0, 0
2120000, 117877, 1, 0, 0
2121000, 110592, 1, 0, 0
2122000, 100452, 1, 0, 0
2123000, 105577, 1, 0, 0
2124000, 107520, 1, 0, 0
2125000, 114802, 1, 0, 0
2126000, 108544, 1, 0, 0
2127001, 98304, 1, 0, 0
2128000, 102502, 1, 0, 0
2129000, 107627, 1, 0, 0
2130000, 97280, 1, 0, 0
2131000, 93277, 1, 0, 0
2132000, 92160, 1, 0, 0
2133000, 99427, 1, 0, 0
2134000, 96256, 1, 0, 0
2135000, 94302, 1, 0, 0
2136000, 99328, 1, 0, 0
2137000, 86102, 1, 0, 0
2138000, 98304, 1, 0, 0
2139000, 98402, 1, 0, 0
2140001, 88064, 1, 0, 0
2141000, 79951, 1, 0, 0
2142001, 84992, 1, 0, 0
2143000, 88152, 1, 0, 0
2144000, 89177, 1, 0, 0
2145000, 88064, 1, 0, 0
2146000, 74826, 1, 0, 0
2147000, 80896, 1, 0, 0
2148000, 77824, 1, 0, 0
2149000, 87127, 1, 0, 0
2150000, 88064, 1, 0, 0
2151000, 74826, 1, 0, 0
2152000, 72704, 1, 0, 0
2153000, 68676, 1, 0, 0
2154000, 69632, 1, 0, 0
2155000, 78926, 1, 0, 0
2156000, 73728, 1, 0, 0
2157000, 75851, 1, 0, 0
2158000, 67584, 1, 0, 0
2159000, 77824, 1, 0, 0
2160000, 73801, 1, 0, 0
2161000, 84992, 1, 0, 0
2162000, 80976, 1, 0, 0
2163000, 75776, 1, 0, 0
2164000, 77901, 1, 0, 0
2165000, 72704, 1, 0, 0
2166000, 80976, 1, 0, 0
2167000, 79872, 1, 0, 0
2168000, 80976, 1, 0, 0
2169000, 81920, 1, 0, 0
2170000, 78926, 1, 0, 0
2171000, 72704, 1, 0, 0
2172000, 77901, 1, 0, 0
2173000, 83968, 1, 0, 0
2174000, 83027, 1, 0, 0
2175000, 68608, 1, 0, 0
2176000, 71751, 1, 0, 0
2177000, 76800, 1, 0, 0
2178000, 85077, 1, 0, 0
2179000, 95232, 1, 0, 0
2180000, 85077, 1, 0, 0
2181000, 74752, 1, 0, 0
2182000, 75851, 1, 0, 0
2183000, 77824, 1, 0, 0
2184000, 91227, 1, 0, 0
2185000, 92252, 1, 0, 0
2186000, 78848, 1, 0, 0
2187000, 77824, 1, 0, 0
2188000, 79951, 1, 0, 0
2189000, 93184, 1, 0, 0
2190000, 100452, 1, 0, 0
2191000, 89088, 1, 0, 0
2192000, 76876, 1, 0, 0
2193000, 81920, 1, 0, 0
2194000, 88152, 1, 0, 0
2195000, 101376, 1, 0, 0
2196000, 101477, 1, 0, 0
2197000, 74752, 1, 0, 0
2198000, 82002, 1, 0, 0
2199000, 98304, 1, 0, 0
2200000, 117877, 1, 0, 0
2201000, 89088, 1, 0, 0
2202000, 75851, 1, 0, 0
2203000, 79872, 1, 0, 0
2204000, 107627, 1, 0, 0
2205000, 122880, 1, 0, 0
2206000, 88152, 1, 0, 0
2207000, 80896, 1, 0, 0
2208000, 90202, 1, 0, 0
2209000, 122880, 1, 0, 0
2210000, 115827, 1, 0, 0
2211000, 86016, 1, 0, 0
2212000, 78926, 1, 0, 0
2213000, 109568, 1, 0, 0
2214000, 124028, 1, 0, 0
2215000, 96256, 1, 0, 0
2216000, 77901, 1, 0, 0
2217000, 82944, 1, 0, 0
2218000, 124028, 1, 0, 0
2219000, 123904, 1, 0, 0
2220000, 84052, 1, 0, 0
2221000, 73728, 1, 0, 0
2222000, 76876, 1, 0, 0
2223000, 118784, 1, 0, 0
2224000, 103527, 1, 0, 0
2225000, 71680, 1, 0, 0
2226000, 76876, 1, 0, 0
2227000, 77824, 1, 0, 0
2228000, 119927, 1, 0, 0
2229000, 108544, 1, 0, 0
2230000, 69701, 1, 0, 0
2231000, 73728, 1, 0, 0
2232000, 70726, 1, 0, 0
2233000, 113664, 1, 0, 0
2234000, 115827, 1, 0, 0
2235000, 80896, 1, 0, 0
2236000, 73801, 1, 0, 0
2237000, 69632, 1, 0, 0
2238000, 103527, 1, 0, 0
2239000, 108544, 1, 0, 0
2240000, 80976, 1, 0, 0
2241000, 75776, 1, 0, 0
2242000, 67651, 1, 0, 0
2243000, 93184, 1, 0, 0
2244001, 104448, 1, 0, 0
2245000, 96352, 1, 0, 0
2246000, 72704, 1, 0, 0
2247000, 72776, 1, 0, 0
2248000, 92160, 1, 0, 0
2249000, 111727, 1, 0, 0
2250000, 97280, 1, 0, 0
2251000, 76876, 1, 0, 0
2252000, 69632, 1, 0, 0
2253000, 83027, 1, 0, 0
2254000, 114688, 1, 0, 0
2255001, 104448, 1, 0, 0
2256000, 73801, 1, 0, 0
2257000, 74752, 1, 0, 0
2258000, 78926, 1, 0, 0
2259000, 114688, 1, 0, 0
2260000, 112752, 1, 0, 0
2261000, 74752, 1, 0, 0
2262000, 71751, 1, 0, 0
2263000, 93184, 1, 0, 0
2264000, 125053, 1, 0, 0
2265000, 104448, 1, 0, 0
2266000, 78848, 1, 0, 0
2267000, 88152, 1, 0, 0
2268000, 125053, 1, 0, 0
2269000, 133120, 1, 0, 0
2270000, 80976, 1, 0, 0
2271000, 84992, 1, 0, 0
2272000, 109677, 1, 0, 0
2273000, 138240, 1, 0, 0
2274000, 105472, 1, 0, 0
2275000, 87127, 1, 0, 0
2276000, 110592, 1, 0, 0
2277000, 142478, 1, 0, 0
2278000, 105472, 1, 0, 0
2279000, 90202, 1, 0, 0
2280000, 86016, 1, 0, 0
2281000, 151703, 1, 0, 0
2282000, 125952, 1, 0, 0
2283000, 99427, 1, 0, 0
2284000, 115712, 1, 0, 0
2285000, 155803, 1, 0, 0
2286000, 105472, 1, 0, 0
2287000, 95327, 1, 0, 0
2288000, 126976, 1, 0, 0
2289000, 159903, 1, 0, 0
2290000, 106496, 1, 0, 0
2291000, 105577, 1, 0, 0
2292000, 167936, 1, 0, 0
2293000, 124028, 1, 0, 0
2294000, 97280, 1, 0, 0
2295000, 126078, 1, 0, 0
2296000, 159744, 1, 0, 0
2297000, 103527, 1, 0, 0
2298000, 98304, 1, 0, 0
2299000, 142478, 1, 0, 0
2300000, 151552, 1, 0, 0
2301000, 98402, 1, 0, 0
2302000, 92160, 1, 0, 0
2303000, 183479, 1, 0, 0
2304000, 128000, 1, 0, 0
2305001, 98304, 1, 0, 0
2306000, 143503, 1, 0, 0
2307000, 160768, 1, 0, 0
2308000, 107627, 1, 0, 0
2309000, 129024, 1, 0, 0
2310000, 175279, 1, 0, 0
2311000, 123904, 1, 0, 0
2312000, 117877, 1, 0, 0
2313000, 187392, 1, 0, 0
2314000, 130178, 1, 0, 0
2315000, 111616, 1, 0, 0
2316000, 167936, 1, 0, 0
2317000, 153753, 1, 0, 0
2318000, 134144, 1, 0, 0
2319000, 165029, 1, 0, 0
2320000, 157853, 1, 0, 0
2321000, 157696, 1, 0, 0
2322000, 186554, 1, 0, 0
2323000, 135168, 1, 0, 0
2324000, 148628, 1, 0, 0
2325000, 184320, 1, 0, 0
2326000, 142478, 1, 0, 0
2327000, 178176, 1, 0, 0
2328000, 185529, 1, 0, 0
2329000, 162816, 1, 0, 0
2330000, 186554, 1, 0, 0
2331000, 174080, 1, 0, 0
2332000, 180404, 1, 0, 0
2333000, 184320, 1, 0, 0
2334000, 155803, 1, 0, 0
2335000, 183296, 1, 0, 0
2336000, 182454, 1, 0, 0
2337000, 168960, 1, 0, 0
2338000, 189440, 1, 0, 0
2339000, 189629, 1, 0, 0
2340000, 185344, 1, 0, 0
2341000, 183479, 1, 0, 0
2342000, 189440, 1, 0, 0
2343000, 182454, 1, 0, 0
2344000, 178176, 1, 0, 0
2345000, 188604, 1, 0, 0
2346000, 185344, 1, 0, 0
2347000, 185529, 1, 0, 0
2348000, 183296, 1, 0, 0
2349000, 185529, 1, 0, 0
2350000, 190464, 1, 0, 0
2351000, 186554, 1, 0, 0
2352000, 185344, 1, 0, 0
2353000, 182454, 1, 0, 0
2354000, 171008, 1, 0, 0
2355000, 188416, 1, 0, 0
2356000, 167079, 1, 0, 0
2357000, 175104, 1, 0, 0
2358000, 175279, 1, 0, 0
2359000, 157696, 1, 0, 0
2360000, 169129, 1, 0, 0
2361000, 167936, 1, 0, 0
2362000, 158878, 1, 0, 0
2363000, 163840, 1, 0, 0
2364000, 148628, 1, 0, 0
2365000, 142336, 1, 0, 0
2366000, 161792, 1, 0, 0
2367000, 128128, 1, 0, 0
2368000, 124928, 1, 0, 0
2369000, 154778, 1, 0, 0
2370000, 144528, 1, 0, 0
2371000, 137216, 1, 0, 0
2372000, 125952, 1, 0, 0
2373000, 145553, 1, 0, 0
2374000, 126976, 1, 0, 0
2375000, 128128, 1, 0, 0
2376000, 133120, 1, 0, 0
2377000, 124028, 1, 0, 0
2378000, 105472, 1, 0, 0
2379000, 123003, 1, 0, 0
2380000, 122880, 1, 0, 0
2381000, 111727, 1, 0, 0
2382000, 113664, 1, 0, 0
2383001, 116736, 1, 0, 0
2384000, 125053, 1, 0, 0
2385000, 99328, 1, 0, 0
2386000, 107627, 1, 0, 0
2387000, 106496, 1, 0, 0
2388000, 116852, 1, 0, 0
2389000, 105472, 1, 0, 0
2390000, 109677, 1, 0, 0
2391000, 102400, 1, 0, 0
2392000, 110702, 1, 0, 0
2393000, 105472, 1, 0, 0
2394000, 92252, 1, 0, 0
2395000, 91136, 1, 0, 0
2396000, 105577, 1, 0, 0
2397000, 97280, 1, 0, 0
2398000, 87127, 1, 0, 0
2399000, 100352, 1, 0, 0
2400000, 100452, 1, 0, 0
2401000, 100352, 1, 0, 0
2402000, 96352, 1, 0, 0
2403000, 90112, 1, 0, 0
2404000, 87127, 1, 0, 0
2405000, 87040, 1, 0, 0
2406000, 92252, 1, 0, 0
2407000, 90112, 1, 0, 0
2408000, 80976, 1, 0, 0
2409000, 78848, 1, 0, 0
2410000, 79951, 1, 0, 0
2411000, 89088, 1, 0, 0
2412000, 89177, 1, 0, 0
2413000, 77824, 1, 0, 0
2414000, 83027, 1, 0, 0
2415000, 83968, 1, 0, 0
2416000, 88152, 1, 0, 0
2417000, 83968, 1, 0, 0
2418000, 73728, 1, 0, 0
2419000, 76876, 1, 0, 0
2420000, 72776, 1, 0, 0
2421000, 67584, 1, 0, 0
2422000, 80976, 1, 0, 0
2423000, 76800, 1, 0, 0
2424000, 76876, 1, 0, 0
2425000, 74752, 1, 0, 0
2426000, 78926, 1, 0, 0
2427000, 81920, 1, 0, 0
2428000, 83968, 1, 0, 0
2429000, 77901, 1, 0, 0
2430000, 79872, 1, 0, 0
2431000, 77901, 1, 0, 0
2432000, 82944, 1, 0, 0
2433000, 85077, 1, 0, 0
2434000, 80896, 1, 0, 0
2435000, 90202, 1, 0, 0
2436000, 75776, 1, 0, 0
2437000, 67651, 1, 0, 0
2438000, 82944, 1, 0, 0
2439000, 79951, 1, 0, 0
2440000, 83968, 1, 0, 0
2441000, 85077, 1, 0, 0
2442000, 75776, 1, 0, 0
2443000, 69701, 1, 0, 0
2444000, 77824, 1, 0, 0
2445000, 87127, 1, 0, 0
2446000, 96256, 1, 0, 0
2447000, 76876, 1, 0, 0
2448000, 71680, 1, 0, 0
2449000, 72776, 1, 0, 0
2450000, 86016, 1, 0, 0
2451000, 86102, 1, 0, 0
2452000, 92160, 1, 0, 0
2453000, 77901, 1, 0, 0
2454000, 75776, 1, 0, 0
2455000, 82002, 1, 0, 0
2456000, 104448, 1, 0, 0
2457000, 93277, 1, 0, 0
2458000, 74752, 1, 0, 0
2459000, 84052, 1, 0, 0
2460000, 84992, 1, 0, 0
2461000, 105577, 1, 0, 0
2462000, 103424, 1, 0, 0
2463000, 82002, 1, 0, 0
2464000, 77824, 1, 0, 0
2465000, 96352, 1, 0, 0
2466000, 109568, 1, 0, 0
2467000, 92252, 1, 0, 0
2468000, 81920, 1, 0, 0
2469000, 80976, 1, 0, 0
2470000, 96256, 1, 0, 0
2471000, 116852, 1, 0, 0
2472000, 90112, 1, 0, 0
2473000, 84052, 1, 0, 0
2474000, 82944, 1, 0, 0
2475000, 118902, 1, 0, 0
2476000, 119808, 1, 0, 0
2477000, 91227, 1, 0, 0
2478000, 83968, 1, 0, 0
2479000, 101477, 1, 0, 0
2480000, 113664, 1, 0, 0
2481000, 100452, 1, 0, 0
2482000, 81920, 1, 0, 0
2483000, 84052, 1, 0, 0
2484000, 117760, 1, 0, 0
2485000, 124028, 1, 0, 0
2486000, 82944, 1, 0, 0
2487000, 80976, 1, 0, 0
2488000, 91136, 1, 0, 0
2489000, 118902, 1, 0, 0
2490000, 92160, 1, 0, 0
2491000, 77901, 1, 0, 0
2492000, 76800, 1, 0, 0
2493000, 101477, 1, 0, 0
2494000, 112640, 1, 0, 0
2495000, 87127, 1, 0, 0
2496000, 72704, 1, 0, 0
2497000, 70726, 1, 0, 0
2498000, 94208, 1, 0, 0
2499000, 104552, 1, 0, 0
2500000, 93184, 1, 0, 0
2501000, 82002, 1, 0, 0
2502000, 69632, 1, 0, 0
2503001, 90112, 1, 0, 0
2504000, 110702, 1, 0, 0
2505000, 99328, 1, 0, 0
2506000, 75851, 1, 0, 0
2507000, 70656, 1, 0, 0
2508000, 85077, 1, 0, 0
2509000, 109568, 1, 0, 0
2510000, 101477, 1, 0, 0
2511000, 71680, 1, 0, 0
2512000, 68676, 1, 0, 0
2513000, 78848, 1, 0, 0
2514000, 94302, 1, 0, 0
2515000, 108544, 1, 0, 0
2516000, 72776, 1, 0, 0
2517000, 66560, 1, 0, 0
2518000, 73801, 1, 0, 0
2519000, 109568, 1, 0, 0
2520000, 107627, 1, 0, 0
2521001, 78848, 1, 0, 0
2522000, 75851, 1, 0, 0
2523000, 75776, 1, 0, 0
2524000, 108652, 1, 0, 0
2525000, 110702, 1, 0, 0
2526000, 78848, 1, 0, 0
2527000, 80976, 1, 0, 0
2528000, 70656, 1, 0, 0
2529001, 121856, 1, 0, 0
2530000, 116852, 1, 0, 0
2531000, 80976, 1, 0, 0
2532000, 80896, 1, 0, 0
2533000, 91227, 1, 0, 0
2534000, 129024, 1, 0, 0
2535000, 102502, 1, 0, 0
2536000, 81920, 1, 0, 0
2537000, 80976, 1, 0, 0
2538000, 125952, 1, 0, 0
2539000, 130178, 1, 0, 0
2540000, 92160, 1, 0, 0
2541000, 93277, 1, 0, 0
2542000, 145408, 1, 0, 0
2543000, 130178, 1, 0, 0
2544000, 84992, 1, 0, 0
2545000, 92160, 1, 0, 0
2546000, 153753, 1, 0, 0
2547000, 129024, 1, 0, 0
2548000, 90202, 1, 0, 0
2549000, 97280, 1, 0, 0
2550000, 160928, 1, 0, 0
2551000, 117760, 1, 0, 0
2552000, 100452, 1, 0, 0
2553000, 130048, 1, 0, 0
2554000, 164004, 1, 0, 0
2555000, 94208, 1, 0, 0
2556000, 105577, 1, 0, 0
2557000, 167936, 1, 0, 0
2558000, 133253, 1, 0, 0
2559000, 96256, 1, 0, 0
2560000, 128128, 1, 0, 0
2561000, 171008, 1, 0, 0
2562000, 98402, 1, 0, 0
2563000, 101376, 1, 0, 0
2564000, 165029, 1, 0, 0
2565000, 133120, 1, 0, 0
2566000, 102400, 1, 0, 0
2567000, 126078, 1, 0, 0
2568000, 161792, 1, 0, 0
2569000, 109677, 1, 0, 0
2570000, 123904, 1, 0, 0
2571000, 173229, 1, 0, 0
2572000, 115712, 1, 0, 0
2573000, 115827, 1, 0, 0
2574000, 161792, 1, 0, 0
2575000, 143503, 1, 0, 0
2576000, 110592, 1, 0, 0
2577000, 139403, 1, 0, 0
2578000, 172032, 1, 0, 0
2579000, 121977, 1, 0, 0
2580000, 152576, 1, 0, 0
2581000, 180404, 1, 0, 0
2582000, 125952, 1, 0, 0
2583000, 157696, 1, 0, 0
2584000, 169129, 1, 0, 0
2585000, 134144, 1, 0, 0
2586000, 157853, 1, 0, 0
2587000, 165888, 1, 0, 0
2588000, 143503, 1, 0, 0
2589000, 179200, 1, 0, 0
2590000, 157853, 1, 0, 0
2591000, 142336, 1, 0, 0
2592000, 183479, 1, 0, 0
2593000, 155648, 1, 0, 0
2594000, 162978, 1, 0, 0
2595000, 185344, 1, 0, 0
2596000, 166054, 1, 0, 0
2597000, 186368, 1, 0, 0
2598000, 174254, 1, 0, 0
2599000, 173056, 1, 0, 0
2600000, 185529, 1, 0, 0
2601000, 181248, 1, 0, 0
2602000, 186554, 1, 0, 0
2603000, 185344, 1, 0, 0
2604000, 181429, 1, 0, 0
2605000, 183296, 1, 0, 0
2606000, 184504, 1, 0, 0
2607000, 186368, 1, 0, 0
2608000, 187579, 1, 0, 0
2609000, 187392, 1, 0, 0
2610000, 186554, 1, 0, 0
2611000, 185344, 1, 0, 0
2612000, 184504, 1, 0, 0
2613000, 185344, 1, 0, 0
2614000, 182454, 1, 0, 0
2615000, 181248, 1, 0, 0
2616000, 185529, 1, 0, 0
2617000, 179200, 1, 0, 0
2618000, 177329, 1, 0, 0
2619000, 183296, 1, 0, 0
2620000, 172204, 1, 0, 0
2621000, 173056, 1, 0, 0
2622001, 179200, 1, 0, 0
2623000, 175279, 1, 0, 0
2624000, 174254, 1, 0, 0
2625000, 168960, 1, 0, 0
2626000, 165029, 1, 0, 0
2627000, 167936, 1, 0, 0
2628001, 163840, 1, 0, 0
2629000, 162978, 1, 0, 0
2630001, 167936, 1, 0, 0
2631000, 151703, 1, 0, 0
2632001, 145408, 1, 0, 0
2633000, 160928, 1, 0, 0
2634000, 140428, 1, 0, 0
2635000, 141312, 1, 0, 0
2636000, 136328, 1, 0, 0
2637000, 141312, 1, 0, 0
2638000, 123003, 1, 0, 0
2639000, 144384, 1, 0, 0
2640000, 136328, 1, 0, 0
2641000, 133120, 1, 0, 0
2642000, 136328, 1, 0, 0
2643000, 130048, 1, 0, 0
2644000, 123003, 1, 0, 0
2645000, 113664, 1, 0, 0
2646000, 130178, 1, 0, 0
2647000, 122880, 1, 0, 0
2648000, 112752, 1, 0, 0
2649000, 120832, 1, 0, 0
2650000, 115827, 1, 0, 0
2651000, 107520, 1, 0, 0
2652000, 117877, 1, 0, 0
2653000, 103424, 1, 0, 0
2654000, 120952, 1, 0, 0
2655000, 99328, 1, 0, 0
2656000, 107627, 1, 0, 0
2657000, 113664, 1, 0, 0
2658000, 106602, 1, 0, 0
2659000, 101376, 1, 0, 0
2660000, 102502, 1, 0, 0
2661000, 97280, 1, 0, 0
2662000, 105577, 1, 0, 0
2663000, 102400, 1, 0, 0
2664000, 92252, 1, 0, 0
2665000, 91136, 1, 0, 0
2666000, 98402, 1, 0, 0
2667000, 96256, 1, 0, 0
2668000, 89177, 1, 0, 0
2669000, 87040, 1, 0, 0
2670000, 82002, 1, 0, 0
2671000, 93184, 1, 0, 0
2672000, 88152, 1, 0, 0
2673000, 89088, 1, 0, 0
2674000, 89177, 1, 0, 0
2675000, 83968, 1, 0, 0
2676000, 94302, 1, 0, 0
2677000, 84992, 1, 0, 0
2678000, 85077, 1, 0, 0
2679000, 82944, 1, 0, 0
2680000, 79951, 1, 0, 0
2681000, 80896, 1, 0, 0
2682000, 78926, 1, 0, 0
2683000, 75776, 1, 0, 0
2684000, 82002, 1, 0, 0
2685000, 82944, 1, 0, 0
2686000, 78926, 1, 0, 0
2687000, 78848, 1, 0, 0
2688000, 79951, 1, 0, 0
2689000, 75776, 1, 0, 0
2690000, 77901, 1, 0, 0
2691000, 79872, 1, 0, 0
2692000, 78926, 1, 0, 0
2693000, 82944, 1, 0, 0
2694000, 82002, 1, 0, 0
2695000, 82944, 1, 0, 0
2696000, 75851, 1, 0, 0
2697000, 87040, 1, 0, 0
2698000, 54326, 1, 0, 0
2699000, 77824, 1, 0, 0
2700000, 84052, 1, 0, 0
2701000, 70656, 1, 0, 0
2702000, 77901, 1, 0, 0
2703000, 74752, 1, 0, 0
2704000, 79951, 1, 0, 0
2705000, 78926, 1, 0, 0
2706000, 83968, 1, 0, 0
2707000, 74752, 1, 0, 0
2708000, 74826, 1, 0, 0
2709000, 79872, 1, 0, 0
2710000, 86102, 1, 0, 0
2711001, 92160, 1, 0, 0
2712000, 89177, 1, 0, 0
2713000, 80896, 1, 0, 0
2714000, 76876, 1, 0, 0
2715000, 91136, 1, 0, 0
2716000, 92252, 1, 0, 0
2717000, 90112, 1, 0, 0
2718000, 75851, 1, 0, 0
2719000, 74752, 1, 0, 0
2720000, 82002, 1, 0, 0
2721000, 93184, 1, 0, 0
2722000, 97377, 1, 0, 0
2723000, 75776, 1, 0, 0
2724000, 72776, 1, 0, 0
2725000, 83968, 1, 0, 0
2726000, 97377, 1, 0, 0
2727000, 106496, 1, 0, 0
2728000, 75776, 1, 0, 0
2729000, 76876, 1, 0, 0
2730000, 88064, 1, 0, 0
2731000, 108652, 1, 0, 0
2732000, 106496, 1, 0, 0
2733000, 75851, 1, 0, 0
2734000, 78848, 1, 0, 0
2735000, 95327, 1, 0, 0
2736000, 126976, 1, 0, 0
2737000, 100352, 1, 0, 0
2738000, 79951, 1, 0, 0
2739000, 82944, 1, 0, 0
2740000, 125053, 1, 0, 0
2741000, 110592, 1, 0, 0
2742000, 70726, 1, 0, 0
2743000, 86016, 1, 0, 0
2744000, 101477, 1, 0, 0
2745000, 120832, 1, 0, 0
2746000, 98304, 1, 0, 0
2747000, 84052, 1, 0, 0
2748000, 81920, 1, 0, 0
2749000, 115827, 1, 0, 0
2750000, 118784, 1, 0, 0
2751000, 80976, 1, 0, 0
2752000, 79872, 1, 0, 0
2753000, 90202, 1, 0, 0
2754000, 115712, 1, 0, 0
2755000, 100452, 1, 0, 0
2756000, 75776, 1, 0, 0
2757001, 75776, 1, 0, 0
2758000, 109677, 1, 0, 0
2759000, 117760, 1, 0, 0
2760000, 82002, 1, 0, 0
2761000, 71680, 1, 0, 0
2762000, 74826, 1, 0, 0
2763000, 97280, 1, 0, 0
2764000, 106602, 1, 0, 0
2765000, 86016, 1, 0, 0
2766000, 70726, 1, 0, 0
2767000, 73728, 1, 0, 0
2768000, 93277, 1, 0, 0
2769000, 105472, 1, 0, 0
2770000, 87127, 1, 0, 0
2771000, 69701, 1, 0, 0
2772000, 69632, 1, 0, 0
2773000, 85077, 1, 0, 0
2774000, 99328, 1, 0, 0
2775000, 100452, 1, 0, 0
2776000, 70656, 1, 0, 0
2777001, 70656, 1, 0, 0
2778000, 60476, 1, 0, 0
2779000, 97280, 1, 0, 0
2780000, 99427, 1, 0, 0
2781000, 73728, 1, 0, 0
2782000, 69701, 1, 0, 0
2783000, 73728, 1, 0, 0
2784000, 89177, 1, 0, 0
2785000, 114688, 1, 0, 0
2786000, 85077, 1, 0, 0
2787000, 71680, 1, 0, 0
2788000, 74826, 1, 0, 0
2789000, 100352, 1, 0, 0
2790000, 110702, 1, 0, 0
2791000, 88064, 1, 0, 0
2792000, 76800, 1, 0, 0
2793000, 77901, 1, 0, 0
2794000, 108544, 1, 0, 0
2795000, 106602, 1, 0, 0
2796001, 89088, 1, 0, 0
2797000, 83027, 1, 0, 0
2798000, 89088, 1, 0, 0
2799000, 126078, 1, 0, 0
2800000, 112640, 1, 0, 0
2801000, 86102, 1, 0, 0
2802000, 86016, 1, 0, 0
2803000, 126078, 1, 0, 0
2804000, 119808, 1, 0, 0
2805000, 90202, 1, 0, 0
2806000, 89177, 1, 0, 0
2807000, 131072, 1, 0, 0
2808000, 140428, 1, 0, 0
2809000, 94208, 1, 0, 0
2810000, 96352, 1, 0, 0
2811000, 156672, 1, 0, 0
2812000, 121977, 1, 0, 0
2813000, 100352, 1, 0, 0
2814000, 123003, 1, 0, 0
2815000, 155648, 1, 0, 0
2816000, 103527, 1, 0, 0
2817000, 87040, 1, 0, 0
2818000, 146578, 1, 0, 0
2819000, 144384, 1, 0, 0
2820000, 97377, 1, 0, 0
2821000, 108544, 1, 0, 0
2822001, 168960, 1, 0, 0
2823000, 108652, 1, 0, 0
2824000, 110592, 1, 0, 0
2825000, 148628, 1, 0, 0
2826000, 156672, 1, 0, 0
2827000, 108652, 1, 0, 0
2828000, 133120, 1, 0, 0
2829000, 168104, 1, 0, 0
2830000, 111616, 1, 0, 0
2831000, 101477, 1, 0, 0
2832000, 180224, 1, 0, 0
2833000, 107627, 1, 0, 0
2834000, 103424, 1, 0, 0
2835000, 143503, 1, 0, 0
2836000, 150528, 1, 0, 0
2837000, 108652, 1, 0, 0
2838000, 127103, 1, 0, 0
2839000, 175104, 1, 0, 0
2840001, 114688, 1, 0, 0
2841000, 109677, 1, 0, 0
2842000, 176128, 1, 0, 0
2843000, 129153, 1, 0, 0
2844000, 116736, 1, 0, 0
2845000, 177329, 1, 0, 0
2846000, 142336, 1, 0, 0
2847000, 114802, 1, 0, 0
2848000, 159744, 1, 0, 0
2849000, 147603, 1, 0, 0
2850000, 121856, 1, 0, 0
2851000, 151552, 1, 0, 0
2852000, 171179, 1, 0, 0
2853000, 133120, 1, 0, 0
2854000, 172204, 1, 0, 0
2855000, 162816, 1, 0, 0
2856000, 161953, 1, 0, 0
2857000, 185344, 1, 0, 0
2858000, 158878, 1, 0, 0
2859000, 180224, 1, 0, 0
2860000, 166054, 1, 0, 0
2861000, 173056, 1, 0, 0
2862000, 183479, 1, 0, 0
2863000, 169984, 1, 0, 0
2864001, 176128, 1, 0, 0
2865000, 179379, 1, 0, 0
2866000, 175104, 1, 0, 0
2867000, 186554, 1, 0, 0
2868000, 183479, 1, 0, 0
2869000, 185344, 1, 0, 0
2870000, 182454, 1, 0, 0
2871000, 184320, 1, 0, 0
2872000, 185529, 1, 0, 0
2873000, 184320, 1, 0, 0
2874000, 186554, 1, 0, 0
2875000, 183296, 1, 0, 0
2876000, 184504, 1, 0, 0
2877000, 182272, 1, 0, 0
