1000, 162816, 1, 0, 0
2001, 222208, 1, 0, 0
3000, 224480, 1, 0, 0
4000, 223455, 1, 0, 0
5000, 224256, 1, 0, 0
6000, 216280, 1, 0, 0
7000, 224256, 1, 0, 0
8000, 223455, 1, 0, 0
9000, 224256, 1, 0, 0
10000, 223455, 1, 0, 0
11000, 222208, 1, 0, 0
12000, 224480, 1, 0, 0
13000, 224256, 1, 0, 0
14000, 223455, 1, 0, 0
15000, 224480, 1, 0, 0
16000, 224256, 1, 0, 0
17000, 223455, 1, 0, 0
18000, 223232, 1, 0, 0
19000, 224480, 1, 0, 0
20000, 222208, 1, 0, 0
21000, 224480, 1, 0, 0
22000, 223232, 1, 0, 0
23000, 224480, 1, 0, 0
24000, 224256, 1, 0, 0
25000, 223455, 1, 0, 0
26000, 224256, 1, 0, 0
27000, 223232, 1, 0, 0
28000, 224480, 1, 0, 0
29000, 222208, 1, 0, 0
30000, 223455, 1, 0, 0
31000, 224256, 1, 0, 0
32000, 224480, 1, 0, 0
33000, 224256, 1, 0, 0
34000, 223455, 1, 0, 0
35000, 224256, 1, 0, 0
36000, 223232, 1, 0, 0
37000, 224480, 1, 0, 0
38000, 222208, 1, 0, 0
39000, 223455, 1, 0, 0
40000, 224256, 1, 0, 0
41000, 224256, 1, 0, 0
42000, 223455, 1, 0, 0
43000, 227555, 1, 0, 0
44000, 223232, 1, 0, 0
45000, 224480, 1, 0, 0
46000, 224256, 1, 0, 0
47000, 221405, 1, 0, 0
48000, 224256, 1, 0, 0
49000, 224256, 1, 0, 0
50000, 223455, 1, 0, 0
51000, 224256, 1, 0, 0
52001, 224256, 1, 0, 0
53000, 223455, 1, 0, 0
54001, 224256, 1, 0, 0
55000, 223455, 1, 0, 0
56000, 222208, 1, 0, 0
57000, 224480, 1, 0, 0
58000, 224256, 1, 0, 0
59000, 223232, 1, 0, 0
60000, 216280, 1, 0, 0
61000, 219355, 1, 0, 0
62000, 223232, 1, 0, 0
63000, 224256, 1, 0, 0
64000, 224480, 1, 0, 0
65000, 222208, 1, 0, 0
66000, 223455, 1, 0, 0
67000, 224256, 1, 0, 0
68000, 223455, 1, 0, 0
69000, 224256, 1, 0, 0
70000, 224480, 1, 0, 0
71000, 223232, 1, 0, 0
72000, 224256, 1, 0, 0
73000, 223455, 1, 0, 0
74000, 222208, 1, 0, 0
75000, 224480, 1, 0, 0
76000, 223232, 1, 0, 0
77000, 224256, 1, 0, 0
78000, 224480, 1, 0, 0
79000, 224256, 1, 0, 0
80001, 221184, 1, 0, 0
81000, 222430, 1, 0, 0
82000, 223232, 1, 0, 0
83000, 220380, 1, 0, 0
84000, 222430, 1, 0, 0
85000, 223232, 1, 0, 0
86001, 222208, 1, 0, 0
87000, 223455, 1, 0, 0
88000, 222208, 1, 0, 0
89000, 222430, 1, 0, 0
90000, 222208, 1, 0, 0
91000, 223455, 1, 0, 0
92000, 220160, 1, 0, 0
93000, 223455, 1, 0, 0
94000, 222208, 1, 0, 0
95000, 222430, 1, 0, 0
96000, 223232, 1, 0, 0
97000, 222208, 1, 0, 0
98000, 228580, 1, 0, 0
99000, 223232, 1, 0, 0
100000, 222430, 1, 0, 0
101000, 221184, 1, 0, 0
102000, 222430, 1, 0, 0
103000, 222208, 1, 0, 0
104000, 223455, 1, 0, 0
105000, 222208, 1, 0, 0
106000, 222430, 1, 0, 0
107000, 223232, 1, 0, 0
108000, 222208, 1, 0, 0
109000, 220380, 1, 0, 0
110000, 223232, 1, 0, 0
111000, 222430, 1, 0, 0
112000, 222208, 1, 0, 0
113000, 223455, 1, 0, 0
114001, 219940, 1, 0, 0
115000, 222430, 1, 0, 0
116000, 223455, 1, 0, 0
117000, 222208, 1, 0, 0
118000, 220380, 1, 0, 0
119000, 223232, 1, 0, 0
120000, 222430, 1, 0, 0
121000, 217088, 1, 0, 0
122000, 222208, 1, 0, 0
123000, 222430, 1, 0, 0
124000, 222208, 1, 0, 0
125000, 223455, 1, 0, 0
126000, 222208, 1, 0, 0
127000, 221405, 1, 0, 0
128000, 222208, 1, 0, 0
129000, 222430, 1, 0, 0
130000, 223232, 1, 0, 0
131000, 222208, 1, 0, 0
132000, 223455, 1, 0, 0
133000, 222208, 1, 0, 0
134000, 222430, 1, 0, 0
135000, 223232, 1, 0, 0
136000, 220380, 1, 0, 0
137000, 222208, 1, 0, 0
138000, 223232, 1, 0, 0
139000, 222430, 1, 0, 0
140000, 222208, 1, 0, 0
141000, 221405, 1, 0, 0
142000, 222208, 1, 0, 0
143000, 222430, 1, 0, 0
144000, 223232, 1, 0, 0
145001, 220160, 1, 0, 0
146000, 222430, 1, 0, 0
147000, 223232, 1, 0, 0
148000, 222430, 1, 0, 0
149000, 223232, 1, 0, 0
150000, 221405, 1, 0, 0
151000, 223232, 1, 0, 0
152000, 222208, 1, 0, 0
153000, 222430, 1, 0, 0
154000, 221184, 1, 0, 0
155000, 222430, 1, 0, 0
156000, 223232, 1, 0, 0
157001, 222208, 1, 0, 0
158000, 228580, 1, 0, 0
159000, 221184, 1, 0, 0
160000, 217305, 1, 0, 0
161000, 217088, 1, 0, 0
162001, 218112, 1, 0, 0
163000, 221405, 1, 0, 0
164000, 222208, 1, 0, 0
165000, 220380, 1, 0, 0
166000, 224256, 1, 0, 0
167000, 220380, 1, 0, 0
168000, 220160, 1, 0, 0
169000, 222208, 1, 0, 0
170000, 220380, 1, 0, 0
171000, 222208, 1, 0, 0
172000, 221405, 1, 0, 0
173000, 222208, 1, 0, 0
174000, 224256, 1, 0, 0
175000, 221405, 1, 0, 0
176000, 217088, 1, 0, 0
177000, 224480, 1, 0, 0
178000, 218112, 1, 0, 0
179000, 223455, 1, 0, 0
180000, 218112, 1, 0, 0
181000, 219355, 1, 0, 0
182000, 222208, 1, 0, 0
183000, 223455, 1, 0, 0
184000, 219136, 1, 0, 0
185000, 223232, 1, 0, 0
186000, 222430, 1, 0, 0
187000, 223232, 1, 0, 0
188000, 224480, 1, 0, 0
189000, 224256, 1, 0, 0
190001, 219136, 1, 0, 0
191000, 224480, 1, 0, 0
192000, 224256, 1, 0, 0
193000, 220380, 1, 0, 0
194000, 224256, 1, 0, 0
195000, 221405, 1, 0, 0
196000, 224256, 1, 0, 0
197000, 221405, 1, 0, 0
198000, 222208, 1, 0, 0
199001, 219940, 1, 0, 0
200099, 223095, 1, 0, 0
201099, 216064, 1, 0, 0
202099, 222208, 1, 0, 0
203100, 222208, 1, 0, 0
204100, 222208, 1, 0, 0
205101, 222208, 1, 0, 0
206101, 220160, 1, 0, 0
207101, 221184, 1, 0, 0
208102, 221184, 1, 0, 0
209102, 222208, 1, 0, 0
210103, 223232, 1, 0, 0
211103, 219136, 1, 0, 0
212104, 223232, 1, 0, 0
213104, 224256, 1, 0, 0
214105, 223232, 1, 0, 0
215105, 224256, 1, 0, 0
216105, 224256, 1, 0, 0
217106, 218112, 1, 0, 0
218107, 219136, 1, 0, 0
219108, 236544, 1, 0, 0
220108, 221184, 1, 0, 0
221108, 220160, 1, 0, 0
222109, 224256, 1, 0, 0
223109, 222208, 1, 0, 0
224110, 224256, 1, 0, 0
225110, 224256, 1, 0, 0
226111, 221184, 1, 0, 0
227111, 224256, 1, 0, 0
228111, 224256, 1, 0, 0
229112, 224256, 1, 0, 0
230112, 224256, 1, 0, 0
231113, 222208, 1, 0, 0
232113, 223232, 1, 0, 0
233114, 221184, 1, 0, 0
234114, 222208, 1, 0, 0
235115, 218112, 1, 0, 0
236115, 222208, 1, 0, 0
237116, 219136, 1, 0, 0
238116, 219136, 1, 0, 0
239116, 221184, 1, 0, 0
240117, 222208, 1, 0, 0
241118, 218112, 1, 0, 0
242118, 221184, 1, 0, 0
243118, 222208, 1, 0, 0
244119, 218112, 1, 0, 0
245119, 222208, 1, 0, 0
246120, 222208, 1, 0, 0
247120, 221184, 1, 0, 0
248121, 220160, 1, 0, 0
249121, 220160, 1, 0, 0
250121, 219136, 1, 0, 0
251122, 222208, 1, 0, 0
252122, 220160, 1, 0, 0
253123, 220160, 1, 0, 0
254123, 222208, 1, 0, 0
255124, 221184, 1, 0, 0
256124, 220160, 1, 0, 0
257125, 220160, 1, 0, 0
258125, 220160, 1, 0, 0
259126, 221184, 1, 0, 0
260126, 219136, 1, 0, 0
261126, 208896, 1, 0, 0
262127, 204800, 1, 0, 0
263127, 208896, 1, 0, 0
264128, 207872, 1, 0, 0
265128, 208896, 1, 0, 0
266129, 207872, 1, 0, 0
267129, 208896, 1, 0, 0
268130, 208896, 1, 0, 0
269130, 207872, 1, 0, 0
270131, 204800, 1, 0, 0
271131, 206848, 1, 0, 0
272132, 208896, 1, 0, 0
273132, 208896, 1, 0, 0
274133, 207872, 1, 0, 0
275133, 208896, 1, 0, 0
276134, 208896, 1, 0, 0
277134, 207872, 1, 0, 0
278135, 208896, 1, 0, 0
279135, 207872, 1, 0, 0
280136, 200704, 1, 0, 0
281136, 207872, 1, 0, 0
282137, 208896, 1, 0, 0
283137, 208896, 1, 0, 0
284137, 207872, 1, 0, 0
285138, 208896, 1, 0, 0
286138, 207872, 1, 0, 0
287138, 207872, 1, 0, 0
288139, 208896, 1, 0, 0
289139, 206848, 1, 0, 0
290140, 206848, 1, 0, 0
291140, 208896, 1, 0, 0
292140, 207872, 1, 0, 0
293141, 208896, 1, 0, 0
294141, 214016, 1, 0, 0
295142, 216064, 1, 0, 0
296142, 216064, 1, 0, 0
297143, 216064, 1, 0, 0
298144, 214825, 1, 0, 0
299144, 216064, 1, 0, 0
300145, 216064, 1, 0, 0
301145, 208896, 1, 0, 0
302145, 216064, 1, 0, 0
303145, 216280, 1, 0, 0
304145, 216064, 1, 0, 0
305145, 216064, 1, 0, 0
306145, 216280, 1, 0, 0
307145, 215040, 1, 0, 0
308145, 216064, 1, 0, 0
309145, 216280, 1, 0, 0
310145, 216064, 1, 0, 0
311145, 216280, 1, 0, 0
312145, 216064, 1, 0, 0
313145, 217088, 1, 0, 0
314145, 215255, 1, 0, 0
315145, 217088, 1, 0, 0
316145, 214016, 1, 0, 0
317145, 216280, 1, 0, 0
318145, 216064, 1, 0, 0
319145, 217088, 1, 0, 0
320145, 215255, 1, 0, 0
321145, 216064, 1, 0, 0
322145, 218330, 1, 0, 0
323145, 223232, 1, 0, 0
324145, 222208, 1, 0, 0
325145, 221405, 1, 0, 0
326145, 222208, 1, 0, 0
327145, 223232, 1, 0, 0
328145, 222430, 1, 0, 0
329145, 222208, 1, 0, 0
330146, 222208, 1, 0, 0
331145, 223455, 1, 0, 0
332145, 222208, 1, 0, 0
333146, 223232, 1, 0, 0
334145, 220380, 1, 0, 0
335145, 223232, 1, 0, 0
336145, 222430, 1, 0, 0
337145, 222208, 1, 0, 0
338145, 223232, 1, 0, 0
339145, 222430, 1, 0, 0
340145, 183296, 1, 0, 0
341146, 223232, 1, 0, 0
342145, 222430, 1, 0, 0
343146, 210944, 1, 0, 0
344145, 212180, 1, 0, 0
345145, 212992, 1, 0, 0
346145, 213205, 1, 0, 0
347145, 211968, 1, 0, 0
348145, 212992, 1, 0, 0
349145, 213205, 1, 0, 0
350145, 212992, 1, 0, 0
351146, 211968, 1, 0, 0
352145, 211155, 1, 0, 0
353145, 212992, 1, 0, 0
354146, 212992, 1, 0, 0
355145, 212180, 1, 0, 0
356145, 212992, 1, 0, 0
357145, 213205, 1, 0, 0
358145, 212992, 1, 0, 0
359146, 211968, 1, 0, 0
360145, 212180, 1, 0, 0
361146, 164864, 1, 0, 0
362145, 213205, 1, 0, 0
363145, 211968, 1, 0, 0
364145, 213205, 1, 0, 0
365145, 212992, 1, 0, 0
366146, 212992, 1, 0, 0
367145, 222430, 1, 0, 0
368145, 224256, 1, 0, 0
369145, 223455, 1, 0, 0
370145, 222208, 1, 0, 0
371146, 224256, 1, 0, 0
372145, 224480, 1, 0, 0
373145, 223232, 1, 0, 0
374145, 220380, 1, 0, 0
375145, 224256, 1, 0, 0
376146, 223232, 1, 0, 0
377145, 224480, 1, 0, 0
378145, 222208, 1, 0, 0
379145, 220160, 1, 0, 0
380145, 223455, 1, 0, 0
381145, 224256, 1, 0, 0
382146, 224256, 1, 0, 0
383145, 223455, 1, 0, 0
384145, 224256, 1, 0, 0
385145, 221405, 1, 0, 0
386145, 224256, 1, 0, 0
387145, 223455, 1, 0, 0
388145, 222208, 1, 0, 0
389145, 221184, 1, 0, 0
390145, 224480, 1, 0, 0
391145, 224256, 1, 0, 0
392145, 223232, 1, 0, 0
393145, 224480, 1, 0, 0
394146, 224256, 1, 0, 0
395145, 223455, 1, 0, 0
396145, 222208, 1, 0, 0
397146, 218112, 1, 0, 0
398145, 224480, 1, 0, 0
399145, 187392, 1, 0, 0
400146, 222208, 1, 0, 0
401145, 223455, 1, 0, 0
402145, 224256, 1, 0, 0
403145, 224480, 1, 0, 0
404145, 221184, 1, 0, 0
405145, 222430, 1, 0, 0
406145, 222208, 1, 0, 0
407146, 223232, 1, 0, 0
408145, 224480, 1, 0, 0
409145, 221184, 1, 0, 0
410145, 223232, 1, 0, 0
411145, 223455, 1, 0, 0
412146, 214016, 1, 0, 0
413145, 213205, 1, 0, 0
414145, 211968, 1, 0, 0
415145, 208080, 1, 0, 0
416145, 211968, 1, 0, 0
417146, 210944, 1, 0, 0
418145, 211155, 1, 0, 0
419145, 211968, 1, 0, 0
420146, 211968, 1, 0, 0
421145, 217305, 1, 0, 0
422146, 211968, 1, 0, 0
423145, 212180, 1, 0, 0
424145, 210944, 1, 0, 0
425146, 212992, 1, 0, 0
426145, 212180, 1, 0, 0
427146, 211968, 1, 0, 0
428145, 212180, 1, 0, 0
429145, 211968, 1, 0, 0
430145, 212180, 1, 0, 0
431145, 212992, 1, 0, 0
432146, 211968, 1, 0, 0
433145, 211155, 1, 0, 0
434145, 211968, 1, 0, 0
435145, 212180, 1, 0, 0
436145, 211968, 1, 0, 0
437145, 212992, 1, 0, 0
438145, 219355, 1, 0, 0
439145, 221184, 1, 0, 0
440145, 222208, 1, 0, 0
441145, 221405, 1, 0, 0
442145, 220160, 1, 0, 0
443146, 222208, 1, 0, 0
444145, 221405, 1, 0, 0
445145, 222208, 1, 0, 0
446146, 221184, 1, 0, 0
447145, 221405, 1, 0, 0
448145, 222208, 1, 0, 0
449146, 222208, 1, 0, 0
450145, 221405, 1, 0, 0
451146, 220160, 1, 0, 0
452145, 221405, 1, 0, 0
453145, 222208, 1, 0, 0
454146, 222208, 1, 0, 0
455145, 221405, 1, 0, 0
456145, 221184, 1, 0, 0
457145, 222430, 1, 0, 0
458145, 221184, 1, 0, 0
459145, 222430, 1, 0, 0
460145, 180224, 1, 0, 0
461145, 221405, 1, 0, 0
462145, 221184, 1, 0, 0
463146, 221184, 1, 0, 0
464145, 220380, 1, 0, 0
465145, 221184, 1, 0, 0
466145, 221405, 1, 0, 0
467145, 220160, 1, 0, 0
468145, 221184, 1, 0, 0
469145, 219355, 1, 0, 0
470145, 221184, 1, 0, 0
471146, 220160, 1, 0, 0
472146, 221184, 1, 0, 0
473146, 221184, 1, 0, 0
474146, 221184, 1, 0, 0
475147, 220160, 1, 0, 0
476147, 221184, 1, 0, 0
477148, 221184, 1, 0, 0
478148, 219136, 1, 0, 0
479148, 221184, 1, 0, 0
480149, 220160, 1, 0, 0
481149, 226304, 1, 0, 0
482149, 219355, 1, 0, 0
483149, 220160, 1, 0, 0
484150, 221184, 1, 0, 0
485149, 215255, 1, 0, 0
486149, 211968, 1, 0, 0
487150, 209920, 1, 0, 0
488149, 211155, 1, 0, 0
489149, 211968, 1, 0, 0
490149, 211155, 1, 0, 0
491149, 210944, 1, 0, 0
492149, 211968, 1, 0, 0
493149, 211155, 1, 0, 0
494149, 210944, 1, 0, 0
495150, 211968, 1, 0, 0
496149, 209105, 1, 0, 0
497149, 211968, 1, 0, 0
498150, 209920, 1, 0, 0
499149, 211155, 1, 0, 0
500149, 210944, 1, 0, 0
501149, 212180, 1, 0, 0
502149, 210944, 1, 0, 0
503150, 210944, 1, 0, 0
504149, 211155, 1, 0, 0
505149, 209920, 1, 0, 0
506150, 211968, 1, 0, 0
507149, 211155, 1, 0, 0
508149, 210944, 1, 0, 0
509149, 214230, 1, 0, 0
510149, 224256, 1, 0, 0
511150, 224256, 1, 0, 0
512149, 224480, 1, 0, 0
513149, 222208, 1, 0, 0
514149, 221405, 1, 0, 0
515149, 224256, 1, 0, 0
516149, 223232, 1, 0, 0
517149, 224480, 1, 0, 0
518150, 224031, 1, 0, 0
519149, 223455, 1, 0, 0
520150, 219136, 1, 0, 0
521149, 194754, 1, 0, 0
522149, 222208, 1, 0, 0
523150, 224256, 1, 0, 0
524149, 223455, 1, 0, 0
525150, 224256, 1, 0, 0
526149, 224480, 1, 0, 0
527149, 223232, 1, 0, 0
528149, 223455, 1, 0, 0
529149, 224256, 1, 0, 0
530149, 224256, 1, 0, 0
531149, 219355, 1, 0, 0
532149, 222208, 1, 0, 0
533150, 224256, 1, 0, 0
534149, 219355, 1, 0, 0
535149, 224256, 1, 0, 0
536149, 224480, 1, 0, 0
537151, 223808, 1, 0, 0
538151, 224480, 1, 0, 0
539151, 223232, 1, 0, 0
540151, 222430, 1, 0, 0
541151, 217088, 1, 0, 0
542151, 210130, 1, 0, 0
543151, 221184, 1, 0, 0
544151, 225280, 1, 0, 0
545151, 223455, 1, 0, 0
546151, 226304, 1, 0, 0
547151, 222208, 1, 0, 0
548151, 223455, 1, 0, 0
549150, 220380, 1, 0, 0
550151, 224256, 1, 0, 0
551151, 224256, 1, 0, 0
552151, 223455, 1, 0, 0
553151, 224256, 1, 0, 0
554151, 223455, 1, 0, 0
555151, 216064, 1, 0, 0
556150, 211155, 1, 0, 0
557151, 211968, 1, 0, 0
558151, 208896, 1, 0, 0
559150, 211155, 1, 0, 0
560151, 211968, 1, 0, 0
561151, 210944, 1, 0, 0
562151, 212180, 1, 0, 0
563151, 210944, 1, 0, 0
564151, 210944, 1, 0, 0
565151, 211155, 1, 0, 0
566151, 211968, 1, 0, 0
567151, 209920, 1, 0, 0
568151, 211155, 1, 0, 0
569151, 211968, 1, 0, 0
570151, 210944, 1, 0, 0
571151, 211155, 1, 0, 0
572151, 210944, 1, 0, 0
573151, 211155, 1, 0, 0
574151, 211968, 1, 0, 0
575151, 210944, 1, 0, 0
576151, 210130, 1, 0, 0
577151, 211968, 1, 0, 0
578151, 210944, 1, 0, 0
579151, 212180, 1, 0, 0
580151, 210944, 1, 0, 0
581150, 212180, 1, 0, 0
582151, 221184, 1, 0, 0
583151, 220380, 1, 0, 0
584151, 221184, 1, 0, 0
585150, 212180, 1, 0, 0
586151, 221184, 1, 0, 0
587151, 221184, 1, 0, 0
588151, 220380, 1, 0, 0
589151, 221184, 1, 0, 0
590151, 220380, 1, 0, 0
591151, 221184, 1, 0, 0
592151, 221184, 1, 0, 0
593151, 221405, 1, 0, 0
594151, 219136, 1, 0, 0
595151, 221405, 1, 0, 0
596151, 220160, 1, 0, 0
597151, 221405, 1, 0, 0
598151, 221184, 1, 0, 0
599151, 220160, 1, 0, 0
600151, 221405, 1, 0, 0
601151, 221184, 1, 0, 0
602150, 197829, 1, 0, 0
603151, 219136, 1, 0, 0
604152, 221184, 1, 0, 0
605152, 221184, 1, 0, 0
606152, 219136, 1, 0, 0
607153, 221184, 1, 0, 0
608153, 220160, 1, 0, 0
609153, 220380, 1, 0, 0
610153, 221184, 1, 0, 0
611153, 220160, 1, 0, 0
612153, 219355, 1, 0, 0
613153, 220160, 1, 0, 0
614153, 220380, 1, 0, 0
615153, 220160, 1, 0, 0
616153, 221184, 1, 0, 0
617153, 220380, 1, 0, 0
618153, 220160, 1, 0, 0
619153, 221184, 1, 0, 0
620154, 220160, 1, 0, 0
621153, 218330, 1, 0, 0
622153, 221405, 1, 0, 0
623153, 220160, 1, 0, 0
624153, 220380, 1, 0, 0
625153, 220160, 1, 0, 0
626153, 220160, 1, 0, 0
627153, 221405, 1, 0, 0
628153, 220160, 1, 0, 0
629153, 210944, 1, 0, 0
630153, 210130, 1, 0, 0
631153, 211968, 1, 0, 0
632153, 210944, 1, 0, 0
633153, 212180, 1, 0, 0
634153, 210944, 1, 0, 0
635153, 211968, 1, 0, 0
636153, 211155, 1, 0, 0
637153, 210944, 1, 0, 0
638153, 212180, 1, 0, 0
639153, 208896, 1, 0, 0
640153, 210944, 1, 0, 0
641153, 207055, 1, 0, 0
642153, 211968, 1, 0, 0
643154, 211968, 1, 0, 0
644153, 211155, 1, 0, 0
645153, 211968, 1, 0, 0
646154, 210944, 1, 0, 0
647153, 211155, 1, 0, 0
648153, 209920, 1, 0, 0
649154, 211968, 1, 0, 0
650153, 211155, 1, 0, 0
651153, 211968, 1, 0, 0
652153, 210944, 1, 0, 0
653153, 220380, 1, 0, 0
654153, 223232, 1, 0, 0
655153, 222430, 1, 0, 0
656153, 224256, 1, 0, 0
657153, 222208, 1, 0, 0
658153, 223455, 1, 0, 0
659153, 224256, 1, 0, 0
660153, 223455, 1, 0, 0
661153, 224256, 1, 0, 0
662153, 199879, 1, 0, 0
663153, 222208, 1, 0, 0
664154, 224256, 1, 0, 0
665153, 223455, 1, 0, 0
666153, 222208, 1, 0, 0
667153, 224480, 1, 0, 0
668153, 223232, 1, 0, 0
669153, 221184, 1, 0, 0
670153, 223455, 1, 0, 0
671153, 223232, 1, 0, 0
672153, 224256, 1, 0, 0
673153, 224480, 1, 0, 0
674153, 222208, 1, 0, 0
675153, 220380, 1, 0, 0
676153, 224256, 1, 0, 0
677153, 224256, 1, 0, 0
678153, 223455, 1, 0, 0
679153, 224256, 1, 0, 0
680153, 224256, 1, 0, 0
681153, 223455, 1, 0, 0
682153, 224256, 1, 0, 0
683153, 224256, 1, 0, 0
684153, 219355, 1, 0, 0
685153, 224256, 1, 0, 0
686154, 224256, 1, 0, 0
687153, 223455, 1, 0, 0
688153, 222208, 1, 0, 0
689154, 222208, 1, 0, 0
690153, 222430, 1, 0, 0
691153, 224256, 1, 0, 0
692153, 223455, 1, 0, 0
693153, 222208, 1, 0, 0
694154, 223232, 1, 0, 0
695153, 224480, 1, 0, 0
696153, 224256, 1, 0, 0
697154, 219136, 1, 0, 0
698153, 211155, 1, 0, 0
699153, 210944, 1, 0, 0
700153, 206030, 1, 0, 0
701153, 210944, 1, 0, 0
702153, 209920, 1, 0, 0
703153, 210130, 1, 0, 0
704153, 210944, 1, 0, 0
705153, 211155, 1, 0, 0
706153, 210944, 1, 0, 0
707153, 209920, 1, 0, 0
708153, 211155, 1, 0, 0
709153, 210944, 1, 0, 0
710153, 210944, 1, 0, 0
711153, 209105, 1, 0, 0
712153, 211968, 1, 0, 0
713154, 210944, 1, 0, 0
714153, 211155, 1, 0, 0
715153, 210944, 1, 0, 0
716153, 189629, 1, 0, 0
717153, 210944, 1, 0, 0
718153, 209920, 1, 0, 0
719153, 211155, 1, 0, 0
720153, 208896, 1, 0, 0
721153, 202752, 1, 0, 0
722153, 218330, 1, 0, 0
723153, 220160, 1, 0, 0
724153, 219136, 1, 0, 0
725153, 219355, 1, 0, 0
726153, 220160, 1, 0, 0
727153, 220160, 1, 0, 0
728153, 219355, 1, 0, 0
729153, 218112, 1, 0, 0
730153, 219136, 1, 0, 0
731153, 219355, 1, 0, 0
732153, 220160, 1, 0, 0
733154, 219136, 1, 0, 0
734153, 220380, 1, 0, 0
735153, 219136, 1, 0, 0
736153, 220380, 1, 0, 0
737153, 219136, 1, 0, 0
738153, 218330, 1, 0, 0
739153, 219136, 1, 0, 0
740153, 220160, 1, 0, 0
741153, 219355, 1, 0, 0
742153, 219136, 1, 0, 0
743153, 218112, 1, 0, 0
744153, 219355, 1, 0, 0
745153, 220160, 1, 0, 0
746153, 220160, 1, 0, 0
747153, 218330, 1, 0, 0
748153, 220160, 1, 0, 0
749154, 220160, 1, 0, 0
750153, 219355, 1, 0, 0
751153, 220160, 1, 0, 0
752153, 220380, 1, 0, 0
753153, 220160, 1, 0, 0
754153, 220380, 1, 0, 0
755153, 220160, 1, 0, 0
756153, 218112, 1, 0, 0
757153, 220380, 1, 0, 0
758153, 220160, 1, 0, 0
759153, 219355, 1, 0, 0
760153, 183296, 1, 0, 0
761154, 220160, 1, 0, 0
762153, 219355, 1, 0, 0
763153, 220160, 1, 0, 0
764153, 220380, 1, 0, 0
765153, 218112, 1, 0, 0
766153, 220380, 1, 0, 0
767153, 216064, 1, 0, 0
768153, 209920, 1, 0, 0
769153, 210130, 1, 0, 0
770153, 210944, 1, 0, 0
771153, 210130, 1, 0, 0
772153, 209920, 1, 0, 0
773153, 211155, 1, 0, 0
774154, 207872, 1, 0, 0
775153, 210130, 1, 0, 0
776153, 209920, 1, 0, 0
777154, 209920, 1, 0, 0
778153, 210130, 1, 0, 0
779153, 210944, 1, 0, 0
780154, 209920, 1, 0, 0
781153, 210130, 1, 0, 0
782153, 189440, 1, 0, 0
783154, 207872, 1, 0, 0
784153, 210130, 1, 0, 0
785153, 209920, 1, 0, 0
786153, 211155, 1, 0, 0
787153, 209920, 1, 0, 0
788153, 210130, 1, 0, 0
789153, 210944, 1, 0, 0
790154, 209920, 1, 0, 0
791153, 210130, 1, 0, 0
792153, 222430, 1, 0, 0
793153, 224256, 1, 0, 0
794153, 223232, 1, 0, 0
795153, 222430, 1, 0, 0
796153, 224256, 1, 0, 0
797153, 224256, 1, 0, 0
798154, 223232, 1, 0, 0
799153, 224480, 1, 0, 0
800153, 223232, 1, 0, 0
801153, 222430, 1, 0, 0
802153, 224256, 1, 0, 0
803153, 221184, 1, 0, 0
804153, 224480, 1, 0, 0
805153, 224256, 1, 0, 0
806153, 223232, 1, 0, 0
807153, 224480, 1, 0, 0
808153, 224256, 1, 0, 0
809153, 221184, 1, 0, 0
810153, 222430, 1, 0, 0
811156, 223808, 1, 0, 0
812155, 224480, 1, 0, 0
813155, 222208, 1, 0, 0
814156, 224256, 1, 0, 0
815155, 223455, 1, 0, 0
816156, 223232, 1, 0, 0
817155, 223455, 1, 0, 0
818155, 223232, 1, 0, 0
819156, 222208, 1, 0, 0
820155, 215255, 1, 0, 0
821155, 223232, 1, 0, 0
822156, 223232, 1, 0, 0
823155, 223455, 1, 0, 0
824156, 223232, 1, 0, 0
825155, 224480, 1, 0, 0
826155, 223232, 1, 0, 0
827156, 223232, 1, 0, 0
828155, 221405, 1, 0, 0
829155, 222430, 1, 0, 0
830155, 223232, 1, 0, 0
831155, 223455, 1, 0, 0
832155, 223232, 1, 0, 0
833156, 222208, 1, 0, 0
834155, 223455, 1, 0, 0
835156, 221184, 1, 0, 0
836155, 224480, 1, 0, 0
837156, 216064, 1, 0, 0
838156, 209920, 1, 0, 0
839155, 211155, 1, 0, 0
840155, 210130, 1, 0, 0
841156, 207872, 1, 0, 0
842155, 190654, 1, 0, 0
843155, 209920, 1, 0, 0
844156, 210944, 1, 0, 0
845156, 210130, 1, 0, 0
846155, 207055, 1, 0, 0
847155, 210944, 1, 0, 0
848156, 210944, 1, 0, 0
849155, 210130, 1, 0, 0
850155, 209920, 1, 0, 0
851156, 209920, 1, 0, 0
852155, 210130, 1, 0, 0
853156, 210944, 1, 0, 0
854155, 210130, 1, 0, 0
855156, 207872, 1, 0, 0
856155, 210130, 1, 0, 0
857155, 209920, 1, 0, 0
858156, 210944, 1, 0, 0
859155, 210130, 1, 0, 0
860156, 209920, 1, 0, 0
861155, 213205, 1, 0, 0
862156, 202752, 1, 0, 0
863155, 210130, 1, 0, 0
864155, 217088, 1, 0, 0
865156, 220160, 1, 0, 0
866155, 219355, 1, 0, 0
867156, 220160, 1, 0, 0
868155, 219355, 1, 0, 0
869156, 220160, 1, 0, 0
870155, 219355, 1, 0, 0
871155, 220160, 1, 0, 0
872156, 219136, 1, 0, 0
873155, 218330, 1, 0, 0
874156, 219136, 1, 0, 0
875155, 220380, 1, 0, 0
876156, 219136, 1, 0, 0
877156, 220160, 1, 0, 0
878155, 219355, 1, 0, 0
879155, 220380, 1, 0, 0
880155, 219136, 1, 0, 0
881156, 219136, 1, 0, 0
882155, 218330, 1, 0, 0
883156, 219136, 1, 0, 0
884155, 220380, 1, 0, 0
885155, 219136, 1, 0, 0
886156, 220160, 1, 0, 0
887155, 219355, 1, 0, 0
888156, 219136, 1, 0, 0
889156, 219136, 1, 0, 0
890155, 220380, 1, 0, 0
891156, 218112, 1, 0, 0
892155, 219355, 1, 0, 0
893156, 220160, 1, 0, 0
894155, 219355, 1, 0, 0
895156, 219136, 1, 0, 0
896155, 220380, 1, 0, 0
897156, 219136, 1, 0, 0
898155, 219355, 1, 0, 0
899156, 220160, 1, 0, 0
900155, 190654, 1, 0, 0
901156, 208896, 1, 0, 0
902155, 199879, 1, 0, 0
903155, 222208, 1, 0, 0
904156, 220160, 1, 0, 0
905155, 219355, 1, 0, 0
906156, 219136, 1, 0, 0
907155, 220380, 1, 0, 0
908155, 219136, 1, 0, 0
909156, 218112, 1, 0, 0
910155, 220380, 1, 0, 0
911156, 167936, 1, 0, 0
912155, 209105, 1, 0, 0
913156, 209920, 1, 0, 0
914155, 209105, 1, 0, 0
915156, 209920, 1, 0, 0
916155, 209105, 1, 0, 0
917156, 209920, 1, 0, 0
918156, 206848, 1, 0, 0
919155, 209105, 1, 0, 0
920156, 209920, 1, 0, 0
921155, 186554, 1, 0, 0
922156, 209920, 1, 0, 0
923156, 208896, 1, 0, 0
924155, 209105, 1, 0, 0
925156, 209920, 1, 0, 0
926155, 209105, 1, 0, 0
927157, 207664, 1, 0, 0
928158, 208896, 1, 0, 0
929158, 209920, 1, 0, 0
930157, 209105, 1, 0, 0
931158, 186368, 1, 0, 0
932157, 205005, 1, 0, 0
933158, 208896, 1, 0, 0
934157, 209105, 1, 0, 0
935157, 214016, 1, 0, 0
936158, 222208, 1, 0, 0
937157, 222430, 1, 0, 0
938158, 223232, 1, 0, 0
939158, 223232, 1, 0, 0
940157, 223455, 1, 0, 0
941158, 211968, 1, 0, 0
942157, 226530, 1, 0, 0
943158, 223232, 1, 0, 0
944157, 220380, 1, 0, 0
945158, 221184, 1, 0, 0
946157, 223455, 1, 0, 0
947157, 223232, 1, 0, 0
948158, 223232, 1, 0, 0
949157, 222430, 1, 0, 0
950158, 223232, 1, 0, 0
951157, 219355, 1, 0, 0
952158, 214016, 1, 0, 0
953157, 222430, 1, 0, 0
954158, 221184, 1, 0, 0
955157, 223455, 1, 0, 0
956158, 221184, 1, 0, 0
957157, 222430, 1, 0, 0
958158, 222208, 1, 0, 0
959158, 223232, 1, 0, 0
960157, 222430, 1, 0, 0
961158, 223232, 1, 0, 0
962158, 189629, 1, 0, 0
963157, 191679, 1, 0, 0
964158, 223232, 1, 0, 0
965158, 222208, 1, 0, 0
966158, 222430, 1, 0, 0
967158, 222208, 1, 0, 0
968157, 221405, 1, 0, 0
969158, 222208, 1, 0, 0
970157, 223455, 1, 0, 0
971158, 222208, 1, 0, 0
972158, 223232, 1, 0, 0
973157, 221405, 1, 0, 0
974158, 222208, 1, 0, 0
975157, 222430, 1, 0, 0
976158, 223232, 1, 0, 0
977157, 222430, 1, 0, 0
978158, 221184, 1, 0, 0
979158, 217088, 1, 0, 0
980157, 210130, 1, 0, 0
981157, 208080, 1, 0, 0
982158, 209920, 1, 0, 0
983157, 210130, 1, 0, 0
984158, 209920, 1, 0, 0
985157, 209105, 1, 0, 0
986158, 209920, 1, 0, 0
987157, 210130, 1, 0, 0
988158, 209920, 1, 0, 0
989157, 209105, 1, 0, 0
990158, 206848, 1, 0, 0
991157, 209105, 1, 0, 0
992158, 209920, 1, 0, 0
993157, 210130, 1, 0, 0
994158, 209920, 1, 0, 0
995157, 210130, 1, 0, 0
996158, 209920, 1, 0, 0
997158, 208896, 1, 0, 0
998157, 210130, 1, 0, 0
999158, 207872, 1, 0, 0
1000158, 210130, 1, 0, 0
1001157, 209105, 1, 0, 0
1002158, 209920, 1, 0, 0
1003158, 210944, 1, 0, 0
1004157, 218330, 1, 0, 0
1005158, 219136, 1, 0, 0
1006157, 218330, 1, 0, 0
1007158, 219136, 1, 0, 0
1008158, 217088, 1, 0, 0
1009158, 219355, 1, 0, 0
1010158, 218112, 1, 0, 0
1011157, 207055, 1, 0, 0
1012158, 219136, 1, 0, 0
1013157, 218330, 1, 0, 0
1014158, 219136, 1, 0, 0
1015157, 219355, 1, 0, 0
1016158, 218112, 1, 0, 0
1017157, 217305, 1, 0, 0
1018158, 219136, 1, 0, 0
1019157, 218330, 1, 0, 0
1020158, 219136, 1, 0, 0
1021158, 218112, 1, 0, 0
1022157, 219355, 1, 0, 0
1023158, 191488, 1, 0, 0
1024157, 218330, 1, 0, 0
1025158, 219136, 1, 0, 0
1026157, 216280, 1, 0, 0
1027158, 218112, 1, 0, 0
1028159, 219136, 1, 0, 0
1029250, 217752, 1, 0, 0
1030251, 219136, 1, 0, 0
1031251, 218112, 1, 0, 0
1032252, 218112, 1, 0, 0
1033252, 219136, 1, 0, 0
1034253, 217894, 1, 0, 0
1035254, 216064, 1, 0, 0
1036254, 219136, 1, 0, 0
1037255, 218112, 1, 0, 0
1038255, 218112, 1, 0, 0
1039255, 219136, 1, 0, 0
1040256, 218112, 1, 0, 0
1041256, 218112, 1, 0, 0
1042257, 218112, 1, 0, 0
1043257, 218112, 1, 0, 0
1044257, 217088, 1, 0, 0
1045258, 218112, 1, 0, 0
1046258, 167936, 1, 0, 0
1047259, 218112, 1, 0, 0
1048259, 218112, 1, 0, 0
1049260, 208896, 1, 0, 0
1050260, 209920, 1, 0, 0
1051261, 208896, 1, 0, 0
1052261, 209920, 1, 0, 0
1053262, 207872, 1, 0, 0
1054262, 206848, 1, 0, 0
1055263, 207872, 1, 0, 0
1056263, 208896, 1, 0, 0
1057264, 209920, 1, 0, 0
1058264, 208896, 1, 0, 0
1059264, 208896, 1, 0, 0
1060265, 209920, 1, 0, 0
1061265, 206848, 1, 0, 0
1062266, 209920, 1, 0, 0
1063266, 208896, 1, 0, 0
1064266, 209920, 1, 0, 0
1065267, 208896, 1, 0, 0
1066267, 208896, 1, 0, 0
1067268, 209920, 1, 0, 0
1068268, 208896, 1, 0, 0
1069268, 209920, 1, 0, 0
1070269, 207872, 1, 0, 0
1071269, 208896, 1, 0, 0
1072270, 209920, 1, 0, 0
1073271, 219136, 1, 0, 0
1074271, 222208, 1, 0, 0
1075272, 222208, 1, 0, 0
1076272, 222208, 1, 0, 0
1077273, 222208, 1, 0, 0
1078273, 222208, 1, 0, 0
1079274, 219136, 1, 0, 0
1080274, 222208, 1, 0, 0
1081276, 221986, 1, 0, 0
1082276, 222208, 1, 0, 0
1083277, 211968, 1, 0, 0
1084277, 222208, 1, 0, 0
1085278, 220160, 1, 0, 0
1086278, 222208, 1, 0, 0
1087279, 223232, 1, 0, 0
1088279, 220160, 1, 0, 0
1089280, 220160, 1, 0, 0
1090280, 222208, 1, 0, 0
1091280, 222208, 1, 0, 0
1092281, 222208, 1, 0, 0
1093281, 222208, 1, 0, 0
1094282, 222208, 1, 0, 0
1095282, 221184, 1, 0, 0
1096283, 219136, 1, 0, 0
1097283, 220160, 1, 0, 0
1098283, 222208, 1, 0, 0
1099284, 222208, 1, 0, 0
1100284, 221184, 1, 0, 0
1101285, 222208, 1, 0, 0
1102285, 222208, 1, 0, 0
1103286, 221184, 1, 0, 0
1104286, 221184, 1, 0, 0
1105287, 222208, 1, 0, 0
1106287, 150528, 1, 0, 0
1107288, 222208, 1, 0, 0
1108288, 221184, 1, 0, 0
1109288, 222208, 1, 0, 0
1110289, 221184, 1, 0, 0
1111289, 222208, 1, 0, 0
1112290, 221184, 1, 0, 0
1113290, 222208, 1, 0, 0
1114290, 222208, 1, 0, 0
1115291, 219136, 1, 0, 0
1116291, 222208, 1, 0, 0
1117292, 210944, 1, 0, 0
1118292, 208896, 1, 0, 0
1119293, 208896, 1, 0, 0
1120293, 208896, 1, 0, 0
1121294, 208896, 1, 0, 0
1122294, 208896, 1, 0, 0
1123295, 208896, 1, 0, 0
1124295, 208896, 1, 0, 0
1125296, 208896, 1, 0, 0
1126296, 208896, 1, 0, 0
1127296, 208896, 1, 0, 0
1128297, 208896, 1, 0, 0
1129297, 208896, 1, 0, 0
1130298, 208896, 1, 0, 0
1131298, 208896, 1, 0, 0
1132298, 208896, 1, 0, 0
1133299, 206848, 1, 0, 0
1134299, 208896, 1, 0, 0
1135300, 208896, 1, 0, 0
1136300, 208896, 1, 0, 0
1137301, 208896, 1, 0, 0
1138301, 208896, 1, 0, 0
1139302, 208896, 1, 0, 0
1140302, 208896, 1, 0, 0
1141302, 215040, 1, 0, 0
1142303, 217088, 1, 0, 0
1143303, 204800, 1, 0, 0
1144304, 218112, 1, 0, 0
1145304, 219136, 1, 0, 0
1146305, 219136, 1, 0, 0
1147305, 219136, 1, 0, 0
1148305, 218112, 1, 0, 0
1149306, 219136, 1, 0, 0
1150306, 218112, 1, 0, 0
1151307, 217088, 1, 0, 0
1152307, 201728, 1, 0, 0
1153308, 219136, 1, 0, 0
1154308, 219136, 1, 0, 0
1155309, 219136, 1, 0, 0
1156309, 219136, 1, 0, 0
1157310, 218112, 1, 0, 0
1158310, 219136, 1, 0, 0
1159310, 218112, 1, 0, 0
1160311, 217088, 1, 0, 0
1161311, 219136, 1, 0, 0
1162312, 219136, 1, 0, 0
1163312, 217088, 1, 0, 0
1164312, 219136, 1, 0, 0
1165313, 219136, 1, 0, 0
1166313, 199680, 1, 0, 0
1167314, 218112, 1, 0, 0
1168314, 219136, 1, 0, 0
1169315, 217088, 1, 0, 0
1170315, 219136, 1, 0, 0
1171316, 219136, 1, 0, 0
1172316, 218112, 1, 0, 0
1173317, 219136, 1, 0, 0
1174317, 218112, 1, 0, 0
1175317, 219136, 1, 0, 0
1176318, 219136, 1, 0, 0
1177318, 219136, 1, 0, 0
1178319, 217088, 1, 0, 0
1179319, 209920, 1, 0, 0
1180320, 218112, 1, 0, 0
1181320, 219136, 1, 0, 0
1182321, 218112, 1, 0, 0
1183321, 219136, 1, 0, 0
1184322, 219136, 1, 0, 0
1185322, 218112, 1, 0, 0
1186322, 211968, 1, 0, 0
1187323, 206848, 1, 0, 0
1188323, 208896, 1, 0, 0
1189324, 208896, 1, 0, 0
1190324, 207872, 1, 0, 0
1191324, 208896, 1, 0, 0
1192325, 207872, 1, 0, 0
1193326, 208896, 1, 0, 0
1194328, 208479, 1, 0, 0
1195328, 208896, 1, 0, 0
1196329, 206848, 1, 0, 0
1197329, 207872, 1, 0, 0
1198330, 208896, 1, 0, 0
1199330, 208896, 1, 0, 0
1200331, 208896, 1, 0, 0
1201331, 207872, 1, 0, 0
1202332, 206848, 1, 0, 0
1203332, 185344, 1, 0, 0
1204333, 208896, 1, 0, 0
1205333, 206848, 1, 0, 0
1206334, 208896, 1, 0, 0
1207334, 207872, 1, 0, 0
1208334, 208896, 1, 0, 0
1209335, 208896, 1, 0, 0
1210336, 211968, 1, 0, 0
1211336, 221184, 1, 0, 0
1212336, 220160, 1, 0, 0
1213337, 221184, 1, 0, 0
1214337, 219136, 1, 0, 0
1215338, 221184, 1, 0, 0
1216338, 221184, 1, 0, 0
1217338, 220160, 1, 0, 0
1218339, 221184, 1, 0, 0
1219339, 221184, 1, 0, 0
1220340, 221184, 1, 0, 0
1221340, 220160, 1, 0, 0
1222341, 221184, 1, 0, 0
1223341, 219136, 1, 0, 0
1224342, 221184, 1, 0, 0
1225342, 221184, 1, 0, 0
1226343, 161792, 1, 0, 0
1227343, 168960, 1, 0, 0
1228343, 221184, 1, 0, 0
1229344, 221184, 1, 0, 0
1230344, 220160, 1, 0, 0
1231345, 221184, 1, 0, 0
1232345, 219136, 1, 0, 0
1233346, 220160, 1, 0, 0
1234346, 220160, 1, 0, 0
1235347, 219136, 1, 0, 0
1236347, 220160, 1, 0, 0
1237348, 220160, 1, 0, 0
1238348, 221184, 1, 0, 0
1239349, 220160, 1, 0, 0
1240349, 221184, 1, 0, 0
1241350, 218112, 1, 0, 0
1242350, 220160, 1, 0, 0
1243350, 221184, 1, 0, 0
1244351, 220160, 1, 0, 0
1245351, 221184, 1, 0, 0
1246352, 220160, 1, 0, 0
1247352, 221184, 1, 0, 0
1248352, 220160, 1, 0, 0
1249353, 220160, 1, 0, 0
1250353, 219136, 1, 0, 0
1251353, 220160, 1, 0, 0
1252354, 220160, 1, 0, 0
1253354, 221184, 1, 0, 0
1254355, 218112, 1, 0, 0
1255356, 208687, 1, 0, 0
1256357, 207872, 1, 0, 0
1257357, 207872, 1, 0, 0
1258358, 207872, 1, 0, 0
1259358, 206848, 1, 0, 0
1260359, 207872, 1, 0, 0
1261359, 207872, 1, 0, 0
1262360, 207872, 1, 0, 0
1263360, 210944, 1, 0, 0
1264360, 207872, 1, 0, 0
1265361, 208896, 1, 0, 0
1266361, 207872, 1, 0, 0
1267362, 207872, 1, 0, 0
1268362, 206848, 1, 0, 0
1269363, 207872, 1, 0, 0
1270363, 207872, 1, 0, 0
1271364, 208896, 1, 0, 0
1272365, 207664, 1, 0, 0
1273365, 207872, 1, 0, 0
1274366, 207872, 1, 0, 0
1275366, 207872, 1, 0, 0
1276367, 207872, 1, 0, 0
1277367, 206848, 1, 0, 0
1278367, 206848, 1, 0, 0
1279368, 219136, 1, 0, 0
1280368, 218112, 1, 0, 0
1281369, 218112, 1, 0, 0
1282370, 219136, 1, 0, 0
1283370, 218112, 1, 0, 0
1284371, 218112, 1, 0, 0
1285371, 218112, 1, 0, 0
1286372, 221184, 1, 0, 0
1287372, 218112, 1, 0, 0
1288373, 218112, 1, 0, 0
1289373, 218112, 1, 0, 0
1290374, 219136, 1, 0, 0
1291374, 218112, 1, 0, 0
1292375, 218112, 1, 0, 0
1293375, 219136, 1, 0, 0
1294375, 218112, 1, 0, 0
1295376, 216064, 1, 0, 0
1296377, 218112, 1, 0, 0
1297377, 219136, 1, 0, 0
1298377, 218112, 1, 0, 0
1299378, 218112, 1, 0, 0
1300378, 219136, 1, 0, 0
1301379, 217088, 1, 0, 0
1302379, 217088, 1, 0, 0
1303380, 217088, 1, 0, 0
1304380, 216064, 1, 0, 0
1305380, 218112, 1, 0, 0
1306381, 217088, 1, 0, 0
1307381, 218112, 1, 0, 0
1308382, 217088, 1, 0, 0
1309382, 218112, 1, 0, 0
1310383, 217088, 1, 0, 0
1311383, 217088, 1, 0, 0
1312384, 218112, 1, 0, 0
1313384, 216064, 1, 0, 0
1314385, 217088, 1, 0, 0
1315385, 217088, 1, 0, 0
1316386, 218112, 1, 0, 0
1317386, 217088, 1, 0, 0
1318387, 217088, 1, 0, 0
1319387, 218112, 1, 0, 0
1320388, 201728, 1, 0, 0
1321388, 217088, 1, 0, 0
1322388, 216064, 1, 0, 0
1323389, 191488, 1, 0, 0
1324389, 172032, 1, 0, 0
1325390, 206848, 1, 0, 0
1326390, 207872, 1, 0, 0
1327391, 206848, 1, 0, 0
1328391, 206848, 1, 0, 0
1329392, 207872, 1, 0, 0
1330392, 206848, 1, 0, 0
1331393, 169984, 1, 0, 0
1332393, 205824, 1, 0, 0
1333393, 206848, 1, 0, 0
1334394, 207872, 1, 0, 0
1335394, 206848, 1, 0, 0
1336395, 207872, 1, 0, 0
1337395, 206848, 1, 0, 0
1338395, 206848, 1, 0, 0
1339396, 207872, 1, 0, 0
1340396, 205824, 1, 0, 0
1341397, 206848, 1, 0, 0
1342397, 206848, 1, 0, 0
1343398, 207872, 1, 0, 0
1344398, 206848, 1, 0, 0
1345399, 206848, 1, 0, 0
1346399, 172032, 1, 0, 0
1347400, 209920, 1, 0, 0
1348400, 207872, 1, 0, 0
1349400, 216064, 1, 0, 0
1350401, 220160, 1, 0, 0
1351401, 220160, 1, 0, 0
1352402, 220160, 1, 0, 0
1353402, 220160, 1, 0, 0
1354402, 220160, 1, 0, 0
1355403, 218112, 1, 0, 0
1356403, 220160, 1, 0, 0
1357404, 220160, 1, 0, 0
1358404, 218112, 1, 0, 0
1359404, 220160, 1, 0, 0
1360405, 220160, 1, 0, 0
1361405, 220160, 1, 0, 0
1362406, 219136, 1, 0, 0
1363407, 221184, 1, 0, 0
1364407, 218112, 1, 0, 0
1365407, 220160, 1, 0, 0
1366408, 219136, 1, 0, 0
1367408, 219136, 1, 0, 0
1368409, 220160, 1, 0, 0
1369409, 220160, 1, 0, 0
1370410, 218112, 1, 0, 0
1371410, 220160, 1, 0, 0
1372411, 219136, 1, 0, 0
1373411, 219136, 1, 0, 0
1374411, 219136, 1, 0, 0
1375412, 219136, 1, 0, 0
1376412, 218112, 1, 0, 0
1377413, 219136, 1, 0, 0
1378413, 219136, 1, 0, 0
1379413, 219136, 1, 0, 0
1380414, 219136, 1, 0, 0
1381414, 219136, 1, 0, 0
1382415, 219136, 1, 0, 0
1383415, 222208, 1, 0, 0
1384416, 220160, 1, 0, 0
1385416, 217088, 1, 0, 0
1386415, 219355, 1, 0, 0
1387416, 217088, 1, 0, 0
1388416, 219136, 1, 0, 0
1389416, 219355, 1, 0, 0
1390416, 219136, 1, 0, 0
1391415, 219355, 1, 0, 0
1392416, 214016, 1, 0, 0
1393416, 207872, 1, 0, 0
1394415, 205005, 1, 0, 0
1395416, 207872, 1, 0, 0
1396416, 206848, 1, 0, 0
1397415, 207055, 1, 0, 0
1398416, 207872, 1, 0, 0
1399416, 206848, 1, 0, 0
1400415, 207055, 1, 0, 0
1401416, 206848, 1, 0, 0
1402416, 206848, 1, 0, 0
1403415, 206030, 1, 0, 0
1404416, 206848, 1, 0, 0
1405417, 207872, 1, 0, 0
1406417, 182272, 1, 0, 0
1407417, 187392, 1, 0, 0
1408418, 207872, 1, 0, 0
1409417, 207055, 1, 0, 0
1410418, 206848, 1, 0, 0
1411418, 206848, 1, 0, 0
1412418, 206030, 1, 0, 0
1413421, 207250, 1, 0, 0
1414421, 206848, 1, 0, 0
1415422, 206848, 1, 0, 0
1416421, 207055, 1, 0, 0
1417421, 217088, 1, 0, 0
1418422, 217088, 1, 0, 0
1419421, 217305, 1, 0, 0
1420422, 217088, 1, 0, 0
1421421, 215255, 1, 0, 0
1422421, 217088, 1, 0, 0
1423422, 217088, 1, 0, 0
1424421, 217305, 1, 0, 0
1425421, 217088, 1, 0, 0
1426422, 217088, 1, 0, 0
1427421, 216280, 1, 0, 0
1428422, 217088, 1, 0, 0
1429422, 217088, 1, 0, 0
1430421, 215255, 1, 0, 0
1431422, 217088, 1, 0, 0
1432422, 218112, 1, 0, 0
1433421, 216280, 1, 0, 0
1434422, 217088, 1, 0, 0
1435421, 217305, 1, 0, 0
1436421, 217088, 1, 0, 0
1437422, 217088, 1, 0, 0
1438421, 217305, 1, 0, 0
1439421, 214016, 1, 0, 0
1440422, 217088, 1, 0, 0
1441421, 217305, 1, 0, 0
1442422, 217088, 1, 0, 0
1443422, 223232, 1, 0, 0
1444421, 211155, 1, 0, 0
1445422, 217088, 1, 0, 0
1446421, 217305, 1, 0, 0
1447421, 217088, 1, 0, 0
1448422, 215040, 1, 0, 0
1449421, 217305, 1, 0, 0
1450422, 217088, 1, 0, 0
1451421, 217305, 1, 0, 0
