1006, 47766287, 1, 0, 0
2006, 10406829, 1, 0, 0
3008, 8340547, 1, 0, 0
4001, 8342543, 1, 0, 0
5002, 8339606, 1, 0, 0
6005, 8347278, 1, 0, 0
7007, 8343092, 1, 0, 0
8000, 8339021, 1, 0, 0
9001, 8341721, 1, 0, 0
10004, 8349876, 1, 0, 0
11006, 8339393, 1, 0, 0
12007, 8338839, 1, 0, 0
13000, 8342073, 1, 0, 0
14002, 8339642, 1, 0, 0
15004, 8349230, 1, 0, 0
16006, 8340166, 1, 0, 0
17008, 8339137, 1, 0, 0
18001, 8338276, 1, 0, 0
19004, 8349995, 1, 0, 0
20005, 8339151, 1, 0, 0
21006, 8339368, 1, 0, 0
22000, 8340309, 1, 0, 0
23002, 8416259, 1, 0, 0
24004, 8408651, 1, 0, 0
25006, 8341431, 1, 0, 0
26007, 8338175, 1, 0, 0
27000, 8340880, 1, 0, 0
28003, 8349311, 1, 0, 0
29004, 8338396, 1, 0, 0
30006, 8338646, 1, 0, 0
31007, 8340401, 1, 0, 0
32002, 8348312, 1, 0, 0
33003, 8341112, 1, 0, 0
34005, 8341028, 1, 0, 0
35006, 8338051, 1, 0, 0
36001, 8348199, 1, 0, 0
37002, 8341356, 1, 0, 0
38004, 8340840, 1, 0, 0
39005, 8340689, 1, 0, 0
40007, 8338530, 1, 0, 0
41001, 8348743, 1, 0, 0
42003, 8338952, 1, 0, 0
43004, 8341046, 1, 0, 0
44006, 8338377, 1, 0, 0
45000, 8350041, 1, 0, 0
46002, 8338468, 1, 0, 0
47003, 8340301, 1, 0, 0
48005, 8340987, 1, 0, 0
49006, 8338684, 1, 0, 0
50001, 8347690, 1, 0, 0
51002, 8340816, 1, 0, 0
52004, 8338936, 1, 0, 0
53005, 8337806, 1, 0, 0
54000, 8349360, 1, 0, 0
55001, 8342412, 1, 0, 0
56003, 8339644, 1, 0, 0
57004, 8339886, 1, 0, 0
58007, 8709737, 1, 0, 0
59000, 8339680, 1, 0, 0
60001, 8937326, 1, 0, 0
61003, 8340555, 1, 0, 0
62005, 8341837, 1, 0, 0
63007, 8349514, 1, 0, 0
64000, 8338781, 1, 0, 0
65002, 8409591, 1, 0, 0
66004, 8340438, 1, 0, 0
67006, 8348888, 1, 0, 0
68008, 8339961, 1, 0, 0
69001, 8339841, 1, 0, 0
70003, 8339928, 1, 0, 0
71004, 8338406, 1, 0, 0
72007, 8348324, 1, 0, 0
73000, 8340908, 1, 0, 0
74001, 8337357, 1, 0, 0
75003, 8339779, 1, 0, 0
76006, 8346935, 1, 0, 0
77007, 8340306, 1, 0, 0
78001, 8340624, 1, 0, 0
79002, 8337453, 1, 0, 0
80005, 8346584, 1, 0, 0
81006, 8341801, 1, 0, 0
82008, 8338614, 1, 0, 0
83001, 8337024, 1, 0, 0
84002, 8338860, 1, 0, 0
85005, 8349858, 1, 0, 0
86007, 8338784, 1, 0, 0
87000, 8339196, 1, 0, 0
88001, 8339880, 1, 0, 0
89004, 8346911, 1, 0, 0
90006, 8340609, 1, 0, 0
91007, 8340826, 1, 0, 0
92000, 8338533, 1, 0, 0
93003, 8349025, 1, 0, 0
94005, 8340013, 1, 0, 0
95006, 8339961, 1, 0, 0
96008, 8340386, 1, 0, 0
97001, 8340350, 1, 0, 0
98004, 8349879, 1, 0, 0
99005, 8339456, 1, 0, 0
100007, 8339175, 1, 0, 0
101000, 8339943, 1, 0, 0
102002, 8348369, 1, 0, 0
103004, 8337454, 1, 0, 0
104006, 8412288, 1, 0, 0
105007, 8337733, 1, 0, 0
106001, 8346472, 1, 0, 0
107003, 8342878, 1, 0, 0
108004, 8338476, 1, 0, 0
109006, 8339790, 1, 0, 0
110008, 8339905, 1, 0, 0
111002, 8348542, 1, 0, 0
112003, 8409126, 1, 0, 0
113005, 8338411, 1, 0, 0
114007, 8339771, 1, 0, 0
115001, 8419620, 1, 0, 0
116002, 8339808, 1, 0, 0
117004, 8339405, 1, 0, 0
118005, 8339204, 1, 0, 0
119007, 8339913, 1, 0, 0
120007, 8843369, 1, 0, 0
121003, 8502371, 1, 0, 0
122004, 8341471, 1, 0, 0
123006, 8338343, 1, 0, 0
124000, 8349691, 1, 0, 0
125002, 8342259, 1, 0, 0
126003, 8340055, 1, 0, 0
127005, 8341048, 1, 0, 0
128007, 8348129, 1, 0, 0
129001, 8339975, 1, 0, 0
130002, 8339288, 1, 0, 0
131004, 8339983, 1, 0, 0
132005, 8342032, 1, 0, 0
133008, 8349280, 1, 0, 0
134001, 8339531, 1, 0, 0
135003, 8379218, 1, 0, 0
136004, 8342365, 1, 0, 0
137008, 8354624, 1, 0, 0
138001, 8339082, 1, 0, 0
139003, 8339759, 1, 0, 0
140004, 8339096, 1, 0, 0
141007, 8347977, 1, 0, 0
142000, 8337662, 1, 0, 0
143001, 8340112, 1, 0, 0
144003, 8341715, 1, 0, 0
145005, 8340354, 1, 0, 0
146007, 8346917, 1, 0, 0
147001, 8411295, 1, 0, 0
148002, 8338720, 1, 0, 0
149004, 8341664, 1, 0, 0
150006, 8349719, 1, 0, 0
151008, 8340030, 1, 0, 0
152001, 8340547, 1, 0, 0
153003, 8409345, 1, 0, 0
154004, 8340339, 1, 0, 0
155007, 8347620, 1, 0, 0
156000, 8341896, 1, 0, 0
157002, 8339486, 1, 0, 0
158003, 8338249, 1, 0, 0
159006, 8347689, 1, 0, 0
160007, 8338498, 1, 0, 0
161000, 8339479, 1, 0, 0
162002, 8342096, 1, 0, 0
163005, 8348290, 1, 0, 0
164006, 8340034, 1, 0, 0
165008, 8339862, 1, 0, 0
166001, 8338840, 1, 0, 0
167003, 8340682, 1, 0, 0
168005, 8350603, 1, 0, 0
169007, 8338554, 1, 0, 0
170000, 8338759, 1, 0, 0
171001, 8410749, 1, 0, 0
172004, 8347853, 1, 0, 0
173006, 8338954, 1, 0, 0
174007, 8341313, 1, 0, 0
175001, 8340889, 1, 0, 0
176003, 8345907, 1, 0, 0
177005, 8339197, 1, 0, 0
178006, 8338890, 1, 0, 0
179008, 8339298, 1, 0, 0
180001, 8339393, 1, 0, 0
181003, 9026676, 1, 0, 0
182005, 8339172, 1, 0, 0
183006, 8341117, 1, 0, 0
184000, 8339397, 1, 0, 0
185002, 8346639, 1, 0, 0
186004, 8340091, 1, 0, 0
187005, 8339872, 1, 0, 0
188007, 8341412, 1, 0, 0
189000, 8339680, 1, 0, 0
190003, 8346857, 1, 0, 0
191004, 8408953, 1, 0, 0
192006, 8341476, 1, 0, 0
193008, 8339317, 1, 0, 0
194002, 8350019, 1, 0, 0
195003, 8339609, 1, 0, 0
196005, 8339348, 1, 0, 0
197007, 8340352, 1, 0, 0
198001, 8348674, 1, 0, 0
199002, 8338508, 1, 0, 0
200004, 8338686, 1, 0, 0
201005, 8342080, 1, 0, 0
202007, 8338168, 1, 0, 0
203001, 8417847, 1, 0, 0
204003, 8341055, 1, 0, 0
205004, 8338629, 1, 0, 0
206006, 8340726, 1, 0, 0
207000, 8350266, 1, 0, 0
208002, 8337600, 1, 0, 0
209003, 8337792, 1, 0, 0
210005, 8338246, 1, 0, 0
211007, 8348212, 1, 0, 0
212001, 8337541, 1, 0, 0
213002, 8409374, 1, 0, 0
214004, 8340109, 1, 0, 0
215005, 8340387, 1, 0, 0
216000, 8350564, 1, 0, 0
217001, 8411502, 1, 0, 0
218003, 8339271, 1, 0, 0
219004, 8340445, 1, 0, 0
220007, 8348088, 1, 0, 0
221000, 8409946, 1, 0, 0
222002, 8340244, 1, 0, 0
223003, 8554384, 1, 0, 0
224005, 8338349, 1, 0, 0
225007, 8347320, 1, 0, 0
226000, 8410090, 1, 0, 0
227002, 8340262, 1, 0, 0
228004, 8339290, 1, 0, 0
229007, 8348772, 1, 0, 0
230008, 8337340, 1, 0, 0
231001, 8409434, 1, 0, 0
232003, 8409525, 1, 0, 0
233005, 8348493, 1, 0, 0
234007, 8339021, 1, 0, 0
235000, 8339540, 1, 0, 0
236001, 8340665, 1, 0, 0
237003, 8338568, 1, 0, 0
238006, 8347946, 1, 0, 0
239007, 8341329, 1, 0, 0
240000, 8336887, 1, 0, 0
241002, 8935867, 1, 0, 0
242005, 8420564, 1, 0, 0
243006, 8339603, 1, 0, 0
244008, 8340236, 1, 0, 0
245001, 8338451, 1, 0, 0
246002, 8339185, 1, 0, 0
247005, 8350329, 1, 0, 0
248007, 8335308, 1, 0, 0
249000, 8339631, 1, 0, 0
250001, 8337718, 1, 0, 0
251004, 8349021, 1, 0, 0
252006, 8344474, 1, 0, 0
253007, 8337475, 1, 0, 0
254000, 8339537, 1, 0, 0
255003, 8348900, 1, 0, 0
256004, 8339793, 1, 0, 0
257006, 8341931, 1, 0, 0
258007, 8339614, 1, 0, 0
259001, 8341902, 1, 0, 0
260003, 8347786, 1, 0, 0
261005, 8338803, 1, 0, 0
262006, 8339508, 1, 0, 0
263000, 8339479, 1, 0, 0
264002, 8349763, 1, 0, 0
265004, 8340279, 1, 0, 0
266006, 8342178, 1, 0, 0
267007, 8339496, 1, 0, 0
268001, 8347584, 1, 0, 0
269003, 8339455, 1, 0, 0
270004, 8338879, 1, 0, 0
271006, 8339575, 1, 0, 0
272008, 8340547, 1, 0, 0
273002, 8346778, 1, 0, 0
274003, 8339073, 1, 0, 0
275005, 8339750, 1, 0, 0
276006, 8340734, 1, 0, 0
277001, 8350025, 1, 0, 0
278003, 8343648, 1, 0, 0
279004, 8408311, 1, 0, 0
280005, 8337583, 1, 0, 0
281000, 8350217, 1, 0, 0
282001, 8340680, 1, 0, 0
283003, 8339903, 1, 0, 0
284004, 8338912, 1, 0, 0
285006, 8338103, 1, 0, 0
286000, 8347345, 1, 0, 0
287002, 8340225, 1, 0, 0
288003, 8339136, 1, 0, 0
289005, 8339996, 1, 0, 0
290007, 8347532, 1, 0, 0
291001, 8339296, 1, 0, 0
292002, 8338505, 1, 0, 0
293004, 8339471, 1, 0, 0
294005, 8409618, 1, 0, 0
295000, 8348457, 1, 0, 0
296001, 8341015, 1, 0, 0
297003, 8338426, 1, 0, 0
298004, 8341895, 1, 0, 0
299007, 8348285, 1, 0, 0
300000, 8339167, 1, 0, 0
