1000, 45056, 1, 0, 0
2000, 90202, 1, 0, 0
3000, 76800, 1, 0, 0
4000, 88152, 1, 0, 0
5000, 94208, 1, 0, 0
6000, 89177, 1, 0, 0
7000, 90112, 1, 0, 0
8000, 91227, 1, 0, 0
9000, 89088, 1, 0, 0
10000, 94302, 1, 0, 0
11000, 87040, 1, 0, 0
12000, 93184, 1, 0, 0
13000, 72776, 1, 0, 0
14000, 53248, 1, 0, 0
15000, 93277, 1, 0, 0
16000, 90112, 1, 0, 0
17000, 91227, 1, 0, 0
18000, 91227, 1, 0, 0
19000, 88064, 1, 0, 0
20000, 94302, 1, 0, 0
21000, 88064, 1, 0, 0
22000, 93277, 1, 0, 0
23000, 89177, 1, 0, 0
24000, 91136, 1, 0, 0
25000, 91136, 1, 0, 0
26000, 88152, 1, 0, 0
27000, 95327, 1, 0, 0
28000, 73728, 1, 0, 0
29000, 91136, 1, 0, 0
30000, 91227, 1, 0, 0
31000, 88064, 1, 0, 0
32000, 93277, 1, 0, 0
33000, 65536, 1, 0, 0
34000, 90112, 1, 0, 0
35000, 90202, 1, 0, 0
36001, 89088, 1, 0, 0
37000, 93277, 1, 0, 0
38001, 49152, 1, 0, 0
39000, 17425, 1, 0, 0
40000, 62464, 1, 0, 0
41000, 93277, 1, 0, 0
42000, 87040, 1, 0, 0
43000, 94302, 1, 0, 0
44000, 88064, 1, 0, 0
45000, 92160, 1, 0, 0
46000, 90202, 1, 0, 0
47000, 81920, 1, 0, 0
48000, 94302, 1, 0, 0
49000, 88152, 1, 0, 0
50000, 93184, 1, 0, 0
51000, 89088, 1, 0, 0
52000, 90202, 1, 0, 0
53000, 92160, 1, 0, 0
54000, 88152, 1, 0, 0
55000, 95232, 1, 0, 0
56000, 87127, 1, 0, 0
57000, 92160, 1, 0, 0
58000, 90202, 1, 0, 0
59000, 90112, 1, 0, 0
60001, 93184, 1, 0, 0
61000, 82002, 1, 0, 0
62000, 94208, 1, 0, 0
63000, 87127, 1, 0, 0
64000, 92160, 1, 0, 0
65000, 91227, 1, 0, 0
66000, 89177, 1, 0, 0
67000, 94208, 1, 0, 0
68003, 87888, 1, 0, 0
69032, 92548, 1, 0, 0
70033, 89088, 1, 0, 0
71033, 91136, 1, 0, 0
72034, 92160, 1, 0, 0
73034, 89088, 1, 0, 0
74035, 93184, 1, 0, 0
75035, 87040, 1, 0, 0
76035, 93184, 1, 0, 0
77036, 90112, 1, 0, 0
78037, 91136, 1, 0, 0
79037, 91136, 1, 0, 0
80037, 88064, 1, 0, 0
81038, 94208, 1, 0, 0
82038, 88064, 1, 0, 0
83039, 93184, 1, 0, 0
84039, 90112, 1, 0, 0
85040, 90112, 1, 0, 0
86040, 91136, 1, 0, 0
87040, 88064, 1, 0, 0
88041, 95232, 1, 0, 0
89041, 79872, 1, 0, 0
90042, 92160, 1, 0, 0
91042, 84992, 1, 0, 0
92042, 88064, 1, 0, 0
93047, 93832, 1, 0, 0
94047, 88064, 1, 0, 0
95047, 93184, 1, 0, 0
96048, 90112, 1, 0, 0
97049, 91136, 1, 0, 0
98049, 94208, 1, 0, 0
99049, 73728, 1, 0, 0
100050, 94208, 1, 0, 0
101050, 89088, 1, 0, 0
102051, 92160, 1, 0, 0
103052, 91136, 1, 0, 0
104052, 89088, 1, 0, 0
105053, 92160, 1, 0, 0
106053, 88064, 1, 0, 0
107054, 94208, 1, 0, 0
108054, 89088, 1, 0, 0
109055, 91136, 1, 0, 0
110058, 91884, 1, 0, 0
111058, 88064, 1, 0, 0
112059, 93184, 1, 0, 0
113059, 88064, 1, 0, 0
114060, 94208, 1, 0, 0
115060, 89088, 1, 0, 0
116061, 91136, 1, 0, 0
117061, 90112, 1, 0, 0
118062, 89088, 1, 0, 0
119062, 94208, 1, 0, 0
120063, 88064, 1, 0, 0
121063, 88064, 1, 0, 0
122063, 90112, 1, 0, 0
123064, 89088, 1, 0, 0
124064, 93184, 1, 0, 0
125065, 88064, 1, 0, 0
126065, 94208, 1, 0, 0
127066, 88064, 1, 0, 0
128066, 91136, 1, 0, 0
129067, 91136, 1, 0, 0
130067, 90112, 1, 0, 0
131068, 93184, 1, 0, 0
132068, 87040, 1, 0, 0
133069, 95232, 1, 0, 0
134069, 87040, 1, 0, 0
135069, 90112, 1, 0, 0
136070, 89088, 1, 0, 0
137071, 88064, 1, 0, 0
138071, 92160, 1, 0, 0
139072, 86016, 1, 0, 0
140072, 91136, 1, 0, 0
141073, 88064, 1, 0, 0
142073, 90112, 1, 0, 0
143074, 90112, 1, 0, 0
144075, 87040, 1, 0, 0
145075, 92160, 1, 0, 0
146076, 86016, 1, 0, 0
147076, 91136, 1, 0, 0
148077, 88064, 1, 0, 0
149077, 90112, 1, 0, 0
150077, 90112, 1, 0, 0
151078, 80896, 1, 0, 0
152078, 92160, 1, 0, 0
153079, 85930, 1, 0, 0
154080, 91136, 1, 0, 0
155080, 89088, 1, 0, 0
156081, 73728, 1, 0, 0
157081, 92160, 1, 0, 0
158082, 84992, 1, 0, 0
159082, 75776, 1, 0, 0
160083, 89088, 1, 0, 0
161083, 88064, 1, 0, 0
162084, 91136, 1, 0, 0
163085, 87040, 1, 0, 0
164085, 92160, 1, 0, 0
165085, 87040, 1, 0, 0
166086, 90112, 1, 0, 0
167087, 89088, 1, 0, 0
168087, 88064, 1, 0, 0
169088, 92160, 1, 0, 0
170088, 86016, 1, 0, 0
171089, 91136, 1, 0, 0
172089, 88064, 1, 0, 0
173090, 90112, 1, 0, 0
174090, 90112, 1, 0, 0
175090, 87040, 1, 0, 0
176091, 92160, 1, 0, 0
177091, 86016, 1, 0, 0
178092, 91136, 1, 0, 0
179092, 88064, 1, 0, 0
180092, 90112, 1, 0, 0
181093, 83968, 1, 0, 0
182093, 87040, 1, 0, 0
183094, 92160, 1, 0, 0
184094, 86016, 1, 0, 0
185095, 91136, 1, 0, 0
186095, 89088, 1, 0, 0
187096, 87040, 1, 0, 0
188096, 92160, 1, 0, 0
189097, 84907, 1, 0, 0
190098, 93184, 1, 0, 0
191098, 87040, 1, 0, 0
192099, 90112, 1, 0, 0
193099, 89088, 1, 0, 0
194099, 88064, 1, 0, 0
195100, 91136, 1, 0, 0
196100, 86016, 1, 0, 0
197101, 92160, 1, 0, 0
198101, 88064, 1, 0, 0
199102, 90112, 1, 0, 0
200102, 90112, 1, 0, 0
201102, 86016, 1, 0, 0
202103, 92160, 1, 0, 0
203103, 87040, 1, 0, 0
204104, 91136, 1, 0, 0
205104, 88064, 1, 0, 0
206105, 89088, 1, 0, 0
207105, 90112, 1, 0, 0
208106, 87040, 1, 0, 0
209106, 92160, 1, 0, 0
210107, 87040, 1, 0, 0
211107, 84992, 1, 0, 0
212107, 88064, 1, 0, 0
213108, 89088, 1, 0, 0
214108, 91136, 1, 0, 0
215109, 86016, 1, 0, 0
216109, 93184, 1, 0, 0
217110, 87040, 1, 0, 0
218115, 88644, 1, 0, 0
219116, 94208, 1, 0, 0
220116, 89088, 1, 0, 0
221117, 91136, 1, 0, 0
222117, 87040, 1, 0, 0
223118, 92160, 1, 0, 0
224118, 87040, 1, 0, 0
225119, 89088, 1, 0, 0
226119, 90112, 1, 0, 0
227120, 88064, 1, 0, 0
228120, 91136, 1, 0, 0
229121, 87040, 1, 0, 0
230121, 92160, 1, 0, 0
231122, 73728, 1, 0, 0
232122, 89088, 1, 0, 0
233123, 91136, 1, 0, 0
234124, 87040, 1, 0, 0
235124, 92160, 1, 0, 0
236127, 86866, 1, 0, 0
237127, 90112, 1, 0, 0
238126, 89177, 1, 0, 0
239127, 71680, 1, 0, 0
240127, 92160, 1, 0, 0
241126, 74826, 1, 0, 0
242127, 90112, 1, 0, 0
243127, 89088, 1, 0, 0
244126, 88152, 1, 0, 0
245127, 91136, 1, 0, 0
246127, 86016, 1, 0, 0
247126, 68676, 1, 0, 0
248127, 89088, 1, 0, 0
249126, 87127, 1, 0, 0
250127, 91136, 1, 0, 0
251127, 87040, 1, 0, 0
252126, 92252, 1, 0, 0
253127, 87040, 1, 0, 0
254126, 90202, 1, 0, 0
255127, 89088, 1, 0, 0
256126, 88152, 1, 0, 0
257127, 91136, 1, 0, 0
258126, 87127, 1, 0, 0
259126, 92160, 1, 0, 0
260127, 87040, 1, 0, 0
261126, 89177, 1, 0, 0
262127, 90112, 1, 0, 0
263126, 87127, 1, 0, 0
264126, 92160, 1, 0, 0
265127, 87040, 1, 0, 0
266126, 91227, 1, 0, 0
267127, 87040, 1, 0, 0
268127, 90112, 1, 0, 0
269127, 90202, 1, 0, 0
270127, 87040, 1, 0, 0
271126, 87127, 1, 0, 0
272127, 87040, 1, 0, 0
273126, 89177, 1, 0, 0
274127, 89088, 1, 0, 0
275126, 89177, 1, 0, 0
276127, 91136, 1, 0, 0
277127, 86102, 1, 0, 0
278127, 93184, 1, 0, 0
279126, 91227, 1, 0, 0
280127, 90112, 1, 0, 0
281126, 89177, 1, 0, 0
282127, 89088, 1, 0, 0
283127, 91136, 1, 0, 0
284127, 78926, 1, 0, 0
285126, 75851, 1, 0, 0
286127, 88064, 1, 0, 0
287126, 89177, 1, 0, 0
288127, 91136, 1, 0, 0
289126, 86102, 1, 0, 0
290127, 93184, 1, 0, 0
291127, 86016, 1, 0, 0
292126, 90202, 1, 0, 0
293127, 89088, 1, 0, 0
294126, 89177, 1, 0, 0
295130, 90772, 1, 0, 0
296131, 87040, 1, 0, 0
297130, 91227, 1, 0, 0
298130, 87040, 1, 0, 0
299130, 90202, 1, 0, 0
300131, 90112, 1, 0, 0
301130, 82002, 1, 0, 0
302130, 92160, 1, 0, 0
303131, 86016, 1, 0, 0
304130, 91227, 1, 0, 0
305131, 88064, 1, 0, 0
306130, 90202, 1, 0, 0
307130, 87040, 1, 0, 0
308131, 84992, 1, 0, 0
309131, 88064, 1, 0, 0
310132, 83968, 1, 0, 0
311132, 89088, 1, 0, 0
312132, 86102, 1, 0, 0
313132, 87040, 1, 0, 0
314131, 87127, 1, 0, 0
315132, 84992, 1, 0, 0
316132, 89088, 1, 0, 0
317132, 84052, 1, 0, 0
318132, 89088, 1, 0, 0
319131, 85077, 1, 0, 0
320132, 88064, 1, 0, 0
321132, 86016, 1, 0, 0
322134, 85844, 1, 0, 0
323135, 88064, 1, 0, 0
324134, 85077, 1, 0, 0
325134, 90112, 1, 0, 0
326135, 83968, 1, 0, 0
327134, 87127, 1, 0, 0
328135, 86016, 1, 0, 0
329135, 87040, 1, 0, 0
330134, 88152, 1, 0, 0
331135, 78848, 1, 0, 0
332134, 90202, 1, 0, 0
333135, 82944, 1, 0, 0
334135, 88064, 1, 0, 0
335134, 87127, 1, 0, 0
336135, 86016, 1, 0, 0
337134, 88152, 1, 0, 0
338135, 84992, 1, 0, 0
339134, 80976, 1, 0, 0
340135, 89088, 1, 0, 0
341134, 88152, 1, 0, 0
342135, 86016, 1, 0, 0
343134, 87127, 1, 0, 0
344135, 88064, 1, 0, 0
345134, 85077, 1, 0, 0
346135, 75700, 1, 0, 0
347136, 84992, 1, 0, 0
348135, 88152, 1, 0, 0
349136, 86016, 1, 0, 0
350136, 87040, 1, 0, 0
351136, 88152, 1, 0, 0
352136, 83968, 1, 0, 0
353135, 89177, 1, 0, 0
354136, 83968, 1, 0, 0
355136, 89088, 1, 0, 0
356136, 85077, 1, 0, 0
357136, 87040, 1, 0, 0
358136, 87127, 1, 0, 0
359135, 85077, 1, 0, 0
360136, 90112, 1, 0, 0
361136, 79872, 1, 0, 0
362135, 88152, 1, 0, 0
363136, 86016, 1, 0, 0
364135, 86102, 1, 0, 0
365136, 87040, 1, 0, 0
366135, 86102, 1, 0, 0
367136, 94208, 1, 0, 0
368136, 83968, 1, 0, 0
369136, 90202, 1, 0, 0
370135, 85077, 1, 0, 0
371136, 88064, 1, 0, 0
372135, 86102, 1, 0, 0
373136, 84992, 1, 0, 0
374136, 75776, 1, 0, 0
375136, 84052, 1, 0, 0
376136, 89088, 1, 0, 0
377136, 86102, 1, 0, 0
378136, 87040, 1, 0, 0
379136, 87127, 1, 0, 0
380136, 84992, 1, 0, 0
381136, 88152, 1, 0, 0
382136, 83968, 1, 0, 0
383136, 90112, 1, 0, 0
384136, 85077, 1, 0, 0
385136, 88064, 1, 0, 0
386135, 86102, 1, 0, 0
387136, 86016, 1, 0, 0
388135, 88152, 1, 0, 0
389136, 76800, 1, 0, 0
390135, 90202, 1, 0, 0
391136, 78848, 1, 0, 0
392136, 87040, 1, 0, 0
393136, 86102, 1, 0, 0
394136, 86016, 1, 0, 0
395136, 89177, 1, 0, 0
396136, 83968, 1, 0, 0
397136, 90202, 1, 0, 0
398135, 84052, 1, 0, 0
399136, 88064, 1, 0, 0
400136, 89088, 1, 0, 0
401135, 86102, 1, 0, 0
402136, 88064, 1, 0, 0
403135, 64576, 1, 0, 0
404136, 90112, 1, 0, 0
405136, 84052, 1, 0, 0
406136, 75776, 1, 0, 0
407135, 87127, 1, 0, 0
408136, 84992, 1, 0, 0
409135, 90202, 1, 0, 0
410136, 83968, 1, 0, 0
411136, 89088, 1, 0, 0
412136, 85077, 1, 0, 0
413136, 87040, 1, 0, 0
414136, 87127, 1, 0, 0
415136, 84992, 1, 0, 0
416136, 89177, 1, 0, 0
417136, 84992, 1, 0, 0
418135, 88152, 1, 0, 0
419136, 84992, 1, 0, 0
420135, 88152, 1, 0, 0
421136, 87040, 1, 0, 0
422135, 79951, 1, 0, 0
423136, 88064, 1, 0, 0
424136, 83968, 1, 0, 0
425136, 89177, 1, 0, 0
426136, 84992, 1, 0, 0
427136, 88152, 1, 0, 0
428136, 87040, 1, 0, 0
429135, 86102, 1, 0, 0
430136, 87040, 1, 0, 0
431136, 84052, 1, 0, 0
432136, 90112, 1, 0, 0
433135, 85077, 1, 0, 0
434136, 88064, 1, 0, 0
435135, 86102, 1, 0, 0
436136, 86016, 1, 0, 0
437135, 87127, 1, 0, 0
438136, 84992, 1, 0, 0
439135, 90202, 1, 0, 0
440136, 83968, 1, 0, 0
441136, 89088, 1, 0, 0
442136, 85077, 1, 0, 0
443135, 87127, 1, 0, 0
444136, 87040, 1, 0, 0
445135, 85077, 1, 0, 0
446136, 89088, 1, 0, 0
447135, 85077, 1, 0, 0
448136, 88064, 1, 0, 0
449136, 84992, 1, 0, 0
450136, 88152, 1, 0, 0
451136, 87040, 1, 0, 0
452136, 79872, 1, 0, 0
453136, 89177, 1, 0, 0
454136, 83968, 1, 0, 0
455136, 88152, 1, 0, 0
456136, 84992, 1, 0, 0
457136, 88152, 1, 0, 0
458136, 87040, 1, 0, 0
459136, 86102, 1, 0, 0
460136, 93184, 1, 0, 0
461136, 84052, 1, 0, 0
462135, 90202, 1, 0, 0
463136, 83968, 1, 0, 0
464135, 89177, 1, 0, 0
465136, 86016, 1, 0, 0
466136, 72776, 1, 0, 0
467136, 88064, 1, 0, 0
468136, 84052, 1, 0, 0
469136, 91136, 1, 0, 0
470136, 84052, 1, 0, 0
471136, 88064, 1, 0, 0
472136, 86102, 1, 0, 0
473136, 86102, 1, 0, 0
474136, 88064, 1, 0, 0
475136, 84052, 1, 0, 0
476136, 90112, 1, 0, 0
477136, 84052, 1, 0, 0
478136, 88064, 1, 0, 0
479136, 86102, 1, 0, 0
480136, 87040, 1, 0, 0
481136, 87127, 1, 0, 0
482136, 80896, 1, 0, 0
483135, 89177, 1, 0, 0
484136, 83968, 1, 0, 0
485136, 88152, 1, 0, 0
486136, 86016, 1, 0, 0
487136, 87040, 1, 0, 0
488136, 87127, 1, 0, 0
489135, 85077, 1, 0, 0
490136, 89088, 1, 0, 0
491135, 84052, 1, 0, 0
492136, 89088, 1, 0, 0
493136, 86016, 1, 0, 0
494135, 87127, 1, 0, 0
495135, 87040, 1, 0, 0
496136, 84992, 1, 0, 0
497135, 88152, 1, 0, 0
498136, 84992, 1, 0, 0
499135, 89177, 1, 0, 0
500136, 84992, 1, 0, 0
501136, 88152, 1, 0, 0
502135, 86102, 1, 0, 0
503136, 86016, 1, 0, 0
504135, 88152, 1, 0, 0
505136, 84992, 1, 0, 0
506135, 89177, 1, 0, 0
507136, 84992, 1, 0, 0
508136, 87040, 1, 0, 0
509136, 86102, 1, 0, 0
510136, 87040, 1, 0, 0
511136, 87127, 1, 0, 0
512136, 79872, 1, 0, 0
513135, 90202, 1, 0, 0
514136, 82944, 1, 0, 0
515135, 88152, 1, 0, 0
516136, 86016, 1, 0, 0
517135, 87127, 1, 0, 0
518136, 88064, 1, 0, 0
519136, 90202, 1, 0, 0
520136, 86016, 1, 0, 0
521136, 84052, 1, 0, 0
522136, 89088, 1, 0, 0
523136, 84992, 1, 0, 0
524136, 88152, 1, 0, 0
525136, 87040, 1, 0, 0
526136, 85077, 1, 0, 0
527136, 88064, 1, 0, 0
528136, 85077, 1, 0, 0
529136, 89088, 1, 0, 0
530135, 85077, 1, 0, 0
531136, 88064, 1, 0, 0
532136, 72704, 1, 0, 0
533136, 85077, 1, 0, 0
534136, 89088, 1, 0, 0
535135, 85077, 1, 0, 0
536136, 89088, 1, 0, 0
537136, 84992, 1, 0, 0
538136, 86102, 1, 0, 0
539136, 87040, 1, 0, 0
540135, 86102, 1, 0, 0
541136, 88064, 1, 0, 0
542135, 78926, 1, 0, 0
543136, 89088, 1, 0, 0
544136, 84992, 1, 0, 0
545136, 87127, 1, 0, 0
546136, 87040, 1, 0, 0
547136, 86102, 1, 0, 0
548136, 88064, 1, 0, 0
549135, 84052, 1, 0, 0
550136, 90112, 1, 0, 0
551135, 84052, 1, 0, 0
552136, 88064, 1, 0, 0
553136, 87040, 1, 0, 0
554136, 86102, 1, 0, 0
555136, 88064, 1, 0, 0
556136, 84052, 1, 0, 0
557136, 89088, 1, 0, 0
558135, 84052, 1, 0, 0
559136, 86016, 1, 0, 0
560136, 83968, 1, 0, 0
561136, 85077, 1, 0, 0
562136, 86016, 1, 0, 0
563136, 80976, 1, 0, 0
564136, 88064, 1, 0, 0
565136, 83027, 1, 0, 0
566136, 86016, 1, 0, 0
567136, 85077, 1, 0, 0
568135, 83027, 1, 0, 0
569136, 86016, 1, 0, 0
570136, 81920, 1, 0, 0
571136, 88152, 1, 0, 0
572136, 78848, 1, 0, 0
573136, 85077, 1, 0, 0
574136, 84992, 1, 0, 0
575135, 82002, 1, 0, 0
576136, 88064, 1, 0, 0
577135, 82002, 1, 0, 0
578136, 87040, 1, 0, 0
579135, 83027, 1, 0, 0
580136, 91136, 1, 0, 0
581135, 85077, 1, 0, 0
582136, 83968, 1, 0, 0
583135, 87127, 1, 0, 0
584136, 81920, 1, 0, 0
585136, 87040, 1, 0, 0
586136, 83027, 1, 0, 0
587136, 84992, 1, 0, 0
588136, 86102, 1, 0, 0
589136, 82944, 1, 0, 0
590136, 87127, 1, 0, 0
591136, 81920, 1, 0, 0
592136, 86102, 1, 0, 0
593136, 83968, 1, 0, 0
594135, 85077, 1, 0, 0
595136, 86016, 1, 0, 0
596136, 81920, 1, 0, 0
597136, 88152, 1, 0, 0
598136, 71751, 1, 0, 0
599136, 81920, 1, 0, 0
600135, 86102, 1, 0, 0
601136, 82944, 1, 0, 0
602136, 82944, 1, 0, 0
603136, 82002, 1, 0, 0
604136, 87040, 1, 0, 0
605135, 83027, 1, 0, 0
606136, 84992, 1, 0, 0
607136, 85077, 1, 0, 0
608136, 81920, 1, 0, 0
609136, 88152, 1, 0, 0
610136, 81920, 1, 0, 0
611136, 86102, 1, 0, 0
612136, 83968, 1, 0, 0
613135, 84052, 1, 0, 0
614136, 87040, 1, 0, 0
615136, 81920, 1, 0, 0
616136, 88152, 1, 0, 0
617136, 81920, 1, 0, 0
618136, 85077, 1, 0, 0
619136, 84992, 1, 0, 0
620135, 84052, 1, 0, 0
621136, 87040, 1, 0, 0
622135, 82002, 1, 0, 0
623136, 86016, 1, 0, 0
624135, 84052, 1, 0, 0
625136, 84992, 1, 0, 0
626136, 85077, 1, 0, 0
627136, 83968, 1, 0, 0
628136, 87127, 1, 0, 0
629136, 81920, 1, 0, 0
630136, 86102, 1, 0, 0
631136, 83968, 1, 0, 0
632135, 79951, 1, 0, 0
633136, 86016, 1, 0, 0
634136, 81920, 1, 0, 0
635136, 89177, 1, 0, 0
636135, 80976, 1, 0, 0
637136, 86016, 1, 0, 0
638136, 84052, 1, 0, 0
639136, 84992, 1, 0, 0
640136, 90202, 1, 0, 0
641136, 72704, 1, 0, 0
642136, 84052, 1, 0, 0
643135, 83027, 1, 0, 0
644136, 84992, 1, 0, 0
645135, 85077, 1, 0, 0
646136, 83968, 1, 0, 0
647136, 87127, 1, 0, 0
648136, 80976, 1, 0, 0
649136, 87040, 1, 0, 0
650136, 84052, 1, 0, 0
651136, 84992, 1, 0, 0
652136, 86102, 1, 0, 0
653136, 81920, 1, 0, 0
654136, 87127, 1, 0, 0
655136, 82944, 1, 0, 0
656136, 86102, 1, 0, 0
657136, 83968, 1, 0, 0
658135, 85077, 1, 0, 0
659136, 86016, 1, 0, 0
660136, 68608, 1, 0, 0
661136, 87127, 1, 0, 0
662135, 77901, 1, 0, 0
663136, 84992, 1, 0, 0
664136, 86016, 1, 0, 0
665136, 82002, 1, 0, 0
666137, 87040, 1, 0, 0
667136, 82002, 1, 0, 0
668136, 87127, 1, 0, 0
669136, 83968, 1, 0, 0
670136, 85077, 1, 0, 0
671136, 86016, 1, 0, 0
672135, 82002, 1, 0, 0
673136, 87040, 1, 0, 0
674135, 82002, 1, 0, 0
675136, 87040, 1, 0, 0
676136, 83968, 1, 0, 0
677136, 84052, 1, 0, 0
678136, 87040, 1, 0, 0
679136, 80976, 1, 0, 0
680136, 88064, 1, 0, 0
681136, 83027, 1, 0, 0
682136, 84992, 1, 0, 0
683136, 85077, 1, 0, 0
684136, 83968, 1, 0, 0
685136, 86102, 1, 0, 0
686136, 81920, 1, 0, 0
687136, 88152, 1, 0, 0
688135, 69701, 1, 0, 0
689136, 76800, 1, 0, 0
690135, 87127, 1, 0, 0
691136, 80896, 1, 0, 0
692136, 82944, 1, 0, 0
693136, 83027, 1, 0, 0
694136, 86016, 1, 0, 0
695136, 85077, 1, 0, 0
696136, 82944, 1, 0, 0
697135, 87127, 1, 0, 0
698136, 81920, 1, 0, 0
699136, 92160, 1, 0, 0
700136, 75851, 1, 0, 0
701136, 84992, 1, 0, 0
702136, 85077, 1, 0, 0
703136, 67584, 1, 0, 0
704136, 44032, 1, 0, 0
705136, 86102, 1, 0, 0
706135, 82002, 1, 0, 0
707136, 73728, 1, 0, 0
708136, 82944, 1, 0, 0
709136, 85077, 1, 0, 0
710136, 86016, 1, 0, 0
711135, 83027, 1, 0, 0
712136, 87040, 1, 0, 0
713136, 81920, 1, 0, 0
714136, 87127, 1, 0, 0
715135, 83027, 1, 0, 0
716136, 84992, 1, 0, 0
717136, 86016, 1, 0, 0
718136, 83027, 1, 0, 0
719136, 87040, 1, 0, 0
720136, 82002, 1, 0, 0
721136, 86016, 1, 0, 0
722136, 79951, 1, 0, 0
723136, 83968, 1, 0, 0
724136, 86102, 1, 0, 0
725136, 82944, 1, 0, 0
726136, 87127, 1, 0, 0
727136, 81920, 1, 0, 0
728136, 86102, 1, 0, 0
729136, 84992, 1, 0, 0
730135, 84052, 1, 0, 0
731136, 86016, 1, 0, 0
732136, 81920, 1, 0, 0
733136, 87127, 1, 0, 0
734136, 82944, 1, 0, 0
735136, 86102, 1, 0, 0
736136, 84992, 1, 0, 0
737136, 83027, 1, 0, 0
738136, 87040, 1, 0, 0
739136, 82002, 1, 0, 0
740136, 87040, 1, 0, 0
741136, 83027, 1, 0, 0
742136, 86016, 1, 0, 0
743135, 85077, 1, 0, 0
744136, 81920, 1, 0, 0
745136, 88064, 1, 0, 0
746136, 82002, 1, 0, 0
747136, 87040, 1, 0, 0
748136, 83027, 1, 0, 0
749140, 85673, 1, 0, 0
750141, 84992, 1, 0, 0
751141, 81920, 1, 0, 0
752140, 84052, 1, 0, 0
753141, 81920, 1, 0, 0
754140, 86102, 1, 0, 0
755141, 84992, 1, 0, 0
756141, 83968, 1, 0, 0
757140, 85077, 1, 0, 0
758141, 82944, 1, 0, 0
759141, 87127, 1, 0, 0
760141, 88152, 1, 0, 0
761141, 86016, 1, 0, 0
762140, 85077, 1, 0, 0
763141, 83968, 1, 0, 0
764140, 86102, 1, 0, 0
765141, 82944, 1, 0, 0
766140, 79951, 1, 0, 0
767141, 77824, 1, 0, 0
768141, 84992, 1, 0, 0
769140, 86102, 1, 0, 0
770141, 81920, 1, 0, 0
771140, 88152, 1, 0, 0
772141, 81920, 1, 0, 0
773140, 86102, 1, 0, 0
774141, 83968, 1, 0, 0
775140, 84052, 1, 0, 0
776141, 87040, 1, 0, 0
777140, 82002, 1, 0, 0
778141, 88064, 1, 0, 0
779141, 80896, 1, 0, 0
780141, 86102, 1, 0, 0
781140, 85077, 1, 0, 0
782141, 78848, 1, 0, 0
783141, 87040, 1, 0, 0
784140, 82002, 1, 0, 0
785140, 87127, 1, 0, 0
786141, 82944, 1, 0, 0
787141, 84992, 1, 0, 0
788141, 86102, 1, 0, 0
789140, 83027, 1, 0, 0
790141, 87040, 1, 0, 0
791140, 82002, 1, 0, 0
792141, 87040, 1, 0, 0
793140, 83027, 1, 0, 0
794141, 23552, 1, 0, 0
795140, 87127, 1, 0, 0
796140, 83968, 1, 0, 0
797141, 83968, 1, 0, 0
798141, 84992, 1, 0, 0
799140, 75851, 1, 0, 0
800141, 87040, 1, 0, 0
801140, 83027, 1, 0, 0
802141, 86016, 1, 0, 0
803141, 84992, 1, 0, 0
804141, 83027, 1, 0, 0
805141, 86016, 1, 0, 0
806140, 83027, 1, 0, 0
807141, 87040, 1, 0, 0
808140, 83027, 1, 0, 0
809141, 84992, 1, 0, 0
810140, 86102, 1, 0, 0
811141, 81920, 1, 0, 0
812141, 82944, 1, 0, 0
813140, 82002, 1, 0, 0
814141, 87040, 1, 0, 0
815141, 84052, 1, 0, 0
816141, 84992, 1, 0, 0
817140, 85077, 1, 0, 0
818141, 81920, 1, 0, 0
819141, 88064, 1, 0, 0
820140, 73801, 1, 0, 0
821141, 86016, 1, 0, 0
822140, 85077, 1, 0, 0
823141, 83968, 1, 0, 0
824140, 87127, 1, 0, 0
825141, 81920, 1, 0, 0
826141, 87040, 1, 0, 0
827140, 82002, 1, 0, 0
828141, 86016, 1, 0, 0
829140, 85077, 1, 0, 0
830141, 82944, 1, 0, 0
831140, 88152, 1, 0, 0
832141, 81920, 1, 0, 0
833141, 86016, 1, 0, 0
834140, 83027, 1, 0, 0
835141, 86016, 1, 0, 0
836140, 85077, 1, 0, 0
837141, 82944, 1, 0, 0
838141, 88064, 1, 0, 0
839140, 80976, 1, 0, 0
840141, 87040, 1, 0, 0
841141, 83968, 1, 0, 0
842140, 78926, 1, 0, 0
843141, 87040, 1, 0, 0
844140, 82002, 1, 0, 0
845140, 87040, 1, 0, 0
846141, 82944, 1, 0, 0
847140, 85077, 1, 0, 0
848141, 84992, 1, 0, 0
849141, 83968, 1, 0, 0
850140, 87127, 1, 0, 0
851141, 80896, 1, 0, 0
852141, 88064, 1, 0, 0
853140, 83027, 1, 0, 0
854141, 84992, 1, 0, 0
855141, 84992, 1, 0, 0
856140, 84052, 1, 0, 0
857140, 85077, 1, 0, 0
858141, 79872, 1, 0, 0
859141, 83968, 1, 0, 0
860140, 80976, 1, 0, 0
861141, 82944, 1, 0, 0
862141, 82944, 1, 0, 0
863140, 82002, 1, 0, 0
864141, 82944, 1, 0, 0
865140, 80976, 1, 0, 0
866141, 83968, 1, 0, 0
867141, 80896, 1, 0, 0
868140, 83027, 1, 0, 0
869141, 82944, 1, 0, 0
870141, 80896, 1, 0, 0
871140, 84052, 1, 0, 0
872141, 75776, 1, 0, 0
873141, 83968, 1, 0, 0
874140, 82002, 1, 0, 0
875141, 82944, 1, 0, 0
876140, 83027, 1, 0, 0
877141, 79872, 1, 0, 0
878140, 84052, 1, 0, 0
879141, 86016, 1, 0, 0
880140, 75851, 1, 0, 0
881141, 81920, 1, 0, 0
882141, 82944, 1, 0, 0
883140, 83027, 1, 0, 0
884141, 46080, 1, 0, 0
885141, 37925, 1, 0, 0
886141, 83968, 1, 0, 0
887141, 80976, 1, 0, 0
888141, 82944, 1, 0, 0
889140, 82002, 1, 0, 0
890141, 82944, 1, 0, 0
891140, 83027, 1, 0, 0
892141, 80896, 1, 0, 0
893141, 83968, 1, 0, 0
894141, 68676, 1, 0, 0
895140, 83027, 1, 0, 0
896141, 81920, 1, 0, 0
897140, 83027, 1, 0, 0
898141, 82944, 1, 0, 0
899141, 80896, 1, 0, 0
900140, 85077, 1, 0, 0
901141, 79872, 1, 0, 0
902141, 78848, 1, 0, 0
903140, 82002, 1, 0, 0
904141, 81920, 1, 0, 0
905140, 84052, 1, 0, 0
906140, 79872, 1, 0, 0
907141, 83968, 1, 0, 0
908140, 80976, 1, 0, 0
909141, 83968, 1, 0, 0
910141, 81920, 1, 0, 0
911140, 82002, 1, 0, 0
912141, 83968, 1, 0, 0
913141, 79951, 1, 0, 0
914141, 83968, 1, 0, 0
915140, 80976, 1, 0, 0
916141, 82944, 1, 0, 0
917141, 82944, 1, 0, 0
918140, 82002, 1, 0, 0
919141, 82944, 1, 0, 0
920140, 79951, 1, 0, 0
921141, 84992, 1, 0, 0
922141, 80896, 1, 0, 0
923140, 83027, 1, 0, 0
924140, 82944, 1, 0, 0
925141, 81920, 1, 0, 0
926141, 82944, 1, 0, 0
927141, 79951, 1, 0, 0
928141, 84992, 1, 0, 0
929140, 80976, 1, 0, 0
930141, 82944, 1, 0, 0
931141, 82944, 1, 0, 0
932140, 35875, 1, 0, 0
933141, 80896, 1, 0, 0
934141, 80896, 1, 0, 0
935140, 83027, 1, 0, 0
936141, 82944, 1, 0, 0
937140, 80976, 1, 0, 0
938141, 84992, 1, 0, 0
939141, 79872, 1, 0, 0
940140, 83027, 1, 0, 0
941141, 87040, 1, 0, 0
942141, 82944, 1, 0, 0
943141, 83027, 1, 0, 0
944141, 80896, 1, 0, 0
945140, 85077, 1, 0, 0
946141, 79872, 1, 0, 0
947141, 83968, 1, 0, 0
948140, 80976, 1, 0, 0
949141, 82944, 1, 0, 0
950140, 83027, 1, 0, 0
951141, 80896, 1, 0, 0
952141, 84992, 1, 0, 0
953140, 78926, 1, 0, 0
954141, 84992, 1, 0, 0
955140, 80976, 1, 0, 0
956141, 82944, 1, 0, 0
957141, 82944, 1, 0, 0
958140, 80976, 1, 0, 0
959141, 83968, 1, 0, 0
960140, 68676, 1, 0, 0
961141, 83968, 1, 0, 0
962141, 81920, 1, 0, 0
963140, 77901, 1, 0, 0
964141, 82944, 1, 0, 0
965141, 80896, 1, 0, 0
966140, 84052, 1, 0, 0
967141, 87040, 1, 0, 0
968141, 82944, 1, 0, 0
969140, 80976, 1, 0, 0
970141, 82944, 1, 0, 0
971141, 82944, 1, 0, 0
972140, 80976, 1, 0, 0
973141, 83968, 1, 0, 0
974140, 80976, 1, 0, 0
975141, 70656, 1, 0, 0
976141, 81920, 1, 0, 0
977140, 82002, 1, 0, 0
978141, 83968, 1, 0, 0
979140, 80976, 1, 0, 0
980141, 83968, 1, 0, 0
981141, 80896, 1, 0, 0
982140, 83027, 1, 0, 0
983142, 81838, 1, 0, 0
984143, 81920, 1, 0, 0
985142, 84052, 1, 0, 0
986142, 80896, 1, 0, 0
987143, 84992, 1, 0, 0
988142, 79951, 1, 0, 0
989142, 82944, 1, 0, 0
990143, 81920, 1, 0, 0
991142, 82002, 1, 0, 0
992143, 83968, 1, 0, 0
993143, 75776, 1, 0, 0
994142, 85077, 1, 0, 0
995143, 79872, 1, 0, 0
996142, 83027, 1, 0, 0
997143, 82944, 1, 0, 0
998143, 81920, 1, 0, 0
999142, 83027, 1, 0, 0
1000143, 80896, 1, 0, 0
1001142, 90202, 1, 0, 0
1002142, 68608, 1, 0, 0
1003143, 82944, 1, 0, 0
1004142, 83027, 1, 0, 0
1005143, 80896, 1, 0, 0
1006142, 84052, 1, 0, 0
1007143, 80896, 1, 0, 0
1008143, 84052, 1, 0, 0
1009143, 80896, 1, 0, 0
1010142, 83027, 1, 0, 0
1011143, 82944, 1, 0, 0
1012143, 80896, 1, 0, 0
1013142, 84052, 1, 0, 0
1014143, 80896, 1, 0, 0
1015142, 83027, 1, 0, 0
1016143, 81920, 1, 0, 0
1017142, 83027, 1, 0, 0
1018143, 82944, 1, 0, 0
1019143, 80896, 1, 0, 0
1020143, 84052, 1, 0, 0
1021143, 79872, 1, 0, 0
1022142, 84052, 1, 0, 0
1023143, 76800, 1, 0, 0
1024142, 83027, 1, 0, 0
1025142, 82944, 1, 0, 0
1026142, 80896, 1, 0, 0
1027143, 84992, 1, 0, 0
1028143, 79951, 1, 0, 0
1029143, 83968, 1, 0, 0
1030143, 80976, 1, 0, 0
1031143, 82944, 1, 0, 0
1032142, 83027, 1, 0, 0
1033143, 80896, 1, 0, 0
1034142, 84052, 1, 0, 0
1035143, 79872, 1, 0, 0
1036142, 85077, 1, 0, 0
1037143, 80896, 1, 0, 0
1038143, 82944, 1, 0, 0
1039142, 83027, 1, 0, 0
1040143, 80896, 1, 0, 0
1041142, 84052, 1, 0, 0
1042143, 79872, 1, 0, 0
1043142, 84052, 1, 0, 0
1044143, 81920, 1, 0, 0
1045143, 82944, 1, 0, 0
1046142, 83027, 1, 0, 0
1047143, 79872, 1, 0, 0
1048143, 84992, 1, 0, 0
1049143, 79951, 1, 0, 0
1050143, 83968, 1, 0, 0
1051142, 82002, 1, 0, 0
1052143, 82944, 1, 0, 0
1053143, 77824, 1, 0, 0
1054142, 80976, 1, 0, 0
1055143, 83968, 1, 0, 0
1056142, 80976, 1, 0, 0
1057143, 83968, 1, 0, 0
1058142, 80976, 1, 0, 0
1059143, 88064, 1, 0, 0
1060142, 83027, 1, 0, 0
1061143, 59392, 1, 0, 0
1062142, 85077, 1, 0, 0
1063143, 80896, 1, 0, 0
1064143, 82944, 1, 0, 0
1065142, 83027, 1, 0, 0
1066143, 81920, 1, 0, 0
1067143, 82944, 1, 0, 0
1068142, 79951, 1, 0, 0
1069143, 84992, 1, 0, 0
1070142, 80976, 1, 0, 0
1071142, 82944, 1, 0, 0
1072143, 82944, 1, 0, 0
1073142, 80976, 1, 0, 0
1074143, 82944, 1, 0, 0
1075142, 80976, 1, 0, 0
1076143, 84992, 1, 0, 0
1077142, 80976, 1, 0, 0
1078143, 82944, 1, 0, 0
1079142, 83027, 1, 0, 0
1080143, 79872, 1, 0, 0
1081142, 84052, 1, 0, 0
1082142, 80896, 1, 0, 0
1083143, 79872, 1, 0, 0
1084142, 80976, 1, 0, 0
1085143, 82944, 1, 0, 0
1086143, 82944, 1, 0, 0
1087142, 80976, 1, 0, 0
1088144, 83884, 1, 0, 0
1089145, 80896, 1, 0, 0
1090145, 83968, 1, 0, 0
1091145, 80976, 1, 0, 0
1092145, 83968, 1, 0, 0
1093145, 80896, 1, 0, 0
1094145, 82002, 1, 0, 0
1095145, 83968, 1, 0, 0
1096144, 80976, 1, 0, 0
1097145, 83968, 1, 0, 0
1098145, 80896, 1, 0, 0
1099145, 83027, 1, 0, 0
1100145, 81920, 1, 0, 0
1101145, 82002, 1, 0, 0
1102145, 83968, 1, 0, 0
1103144, 80976, 1, 0, 0
1104145, 83968, 1, 0, 0
1105145, 80896, 1, 0, 0
1106145, 82002, 1, 0, 0
1107145, 82944, 1, 0, 0
1108144, 82002, 1, 0, 0
1109145, 83968, 1, 0, 0
1110145, 80896, 1, 0, 0
1111144, 84052, 1, 0, 0
1112145, 79872, 1, 0, 0
1113145, 78848, 1, 0, 0
1114145, 82944, 1, 0, 0
1115144, 74826, 1, 0, 0
1116145, 83968, 1, 0, 0
1117145, 80896, 1, 0, 0
1118144, 84052, 1, 0, 0
1119145, 79872, 1, 0, 0
1120145, 74752, 1, 0, 0
1121145, 86102, 1, 0, 0
1122145, 77824, 1, 0, 0
1123144, 82002, 1, 0, 0
1124145, 77824, 1, 0, 0
1125145, 81920, 1, 0, 0
1126145, 78926, 1, 0, 0
1127145, 80896, 1, 0, 0
1128144, 67651, 1, 0, 0
1129145, 76800, 1, 0, 0
1130145, 81920, 1, 0, 0
1131145, 78926, 1, 0, 0
1132145, 80896, 1, 0, 0
1133144, 79951, 1, 0, 0
1134145, 77824, 1, 0, 0
1135145, 80896, 1, 0, 0
1136145, 77901, 1, 0, 0
1137144, 83027, 1, 0, 0
1138145, 77824, 1, 0, 0
1139145, 80976, 1, 0, 0
1140145, 79872, 1, 0, 0
1141144, 78926, 1, 0, 0
1142145, 80896, 1, 0, 0
1143145, 73728, 1, 0, 0
1144144, 82002, 1, 0, 0
1145145, 78848, 1, 0, 0
1146145, 80896, 1, 0, 0
1147144, 78926, 1, 0, 0
1148145, 78848, 1, 0, 0
1149145, 81920, 1, 0, 0
1150145, 77901, 1, 0, 0
1151144, 82002, 1, 0, 0
1152145, 78848, 1, 0, 0
1153145, 79872, 1, 0, 0
1154145, 79951, 1, 0, 0
1155144, 78926, 1, 0, 0
1156145, 80896, 1, 0, 0
1157144, 77901, 1, 0, 0
1158145, 82944, 1, 0, 0
1159145, 77824, 1, 0, 0
1160144, 80976, 1, 0, 0
1161145, 78848, 1, 0, 0
1162145, 79872, 1, 0, 0
1163145, 80976, 1, 0, 0
1164145, 77824, 1, 0, 0
1165145, 82002, 1, 0, 0
1166145, 77824, 1, 0, 0
1167145, 80976, 1, 0, 0
1168145, 79872, 1, 0, 0
1169145, 78926, 1, 0, 0
1170145, 81920, 1, 0, 0
1171145, 77824, 1, 0, 0
1172145, 82002, 1, 0, 0
1173145, 73728, 1, 0, 0
1174144, 79951, 1, 0, 0
1175145, 79872, 1, 0, 0
1176144, 79951, 1, 0, 0
1177145, 80896, 1, 0, 0
1178145, 77824, 1, 0, 0
1179145, 83027, 1, 0, 0
1180145, 76800, 1, 0, 0
1181144, 86102, 1, 0, 0
1182145, 51200, 1, 0, 0
1183145, 64512, 1, 0, 0
1184144, 82002, 1, 0, 0
1185145, 78848, 1, 0, 0
1186144, 79951, 1, 0, 0
1187145, 80896, 1, 0, 0
1188145, 78848, 1, 0, 0
1189146, 80896, 1, 0, 0
1190146, 77824, 1, 0, 0
1191147, 81920, 1, 0, 0
1192146, 78926, 1, 0, 0
1193147, 79872, 1, 0, 0
1194146, 80976, 1, 0, 0
1195147, 77746, 1, 0, 0
1196148, 81920, 1, 0, 0
1197148, 77824, 1, 0, 0
1198147, 82002, 1, 0, 0
1199148, 78848, 1, 0, 0
1200148, 79872, 1, 0, 0
1201148, 79951, 1, 0, 0
1202148, 77824, 1, 0, 0
1203147, 77901, 1, 0, 0
1204148, 77824, 1, 0, 0
1205147, 80976, 1, 0, 0
1206148, 73728, 1, 0, 0
1207148, 55296, 1, 0, 0
1208147, 83027, 1, 0, 0
1209148, 76800, 1, 0, 0
1210148, 81920, 1, 0, 0
1211147, 78926, 1, 0, 0
1212148, 79872, 1, 0, 0
1213147, 80976, 1, 0, 0
1214148, 56320, 1, 0, 0
1215148, 7168, 1, 0, 0
1216147, 82002, 1, 0, 0
1217148, 77824, 1, 0, 0
1218148, 34816, 1, 0, 0
1219147, 83027, 1, 0, 0
1220148, 77824, 1, 0, 0
1221147, 80976, 1, 0, 0
1222147, 79872, 1, 0, 0
1223148, 78848, 1, 0, 0
1224147, 79951, 1, 0, 0
1225148, 77824, 1, 0, 0
1226147, 83027, 1, 0, 0
1227148, 77824, 1, 0, 0
1228148, 80896, 1, 0, 0
1229148, 79872, 1, 0, 0
1230147, 79951, 1, 0, 0
1231148, 79872, 1, 0, 0
1232147, 77901, 1, 0, 0
1233148, 78848, 1, 0, 0
1234148, 77824, 1, 0, 0
1235147, 80976, 1, 0, 0
1236148, 79872, 1, 0, 0
1237147, 77901, 1, 0, 0
1238148, 81920, 1, 0, 0
1239148, 82944, 1, 0, 0
1240147, 83027, 1, 0, 0
1241148, 74752, 1, 0, 0
1242148, 80896, 1, 0, 0
1243147, 79951, 1, 0, 0
1244148, 79872, 1, 0, 0
1245148, 80896, 1, 0, 0
1246148, 77901, 1, 0, 0
1247148, 82944, 1, 0, 0
1248148, 75851, 1, 0, 0
1249148, 80896, 1, 0, 0
1250147, 79951, 1, 0, 0
1251148, 78848, 1, 0, 0
1252148, 81920, 1, 0, 0
1253148, 77901, 1, 0, 0
1254148, 68608, 1, 0, 0
1255147, 78926, 1, 0, 0
1256148, 79872, 1, 0, 0
1257148, 80896, 1, 0, 0
1258147, 78926, 1, 0, 0
1259148, 81920, 1, 0, 0
1260148, 77824, 1, 0, 0
1261147, 80976, 1, 0, 0
1262148, 78848, 1, 0, 0
1263148, 75776, 1, 0, 0
1264148, 79951, 1, 0, 0
1265148, 78848, 1, 0, 0
1266148, 82002, 1, 0, 0
1267148, 77824, 1, 0, 0
1268147, 80976, 1, 0, 0
1269148, 78848, 1, 0, 0
1270148, 79872, 1, 0, 0
1271148, 79951, 1, 0, 0
1272148, 78848, 1, 0, 0
1273147, 82002, 1, 0, 0
1274148, 77824, 1, 0, 0
1275147, 82002, 1, 0, 0
1276148, 78848, 1, 0, 0
1277147, 79951, 1, 0, 0
1278148, 80896, 1, 0, 0
1279148, 77824, 1, 0, 0
1280147, 82002, 1, 0, 0
1281148, 77824, 1, 0, 0
1282148, 81920, 1, 0, 0
1283148, 77901, 1, 0, 0
1284148, 80896, 1, 0, 0
1285147, 79951, 1, 0, 0
1286148, 78848, 1, 0, 0
1287148, 80896, 1, 0, 0
1288147, 77901, 1, 0, 0
1289148, 81920, 1, 0, 0
1290148, 78848, 1, 0, 0
1291148, 79951, 1, 0, 0
1292148, 80896, 1, 0, 0
1293147, 73801, 1, 0, 0
1294148, 81920, 1, 0, 0
1295147, 77901, 1, 0, 0
1296148, 81920, 1, 0, 0
1297148, 78848, 1, 0, 0
1298148, 79951, 1, 0, 0
1299148, 80896, 1, 0, 0
1300147, 76876, 1, 0, 0
1301148, 88064, 1, 0, 0
1302148, 77824, 1, 0, 0
1303148, 82002, 1, 0, 0
1304148, 77824, 1, 0, 0
1305147, 80976, 1, 0, 0
1306148, 79872, 1, 0, 0
1307148, 78926, 1, 0, 0
1308148, 69632, 1, 0, 0
1309147, 76876, 1, 0, 0
1310148, 81920, 1, 0, 0
1311147, 78926, 1, 0, 0
1312148, 79872, 1, 0, 0
1313148, 80896, 1, 0, 0
1314148, 77901, 1, 0, 0
1315148, 82944, 1, 0, 0
1316147, 76876, 1, 0, 0
1317148, 81920, 1, 0, 0
1318147, 78926, 1, 0, 0
1319148, 79872, 1, 0, 0
1320147, 80976, 1, 0, 0
1321148, 76800, 1, 0, 0
1322148, 82944, 1, 0, 0
1323147, 73801, 1, 0, 0
1324148, 80896, 1, 0, 0
1325147, 79951, 1, 0, 0
1326148, 78848, 1, 0, 0
1327148, 80896, 1, 0, 0
1328147, 77901, 1, 0, 0
1329148, 81920, 1, 0, 0
1330148, 77824, 1, 0, 0
1331147, 80976, 1, 0, 0
1332148, 79872, 1, 0, 0
1333148, 79872, 1, 0, 0
1334147, 79951, 1, 0, 0
1335148, 77824, 1, 0, 0
1336147, 83027, 1, 0, 0
1337148, 77824, 1, 0, 0
1338147, 80976, 1, 0, 0
1339148, 79872, 1, 0, 0
1340147, 79951, 1, 0, 0
1341148, 79872, 1, 0, 0
1342148, 77824, 1, 0, 0
1343148, 83027, 1, 0, 0
1344148, 77824, 1, 0, 0
1345148, 80976, 1, 0, 0
1346148, 79872, 1, 0, 0
1347147, 78926, 1, 0, 0
1348148, 80896, 1, 0, 0
1349148, 77824, 1, 0, 0
1350147, 83027, 1, 0, 0
1351148, 77824, 1, 0, 0
1352148, 80896, 1, 0, 0
1353147, 74826, 1, 0, 0
1354148, 78848, 1, 0, 0
1355148, 80896, 1, 0, 0
1356148, 77901, 1, 0, 0
1357147, 83027, 1, 0, 0
1358148, 77824, 1, 0, 0
1359148, 80896, 1, 0, 0
1360147, 79951, 1, 0, 0
1361148, 80896, 1, 0, 0
1362147, 77901, 1, 0, 0
1363148, 74752, 1, 0, 0
1364148, 80896, 1, 0, 0
1365148, 74826, 1, 0, 0
1366148, 78848, 1, 0, 0
1367147, 75851, 1, 0, 0
1368148, 76800, 1, 0, 0
1369148, 78848, 1, 0, 0
1370147, 74826, 1, 0, 0
1371148, 79872, 1, 0, 0
1372148, 74752, 1, 0, 0
1373147, 78926, 1, 0, 0
1374148, 76800, 1, 0, 0
1375149, 76800, 1, 0, 0
1376149, 77824, 1, 0, 0
1377149, 73801, 1, 0, 0
1378150, 80815, 1, 0, 0
1379150, 74826, 1, 0, 0
1380150, 78848, 1, 0, 0
1381150, 76800, 1, 0, 0
1382150, 75851, 1, 0, 0
1383150, 74752, 1, 0, 0
1384150, 73801, 1, 0, 0
1385150, 79872, 1, 0, 0
1386150, 74752, 1, 0, 0
1387150, 78926, 1, 0, 0
1388150, 75776, 1, 0, 0
1389151, 76800, 1, 0, 0
1390151, 78848, 1, 0, 0
1391151, 74826, 1, 0, 0
1392151, 80896, 1, 0, 0
1393151, 74826, 1, 0, 0
1394151, 78848, 1, 0, 0
1395152, 75776, 1, 0, 0
1396151, 76876, 1, 0, 0
1397151, 78848, 1, 0, 0
1398151, 74826, 1, 0, 0
1399151, 79872, 1, 0, 0
1400151, 74826, 1, 0, 0
1401151, 78848, 1, 0, 0
1402151, 75776, 1, 0, 0
1403151, 76876, 1, 0, 0
1404151, 78848, 1, 0, 0
1405151, 74752, 1, 0, 0
1406151, 80976, 1, 0, 0
1407151, 74752, 1, 0, 0
1408151, 78848, 1, 0, 0
1409151, 74826, 1, 0, 0
1410151, 77824, 1, 0, 0
1411151, 77901, 1, 0, 0
1412151, 74752, 1, 0, 0
1413151, 76800, 1, 0, 0
1414151, 74826, 1, 0, 0
1415151, 78848, 1, 0, 0
1416151, 63551, 1, 0, 0
1417151, 75776, 1, 0, 0
1418151, 79951, 1, 0, 0
1419151, 80896, 1, 0, 0
1420151, 79872, 1, 0, 0
1421152, 67584, 1, 0, 0
1422151, 76876, 1, 0, 0
1423151, 77824, 1, 0, 0
1424152, 75776, 1, 0, 0
1425151, 78926, 1, 0, 0
1426151, 74752, 1, 0, 0
1427151, 79951, 1, 0, 0
1428151, 75776, 1, 0, 0
1429151, 77901, 1, 0, 0
1430151, 64512, 1, 0, 0
1431151, 74752, 1, 0, 0
1432151, 80976, 1, 0, 0
1433151, 74752, 1, 0, 0
1434152, 77824, 1, 0, 0
1435151, 76876, 1, 0, 0
1436151, 76800, 1, 0, 0
1437151, 77901, 1, 0, 0
1438151, 74752, 1, 0, 0
1439151, 80896, 1, 0, 0
1440151, 73801, 1, 0, 0
1441151, 78848, 1, 0, 0
1442151, 76800, 1, 0, 0
1443151, 71751, 1, 0, 0
1444151, 79872, 1, 0, 0
1445151, 74752, 1, 0, 0
1446151, 79951, 1, 0, 0
1447151, 74752, 1, 0, 0
1448151, 78926, 1, 0, 0
1449151, 76800, 1, 0, 0
1450151, 75776, 1, 0, 0
1451151, 78926, 1, 0, 0
1452151, 74752, 1, 0, 0
1453151, 79872, 1, 0, 0
1454151, 75851, 1, 0, 0
1455151, 77824, 1, 0, 0
1456151, 77824, 1, 0, 0
1457151, 74826, 1, 0, 0
1458151, 78848, 1, 0, 0
1459151, 74752, 1, 0, 0
1460151, 80976, 1, 0, 0
1461151, 74752, 1, 0, 0
1462151, 78848, 1, 0, 0
1463151, 76876, 1, 0, 0
1464151, 75776, 1, 0, 0
1465151, 78926, 1, 0, 0
1466151, 73728, 1, 0, 0
1467151, 80896, 1, 0, 0
1468151, 74826, 1, 0, 0
1469151, 78848, 1, 0, 0
1470152, 76800, 1, 0, 0
1471151, 75851, 1, 0, 0
1472151, 78848, 1, 0, 0
1473151, 70726, 1, 0, 0
1474151, 79872, 1, 0, 0
1475151, 75776, 1, 0, 0
1476151, 77901, 1, 0, 0
1477151, 76800, 1, 0, 0
1478151, 75851, 1, 0, 0
1479151, 78848, 1, 0, 0
1480151, 74826, 1, 0, 0
1481151, 86016, 1, 0, 0
1482151, 74826, 1, 0, 0
1483151, 78848, 1, 0, 0
1484152, 75776, 1, 0, 0
1485151, 76876, 1, 0, 0
1486151, 78848, 1, 0, 0
1487151, 74826, 1, 0, 0
1488151, 79872, 1, 0, 0
1489152, 74752, 1, 0, 0
1490151, 78926, 1, 0, 0
1491151, 75776, 1, 0, 0
1492151, 77901, 1, 0, 0
1493151, 77824, 1, 0, 0
1494151, 74752, 1, 0, 0
1495151, 67651, 1, 0, 0
1496151, 75776, 1, 0, 0
1497151, 77901, 1, 0, 0
1498151, 77824, 1, 0, 0
1499151, 75776, 1, 0, 0
1500151, 78926, 1, 0, 0
1501151, 74752, 1, 0, 0
1502151, 79872, 1, 0, 0
1503151, 71751, 1, 0, 0
1504151, 76800, 1, 0, 0
1505152, 77824, 1, 0, 0
1506151, 75851, 1, 0, 0
1507151, 79872, 1, 0, 0
1508151, 74826, 1, 0, 0
1509151, 78848, 1, 0, 0
1510151, 75851, 1, 0, 0
1511151, 77824, 1, 0, 0
1512151, 77824, 1, 0, 0
1513151, 74826, 1, 0, 0
1514151, 79872, 1, 0, 0
1515151, 74752, 1, 0, 0
1516151, 78926, 1, 0, 0
1517151, 75776, 1, 0, 0
1518151, 77901, 1, 0, 0
1519151, 77824, 1, 0, 0
1520151, 75851, 1, 0, 0
1521151, 79872, 1, 0, 0
1522151, 73801, 1, 0, 0
1523151, 78848, 1, 0, 0
1524151, 75851, 1, 0, 0
1525151, 77824, 1, 0, 0
1526151, 77901, 1, 0, 0
1527151, 75776, 1, 0, 0
1528151, 79872, 1, 0, 0
1529151, 73801, 1, 0, 0
1530151, 79872, 1, 0, 0
1531151, 75776, 1, 0, 0
1532151, 77901, 1, 0, 0
1533151, 77824, 1, 0, 0
1534151, 70656, 1, 0, 0
1535151, 79951, 1, 0, 0
1536151, 73728, 1, 0, 0
1537152, 79872, 1, 0, 0
1538151, 75851, 1, 0, 0
1539151, 77824, 1, 0, 0
1540151, 77901, 1, 0, 0
1541151, 80896, 1, 0, 0
1542151, 79872, 1, 0, 0
1543151, 73801, 1, 0, 0
1544151, 79872, 1, 0, 0
1545151, 75851, 1, 0, 0
1546151, 77824, 1, 0, 0
1547151, 77824, 1, 0, 0
1548152, 62464, 1, 0, 0
1549151, 80976, 1, 0, 0
1550151, 74752, 1, 0, 0
1551151, 78926, 1, 0, 0
1552151, 75776, 1, 0, 0
1553151, 77824, 1, 0, 0
1554151, 77901, 1, 0, 0
1555151, 74752, 1, 0, 0
1556151, 79872, 1, 0, 0
1557152, 74752, 1, 0, 0
1558151, 78926, 1, 0, 0
1559151, 76800, 1, 0, 0
1560151, 76876, 1, 0, 0
1561151, 77824, 1, 0, 0
1562151, 74752, 1, 0, 0
1563151, 79951, 1, 0, 0
1564151, 70656, 1, 0, 0
1565151, 78848, 1, 0, 0
1566151, 76876, 1, 0, 0
1567151, 76800, 1, 0, 0
1568151, 82944, 1, 0, 0
1569151, 62526, 1, 0, 0
1570152, 79872, 1, 0, 0
1571151, 74826, 1, 0, 0
1572151, 78848, 1, 0, 0
1573151, 76876, 1, 0, 0
1574151, 76800, 1, 0, 0
1575152, 78848, 1, 0, 0
1576151, 73801, 1, 0, 0
1577152, 80896, 1, 0, 0
1578151, 74826, 1, 0, 0
1579151, 77824, 1, 0, 0
1580151, 77901, 1, 0, 0
1581151, 74752, 1, 0, 0
1582151, 76800, 1, 0, 0
1583151, 71751, 1, 0, 0
1584151, 78848, 1, 0, 0
1585151, 73728, 1, 0, 0
1586151, 76876, 1, 0, 0
1587151, 74752, 1, 0, 0
1588151, 74826, 1, 0, 0
1589151, 77824, 1, 0, 0
1590152, 71680, 1, 0, 0
1591151, 78926, 1, 0, 0
1592151, 72704, 1, 0, 0
1593151, 76876, 1, 0, 0
1594151, 71680, 1, 0, 0
1595151, 74826, 1, 0, 0
1596151, 76800, 1, 0, 0
1597151, 72776, 1, 0, 0
1598151, 77824, 1, 0, 0
1599151, 80976, 1, 0, 0
1600151, 76800, 1, 0, 0
1601152, 70656, 1, 0, 0
1602151, 71751, 1, 0, 0
1603151, 76800, 1, 0, 0
1604151, 73801, 1, 0, 0
1605151, 77824, 1, 0, 0
1606151, 73728, 1, 0, 0
1607151, 76876, 1, 0, 0
1608151, 74752, 1, 0, 0
1609151, 73801, 1, 0, 0
1610151, 77824, 1, 0, 0
1611151, 72704, 1, 0, 0
1612151, 78926, 1, 0, 0
1613151, 73728, 1, 0, 0
1614151, 75776, 1, 0, 0
1615151, 75851, 1, 0, 0
1616151, 60476, 1, 0, 0
1617151, 78848, 1, 0, 0
1618151, 72776, 1, 0, 0
1619151, 77824, 1, 0, 0
1620151, 74752, 1, 0, 0
1621152, 75776, 1, 0, 0
1622151, 75851, 1, 0, 0
1623151, 72776, 1, 0, 0
1624151, 73728, 1, 0, 0
1625151, 73728, 1, 0, 0
1626151, 76876, 1, 0, 0
1627151, 74752, 1, 0, 0
1628152, 75776, 1, 0, 0
1629151, 76876, 1, 0, 0
1630151, 72704, 1, 0, 0
1631151, 77901, 1, 0, 0
1632151, 73728, 1, 0, 0
1633151, 76800, 1, 0, 0
1634151, 74826, 1, 0, 0
1635151, 75776, 1, 0, 0
1636152, 75776, 1, 0, 0
1637151, 72776, 1, 0, 0
1638151, 78848, 1, 0, 0
1639152, 72704, 1, 0, 0
1640151, 77901, 1, 0, 0
1641151, 74752, 1, 0, 0
1642152, 75776, 1, 0, 0
1643151, 75851, 1, 0, 0
1644151, 72776, 1, 0, 0
1645151, 78848, 1, 0, 0
1646152, 72704, 1, 0, 0
1647151, 77901, 1, 0, 0
1648151, 73728, 1, 0, 0
1649151, 75851, 1, 0, 0
1650151, 76800, 1, 0, 0
1651152, 72704, 1, 0, 0
1652151, 77901, 1, 0, 0
1653151, 73728, 1, 0, 0
1654151, 72776, 1, 0, 0
1655151, 74752, 1, 0, 0
1656152, 75776, 1, 0, 0
1657151, 76876, 1, 0, 0
1658151, 71751, 1, 0, 0
1659151, 78848, 1, 0, 0
1660152, 72704, 1, 0, 0
1661151, 77901, 1, 0, 0
1662151, 79872, 1, 0, 0
1663151, 62464, 1, 0, 0
1664151, 76876, 1, 0, 0
1665151, 72704, 1, 0, 0
1666151, 78926, 1, 0, 0
1667152, 73728, 1, 0, 0
1668151, 76876, 1, 0, 0
1669151, 74752, 1, 0, 0
1670151, 73801, 1, 0, 0
1671151, 77824, 1, 0, 0
1672151, 72704, 1, 0, 0
1673151, 78926, 1, 0, 0
1674152, 72704, 1, 0, 0
1675151, 76876, 1, 0, 0
1676152, 75776, 1, 0, 0
1677151, 73801, 1, 0, 0
1678151, 77824, 1, 0, 0
1679151, 72776, 1, 0, 0
1680151, 78848, 1, 0, 0
1681151, 72704, 1, 0, 0
1682153, 76723, 1, 0, 0
1683153, 74752, 1, 0, 0
1684153, 71680, 1, 0, 0
1685153, 76876, 1, 0, 0
1686153, 73728, 1, 0, 0
1687152, 77901, 1, 0, 0
1688153, 73728, 1, 0, 0
1689153, 76800, 1, 0, 0
1690153, 74826, 1, 0, 0
1691153, 73728, 1, 0, 0
1692153, 77824, 1, 0, 0
1693153, 72776, 1, 0, 0
1694153, 78848, 1, 0, 0
1695152, 73801, 1, 0, 0
1696153, 75776, 1, 0, 0
1697153, 75776, 1, 0, 0
1698153, 73801, 1, 0, 0
1699153, 77824, 1, 0, 0
1700153, 72704, 1, 0, 0
1701153, 78926, 1, 0, 0
1702153, 72704, 1, 0, 0
1703152, 76876, 1, 0, 0
1704153, 75776, 1, 0, 0
1705153, 73728, 1, 0, 0
1706153, 76876, 1, 0, 0
1707153, 72704, 1, 0, 0
1708153, 78848, 1, 0, 0
1709153, 73801, 1, 0, 0
1710153, 76800, 1, 0, 0
1711153, 74752, 1, 0, 0
1712153, 74826, 1, 0, 0
1713153, 76800, 1, 0, 0
1714152, 68676, 1, 0, 0
1715153, 78848, 1, 0, 0
1716153, 73801, 1, 0, 0
1717153, 75776, 1, 0, 0
1718153, 75776, 1, 0, 0
1719153, 73801, 1, 0, 0
1720153, 77824, 1, 0, 0
1721153, 72776, 1, 0, 0
1722153, 72704, 1, 0, 0
1723152, 73801, 1, 0, 0
1724153, 75776, 1, 0, 0
1725153, 75776, 1, 0, 0
1726153, 74826, 1, 0, 0
1727153, 77824, 1, 0, 0
1728153, 72704, 1, 0, 0
1729153, 76876, 1, 0, 0
1730153, 74752, 1, 0, 0
1731152, 75851, 1, 0, 0
1732153, 75776, 1, 0, 0
1733153, 73728, 1, 0, 0
1734153, 77901, 1, 0, 0
1735153, 73728, 1, 0, 0
1736153, 76800, 1, 0, 0
1737153, 73801, 1, 0, 0
1738153, 76800, 1, 0, 0
1739153, 75851, 1, 0, 0
1740153, 73728, 1, 0, 0
1741153, 77824, 1, 0, 0
1742153, 72776, 1, 0, 0
1743153, 77824, 1, 0, 0
1744153, 69632, 1, 0, 0
1745153, 75851, 1, 0, 0
1746153, 75776, 1, 0, 0
1747153, 74826, 1, 0, 0
1748153, 77824, 1, 0, 0
1749153, 72704, 1, 0, 0
1750152, 76876, 1, 0, 0
1751153, 74752, 1, 0, 0
1752152, 75851, 1, 0, 0
1753153, 75776, 1, 0, 0
1754153, 74752, 1, 0, 0
1755153, 76876, 1, 0, 0
1756153, 73728, 1, 0, 0
1757153, 76800, 1, 0, 0
1758153, 73801, 1, 0, 0
1759153, 75776, 1, 0, 0
1760153, 76800, 1, 0, 0
1761153, 73801, 1, 0, 0
1762153, 77824, 1, 0, 0
1763153, 72704, 1, 0, 0
1764153, 77901, 1, 0, 0
1765153, 73728, 1, 0, 0
1766153, 75851, 1, 0, 0
1767153, 73728, 1, 0, 0
1768152, 72776, 1, 0, 0
1769153, 75776, 1, 0, 0
1770153, 71680, 1, 0, 0
1771153, 74826, 1, 0, 0
1772153, 72704, 1, 0, 0
1773153, 73728, 1, 0, 0
1774153, 70726, 1, 0, 0
1775153, 70656, 1, 0, 0
1776153, 76800, 1, 0, 0
1777153, 71751, 1, 0, 0
1778153, 73728, 1, 0, 0
1779153, 66626, 1, 0, 0
1780153, 72704, 1, 0, 0
1781153, 75776, 1, 0, 0
1782153, 77901, 1, 0, 0
1783153, 66560, 1, 0, 0
1784153, 68608, 1, 0, 0
1785153, 72776, 1, 0, 0
1786153, 75776, 1, 0, 0
1787152, 70726, 1, 0, 0
1788153, 75776, 1, 0, 0
1789153, 72704, 1, 0, 0
1790153, 73801, 1, 0, 0
1791153, 73728, 1, 0, 0
1792153, 71751, 1, 0, 0
1793153, 76800, 1, 0, 0
1794153, 71680, 1, 0, 0
1795153, 74826, 1, 0, 0
1796153, 72704, 1, 0, 0
1797153, 73801, 1, 0, 0
1798153, 73728, 1, 0, 0
1799153, 71680, 1, 0, 0
1800153, 76876, 1, 0, 0
1801153, 71680, 1, 0, 0
1802152, 73801, 1, 0, 0
1803153, 74752, 1, 0, 0
1804153, 66560, 1, 0, 0
1805152, 75851, 1, 0, 0
1806153, 71680, 1, 0, 0
1807153, 74752, 1, 0, 0
1808153, 72776, 1, 0, 0
1809153, 73728, 1, 0, 0
1810153, 74752, 1, 0, 0
1811153, 71751, 1, 0, 0
1812153, 75776, 1, 0, 0
1813153, 71680, 1, 0, 0
1814153, 74826, 1, 0, 0
1815153, 73728, 1, 0, 0
1816153, 72776, 1, 0, 0
1817153, 75776, 1, 0, 0
1818152, 70726, 1, 0, 0
1819153, 75776, 1, 0, 0
1820153, 71680, 1, 0, 0
1821153, 73801, 1, 0, 0
1822153, 74752, 1, 0, 0
1823152, 71751, 1, 0, 0
1824153, 76800, 1, 0, 0
1825153, 71680, 1, 0, 0
1826152, 73801, 1, 0, 0
1827153, 73728, 1, 0, 0
1828153, 72704, 1, 0, 0
1829153, 75851, 1, 0, 0
1830153, 70656, 1, 0, 0
1831152, 76876, 1, 0, 0
1832153, 71680, 1, 0, 0
1833153, 73728, 1, 0, 0
1834153, 70726, 1, 0, 0
1835153, 71680, 1, 0, 0
1836153, 76800, 1, 0, 0
1837153, 70726, 1, 0, 0
1838153, 75776, 1, 0, 0
1839153, 72704, 1, 0, 0
1840153, 73801, 1, 0, 0
1841153, 73728, 1, 0, 0
1842152, 75851, 1, 0, 0
1843153, 75776, 1, 0, 0
1844153, 71680, 1, 0, 0
1845153, 74826, 1, 0, 0
1846153, 73728, 1, 0, 0
1847152, 71751, 1, 0, 0
1848153, 75776, 1, 0, 0
1849153, 71680, 1, 0, 0
1850153, 75851, 1, 0, 0
1851153, 59392, 1, 0, 0
1852153, 73728, 1, 0, 0
1853153, 74826, 1, 0, 0
1854153, 71680, 1, 0, 0
1855153, 76800, 1, 0, 0
1856153, 71751, 1, 0, 0
1857153, 73728, 1, 0, 0
1858152, 73801, 1, 0, 0
1859153, 71680, 1, 0, 0
1860153, 76800, 1, 0, 0
1861153, 70726, 1, 0, 0
1862153, 75776, 1, 0, 0
1863153, 72704, 1, 0, 0
1864153, 68676, 1, 0, 0
1865153, 74752, 1, 0, 0
1866153, 70656, 1, 0, 0
1867153, 76876, 1, 0, 0
1868153, 70656, 1, 0, 0
1869153, 74826, 1, 0, 0
1870153, 73728, 1, 0, 0
1871152, 72776, 1, 0, 0
1872153, 74752, 1, 0, 0
1873153, 71680, 1, 0, 0
1874153, 75776, 1, 0, 0
1875153, 71751, 1, 0, 0
1876153, 74752, 1, 0, 0
1877156, 74602, 1, 0, 0
1878156, 71680, 1, 0, 0
1879156, 75851, 1, 0, 0
1880156, 70656, 1, 0, 0
1881156, 75776, 1, 0, 0
1882156, 72776, 1, 0, 0
1883156, 72776, 1, 0, 0
1884156, 75776, 1, 0, 0
1885156, 70656, 1, 0, 0
1886157, 75776, 1, 0, 0
1887156, 71751, 1, 0, 0
1888156, 74826, 1, 0, 0
1889156, 73728, 1, 0, 0
1890156, 72704, 1, 0, 0
1891156, 75851, 1, 0, 0
1892156, 71680, 1, 0, 0
1893157, 75776, 1, 0, 0
1894156, 66626, 1, 0, 0
1895156, 73728, 1, 0, 0
1896156, 74826, 1, 0, 0
1897156, 71680, 1, 0, 0
1898157, 75776, 1, 0, 0
1899156, 71751, 1, 0, 0
1900156, 74752, 1, 0, 0
1901156, 73801, 1, 0, 0
1902156, 65536, 1, 0, 0
1903156, 75851, 1, 0, 0
1904156, 71680, 1, 0, 0
1905157, 74752, 1, 0, 0
1906156, 73801, 1, 0, 0
1907157, 72704, 1, 0, 0
1908156, 74826, 1, 0, 0
1909157, 70656, 1, 0, 0
1910156, 76876, 1, 0, 0
1911156, 71680, 1, 0, 0
1912156, 74826, 1, 0, 0
1913156, 73728, 1, 0, 0
1914157, 72704, 1, 0, 0
1915159, 73654, 1, 0, 0
1916159, 71680, 1, 0, 0
1917159, 74826, 1, 0, 0
1918159, 72704, 1, 0, 0
1919159, 73801, 1, 0, 0
1920159, 74752, 1, 0, 0
1921159, 71680, 1, 0, 0
1922159, 76876, 1, 0, 0
1923159, 70656, 1, 0, 0
1924159, 69632, 1, 0, 0
1925159, 74826, 1, 0, 0
1926159, 71680, 1, 0, 0
1927160, 75776, 1, 0, 0
1928159, 71751, 1, 0, 0
1929159, 75776, 1, 0, 0
1930159, 72776, 1, 0, 0
1931159, 72704, 1, 0, 0
1932159, 74826, 1, 0, 0
1933159, 71680, 1, 0, 0
1934159, 76876, 1, 0, 0
1935159, 70656, 1, 0, 0
1936159, 74752, 1, 0, 0
1937159, 73801, 1, 0, 0
1938159, 71680, 1, 0, 0
1939159, 74826, 1, 0, 0
1940159, 71680, 1, 0, 0
1941159, 76800, 1, 0, 0
1942159, 71751, 1, 0, 0
1943159, 73728, 1, 0, 0
1944159, 74826, 1, 0, 0
1945159, 70656, 1, 0, 0
1946160, 76800, 1, 0, 0
1947159, 70726, 1, 0, 0
1948159, 75851, 1, 0, 0
1949159, 72704, 1, 0, 0
1950159, 73728, 1, 0, 0
1951159, 74826, 1, 0, 0
1952159, 70656, 1, 0, 0
1953158, 76876, 1, 0, 0
1954159, 67584, 1, 0, 0
1955159, 73728, 1, 0, 0
1956159, 73801, 1, 0, 0
1957159, 72704, 1, 0, 0
1958159, 75776, 1, 0, 0
1959159, 65601, 1, 0, 0
1960159, 74826, 1, 0, 0
1961159, 73728, 1, 0, 0
1962159, 79872, 1, 0, 0
1963159, 74826, 1, 0, 0
1964159, 71680, 1, 0, 0
1965159, 75851, 1, 0, 0
1966159, 71680, 1, 0, 0
1967159, 74826, 1, 0, 0
1968159, 73728, 1, 0, 0
1969160, 71680, 1, 0, 0
1970159, 75851, 1, 0, 0
1971159, 69632, 1, 0, 0
1972159, 73801, 1, 0, 0
1973159, 69632, 1, 0, 0
1974159, 72776, 1, 0, 0
1975159, 71680, 1, 0, 0
1976159, 70656, 1, 0, 0
1977159, 60476, 1, 0, 0
1978159, 69632, 1, 0, 0
1979159, 72776, 1, 0, 0
1980159, 70656, 1, 0, 0
1981159, 71751, 1, 0, 0
1982159, 72704, 1, 0, 0
1983159, 69632, 1, 0, 0
1984159, 69701, 1, 0, 0
1985159, 68608, 1, 0, 0
1986160, 72704, 1, 0, 0
1987159, 70726, 1, 0, 0
1988159, 71680, 1, 0, 0
1989159, 72776, 1, 0, 0
1990159, 68608, 1, 0, 0
1991159, 74826, 1, 0, 0
1992159, 68608, 1, 0, 0
1993159, 72704, 1, 0, 0
1994159, 70726, 1, 0, 0
1995159, 71680, 1, 0, 0
1996159, 72776, 1, 0, 0
1997159, 69632, 1, 0, 0
1998159, 73801, 1, 0, 0
1999159, 68608, 1, 0, 0
2000160, 72704, 1, 0, 0
2001159, 70726, 1, 0, 0
2002159, 71680, 1, 0, 0
2003159, 72776, 1, 0, 0
2004159, 68608, 1, 0, 0
2005159, 74752, 1, 0, 0
2006159, 68676, 1, 0, 0
2007159, 72704, 1, 0, 0
2008159, 70656, 1, 0, 0
2009159, 71751, 1, 0, 0
2010159, 71680, 1, 0, 0
2011159, 69701, 1, 0, 0
2012159, 74752, 1, 0, 0
2013160, 68608, 1, 0, 0
2014159, 68676, 1, 0, 0
2015159, 70656, 1, 0, 0
2016159, 71751, 1, 0, 0
2017159, 72704, 1, 0, 0
2018159, 68608, 1, 0, 0
2019159, 74826, 1, 0, 0
2020159, 68608, 1, 0, 0
2021159, 72776, 1, 0, 0
2022159, 77824, 1, 0, 0
2023159, 71751, 1, 0, 0
2024159, 71680, 1, 0, 0
2025159, 70656, 1, 0, 0
2026159, 73801, 1, 0, 0
2027160, 68608, 1, 0, 0
2028159, 73801, 1, 0, 0
2029159, 70656, 1, 0, 0
2030159, 57401, 1, 0, 0
2031159, 72704, 1, 0, 0
2032160, 69632, 1, 0, 0
2033159, 74826, 1, 0, 0
2034160, 68608, 1, 0, 0
2035159, 72776, 1, 0, 0
2036160, 71680, 1, 0, 0
2037159, 69701, 1, 0, 0
2038159, 72704, 1, 0, 0
2039159, 69701, 1, 0, 0
2040159, 74752, 1, 0, 0
2041160, 68608, 1, 0, 0
2042159, 72776, 1, 0, 0
2043159, 71680, 1, 0, 0
2044159, 65601, 1, 0, 0
2045159, 73728, 1, 0, 0
2046159, 68676, 1, 0, 0
2047159, 73728, 1, 0, 0
2048160, 69632, 1, 0, 0
2049159, 72776, 1, 0, 0
2050159, 71680, 1, 0, 0
2051159, 70726, 1, 0, 0
2052159, 71680, 1, 0, 0
2053160, 69632, 1, 0, 0
2054159, 74826, 1, 0, 0
2055159, 68608, 1, 0, 0
2056159, 72776, 1, 0, 0
2057159, 71680, 1, 0, 0
2058159, 70726, 1, 0, 0
2059159, 71680, 1, 0, 0
2060160, 69632, 1, 0, 0
2061160, 74752, 1, 0, 0
2062159, 68676, 1, 0, 0
2063160, 72704, 1, 0, 0
2064159, 71751, 1, 0, 0
2065159, 70656, 1, 0, 0
2066159, 71751, 1, 0, 0
2067159, 69632, 1, 0, 0
2068159, 73801, 1, 0, 0
2069160, 69562, 1, 0, 0
2070159, 72776, 1, 0, 0
2071159, 71680, 1, 0, 0
2072159, 70726, 1, 0, 0
2073159, 72704, 1, 0, 0
2074159, 65601, 1, 0, 0
2075159, 72704, 1, 0, 0
2076160, 69632, 1, 0, 0
2077159, 72776, 1, 0, 0
2078159, 71680, 1, 0, 0
2079159, 70726, 1, 0, 0
2080160, 72704, 1, 0, 0
2081159, 68676, 1, 0, 0
2082159, 79872, 1, 0, 0
2083160, 69632, 1, 0, 0
2084159, 59451, 1, 0, 0
2085159, 71751, 1, 0, 0
2086159, 69632, 1, 0, 0
2087159, 73801, 1, 0, 0
2088159, 69632, 1, 0, 0
2089159, 73728, 1, 0, 0
2090159, 69701, 1, 0, 0
2091159, 71680, 1, 0, 0
2092159, 71680, 1, 0, 0
2093159, 69701, 1, 0, 0
2094159, 73728, 1, 0, 0
2095159, 69632, 1, 0, 0
2096159, 73801, 1, 0, 0
2097159, 69701, 1, 0, 0
2098159, 71680, 1, 0, 0
2099160, 71680, 1, 0, 0
2100159, 69701, 1, 0, 0
2101159, 73728, 1, 0, 0
2102160, 69632, 1, 0, 0
2103159, 73801, 1, 0, 0
2104159, 69632, 1, 0, 0
2105160, 68608, 1, 0, 0
2106159, 70726, 1, 0, 0
2107159, 69632, 1, 0, 0
2108159, 73801, 1, 0, 0
2109159, 69632, 1, 0, 0
2110160, 73728, 1, 0, 0
2111159, 69701, 1, 0, 0
2112159, 71680, 1, 0, 0
2113159, 71751, 1, 0, 0
2114159, 69632, 1, 0, 0
2115159, 73728, 1, 0, 0
2116159, 69701, 1, 0, 0
2117159, 73728, 1, 0, 0
2118159, 69701, 1, 0, 0
2119159, 71680, 1, 0, 0
2120160, 72704, 1, 0, 0
2121159, 68676, 1, 0, 0
2122159, 73728, 1, 0, 0
2123159, 69701, 1, 0, 0
2124159, 73728, 1, 0, 0
2125160, 69632, 1, 0, 0
2126159, 71751, 1, 0, 0
2127159, 72704, 1, 0, 0
2128160, 68608, 1, 0, 0
2129159, 73801, 1, 0, 0
2130159, 69632, 1, 0, 0
2131159, 73801, 1, 0, 0
2132159, 69632, 1, 0, 0
2133160, 71680, 1, 0, 0
2134159, 71751, 1, 0, 0
2135159, 65536, 1, 0, 0
2136160, 73728, 1, 0, 0
2137159, 69701, 1, 0, 0
2138159, 73728, 1, 0, 0
2139159, 76876, 1, 0, 0
2140160, 71680, 1, 0, 0
2141159, 71751, 1, 0, 0
2142159, 57344, 1, 0, 0
2143160, 78848, 1, 0, 0
2144159, 68676, 1, 0, 0
2145160, 73728, 1, 0, 0
2146159, 69701, 1, 0, 0
2147160, 71680, 1, 0, 0
2148159, 72776, 1, 0, 0
2149159, 69632, 1, 0, 0
2150160, 73728, 1, 0, 0
2151159, 57401, 1, 0, 0
2152159, 72704, 1, 0, 0
2153159, 70726, 1, 0, 0
2154159, 70656, 1, 0, 0
2155159, 73801, 1, 0, 0
2156159, 68608, 1, 0, 0
2157160, 74752, 1, 0, 0
2158159, 68676, 1, 0, 0
2159159, 72704, 1, 0, 0
2160160, 70656, 1, 0, 0
2161159, 70726, 1, 0, 0
2162159, 73728, 1, 0, 0
2163159, 68676, 1, 0, 0
2164159, 74752, 1, 0, 0
2165160, 65536, 1, 0, 0
2166159, 70726, 1, 0, 0
2167159, 69701, 1, 0, 0
2168159, 75776, 1, 0, 0
2169160, 70656, 1, 0, 0
2170159, 66626, 1, 0, 0
2171160, 72704, 1, 0, 0
2172159, 67651, 1, 0, 0
2173159, 69632, 1, 0, 0
2174160, 70656, 1, 0, 0
2175159, 67651, 1, 0, 0
2176160, 71680, 1, 0, 0
2177159, 53301, 1, 0, 0
2178159, 70726, 1, 0, 0
2179159, 69632, 1, 0, 0
2180159, 67584, 1, 0, 0
2181159, 71751, 1, 0, 0
2182159, 67584, 1, 0, 0
2183160, 71680, 1, 0, 0
2184159, 66626, 1, 0, 0
2185160, 70656, 1, 0, 0
2186159, 69701, 1, 0, 0
2187160, 67584, 1, 0, 0
2188159, 72776, 1, 0, 0
2189160, 66560, 1, 0, 0
2190159, 70726, 1, 0, 0
2191159, 69632, 1, 0, 0
2192160, 67584, 1, 0, 0
2193159, 71751, 1, 0, 0
2194159, 65536, 1, 0, 0
2195160, 68608, 1, 0, 0
2196159, 67651, 1, 0, 0
2197159, 70656, 1, 0, 0
2198159, 69701, 1, 0, 0
2199159, 67584, 1, 0, 0
2200160, 71680, 1, 0, 0
2201159, 66626, 1, 0, 0
2202159, 71680, 1, 0, 0
2203159, 73801, 1, 0, 0
2204159, 67584, 1, 0, 0
2205160, 70656, 1, 0, 0
2206159, 67651, 1, 0, 0
2207159, 72704, 1, 0, 0
2208159, 66626, 1, 0, 0
2209159, 70656, 1, 0, 0
2210159, 69632, 1, 0, 0
2211159, 68676, 1, 0, 0
2212159, 58368, 1, 0, 0
2213160, 67584, 1, 0, 0
2214159, 70726, 1, 0, 0
2215159, 68608, 1, 0, 0
2216159, 68676, 1, 0, 0
2217160, 71680, 1, 0, 0
2218159, 66626, 1, 0, 0
2219159, 71680, 1, 0, 0
2220160, 67584, 1, 0, 0
2221159, 70726, 1, 0, 0
2222159, 69632, 1, 0, 0
2223160, 67584, 1, 0, 0
2224159, 71751, 1, 0, 0
2225160, 63488, 1, 0, 0
2226159, 71751, 1, 0, 0
2227159, 67584, 1, 0, 0
2228160, 69632, 1, 0, 0
2229159, 70726, 1, 0, 0
2230160, 66560, 1, 0, 0
2231159, 72776, 1, 0, 0
2232160, 67584, 1, 0, 0
2233159, 69701, 1, 0, 0
2234160, 69632, 1, 0, 0
2235159, 67651, 1, 0, 0
2236159, 71751, 1, 0, 0
2237159, 67584, 1, 0, 0
2238159, 71751, 1, 0, 0
2239160, 67584, 1, 0, 0
2240159, 69701, 1, 0, 0
2241159, 70656, 1, 0, 0
2242160, 66560, 1, 0, 0
2243159, 72776, 1, 0, 0
2244160, 66560, 1, 0, 0
2245159, 70726, 1, 0, 0
2246159, 69632, 1, 0, 0
2247160, 68608, 1, 0, 0
2248159, 70726, 1, 0, 0
2249160, 67584, 1, 0, 0
2250159, 71751, 1, 0, 0
2251159, 67584, 1, 0, 0
2252160, 69632, 1, 0, 0
2253159, 69701, 1, 0, 0
2254160, 68608, 1, 0, 0
2255159, 66626, 1, 0, 0
2256160, 67584, 1, 0, 0
2257159, 70726, 1, 0, 0
2258160, 68608, 1, 0, 0
2259159, 68676, 1, 0, 0
2260159, 71680, 1, 0, 0
2261160, 66560, 1, 0, 0
2262159, 72776, 1, 0, 0
2263159, 74752, 1, 0, 0
2264160, 55296, 1, 0, 0
2265159, 70726, 1, 0, 0
2266159, 67584, 1, 0, 0
2267159, 71751, 1, 0, 0
2268159, 67584, 1, 0, 0
2269160, 70656, 1, 0, 0
2270159, 68676, 1, 0, 0
2271159, 69632, 1, 0, 0
2272160, 69632, 1, 0, 0
2273159, 67651, 1, 0, 0
2274159, 71680, 1, 0, 0
2275160, 67584, 1, 0, 0
2276159, 70726, 1, 0, 0
2277160, 69632, 1, 0, 0
2278159, 68676, 1, 0, 0
2279160, 70656, 1, 0, 0
2280159, 66626, 1, 0, 0
2281159, 71680, 1, 0, 0
2282160, 68608, 1, 0, 0
2283159, 69701, 1, 0, 0
2284159, 69632, 1, 0, 0
2285160, 63488, 1, 0, 0
2286159, 72776, 1, 0, 0
2287160, 66560, 1, 0, 0
2288160, 70656, 1, 0, 0
2289159, 69701, 1, 0, 0
2290160, 68608, 1, 0, 0
2291159, 70726, 1, 0, 0
2292159, 67584, 1, 0, 0
2293160, 71680, 1, 0, 0
2294159, 67651, 1, 0, 0
2295160, 69632, 1, 0, 0
2296159, 69701, 1, 0, 0
2297159, 67584, 1, 0, 0
2298159, 72776, 1, 0, 0
2299159, 66560, 1, 0, 0
2300160, 71680, 1, 0, 0
2301159, 68676, 1, 0, 0
2302160, 68608, 1, 0, 0
2303159, 70726, 1, 0, 0
2304159, 66560, 1, 0, 0
2305160, 72704, 1, 0, 0
2306159, 67651, 1, 0, 0
2307159, 70656, 1, 0, 0
2308160, 69632, 1, 0, 0
2309159, 67651, 1, 0, 0
2310159, 70656, 1, 0, 0
2311160, 67584, 1, 0, 0
2312159, 71751, 1, 0, 0
2313160, 67584, 1, 0, 0
2314160, 69632, 1, 0, 0
2315159, 66626, 1, 0, 0
2316160, 66560, 1, 0, 0
2317159, 71751, 1, 0, 0
2318160, 67584, 1, 0, 0
2319159, 76876, 1, 0, 0
2320160, 69632, 1, 0, 0
2321159, 66626, 1, 0, 0
2322160, 71680, 1, 0, 0
2323160, 63488, 1, 0, 0
2324159, 71751, 1, 0, 0
2325160, 68608, 1, 0, 0
2326159, 69701, 1, 0, 0
2327159, 69632, 1, 0, 0
2328160, 68608, 1, 0, 0
2329159, 71751, 1, 0, 0
2330160, 56320, 1, 0, 0
2331160, 68608, 1, 0, 0
2332159, 70726, 1, 0, 0
2333160, 67584, 1, 0, 0
2334159, 71751, 1, 0, 0
2335159, 67584, 1, 0, 0
2336159, 70726, 1, 0, 0
2337160, 68608, 1, 0, 0
2338159, 68676, 1, 0, 0
2339160, 70656, 1, 0, 0
2340160, 67584, 1, 0, 0
2341159, 72776, 1, 0, 0
2342160, 66560, 1, 0, 0
2343159, 70726, 1, 0, 0
2344160, 69632, 1, 0, 0
2345159, 63551, 1, 0, 0
2346160, 70656, 1, 0, 0
2347159, 67651, 1, 0, 0
2348160, 71680, 1, 0, 0
2349159, 67651, 1, 0, 0
2350160, 69632, 1, 0, 0
2351160, 70656, 1, 0, 0
2352159, 67651, 1, 0, 0
2353160, 71680, 1, 0, 0
2354160, 66560, 1, 0, 0
2355160, 70726, 1, 0, 0
2356159, 68676, 1, 0, 0
2357160, 68608, 1, 0, 0
2358159, 70726, 1, 0, 0
2359160, 67584, 1, 0, 0
2360159, 71751, 1, 0, 0
2361159, 66560, 1, 0, 0
2362160, 68608, 1, 0, 0
2363159, 67651, 1, 0, 0
2364159, 66560, 1, 0, 0
2365160, 69632, 1, 0, 0
2366159, 65601, 1, 0, 0
2367160, 68608, 1, 0, 0
2368159, 67651, 1, 0, 0
2369160, 66560, 1, 0, 0
2370159, 68676, 1, 0, 0
2371159, 65536, 1, 0, 0
2372160, 70656, 1, 0, 0
2373160, 64576, 1, 0, 0
2374159, 68676, 1, 0, 0
2375160, 64512, 1, 0, 0
2376159, 65601, 1, 0, 0
2377160, 69632, 1, 0, 0
2378159, 65601, 1, 0, 0
2379159, 69632, 1, 0, 0
2380160, 66560, 1, 0, 0
2381159, 67651, 1, 0, 0
2382160, 68608, 1, 0, 0
2383159, 72776, 1, 0, 0
2384160, 69632, 1, 0, 0
2385159, 65601, 1, 0, 0
2386160, 69632, 1, 0, 0
2387159, 66626, 1, 0, 0
2388160, 67584, 1, 0, 0
2389159, 68676, 1, 0, 0
2390159, 64512, 1, 0, 0
2391160, 56320, 1, 0, 0
2392159, 66626, 1, 0, 0
2393160, 67584, 1, 0, 0
2394159, 68676, 1, 0, 0
2395159, 65601, 1, 0, 0
2396160, 70656, 1, 0, 0
2397159, 65601, 1, 0, 0
2398160, 68608, 1, 0, 0
2399159, 66626, 1, 0, 0
2400160, 66560, 1, 0, 0
2401159, 69701, 1, 0, 0
2402159, 65536, 1, 0, 0
2403159, 69701, 1, 0, 0
2404160, 65536, 1, 0, 0
2405159, 64576, 1, 0, 0
2406160, 67584, 1, 0, 0
2407159, 65601, 1, 0, 0
2408159, 70726, 1, 0, 0
2409160, 65536, 1, 0, 0
2410160, 68608, 1, 0, 0
2411159, 67651, 1, 0, 0
2412160, 66560, 1, 0, 0
2413159, 69701, 1, 0, 0
2414160, 64512, 1, 0, 0
2415159, 69701, 1, 0, 0
2416160, 65536, 1, 0, 0
2417159, 68676, 1, 0, 0
2418160, 67584, 1, 0, 0
2419159, 66626, 1, 0, 0
2420160, 69632, 1, 0, 0
2421159, 65601, 1, 0, 0
2422160, 68608, 1, 0, 0
2423160, 66560, 1, 0, 0
2424159, 67651, 1, 0, 0
2425160, 68608, 1, 0, 0
2426159, 65601, 1, 0, 0
2427160, 70656, 1, 0, 0
2428159, 65601, 1, 0, 0
2429160, 68608, 1, 0, 0
2430160, 66560, 1, 0, 0
2431159, 65601, 1, 0, 0
2432160, 69632, 1, 0, 0
2433159, 65601, 1, 0, 0
2434160, 69632, 1, 0, 0
2435159, 61501, 1, 0, 0
2436160, 68608, 1, 0, 0
2437159, 67651, 1, 0, 0
2438160, 65536, 1, 0, 0
2439159, 70726, 1, 0, 0
2440160, 64512, 1, 0, 0
2441159, 69701, 1, 0, 0
2442160, 66560, 1, 0, 0
2443160, 74752, 1, 0, 0
2444160, 59451, 1, 0, 0
2445159, 60476, 1, 0, 0
2446160, 70656, 1, 0, 0
2447159, 65601, 1, 0, 0
2448160, 68608, 1, 0, 0
2449159, 67651, 1, 0, 0
2450160, 65536, 1, 0, 0
2451159, 70726, 1, 0, 0
2452160, 64512, 1, 0, 0
2453159, 68676, 1, 0, 0
2454159, 67584, 1, 0, 0
2455160, 67584, 1, 0, 0
2456159, 68676, 1, 0, 0
2457160, 65536, 1, 0, 0
2458159, 69701, 1, 0, 0
2459160, 66560, 1, 0, 0
2460159, 66626, 1, 0, 0
2461160, 68608, 1, 0, 0
2462160, 65536, 1, 0, 0
2463159, 70726, 1, 0, 0
2464160, 64512, 1, 0, 0
2465160, 65536, 1, 0, 0
2466160, 67651, 1, 0, 0
2467159, 67651, 1, 0, 0
2468160, 67584, 1, 0, 0
2469159, 65601, 1, 0, 0
2470159, 70726, 1, 0, 0
2471160, 65536, 1, 0, 0
2472159, 67651, 1, 0, 0
2473160, 68608, 1, 0, 0
2474159, 65601, 1, 0, 0
2475160, 69632, 1, 0, 0
2476159, 64576, 1, 0, 0
2477160, 69632, 1, 0, 0
2478160, 66560, 1, 0, 0
2479159, 68676, 1, 0, 0
2480160, 67584, 1, 0, 0
2481159, 65601, 1, 0, 0
2482160, 70656, 1, 0, 0
2483160, 64512, 1, 0, 0
2484159, 68676, 1, 0, 0
2485160, 67584, 1, 0, 0
2486159, 66626, 1, 0, 0
2487160, 69632, 1, 0, 0
2488159, 65601, 1, 0, 0
2489159, 69632, 1, 0, 0
2490160, 66560, 1, 0, 0
2491160, 66560, 1, 0, 0
2492159, 68676, 1, 0, 0
2493160, 65536, 1, 0, 0
2494160, 70726, 1, 0, 0
2495159, 60476, 1, 0, 0
2496160, 69632, 1, 0, 0
2497159, 66626, 1, 0, 0
2498160, 67584, 1, 0, 0
2499159, 71751, 1, 0, 0
2500160, 68608, 1, 0, 0
2501160, 69632, 1, 0, 0
2502160, 64576, 1, 0, 0
2503160, 66560, 1, 0, 0
2504159, 67651, 1, 0, 0
2505160, 66560, 1, 0, 0
2506160, 69701, 1, 0, 0
2507160, 64512, 1, 0, 0
2508159, 69701, 1, 0, 0
2509160, 66560, 1, 0, 0
2510159, 67651, 1, 0, 0
2511160, 55296, 1, 0, 0
2512159, 65601, 1, 0, 0
2513159, 69632, 1, 0, 0
2514160, 66560, 1, 0, 0
2515159, 67651, 1, 0, 0
2516160, 68608, 1, 0, 0
2517160, 65536, 1, 0, 0
2518160, 69701, 1, 0, 0
2519159, 64576, 1, 0, 0
2520159, 69632, 1, 0, 0
2521160, 66560, 1, 0, 0
2522160, 67584, 1, 0, 0
2523160, 68676, 1, 0, 0
2524160, 65536, 1, 0, 0
2525159, 66626, 1, 0, 0
2526160, 64512, 1, 0, 0
2527159, 68676, 1, 0, 0
2528160, 67584, 1, 0, 0
2529159, 66626, 1, 0, 0
2530160, 69632, 1, 0, 0
2531160, 65536, 1, 0, 0
2532159, 69701, 1, 0, 0
2533160, 66560, 1, 0, 0
2534159, 66626, 1, 0, 0
2535160, 68608, 1, 0, 0
2536159, 65601, 1, 0, 0
2537160, 70656, 1, 0, 0
2538160, 65536, 1, 0, 0
2539160, 68676, 1, 0, 0
2540160, 67584, 1, 0, 0
2541159, 66626, 1, 0, 0
2542160, 68608, 1, 0, 0
2543159, 64576, 1, 0, 0
2544160, 70656, 1, 0, 0
2545159, 65601, 1, 0, 0
2546160, 68608, 1, 0, 0
2547159, 67651, 1, 0, 0
2548160, 66560, 1, 0, 0
2549159, 69701, 1, 0, 0
2550160, 64512, 1, 0, 0
2551160, 69632, 1, 0, 0
2552159, 66626, 1, 0, 0
2553159, 67651, 1, 0, 0
2554160, 66560, 1, 0, 0
2555160, 59392, 1, 0, 0
2556159, 67651, 1, 0, 0
2557160, 63488, 1, 0, 0
2558160, 64576, 1, 0, 0
2559160, 65536, 1, 0, 0
2560159, 63551, 1, 0, 0
2561160, 67584, 1, 0, 0
2562159, 63551, 1, 0, 0
2563160, 72704, 1, 0, 0
2564160, 64576, 1, 0, 0
2565160, 65536, 1, 0, 0
2566159, 65601, 1, 0, 0
2567160, 63488, 1, 0, 0
2568159, 67651, 1, 0, 0
2569160, 62464, 1, 0, 0
2570159, 66626, 1, 0, 0
2571160, 52224, 1, 0, 0
2572159, 63551, 1, 0, 0
2573160, 67584, 1, 0, 0
2574160, 62464, 1, 0, 0
2575160, 67651, 1, 0, 0
2576160, 63488, 1, 0, 0
2577160, 65601, 1, 0, 0
2578160, 65536, 1, 0, 0
2579159, 62526, 1, 0, 0
2580160, 67584, 1, 0, 0
2581160, 63488, 1, 0, 0
2582159, 66626, 1, 0, 0
2583160, 64512, 1, 0, 0
2584159, 64576, 1, 0, 0
2585160, 62464, 1, 0, 0
2586159, 62526, 1, 0, 0
2587160, 66560, 1, 0, 0
2588159, 64576, 1, 0, 0
2589160, 64512, 1, 0, 0
2590159, 66626, 1, 0, 0
2591160, 63488, 1, 0, 0
2592159, 67651, 1, 0, 0
2593160, 62464, 1, 0, 0
2594159, 66626, 1, 0, 0
2595160, 64512, 1, 0, 0
2596160, 63551, 1, 0, 0
2597160, 66560, 1, 0, 0
2598160, 63551, 1, 0, 0
2599159, 67651, 1, 0, 0
2600160, 63488, 1, 0, 0
2601159, 65601, 1, 0, 0
2602160, 65536, 1, 0, 0
2603160, 63488, 1, 0, 0
2604160, 66626, 1, 0, 0
2605159, 63551, 1, 0, 0
2606160, 66560, 1, 0, 0
2607159, 64576, 1, 0, 0
2608160, 64512, 1, 0, 0
2609159, 65601, 1, 0, 0
2610160, 63488, 1, 0, 0
2611160, 67584, 1, 0, 0
2612160, 62526, 1, 0, 0
2613160, 66560, 1, 0, 0
2614159, 64576, 1, 0, 0
2615160, 61440, 1, 0, 0
2616160, 66626, 1, 0, 0
2617160, 62464, 1, 0, 0
2618159, 67651, 1, 0, 0
2619159, 63551, 1, 0, 0
2620160, 64512, 1, 0, 0
2621159, 66626, 1, 0, 0
2622160, 62464, 1, 0, 0
2623159, 73801, 1, 0, 0
2624160, 63488, 1, 0, 0
2625160, 54326, 1, 0, 0
2626159, 65601, 1, 0, 0
2627160, 63488, 1, 0, 0
2628159, 67651, 1, 0, 0
2629160, 62464, 1, 0, 0
2630160, 66560, 1, 0, 0
2631160, 64576, 1, 0, 0
2632159, 65601, 1, 0, 0
2633160, 64512, 1, 0, 0
2634159, 63551, 1, 0, 0
2635160, 67584, 1, 0, 0
2636160, 63551, 1, 0, 0
2637160, 66560, 1, 0, 0
2638159, 64576, 1, 0, 0
2639160, 64512, 1, 0, 0
2640160, 66560, 1, 0, 0
2641160, 62526, 1, 0, 0
2642160, 66560, 1, 0, 0
2643159, 63551, 1, 0, 0
2644160, 65536, 1, 0, 0
2645159, 65601, 1, 0, 0
2646160, 60416, 1, 0, 0
2647159, 67651, 1, 0, 0
2648160, 62464, 1, 0, 0
2649159, 66626, 1, 0, 0
2650160, 64512, 1, 0, 0
2651160, 64576, 1, 0, 0
2652160, 66560, 1, 0, 0
2653160, 62526, 1, 0, 0
2654160, 67584, 1, 0, 0
2655160, 63551, 1, 0, 0
2656160, 65536, 1, 0, 0
2657160, 65601, 1, 0, 0
2658160, 63488, 1, 0, 0
2659159, 66626, 1, 0, 0
2660160, 63488, 1, 0, 0
2661159, 66626, 1, 0, 0
2662160, 64512, 1, 0, 0
2663159, 65601, 1, 0, 0
2664160, 65536, 1, 0, 0
2665159, 62526, 1, 0, 0
2666160, 67584, 1, 0, 0
2667159, 63551, 1, 0, 0
2668160, 65536, 1, 0, 0
2669160, 65536, 1, 0, 0
2670160, 64576, 1, 0, 0
2671160, 66560, 1, 0, 0
2672160, 62526, 1, 0, 0
2673159, 66626, 1, 0, 0
2674160, 63488, 1, 0, 0
2675159, 65601, 1, 0, 0
2676160, 62464, 1, 0, 0
2677159, 63551, 1, 0, 0
2678160, 67584, 1, 0, 0
2679159, 62526, 1, 0, 0
2680160, 74752, 1, 0, 0
2681159, 63551, 1, 0, 0
2682160, 65536, 1, 0, 0
2683160, 59392, 1, 0, 0
2684160, 63551, 1, 0, 0
2685159, 66626, 1, 0, 0
2686161, 63424, 1, 0, 0
2687160, 65601, 1, 0, 0
2688160, 65601, 1, 0, 0
2689160, 63488, 1, 0, 0
2690160, 67651, 1, 0, 0
2691160, 62464, 1, 0, 0
2692159, 67651, 1, 0, 0
2693160, 51200, 1, 0, 0
2694159, 64576, 1, 0, 0
2695160, 66560, 1, 0, 0
2696160, 62464, 1, 0, 0
2697160, 67651, 1, 0, 0
2698159, 63551, 1, 0, 0
2699160, 65536, 1, 0, 0
2700159, 65601, 1, 0, 0
2701160, 63488, 1, 0, 0
2702159, 66626, 1, 0, 0
2703160, 63488, 1, 0, 0
2704159, 65601, 1, 0, 0
2705160, 64512, 1, 0, 0
2706159, 60476, 1, 0, 0
2707160, 66560, 1, 0, 0
2708159, 63551, 1, 0, 0
2709160, 66560, 1, 0, 0
2710160, 63488, 1, 0, 0
2711160, 65601, 1, 0, 0
2712160, 65536, 1, 0, 0
2713160, 63551, 1, 0, 0
2714160, 67651, 1, 0, 0
2715160, 63488, 1, 0, 0
2716159, 66626, 1, 0, 0
2717160, 63488, 1, 0, 0
2718160, 64512, 1, 0, 0
2719160, 66626, 1, 0, 0
2720160, 62464, 1, 0, 0
2721160, 68676, 1, 0, 0
2722160, 62526, 1, 0, 0
2723160, 66560, 1, 0, 0
2724159, 64576, 1, 0, 0
2725160, 63488, 1, 0, 0
2726160, 67651, 1, 0, 0
2727160, 62464, 1, 0, 0
2728160, 67651, 1, 0, 0
2729160, 63488, 1, 0, 0
2730160, 65601, 1, 0, 0
2731160, 65536, 1, 0, 0
2732159, 63551, 1, 0, 0
2733160, 66560, 1, 0, 0
2734160, 63551, 1, 0, 0
2735160, 66560, 1, 0, 0
2736160, 60476, 1, 0, 0
2737160, 64512, 1, 0, 0
2738160, 66626, 1, 0, 0
2739160, 63488, 1, 0, 0
2740159, 67651, 1, 0, 0
2741160, 62464, 1, 0, 0
2742159, 65601, 1, 0, 0
2743160, 71680, 1, 0, 0
2744160, 54326, 1, 0, 0
2745160, 67584, 1, 0, 0
2746160, 62526, 1, 0, 0
2747159, 66626, 1, 0, 0
2748160, 64512, 1, 0, 0
2749160, 64512, 1, 0, 0
2750160, 66626, 1, 0, 0
2751160, 63488, 1, 0, 0
2752160, 66626, 1, 0, 0
2753160, 63551, 1, 0, 0
2754160, 65536, 1, 0, 0
2755160, 65601, 1, 0, 0
2756160, 63488, 1, 0, 0
2757160, 67651, 1, 0, 0
2758160, 62464, 1, 0, 0
2759160, 66626, 1, 0, 0
2760160, 64512, 1, 0, 0
2761160, 64576, 1, 0, 0
2762160, 66560, 1, 0, 0
2763159, 62526, 1, 0, 0
2764160, 67584, 1, 0, 0
2765160, 63551, 1, 0, 0
2766162, 62401, 1, 0, 0
2767162, 65536, 1, 0, 0
2768162, 57344, 1, 0, 0
2769162, 67651, 1, 0, 0
2770162, 62526, 1, 0, 0
2771162, 66560, 1, 0, 0
2772162, 64576, 1, 0, 0
2773162, 64512, 1, 0, 0
2774162, 66626, 1, 0, 0
2775162, 63488, 1, 0, 0
2776162, 66626, 1, 0, 0
2777162, 63488, 1, 0, 0
2778162, 65601, 1, 0, 0
2779162, 65536, 1, 0, 0
2780162, 63488, 1, 0, 0
2781162, 67651, 1, 0, 0
2782162, 61440, 1, 0, 0
2783162, 64576, 1, 0, 0
2784162, 60416, 1, 0, 0
2785162, 63551, 1, 0, 0
2786162, 63488, 1, 0, 0
2787162, 60476, 1, 0, 0
2788162, 65536, 1, 0, 0
2789162, 60476, 1, 0, 0
2790162, 64512, 1, 0, 0
2791162, 62526, 1, 0, 0
2792162, 61440, 1, 0, 0
2793162, 63551, 1, 0, 0
2794162, 61440, 1, 0, 0
2795162, 64576, 1, 0, 0
2796162, 57344, 1, 0, 0
2797162, 63551, 1, 0, 0
2798162, 63488, 1, 0, 0
2799163, 60416, 1, 0, 0
2800162, 65601, 1, 0, 0
2801162, 59451, 1, 0, 0
2802162, 64512, 1, 0, 0
2803162, 64576, 1, 0, 0
2804162, 66560, 1, 0, 0
2805162, 51251, 1, 0, 0
2806162, 60416, 1, 0, 0
2807162, 65601, 1, 0, 0
2808162, 61440, 1, 0, 0
2809162, 62526, 1, 0, 0
2810162, 63551, 1, 0, 0
2811162, 61440, 1, 0, 0
2812162, 65601, 1, 0, 0
2813162, 60476, 1, 0, 0
2814162, 63488, 1, 0, 0
2815162, 61440, 1, 0, 0
2816162, 62526, 1, 0, 0
2817162, 64512, 1, 0, 0
2818162, 60476, 1, 0, 0
2819162, 65536, 1, 0, 0
2820162, 60476, 1, 0, 0
2821162, 63488, 1, 0, 0
2822162, 62526, 1, 0, 0
2823162, 61440, 1, 0, 0
2824162, 64512, 1, 0, 0
2825162, 61501, 1, 0, 0
2826162, 60416, 1, 0, 0
2827163, 61440, 1, 0, 0
2828162, 62526, 1, 0, 0
2829163, 64512, 1, 0, 0
2830162, 59451, 1, 0, 0
2831162, 65601, 1, 0, 0
2832162, 60416, 1, 0, 0
2833162, 63551, 1, 0, 0
2834162, 63488, 1, 0, 0
2835162, 61501, 1, 0, 0
2836162, 64512, 1, 0, 0
2837162, 60476, 1, 0, 0
2838162, 65601, 1, 0, 0
2839162, 60416, 1, 0, 0
2840162, 62526, 1, 0, 0
2841162, 63488, 1, 0, 0
2842162, 61440, 1, 0, 0
2843162, 65601, 1, 0, 0
2844162, 60476, 1, 0, 0
2845162, 63488, 1, 0, 0
2846162, 62526, 1, 0, 0
2847162, 61440, 1, 0, 0
2848162, 64512, 1, 0, 0
2849162, 60476, 1, 0, 0
2850162, 65536, 1, 0, 0
2851162, 61501, 1, 0, 0
2852162, 62464, 1, 0, 0
2853164, 63361, 1, 0, 0
2854165, 61440, 1, 0, 0
2855164, 64576, 1, 0, 0
2856165, 56320, 1, 0, 0
2857164, 64576, 1, 0, 0
2858165, 62464, 1, 0, 0
2859165, 62464, 1, 0, 0
2860164, 70726, 1, 0, 0
2861164, 60416, 1, 0, 0
2862165, 65536, 1, 0, 0
2863165, 60476, 1, 0, 0
2864165, 59392, 1, 0, 0
2865166, 62464, 1, 0, 0
2866166, 61440, 1, 0, 0
2867166, 64576, 1, 0, 0
2868166, 60416, 1, 0, 0
2869165, 64576, 1, 0, 0
2870166, 61440, 1, 0, 0
2871165, 63551, 1, 0, 0
2872166, 63488, 1, 0, 0
2873166, 58426, 1, 0, 0
2874166, 53248, 1, 0, 0
2875165, 61501, 1, 0, 0
2876166, 63488, 1, 0, 0
2877165, 63551, 1, 0, 0
2878166, 61440, 1, 0, 0
2879165, 64576, 1, 0, 0
2880166, 60416, 1, 0, 0
2881166, 64512, 1, 0, 0
2882165, 61501, 1, 0, 0
2883166, 62464, 1, 0, 0
2884415, 63128, 1, 0, 0
2885416, 62464, 1, 0, 0
2886416, 60416, 1, 0, 0
2887415, 60476, 1, 0, 0
2888417, 65405, 1, 0, 0
2889417, 61501, 1, 0, 0
2890417, 62464, 1, 0, 0
2891417, 63551, 1, 0, 0
2892417, 60416, 1, 0, 0
2893416, 65601, 1, 0, 0
2894417, 60416, 1, 0, 0
2895417, 64512, 1, 0, 0
2896417, 61501, 1, 0, 0
2897417, 62464, 1, 0, 0
2898417, 64512, 1, 0, 0
2899417, 59451, 1, 0, 0
2900417, 64512, 1, 0, 0
2901416, 61501, 1, 0, 0
2902417, 63488, 1, 0, 0
2903417, 62464, 1, 0, 0
2904417, 61501, 1, 0, 0
2905417, 65536, 1, 0, 0
2906417, 60416, 1, 0, 0
2907417, 63551, 1, 0, 0
2908417, 62464, 1, 0, 0
2909417, 62526, 1, 0, 0
2910417, 63488, 1, 0, 0
2911417, 60416, 1, 0, 0
2912419, 65470, 1, 0, 0
2913418, 61501, 1, 0, 0
2914419, 63488, 1, 0, 0
2915418, 61501, 1, 0, 0
2916419, 58368, 1, 0, 0
2917418, 65601, 1, 0, 0
2918419, 60416, 1, 0, 0
2919419, 64512, 1, 0, 0
2920418, 61501, 1, 0, 0
2921419, 62464, 1, 0, 0
2922418, 64576, 1, 0, 0
2923419, 60416, 1, 0, 0
2924419, 72776, 1, 0, 0
2925419, 48128, 1, 0, 0
2926418, 63551, 1, 0, 0
2927419, 62464, 1, 0, 0
2928418, 61501, 1, 0, 0
2929419, 65536, 1, 0, 0
2930418, 60476, 1, 0, 0
2931419, 64512, 1, 0, 0
2932418, 61501, 1, 0, 0
2933419, 62464, 1, 0, 0
2934419, 63488, 1, 0, 0
2935418, 60476, 1, 0, 0
2936419, 65536, 1, 0, 0
2937419, 60416, 1, 0, 0
2938418, 64576, 1, 0, 0
2939419, 62464, 1, 0, 0
2940419, 61440, 1, 0, 0
2941418, 64576, 1, 0, 0
2942419, 60416, 1, 0, 0
2943419, 64512, 1, 0, 0
2944418, 61501, 1, 0, 0
2945419, 63488, 1, 0, 0
2946419, 59392, 1, 0, 0
2947418, 60476, 1, 0, 0
2948419, 65536, 1, 0, 0
2949419, 60416, 1, 0, 0
2950418, 63551, 1, 0, 0
2951419, 62464, 1, 0, 0
2952418, 62526, 1, 0, 0
2953419, 63488, 1, 0, 0
2954418, 60476, 1, 0, 0
2955420, 65405, 1, 0, 0
2956420, 61501, 1, 0, 0
2957420, 63488, 1, 0, 0
2958420, 62464, 1, 0, 0
2959420, 60476, 1, 0, 0
2960420, 65536, 1, 0, 0
2961420, 60416, 1, 0, 0
2962420, 64576, 1, 0, 0
2963420, 61440, 1, 0, 0
2964420, 63551, 1, 0, 0
2965420, 63488, 1, 0, 0
2966420, 60416, 1, 0, 0
2967420, 64576, 1, 0, 0
2968420, 61440, 1, 0, 0
2969420, 63551, 1, 0, 0
2970420, 62464, 1, 0, 0
2971420, 62464, 1, 0, 0
2972420, 63551, 1, 0, 0
2973420, 60416, 1, 0, 0
2974420, 64512, 1, 0, 0
2975420, 61501, 1, 0, 0
2976420, 58368, 1, 0, 0
2977420, 63551, 1, 0, 0
2978420, 61440, 1, 0, 0
2979420, 65536, 1, 0, 0
2980420, 60476, 1, 0, 0
2981420, 63488, 1, 0, 0
2982420, 62526, 1, 0, 0
2983420, 62464, 1, 0, 0
2984420, 69632, 1, 0, 0
2985420, 60476, 1, 0, 0
2986420, 66626, 1, 0, 0
2987420, 59392, 1, 0, 0
2988421, 63488, 1, 0, 0
2989420, 61501, 1, 0, 0
2990420, 59392, 1, 0, 0
2991420, 63551, 1, 0, 0
2992420, 46126, 1, 0, 0
2993420, 62464, 1, 0, 0
2994420, 60416, 1, 0, 0
2995420, 60476, 1, 0, 0
2996421, 62464, 1, 0, 0
2997420, 59451, 1, 0, 0
2998421, 63488, 1, 0, 0
2999420, 59451, 1, 0, 0
3000420, 61501, 1, 0, 0
3001420, 60416, 1, 0, 0
3002420, 60416, 1, 0, 0
3003420, 62526, 1, 0, 0
3004420, 59392, 1, 0, 0
3005420, 63488, 1, 0, 0
3006420, 56376, 1, 0, 0
3007420, 61440, 1, 0, 0
3008420, 61501, 1, 0, 0
3009420, 60416, 1, 0, 0
3010420, 61501, 1, 0, 0
3011420, 59392, 1, 0, 0
3012420, 62464, 1, 0, 0
3013420, 60476, 1, 0, 0
3014420, 61440, 1, 0, 0
3015420, 61501, 1, 0, 0
3016420, 59392, 1, 0, 0
3017420, 63551, 1, 0, 0
3018420, 58368, 1, 0, 0
3019420, 62526, 1, 0, 0
3020420, 60416, 1, 0, 0
3021420, 60476, 1, 0, 0
3022420, 62464, 1, 0, 0
3023420, 59392, 1, 0, 0
3024420, 63551, 1, 0, 0
3025420, 58368, 1, 0, 0
3026421, 62464, 1, 0, 0
3027420, 60476, 1, 0, 0
3028420, 60416, 1, 0, 0
3029420, 62526, 1, 0, 0
3030420, 58368, 1, 0, 0
3031420, 64512, 1, 0, 0
3032420, 58426, 1, 0, 0
3033420, 62464, 1, 0, 0
3034420, 61440, 1, 0, 0
3035420, 59451, 1, 0, 0
3036420, 58368, 1, 0, 0
3037420, 59392, 1, 0, 0
3038420, 62526, 1, 0, 0
3039420, 65536, 1, 0, 0
3040420, 52276, 1, 0, 0
3041420, 61440, 1, 0, 0
3042420, 59451, 1, 0, 0
3043420, 63488, 1, 0, 0
3044420, 66560, 1, 0, 0
3045420, 49201, 1, 0, 0
3046420, 60416, 1, 0, 0
3047420, 60416, 1, 0, 0
3048420, 62526, 1, 0, 0
3049420, 59392, 1, 0, 0
3050420, 63488, 1, 0, 0
3051420, 59451, 1, 0, 0
3052420, 61440, 1, 0, 0
3053420, 61440, 1, 0, 0
3054420, 59451, 1, 0, 0
3055420, 62464, 1, 0, 0
3056420, 59392, 1, 0, 0
3057420, 62526, 1, 0, 0
3058420, 60416, 1, 0, 0
3059420, 61501, 1, 0, 0
3060420, 61440, 1, 0, 0
3061421, 59392, 1, 0, 0
3062420, 63551, 1, 0, 0
3063420, 58368, 1, 0, 0
3064420, 62526, 1, 0, 0
3065420, 60416, 1, 0, 0
3066420, 57401, 1, 0, 0
3067420, 62464, 1, 0, 0
3068420, 58368, 1, 0, 0
3069420, 63551, 1, 0, 0
3070420, 59392, 1, 0, 0
3071420, 61440, 1, 0, 0
3072420, 60476, 1, 0, 0
3073420, 61440, 1, 0, 0
3074420, 61501, 1, 0, 0
3075420, 59392, 1, 0, 0
3076420, 63488, 1, 0, 0
3077420, 59451, 1, 0, 0
3078420, 61440, 1, 0, 0
3079420, 61440, 1, 0, 0
3080420, 59451, 1, 0, 0
3081420, 62464, 1, 0, 0
3082421, 59392, 1, 0, 0
3083420, 63551, 1, 0, 0
3084420, 59392, 1, 0, 0
3085420, 61501, 1, 0, 0
3086420, 61440, 1, 0, 0
3087421, 60416, 1, 0, 0
3088420, 61501, 1, 0, 0
3089420, 59392, 1, 0, 0
3090420, 62526, 1, 0, 0
3091420, 60416, 1, 0, 0
3092420, 61440, 1, 0, 0
3093423, 61317, 1, 0, 0
3094422, 59451, 1, 0, 0
3095421, 63551, 1, 0, 0
3096422, 55296, 1, 0, 0
3097421, 62526, 1, 0, 0
3098422, 60416, 1, 0, 0
3099422, 60416, 1, 0, 0
3100421, 62526, 1, 0, 0
3101422, 58368, 1, 0, 0
3102421, 64576, 1, 0, 0
3103422, 58368, 1, 0, 0
3104422, 69701, 1, 0, 0
3105422, 60416, 1, 0, 0
3106421, 60476, 1, 0, 0
3107422, 62464, 1, 0, 0
3108421, 59451, 1, 0, 0
3109421, 63488, 1, 0, 0
3110422, 58368, 1, 0, 0
3111421, 62526, 1, 0, 0
3112422, 60416, 1, 0, 0
3113421, 60476, 1, 0, 0
3114422, 51200, 1, 0, 0
3115421, 58426, 1, 0, 0
3116422, 63488, 1, 0, 0
3117421, 59451, 1, 0, 0
3118421, 61440, 1, 0, 0
3119422, 61440, 1, 0, 0
3120421, 59451, 1, 0, 0
3121421, 63488, 1, 0, 0
3122422, 59392, 1, 0, 0
3123421, 61501, 1, 0, 0
3124421, 60416, 1, 0, 0
3125422, 61440, 1, 0, 0
3126421, 58426, 1, 0, 0
3127422, 59392, 1, 0, 0
3128421, 63551, 1, 0, 0
3129422, 59392, 1, 0, 0
3130422, 61440, 1, 0, 0
3131421, 60476, 1, 0, 0
3132422, 60416, 1, 0, 0
3133422, 62464, 1, 0, 0
3134421, 59451, 1, 0, 0
3135422, 62464, 1, 0, 0
3136422, 60416, 1, 0, 0
3137421, 61501, 1, 0, 0
3138422, 61440, 1, 0, 0
3139421, 59451, 1, 0, 0
3140422, 62464, 1, 0, 0
3141421, 59451, 1, 0, 0
3142422, 62464, 1, 0, 0
3143421, 59451, 1, 0, 0
3144422, 61440, 1, 0, 0
3145422, 62464, 1, 0, 0
3146421, 59451, 1, 0, 0
3147422, 62464, 1, 0, 0
3148421, 58426, 1, 0, 0
3149421, 61440, 1, 0, 0
3150422, 58368, 1, 0, 0
3151421, 59451, 1, 0, 0
3152421, 60416, 1, 0, 0
3153423, 58309, 1, 0, 0
3154423, 61440, 1, 0, 0
3155423, 58368, 1, 0, 0
3156423, 57401, 1, 0, 0
3157423, 58368, 1, 0, 0
3158424, 59392, 1, 0, 0
3159423, 61501, 1, 0, 0
3160423, 57344, 1, 0, 0
3161423, 61501, 1, 0, 0
3162423, 58368, 1, 0, 0
3163424, 60416, 1, 0, 0
3164423, 66626, 1, 0, 0
3165423, 53248, 1, 0, 0
3166423, 54326, 1, 0, 0
3167424, 58368, 1, 0, 0
3168423, 60476, 1, 0, 0
3169423, 59392, 1, 0, 0
3170424, 59392, 1, 0, 0
3171423, 60476, 1, 0, 0
3172423, 58368, 1, 0, 0
3173423, 61501, 1, 0, 0
3174423, 57344, 1, 0, 0
3175424, 60416, 1, 0, 0
3176423, 60476, 1, 0, 0
3177423, 57401, 1, 0, 0
3178423, 62464, 1, 0, 0
3179423, 57344, 1, 0, 0
3180424, 61440, 1, 0, 0
3181423, 58426, 1, 0, 0
3182423, 59392, 1, 0, 0
3183423, 60476, 1, 0, 0
3184423, 57344, 1, 0, 0
3185423, 62464, 1, 0, 0
3186423, 54326, 1, 0, 0
3187423, 59392, 1, 0, 0
3188424, 60416, 1, 0, 0
3189424, 58368, 1, 0, 0
3190423, 61501, 1, 0, 0
3191423, 58368, 1, 0, 0
3192423, 59451, 1, 0, 0
3193423, 59392, 1, 0, 0
3194423, 59451, 1, 0, 0
3195423, 60416, 1, 0, 0
3196423, 58426, 1, 0, 0
3197423, 61440, 1, 0, 0
3198423, 58368, 1, 0, 0
3199423, 60476, 1, 0, 0
3200423, 59392, 1, 0, 0
3201423, 58368, 1, 0, 0
3202423, 61501, 1, 0, 0
3203423, 57344, 1, 0, 0
3204424, 61440, 1, 0, 0
3205423, 58426, 1, 0, 0
3206423, 60416, 1, 0, 0
3207424, 60416, 1, 0, 0
3208423, 57401, 1, 0, 0
3209423, 62464, 1, 0, 0
3210423, 56320, 1, 0, 0
3211423, 61501, 1, 0, 0
3212423, 59392, 1, 0, 0
3213423, 58426, 1, 0, 0
3214423, 61440, 1, 0, 0
3215423, 57344, 1, 0, 0
3216423, 58426, 1, 0, 0
3217423, 58368, 1, 0, 0
3218423, 59451, 1, 0, 0
3219423, 60416, 1, 0, 0
3220423, 66560, 1, 0, 0
3221423, 61501, 1, 0, 0
3222423, 57344, 1, 0, 0
3223423, 61440, 1, 0, 0
3224423, 53301, 1, 0, 0
3225424, 59392, 1, 0, 0
3226423, 60476, 1, 0, 0
3227424, 58368, 1, 0, 0
3228423, 61501, 1, 0, 0
3229423, 58368, 1, 0, 0
3230424, 60416, 1, 0, 0
3231423, 59451, 1, 0, 0
3232423, 59392, 1, 0, 0
3233423, 60476, 1, 0, 0
3234423, 57344, 1, 0, 0
3235423, 61501, 1, 0, 0
3236423, 58368, 1, 0, 0
3237424, 60416, 1, 0, 0
3238423, 60476, 1, 0, 0
3239423, 57344, 1, 0, 0
3240423, 62526, 1, 0, 0
3241423, 57344, 1, 0, 0
3242424, 47104, 1, 0, 0
3243423, 60476, 1, 0, 0
3244423, 58426, 1, 0, 0
3245423, 61440, 1, 0, 0
3246424, 54272, 1, 0, 0
3247423, 61501, 1, 0, 0
3248423, 59392, 1, 0, 0
3249423, 58426, 1, 0, 0
3250423, 61440, 1, 0, 0
3251423, 57344, 1, 0, 0
3252423, 61440, 1, 0, 0
3253423, 58426, 1, 0, 0
3254423, 60416, 1, 0, 0
3255424, 59392, 1, 0, 0
3256423, 58426, 1, 0, 0
3257423, 61440, 1, 0, 0
3258423, 58426, 1, 0, 0
3259423, 60416, 1, 0, 0
3260423, 58368, 1, 0, 0
3261423, 59451, 1, 0, 0
3262423, 60416, 1, 0, 0
3263423, 58426, 1, 0, 0
3264423, 62464, 1, 0, 0
3265423, 57344, 1, 0, 0
3266423, 60476, 1, 0, 0
3267423, 59392, 1, 0, 0
3268423, 57401, 1, 0, 0
3269424, 58368, 1, 0, 0
3270423, 56376, 1, 0, 0
3271423, 59392, 1, 0, 0
3272423, 56320, 1, 0, 0
3273423, 58426, 1, 0, 0
3274423, 58368, 1, 0, 0
3275423, 56376, 1, 0, 0
3276423, 56320, 1, 0, 0
3277423, 55296, 1, 0, 0
3278423, 58426, 1, 0, 0
3279423, 57344, 1, 0, 0
3280423, 57401, 1, 0, 0
3281424, 59392, 1, 0, 0
3282423, 55351, 1, 0, 0
3283423, 60416, 1, 0, 0
3284423, 63551, 1, 0, 0
3285423, 59392, 1, 0, 0
3286424, 57344, 1, 0, 0
3287423, 57401, 1, 0, 0
3288423, 59451, 1, 0, 0
3289423, 55296, 1, 0, 0
3290423, 60416, 1, 0, 0
3291423, 56376, 1, 0, 0
3292423, 58368, 1, 0, 0
3293424, 52224, 1, 0, 0
3294423, 48176, 1, 0, 0
3295423, 60416, 1, 0, 0
3296423, 56376, 1, 0, 0
3297423, 58368, 1, 0, 0
3298424, 57344, 1, 0, 0
3299423, 57401, 1, 0, 0
3300424, 59392, 1, 0, 0
3301423, 55351, 1, 0, 0
3302423, 59392, 1, 0, 0
3303424, 56320, 1, 0, 0
3304423, 58426, 1, 0, 0
3305424, 58368, 1, 0, 0
3306423, 53301, 1, 0, 0
3307423, 59392, 1, 0, 0
3308423, 56376, 1, 0, 0
3309423, 58368, 1, 0, 0
3310423, 58368, 1, 0, 0
3311425, 56263, 1, 0, 0
3312673, 58256, 1, 0, 0
3313674, 56320, 1, 0, 0
3314673, 59451, 1, 0, 0
3315674, 56320, 1, 0, 0
3316673, 59451, 1, 0, 0
3317673, 57344, 1, 0, 0
3318674, 57344, 1, 0, 0
3319673, 58426, 1, 0, 0
3320673, 55296, 1, 0, 0
3321674, 60416, 1, 0, 0
3322673, 56376, 1, 0, 0
3323673, 58368, 1, 0, 0
3324673, 57401, 1, 0, 0
3325673, 57344, 1, 0, 0
3326674, 59392, 1, 0, 0
3327673, 55351, 1, 0, 0
3328673, 59392, 1, 0, 0
3329673, 57344, 1, 0, 0
3330673, 57401, 1, 0, 0
3331673, 58368, 1, 0, 0
3332674, 56320, 1, 0, 0
3333673, 59451, 1, 0, 0
3334673, 56320, 1, 0, 0
3335674, 58368, 1, 0, 0
3336673, 54326, 1, 0, 0
3337673, 57344, 1, 0, 0
3338674, 59392, 1, 0, 0
3339673, 55351, 1, 0, 0
3340673, 59392, 1, 0, 0
3341674, 56320, 1, 0, 0
3342673, 58426, 1, 0, 0
3343673, 58368, 1, 0, 0
3344673, 53301, 1, 0, 0
3345673, 59392, 1, 0, 0
3346674, 56320, 1, 0, 0
3347673, 58426, 1, 0, 0
3348673, 58368, 1, 0, 0
3349673, 56376, 1, 0, 0
3350673, 59392, 1, 0, 0
3351674, 56320, 1, 0, 0
3352673, 59451, 1, 0, 0
3353673, 56320, 1, 0, 0
3354674, 57344, 1, 0, 0
3355673, 58426, 1, 0, 0
3356673, 56376, 1, 0, 0
3357673, 60416, 1, 0, 0
3358673, 55351, 1, 0, 0
3359673, 59392, 1, 0, 0
3360674, 57286, 1, 0, 0
3361675, 57344, 1, 0, 0
3362675, 58368, 1, 0, 0
3363676, 55296, 1, 0, 0
3364677, 60355, 1, 0, 0
3365677, 56320, 1, 0, 0
3366678, 55296, 1, 0, 0
3367679, 65470, 1, 0, 0
3368679, 57344, 1, 0, 0
3369680, 58368, 1, 0, 0
3370680, 56320, 1, 0, 0
3371680, 60416, 1, 0, 0
3372681, 51200, 1, 0, 0
3373681, 57344, 1, 0, 0
3374681, 58368, 1, 0, 0
3375682, 56320, 1, 0, 0
3376681, 60476, 1, 0, 0
3377682, 55296, 1, 0, 0
3378682, 59392, 1, 0, 0
3379681, 57401, 1, 0, 0
3380682, 57344, 1, 0, 0
3381682, 58368, 1, 0, 0
3382682, 49201, 1, 0, 0
3383682, 53248, 1, 0, 0
3384681, 57401, 1, 0, 0
3385682, 57344, 1, 0, 0
3386682, 58368, 1, 0, 0
3387681, 56376, 1, 0, 0
3388682, 60416, 1, 0, 0
3389682, 55296, 1, 0, 0
3390681, 59451, 1, 0, 0
3391682, 57344, 1, 0, 0
3392682, 56320, 1, 0, 0
3393681, 59451, 1, 0, 0
3394682, 55296, 1, 0, 0
3395682, 60416, 1, 0, 0
3396682, 52276, 1, 0, 0
3397682, 58426, 1, 0, 0
3398682, 58368, 1, 0, 0
3399682, 61501, 1, 0, 0
3400682, 51200, 1, 0, 0
3401682, 55351, 1, 0, 0
3402682, 58368, 1, 0, 0
3403682, 58426, 1, 0, 0
3404682, 64512, 1, 0, 0
3405681, 59451, 1, 0, 0
3406682, 43008, 1, 0, 0
3407681, 59451, 1, 0, 0
3408682, 57344, 1, 0, 0
3409682, 57344, 1, 0, 0
3410681, 58426, 1, 0, 0
3411682, 56320, 1, 0, 0
3412681, 60476, 1, 0, 0
3413682, 55296, 1, 0, 0
3414682, 58368, 1, 0, 0
3415682, 57401, 1, 0, 0
3416682, 57344, 1, 0, 0
3417681, 59451, 1, 0, 0
3418682, 55296, 1, 0, 0
3419682, 60416, 1, 0, 0
3420681, 56376, 1, 0, 0
3421682, 57344, 1, 0, 0
3422682, 59392, 1, 0, 0
3423682, 55351, 1, 0, 0
3424682, 60416, 1, 0, 0
3425681, 55351, 1, 0, 0
3426682, 55296, 1, 0, 0
3427682, 58368, 1, 0, 0
3428682, 56376, 1, 0, 0
3429682, 59392, 1, 0, 0
3430682, 54326, 1, 0, 0
3431682, 58368, 1, 0, 0
3432681, 54326, 1, 0, 0
3433682, 55296, 1, 0, 0
3434682, 56320, 1, 0, 0
3435681, 54326, 1, 0, 0
3436682, 58368, 1, 0, 0
3437681, 54326, 1, 0, 0
3438682, 57344, 1, 0, 0
3439681, 55351, 1, 0, 0
3440682, 55296, 1, 0, 0
3441681, 57401, 1, 0, 0
3442682, 53248, 1, 0, 0
3443682, 58426, 1, 0, 0
3444682, 54272, 1, 0, 0
3445682, 56376, 1, 0, 0
3446682, 56320, 1, 0, 0
3447681, 54326, 1, 0, 0
3448682, 57344, 1, 0, 0
3449682, 54272, 1, 0, 0
3450682, 57401, 1, 0, 0
3451682, 55296, 1, 0, 0
3452681, 55351, 1, 0, 0
3453682, 56320, 1, 0, 0
3454682, 54272, 1, 0, 0
3455682, 58426, 1, 0, 0
3456682, 53248, 1, 0, 0
3457681, 54326, 1, 0, 0
3458682, 55296, 1, 0, 0
3459682, 55351, 1, 0, 0
3460682, 57344, 1, 0, 0
3461681, 54326, 1, 0, 0
3462682, 57344, 1, 0, 0
3463682, 54272, 1, 0, 0
3464682, 53301, 1, 0, 0
3465682, 56320, 1, 0, 0
3466682, 54272, 1, 0, 0
3467682, 58426, 1, 0, 0
3468682, 54272, 1, 0, 0
3469681, 56376, 1, 0, 0
3470682, 56320, 1, 0, 0
3471682, 55296, 1, 0, 0
3472682, 56376, 1, 0, 0
3473682, 54272, 1, 0, 0
3474681, 57401, 1, 0, 0
3475682, 54272, 1, 0, 0
3476682, 56376, 1, 0, 0
3477682, 56320, 1, 0, 0
3478681, 55351, 1, 0, 0
3479682, 57344, 1, 0, 0
3480682, 54272, 1, 0, 0
3481682, 57401, 1, 0, 0
3482682, 55296, 1, 0, 0
3483681, 54326, 1, 0, 0
3484682, 57344, 1, 0, 0
3485682, 54272, 1, 0, 0
3486681, 58426, 1, 0, 0
3487682, 50176, 1, 0, 0
3488681, 56376, 1, 0, 0
3489682, 56320, 1, 0, 0
3490682, 54272, 1, 0, 0
3491682, 58368, 1, 0, 0
3492682, 54326, 1, 0, 0
3493682, 56320, 1, 0, 0
3494682, 55351, 1, 0, 0
3495682, 55296, 1, 0, 0
3496682, 57401, 1, 0, 0
3497682, 54272, 1, 0, 0
3498682, 57401, 1, 0, 0
3499682, 54272, 1, 0, 0
3500681, 57401, 1, 0, 0
3501682, 55296, 1, 0, 0
3502682, 54272, 1, 0, 0
3503682, 57401, 1, 0, 0
3504682, 54272, 1, 0, 0
3505681, 58426, 1, 0, 0
3506682, 54272, 1, 0, 0
3507682, 56320, 1, 0, 0
3508682, 56376, 1, 0, 0
3509682, 54272, 1, 0, 0
3510682, 58368, 1, 0, 0
3511682, 53301, 1, 0, 0
3512682, 57344, 1, 0, 0
3513681, 55351, 1, 0, 0
3514682, 55296, 1, 0, 0
3515681, 57401, 1, 0, 0
3516682, 53248, 1, 0, 0
3517682, 55296, 1, 0, 0
3518681, 54326, 1, 0, 0
3519682, 56320, 1, 0, 0
3520681, 56376, 1, 0, 0
3521682, 54272, 1, 0, 0
3522682, 57344, 1, 0, 0
3523682, 54326, 1, 0, 0
3524682, 64512, 1, 0, 0
3525681, 54326, 1, 0, 0
3526682, 56320, 1, 0, 0
3527682, 56320, 1, 0, 0
3528681, 55351, 1, 0, 0
3529682, 57344, 1, 0, 0
3530682, 54272, 1, 0, 0
3531682, 57401, 1, 0, 0
3532682, 55296, 1, 0, 0
3533682, 55351, 1, 0, 0
3534682, 56320, 1, 0, 0
3535682, 54272, 1, 0, 0
3536682, 58426, 1, 0, 0
3537682, 54272, 1, 0, 0
3538681, 56376, 1, 0, 0
3539682, 55296, 1, 0, 0
3540682, 55296, 1, 0, 0
3541681, 57401, 1, 0, 0
3542682, 54272, 1, 0, 0
3543682, 57344, 1, 0, 0
3544681, 54326, 1, 0, 0
3545682, 56320, 1, 0, 0
3546682, 56320, 1, 0, 0
3547682, 51251, 1, 0, 0
3548682, 58368, 1, 0, 0
3549681, 54326, 1, 0, 0
3550682, 56320, 1, 0, 0
3551681, 56376, 1, 0, 0
3552682, 55296, 1, 0, 0
3553682, 56320, 1, 0, 0
3554682, 54272, 1, 0, 0
3555682, 57401, 1, 0, 0
3556682, 55296, 1, 0, 0
3557682, 56376, 1, 0, 0
3558682, 55296, 1, 0, 0
3559682, 55351, 1, 0, 0
3560682, 57344, 1, 0, 0
3561682, 54326, 1, 0, 0
3562682, 56320, 1, 0, 0
3563682, 55351, 1, 0, 0
3564682, 56320, 1, 0, 0
3565682, 56320, 1, 0, 0
3566682, 54326, 1, 0, 0
3567682, 58368, 1, 0, 0
3568682, 54326, 1, 0, 0
3569682, 56320, 1, 0, 0
3570681, 56376, 1, 0, 0
3571682, 54272, 1, 0, 0
3572682, 57344, 1, 0, 0
3573681, 54326, 1, 0, 0
